[0.015s] Invoking command in '/home/duong/kaia_ws/build/robot_serving_bot': CMAKE_PREFIX_PATH=${CMAKE_PREFIX_PATH}:/home/duong/kaia_ws/install/nav2_wfd:/home/duong/kaia_ws/install/makerspet:/home/duong/kaia_ws/install/kaiaai_web:/home/duong/kaia_ws/install/kaiaai_teleop:/home/duong/kaia_ws/install/kaiaai_apps:/home/duong/kaia_ws/install/kaiaai:/opt/ros/iron /usr/bin/cmake --build /home/duong/kaia_ws/build/robot_serving_bot -- -j12 -l12
[0.078s] Invoked command in '/home/duong/kaia_ws/build/robot_serving_bot' returned '0': CMAKE_PREFIX_PATH=${CMAKE_PREFIX_PATH}:/home/duong/kaia_ws/install/nav2_wfd:/home/duong/kaia_ws/install/makerspet:/home/duong/kaia_ws/install/kaiaai_web:/home/duong/kaia_ws/install/kaiaai_teleop:/home/duong/kaia_ws/install/kaiaai_apps:/home/duong/kaia_ws/install/kaiaai:/opt/ros/iron /usr/bin/cmake --build /home/duong/kaia_ws/build/robot_serving_bot -- -j12 -l12
[0.101s] Invoking command in '/home/duong/kaia_ws/build/robot_serving_bot': CMAKE_PREFIX_PATH=${CMAKE_PREFIX_PATH}:/home/duong/kaia_ws/install/nav2_wfd:/home/duong/kaia_ws/install/makerspet:/home/duong/kaia_ws/install/kaiaai_web:/home/duong/kaia_ws/install/kaiaai_teleop:/home/duong/kaia_ws/install/kaiaai_apps:/home/duong/kaia_ws/install/kaiaai:/opt/ros/iron /usr/bin/cmake --install /home/duong/kaia_ws/build/robot_serving_bot
[0.109s] -- Install configuration: ""
[0.110s] -- Execute custom install script
[0.111s] -- Up-to-date symlink: /home/duong/kaia_ws/install/robot_serving_bot/share/robot_serving_bot/rviz/cartographer.rviz
[0.111s] -- Up-to-date symlink: /home/duong/kaia_ws/install/robot_serving_bot/share/robot_serving_bot/rviz/gazebo.rviz
[0.112s] -- Up-to-date symlink: /home/duong/kaia_ws/install/robot_serving_bot/share/robot_serving_bot/rviz/inspect_urdf.rviz
[0.112s] -- Up-to-date symlink: /home/duong/kaia_ws/install/robot_serving_bot/share/robot_serving_bot/rviz/monitor_robot.rviz
[0.112s] -- Up-to-date symlink: /home/duong/kaia_ws/install/robot_serving_bot/share/robot_serving_bot/rviz/monitor_robot_old.rviz
[0.113s] -- Up-to-date symlink: /home/duong/kaia_ws/install/robot_serving_bot/share/robot_serving_bot/rviz/navigation.rviz
[0.113s] -- Up-to-date symlink: /home/duong/kaia_ws/install/robot_serving_bot/share/robot_serving_bot/urdf/robot.urdf.xacro
[0.115s] -- Up-to-date symlink: /home/duong/kaia_ws/install/robot_serving_bot/share/robot_serving_bot/sdf/makerspet_mini/mesh/hemisphere.stl
[0.115s] -- Up-to-date symlink: /home/duong/kaia_ws/install/robot_serving_bot/share/robot_serving_bot/sdf/makerspet_mini/model.config
[0.115s] -- Up-to-date symlink: /home/duong/kaia_ws/install/robot_serving_bot/share/robot_serving_bot/sdf/makerspet_mini/model.sdf
[0.116s] -- Up-to-date symlink: /home/duong/kaia_ws/install/robot_serving_bot/share/robot_serving_bot/config/README.md
[0.116s] -- Up-to-date symlink: /home/duong/kaia_ws/install/robot_serving_bot/share/robot_serving_bot/config/cartographer_lds_2d.lua
[0.116s] -- Up-to-date symlink: /home/duong/kaia_ws/install/robot_serving_bot/share/robot_serving_bot/config/etc/navigation_humble.yaml
[0.117s] -- Up-to-date symlink: /home/duong/kaia_ws/install/robot_serving_bot/share/robot_serving_bot/config/etc/navigation_iron.yaml
[0.117s] -- Up-to-date symlink: /home/duong/kaia_ws/install/robot_serving_bot/share/robot_serving_bot/config/explore_lite.yaml
[0.117s] -- Up-to-date symlink: /home/duong/kaia_ws/install/robot_serving_bot/share/robot_serving_bot/config/kaiaai.yaml
[0.117s] -- Up-to-date symlink: /home/duong/kaia_ws/install/robot_serving_bot/share/robot_serving_bot/config/navigation.yaml
[0.117s] -- Up-to-date symlink: /home/duong/kaia_ws/install/robot_serving_bot/share/robot_serving_bot/config/navigation_new.yaml
[0.117s] -- Up-to-date symlink: /home/duong/kaia_ws/install/robot_serving_bot/share/robot_serving_bot/config/navigation_pursuit.yaml
[0.118s] -- Up-to-date symlink: /home/duong/kaia_ws/install/robot_serving_bot/share/robot_serving_bot/config/self_drive_gazebo.yaml
[0.118s] -- Up-to-date symlink: /home/duong/kaia_ws/install/robot_serving_bot/share/robot_serving_bot/config/telem.yaml
[0.118s] -- Up-to-date symlink: /home/duong/kaia_ws/install/robot_serving_bot/share/robot_serving_bot/config/teleop_keyboard.yaml
[0.118s] -- Up-to-date symlink: /home/duong/kaia_ws/install/robot_serving_bot/share/robot_serving_bot/meshes/base.stl
[0.119s] -- Up-to-date symlink: /home/duong/kaia_ws/install/robot_serving_bot/share/robot_serving_bot/meshes/left_wheel.stl
[0.119s] -- Up-to-date symlink: /home/duong/kaia_ws/install/robot_serving_bot/share/robot_serving_bot/meshes/lidar.stl
[0.119s] -- Up-to-date symlink: /home/duong/kaia_ws/install/robot_serving_bot/share/robot_serving_bot/meshes/right_wheel.stl
[0.119s] -- Up-to-date symlink: /home/duong/kaia_ws/install/robot_serving_bot/share/ament_index/resource_index/package_run_dependencies/robot_serving_bot
[0.119s] -- Up-to-date symlink: /home/duong/kaia_ws/install/robot_serving_bot/share/ament_index/resource_index/parent_prefix_path/robot_serving_bot
[0.120s] -- Up-to-date symlink: /home/duong/kaia_ws/install/robot_serving_bot/share/robot_serving_bot/environment/ament_prefix_path.sh
[0.120s] -- Up-to-date symlink: /home/duong/kaia_ws/install/robot_serving_bot/share/robot_serving_bot/environment/ament_prefix_path.dsv
[0.120s] -- Up-to-date symlink: /home/duong/kaia_ws/install/robot_serving_bot/share/robot_serving_bot/environment/path.sh
[0.120s] -- Up-to-date symlink: /home/duong/kaia_ws/install/robot_serving_bot/share/robot_serving_bot/environment/path.dsv
[0.121s] -- Up-to-date symlink: /home/duong/kaia_ws/install/robot_serving_bot/share/robot_serving_bot/local_setup.bash
[0.121s] -- Up-to-date symlink: /home/duong/kaia_ws/install/robot_serving_bot/share/robot_serving_bot/local_setup.sh
[0.121s] -- Up-to-date symlink: /home/duong/kaia_ws/install/robot_serving_bot/share/robot_serving_bot/local_setup.zsh
[0.121s] -- Up-to-date symlink: /home/duong/kaia_ws/install/robot_serving_bot/share/robot_serving_bot/local_setup.dsv
[0.121s] -- Symlinking: /home/duong/kaia_ws/install/robot_serving_bot/share/robot_serving_bot/package.dsv
[0.145s] -- Up-to-date symlink: /home/duong/kaia_ws/install/robot_serving_bot/share/ament_index/resource_index/packages/robot_serving_bot
[0.145s] -- Up-to-date symlink: /home/duong/kaia_ws/install/robot_serving_bot/share/robot_serving_bot/cmake/robot_serving_botConfig.cmake
[0.146s] -- Up-to-date symlink: /home/duong/kaia_ws/install/robot_serving_bot/share/robot_serving_bot/cmake/robot_serving_botConfig-version.cmake
[0.146s] -- Up-to-date symlink: /home/duong/kaia_ws/install/robot_serving_bot/share/robot_serving_bot/package.xml
[0.148s] Invoked command in '/home/duong/kaia_ws/build/robot_serving_bot' returned '0': CMAKE_PREFIX_PATH=${CMAKE_PREFIX_PATH}:/home/duong/kaia_ws/install/nav2_wfd:/home/duong/kaia_ws/install/makerspet:/home/duong/kaia_ws/install/kaiaai_web:/home/duong/kaia_ws/install/kaiaai_teleop:/home/duong/kaia_ws/install/kaiaai_apps:/home/duong/kaia_ws/install/kaiaai:/opt/ros/iron /usr/bin/cmake --install /home/duong/kaia_ws/build/robot_serving_bot
