[1.433s] Invoking command in '/home/duong/kaia_ws/build/makerspet_fido': CMAKE_PREFIX_PATH=${CMAKE_PREFIX_PATH}:/home/duong/kaia_ws/install/kaiaai:/opt/ros/iron /usr/bin/cmake /home/duong/kaia_ws/src/makerspet_fido -DAMENT_CMAKE_SYMLINK_INSTALL=1 -DCMAKE_INSTALL_PREFIX=/home/duong/kaia_ws/install/makerspet_fido
[1.970s] -- The C compiler identification is GNU 11.4.0
[1.970s] -- The CXX compiler identification is GNU 11.4.0
[1.970s] -- Detecting C compiler ABI info
[1.970s] -- Detecting C compiler ABI info - done
[1.970s] -- Check for working C compiler: /usr/bin/cc - skipped
[1.970s] -- Detecting C compile features
[1.970s] -- Detecting C compile features - done
[1.971s] -- Detecting CXX compiler ABI info
[2.005s] -- Detecting CXX compiler ABI info - done
[2.006s] -- Check for working CXX compiler: /usr/bin/c++ - skipped
[2.006s] -- Detecting CXX compile features
[2.006s] -- Detecting CXX compile features - done
[2.006s] -- Found ament_cmake: 2.0.7 (/opt/ros/iron/share/ament_cmake/cmake)
[2.450s] -- Found Python3: /usr/bin/python3.10 (found version "3.10.12") found components: Interpreter 
[2.623s] -- Override CMake install command with custom implementation using symlinks instead of copying resources
[2.692s] -- Found urdf: 2.8.2 (/opt/ros/iron/share/urdf/cmake)
[2.989s] -- Configuring done
[2.999s] -- Generating done
[3.004s] -- Build files have been written to: /home/duong/kaia_ws/build/makerspet_fido
[3.024s] Invoked command in '/home/duong/kaia_ws/build/makerspet_fido' returned '0': CMAKE_PREFIX_PATH=${CMAKE_PREFIX_PATH}:/home/duong/kaia_ws/install/kaiaai:/opt/ros/iron /usr/bin/cmake /home/duong/kaia_ws/src/makerspet_fido -DAMENT_CMAKE_SYMLINK_INSTALL=1 -DCMAKE_INSTALL_PREFIX=/home/duong/kaia_ws/install/makerspet_fido
[3.026s] Invoking command in '/home/duong/kaia_ws/build/makerspet_fido': CMAKE_PREFIX_PATH=${CMAKE_PREFIX_PATH}:/home/duong/kaia_ws/install/kaiaai:/opt/ros/iron /usr/bin/cmake --build /home/duong/kaia_ws/build/makerspet_fido -- -j12 -l12
[3.137s] Invoked command in '/home/duong/kaia_ws/build/makerspet_fido' returned '0': CMAKE_PREFIX_PATH=${CMAKE_PREFIX_PATH}:/home/duong/kaia_ws/install/kaiaai:/opt/ros/iron /usr/bin/cmake --build /home/duong/kaia_ws/build/makerspet_fido -- -j12 -l12
[3.141s] Invoking command in '/home/duong/kaia_ws/build/makerspet_fido': CMAKE_PREFIX_PATH=${CMAKE_PREFIX_PATH}:/home/duong/kaia_ws/install/kaiaai:/opt/ros/iron /usr/bin/cmake --install /home/duong/kaia_ws/build/makerspet_fido
[3.162s] -- Install configuration: ""
[3.196s] -- Execute custom install script
[3.196s] -- Symlinking: /home/duong/kaia_ws/install/makerspet_fido/share/makerspet_fido/rviz/cartographer.rviz
[3.196s] -- Symlinking: /home/duong/kaia_ws/install/makerspet_fido/share/makerspet_fido/rviz/gazebo.rviz
[3.210s] -- Symlinking: /home/duong/kaia_ws/install/makerspet_fido/share/makerspet_fido/rviz/inspect_urdf.rviz
[3.227s] -- Symlinking: /home/duong/kaia_ws/install/makerspet_fido/share/makerspet_fido/rviz/monitor_robot.rviz
[3.249s] -- Symlinking: /home/duong/kaia_ws/install/makerspet_fido/share/makerspet_fido/rviz/navigation.rviz
[3.274s] -- Symlinking: /home/duong/kaia_ws/install/makerspet_fido/share/makerspet_fido/urdf/README.md
[3.296s] -- Symlinking: /home/duong/kaia_ws/install/makerspet_fido/share/makerspet_fido/urdf/robot.urdf.xacro
[3.316s] -- Symlinking: /home/duong/kaia_ws/install/makerspet_fido/share/makerspet_fido/sdf/makerspet_fido/mesh/head.stl
[3.336s] -- Symlinking: /home/duong/kaia_ws/install/makerspet_fido/share/makerspet_fido/sdf/makerspet_fido/model.config
[3.388s] -- Symlinking: /home/duong/kaia_ws/install/makerspet_fido/share/makerspet_fido/sdf/makerspet_fido/model.sdf
[3.388s] -- Symlinking: /home/duong/kaia_ws/install/makerspet_fido/share/makerspet_fido/config/README.md
[3.407s] -- Symlinking: /home/duong/kaia_ws/install/makerspet_fido/share/makerspet_fido/config/cartographer_lds_2d.lua
[3.429s] -- Symlinking: /home/duong/kaia_ws/install/makerspet_fido/share/makerspet_fido/config/etc/navigation_humble.yaml
[3.451s] -- Symlinking: /home/duong/kaia_ws/install/makerspet_fido/share/makerspet_fido/config/etc/navigation_iron.yaml
[3.469s] -- Symlinking: /home/duong/kaia_ws/install/makerspet_fido/share/makerspet_fido/config/navigation.yaml
[3.486s] -- Symlinking: /home/duong/kaia_ws/install/makerspet_fido/share/makerspet_fido/config/self_drive_gazebo.yaml
[3.502s] -- Symlinking: /home/duong/kaia_ws/install/makerspet_fido/share/makerspet_fido/config/telem.yaml
[3.520s] -- Symlinking: /home/duong/kaia_ws/install/makerspet_fido/share/makerspet_fido/config/teleop_keyboard.yaml
[3.543s] -- Symlinking: /home/duong/kaia_ws/install/makerspet_fido/share/makerspet_fido/mesh/head.stl
[3.566s] -- Symlinking: /home/duong/kaia_ws/install/makerspet_fido/share/ament_index/resource_index/package_run_dependencies/makerspet_fido
[3.590s] -- Symlinking: /home/duong/kaia_ws/install/makerspet_fido/share/ament_index/resource_index/parent_prefix_path/makerspet_fido
[3.614s] -- Symlinking: /home/duong/kaia_ws/install/makerspet_fido/share/makerspet_fido/environment/ament_prefix_path.sh
[3.637s] -- Symlinking: /home/duong/kaia_ws/install/makerspet_fido/share/makerspet_fido/environment/ament_prefix_path.dsv
[3.659s] -- Symlinking: /home/duong/kaia_ws/install/makerspet_fido/share/makerspet_fido/environment/path.sh
[3.682s] -- Symlinking: /home/duong/kaia_ws/install/makerspet_fido/share/makerspet_fido/environment/path.dsv
[3.699s] -- Symlinking: /home/duong/kaia_ws/install/makerspet_fido/share/makerspet_fido/local_setup.bash
[3.722s] -- Symlinking: /home/duong/kaia_ws/install/makerspet_fido/share/makerspet_fido/local_setup.sh
[3.746s] -- Symlinking: /home/duong/kaia_ws/install/makerspet_fido/share/makerspet_fido/local_setup.zsh
[3.761s] -- Symlinking: /home/duong/kaia_ws/install/makerspet_fido/share/makerspet_fido/local_setup.dsv
[3.779s] -- Symlinking: /home/duong/kaia_ws/install/makerspet_fido/share/makerspet_fido/package.dsv
[3.802s] -- Symlinking: /home/duong/kaia_ws/install/makerspet_fido/share/ament_index/resource_index/packages/makerspet_fido
[3.825s] -- Symlinking: /home/duong/kaia_ws/install/makerspet_fido/share/makerspet_fido/cmake/makerspet_fidoConfig.cmake
[3.846s] -- Symlinking: /home/duong/kaia_ws/install/makerspet_fido/share/makerspet_fido/cmake/makerspet_fidoConfig-version.cmake
[3.866s] -- Symlinking: /home/duong/kaia_ws/install/makerspet_fido/share/makerspet_fido/package.xml
[3.891s] Invoked command in '/home/duong/kaia_ws/build/makerspet_fido' returned '0': CMAKE_PREFIX_PATH=${CMAKE_PREFIX_PATH}:/home/duong/kaia_ws/install/kaiaai:/opt/ros/iron /usr/bin/cmake --install /home/duong/kaia_ws/build/makerspet_fido
