[0.557s] Invoking command in '/home/duong/kaia_ws/build/makerspet_snoopy': CMAKE_PREFIX_PATH=${CMAKE_PREFIX_PATH}:/home/duong/kaia_ws/install/kaiaai:/opt/ros/iron /usr/bin/cmake /home/duong/kaia_ws/src/makerspet_snoopy -DAMENT_CMAKE_SYMLINK_INSTALL=1 -DCMAKE_INSTALL_PREFIX=/home/duong/kaia_ws/install/makerspet_snoopy
[1.981s] -- The C compiler identification is GNU 11.4.0
[1.982s] -- The CXX compiler identification is GNU 11.4.0
[1.982s] -- Detecting C compiler ABI info
[1.983s] -- Detecting C compiler ABI info - done
[1.984s] -- Check for working C compiler: /usr/bin/cc - skipped
[1.984s] -- Detecting C compile features
[1.984s] -- Detecting C compile features - done
[1.984s] -- Detecting CXX compiler ABI info
[1.984s] -- Detecting CXX compiler ABI info - done
[1.984s] -- Check for working CXX compiler: /usr/bin/c++ - skipped
[1.984s] -- Detecting CXX compile features
[1.985s] -- Detecting CXX compile features - done
[1.985s] -- Found ament_cmake: 2.0.7 (/opt/ros/iron/share/ament_cmake/cmake)
[1.985s] -- Found Python3: /usr/bin/python3.10 (found version "3.10.12") found components: Interpreter 
[1.985s] -- Override CMake install command with custom implementation using symlinks instead of copying resources
[1.985s] -- Found urdf: 2.8.2 (/opt/ros/iron/share/urdf/cmake)
[1.985s] -- Configuring done
[1.985s] -- Generating done
[1.985s] -- Build files have been written to: /home/duong/kaia_ws/build/makerspet_snoopy
[2.001s] Invoked command in '/home/duong/kaia_ws/build/makerspet_snoopy' returned '0': CMAKE_PREFIX_PATH=${CMAKE_PREFIX_PATH}:/home/duong/kaia_ws/install/kaiaai:/opt/ros/iron /usr/bin/cmake /home/duong/kaia_ws/src/makerspet_snoopy -DAMENT_CMAKE_SYMLINK_INSTALL=1 -DCMAKE_INSTALL_PREFIX=/home/duong/kaia_ws/install/makerspet_snoopy
[2.002s] Invoking command in '/home/duong/kaia_ws/build/makerspet_snoopy': CMAKE_PREFIX_PATH=${CMAKE_PREFIX_PATH}:/home/duong/kaia_ws/install/kaiaai:/opt/ros/iron /usr/bin/cmake --build /home/duong/kaia_ws/build/makerspet_snoopy -- -j12 -l12
[2.095s] Invoked command in '/home/duong/kaia_ws/build/makerspet_snoopy' returned '0': CMAKE_PREFIX_PATH=${CMAKE_PREFIX_PATH}:/home/duong/kaia_ws/install/kaiaai:/opt/ros/iron /usr/bin/cmake --build /home/duong/kaia_ws/build/makerspet_snoopy -- -j12 -l12
[2.096s] Invoking command in '/home/duong/kaia_ws/build/makerspet_snoopy': CMAKE_PREFIX_PATH=${CMAKE_PREFIX_PATH}:/home/duong/kaia_ws/install/kaiaai:/opt/ros/iron /usr/bin/cmake --install /home/duong/kaia_ws/build/makerspet_snoopy
[2.112s] -- Install configuration: ""
[2.113s] -- Execute custom install script
[2.115s] -- Symlinking: /home/duong/kaia_ws/install/makerspet_snoopy/share/makerspet_snoopy/rviz/cartographer.rviz
[2.135s] -- Symlinking: /home/duong/kaia_ws/install/makerspet_snoopy/share/makerspet_snoopy/rviz/gazebo.rviz
[2.159s] -- Symlinking: /home/duong/kaia_ws/install/makerspet_snoopy/share/makerspet_snoopy/rviz/inspect_urdf.rviz
[2.178s] -- Symlinking: /home/duong/kaia_ws/install/makerspet_snoopy/share/makerspet_snoopy/rviz/monitor_robot.rviz
[2.203s] -- Symlinking: /home/duong/kaia_ws/install/makerspet_snoopy/share/makerspet_snoopy/rviz/navigation.rviz
[2.225s] -- Symlinking: /home/duong/kaia_ws/install/makerspet_snoopy/share/makerspet_snoopy/urdf/README.md
[2.249s] -- Symlinking: /home/duong/kaia_ws/install/makerspet_snoopy/share/makerspet_snoopy/urdf/robot.urdf.xacro
[2.275s] -- Symlinking: /home/duong/kaia_ws/install/makerspet_snoopy/share/makerspet_snoopy/sdf/makerspet_snoopy/mesh/half_sphere.stl
[2.299s] -- Symlinking: /home/duong/kaia_ws/install/makerspet_snoopy/share/makerspet_snoopy/sdf/makerspet_snoopy/mesh/head.stl
[2.322s] -- Symlinking: /home/duong/kaia_ws/install/makerspet_snoopy/share/makerspet_snoopy/sdf/makerspet_snoopy/mesh/quarter_sphere.stl
[2.351s] -- Symlinking: /home/duong/kaia_ws/install/makerspet_snoopy/share/makerspet_snoopy/sdf/makerspet_snoopy/mesh/quarter_sphere_100mm.stl
[2.383s] -- Symlinking: /home/duong/kaia_ws/install/makerspet_snoopy/share/makerspet_snoopy/sdf/makerspet_snoopy/mesh/quarter_sphere_150mm.stl
[2.402s] -- Symlinking: /home/duong/kaia_ws/install/makerspet_snoopy/share/makerspet_snoopy/sdf/makerspet_snoopy/mesh/quarter_sphere_200mm.stl
[2.423s] -- Symlinking: /home/duong/kaia_ws/install/makerspet_snoopy/share/makerspet_snoopy/sdf/makerspet_snoopy/mesh/quarter_sphere_250mm.stl
[2.448s] -- Symlinking: /home/duong/kaia_ws/install/makerspet_snoopy/share/makerspet_snoopy/sdf/makerspet_snoopy/mesh/quarter_sphere_270mm.stl
[2.471s] -- Symlinking: /home/duong/kaia_ws/install/makerspet_snoopy/share/makerspet_snoopy/sdf/makerspet_snoopy/mesh/quarter_sphere_300mm.stl
[2.496s] -- Symlinking: /home/duong/kaia_ws/install/makerspet_snoopy/share/makerspet_snoopy/sdf/makerspet_snoopy/mesh/quarter_sphere_350mm.stl
[2.519s] -- Symlinking: /home/duong/kaia_ws/install/makerspet_snoopy/share/makerspet_snoopy/sdf/makerspet_snoopy/model.config
[2.541s] -- Symlinking: /home/duong/kaia_ws/install/makerspet_snoopy/share/makerspet_snoopy/sdf/makerspet_snoopy/model.sdf
[2.567s] -- Symlinking: /home/duong/kaia_ws/install/makerspet_snoopy/share/makerspet_snoopy/config/README.md
[2.588s] -- Symlinking: /home/duong/kaia_ws/install/makerspet_snoopy/share/makerspet_snoopy/config/cartographer_lds_2d.lua
[2.615s] -- Symlinking: /home/duong/kaia_ws/install/makerspet_snoopy/share/makerspet_snoopy/config/etc/navigation_humble.yaml
[2.643s] -- Symlinking: /home/duong/kaia_ws/install/makerspet_snoopy/share/makerspet_snoopy/config/etc/navigation_iron.yaml
[2.669s] -- Symlinking: /home/duong/kaia_ws/install/makerspet_snoopy/share/makerspet_snoopy/config/navigation.yaml
[2.695s] -- Symlinking: /home/duong/kaia_ws/install/makerspet_snoopy/share/makerspet_snoopy/config/self_drive_gazebo.yaml
[2.722s] -- Symlinking: /home/duong/kaia_ws/install/makerspet_snoopy/share/makerspet_snoopy/config/telem.yaml
[2.750s] -- Symlinking: /home/duong/kaia_ws/install/makerspet_snoopy/share/makerspet_snoopy/config/teleop_keyboard.yaml
[2.779s] -- Symlinking: /home/duong/kaia_ws/install/makerspet_snoopy/share/makerspet_snoopy/mesh/half_sphere.stl
[2.804s] -- Symlinking: /home/duong/kaia_ws/install/makerspet_snoopy/share/makerspet_snoopy/mesh/head.stl
[2.827s] -- Symlinking: /home/duong/kaia_ws/install/makerspet_snoopy/share/makerspet_snoopy/mesh/quarter_sphere.stl
[2.864s] -- Symlinking: /home/duong/kaia_ws/install/makerspet_snoopy/share/makerspet_snoopy/mesh/quarter_sphere_100mm.stl
[2.896s] -- Symlinking: /home/duong/kaia_ws/install/makerspet_snoopy/share/makerspet_snoopy/mesh/quarter_sphere_150mm.stl
[2.906s] -- Symlinking: /home/duong/kaia_ws/install/makerspet_snoopy/share/makerspet_snoopy/mesh/quarter_sphere_200mm.stl
[2.935s] -- Symlinking: /home/duong/kaia_ws/install/makerspet_snoopy/share/makerspet_snoopy/mesh/quarter_sphere_250mm.stl
[2.954s] -- Symlinking: /home/duong/kaia_ws/install/makerspet_snoopy/share/makerspet_snoopy/mesh/quarter_sphere_270mm.stl
[2.976s] -- Symlinking: /home/duong/kaia_ws/install/makerspet_snoopy/share/makerspet_snoopy/mesh/quarter_sphere_300mm.stl
[2.998s] -- Symlinking: /home/duong/kaia_ws/install/makerspet_snoopy/share/makerspet_snoopy/mesh/quarter_sphere_350mm.stl
[3.022s] -- Symlinking: /home/duong/kaia_ws/install/makerspet_snoopy/share/ament_index/resource_index/package_run_dependencies/makerspet_snoopy
[3.058s] -- Symlinking: /home/duong/kaia_ws/install/makerspet_snoopy/share/ament_index/resource_index/parent_prefix_path/makerspet_snoopy
[3.075s] -- Symlinking: /home/duong/kaia_ws/install/makerspet_snoopy/share/makerspet_snoopy/environment/ament_prefix_path.sh
[3.158s] -- Symlinking: /home/duong/kaia_ws/install/makerspet_snoopy/share/makerspet_snoopy/environment/ament_prefix_path.dsv
[3.159s] -- Symlinking: /home/duong/kaia_ws/install/makerspet_snoopy/share/makerspet_snoopy/environment/path.sh
[3.159s] -- Symlinking: /home/duong/kaia_ws/install/makerspet_snoopy/share/makerspet_snoopy/environment/path.dsv
[3.180s] -- Symlinking: /home/duong/kaia_ws/install/makerspet_snoopy/share/makerspet_snoopy/local_setup.bash
[3.222s] -- Symlinking: /home/duong/kaia_ws/install/makerspet_snoopy/share/makerspet_snoopy/local_setup.sh
[3.237s] -- Symlinking: /home/duong/kaia_ws/install/makerspet_snoopy/share/makerspet_snoopy/local_setup.zsh
[3.260s] -- Symlinking: /home/duong/kaia_ws/install/makerspet_snoopy/share/makerspet_snoopy/local_setup.dsv
[3.281s] -- Symlinking: /home/duong/kaia_ws/install/makerspet_snoopy/share/makerspet_snoopy/package.dsv
[3.301s] -- Symlinking: /home/duong/kaia_ws/install/makerspet_snoopy/share/ament_index/resource_index/packages/makerspet_snoopy
[3.319s] -- Symlinking: /home/duong/kaia_ws/install/makerspet_snoopy/share/makerspet_snoopy/cmake/makerspet_snoopyConfig.cmake
[3.339s] -- Symlinking: /home/duong/kaia_ws/install/makerspet_snoopy/share/makerspet_snoopy/cmake/makerspet_snoopyConfig-version.cmake
[3.363s] -- Symlinking: /home/duong/kaia_ws/install/makerspet_snoopy/share/makerspet_snoopy/package.xml
[3.386s] Invoked command in '/home/duong/kaia_ws/build/makerspet_snoopy' returned '0': CMAKE_PREFIX_PATH=${CMAKE_PREFIX_PATH}:/home/duong/kaia_ws/install/kaiaai:/opt/ros/iron /usr/bin/cmake --install /home/duong/kaia_ws/build/makerspet_snoopy
