running develop
running egg_info
creating kaiaai_teleop.egg-info
writing kaiaai_teleop.egg-info/PKG-INFO
writing dependency_links to kaiaai_teleop.egg-info/dependency_links.txt
writing entry points to kaiaai_teleop.egg-info/entry_points.txt
writing requirements to kaiaai_teleop.egg-info/requires.txt
writing top-level names to kaiaai_teleop.egg-info/top_level.txt
writing manifest file 'kaiaai_teleop.egg-info/SOURCES.txt'
reading manifest file 'kaiaai_teleop.egg-info/SOURCES.txt'
writing manifest file 'kaiaai_teleop.egg-info/SOURCES.txt'
running build_ext
Creating /home/duong/kaia_ws/install/kaiaai_teleop/lib/python3.10/site-packages/kaiaai-teleop.egg-link (link to .)
Installing teleop_keyboard script to /home/duong/kaia_ws/install/kaiaai_teleop/lib/kaiaai_teleop

Installed /home/duong/kaia_ws/build/kaiaai_teleop
running symlink_data
creating /home/duong/kaia_ws/install/kaiaai_teleop/share/ament_index
creating /home/duong/kaia_ws/install/kaiaai_teleop/share/ament_index/resource_index
creating /home/duong/kaia_ws/install/kaiaai_teleop/share/ament_index/resource_index/packages
symbolically linking /home/duong/kaia_ws/build/kaiaai_teleop/resource/kaiaai_teleop -> /home/duong/kaia_ws/install/kaiaai_teleop/share/ament_index/resource_index/packages
symbolically linking /home/duong/kaia_ws/build/kaiaai_teleop/package.xml -> /home/duong/kaia_ws/install/kaiaai_teleop/share/kaiaai_teleop
