[0.554s] Invoking command in '/home/duong/kaia_ws/build/makerspet_mini': CMAKE_PREFIX_PATH=${CMAKE_PREFIX_PATH}:/home/duong/kaia_ws/install/kaiaai:/opt/ros/iron /usr/bin/cmake /home/duong/kaia_ws/src/makerspet_mini -DAMENT_CMAKE_SYMLINK_INSTALL=1 -DCMAKE_INSTALL_PREFIX=/home/duong/kaia_ws/install/makerspet_mini
[1.980s] -- The C compiler identification is GNU 11.4.0
[1.981s] -- The CXX compiler identification is GNU 11.4.0
[1.981s] -- Detecting C compiler ABI info
[1.981s] -- Detecting C compiler ABI info - done
[1.981s] -- Check for working C compiler: /usr/bin/cc - skipped
[1.981s] -- Detecting C compile features
[1.981s] -- Detecting C compile features - done
[1.981s] -- Detecting CXX compiler ABI info
[1.982s] -- Detecting CXX compiler ABI info - done
[1.982s] -- Check for working CXX compiler: /usr/bin/c++ - skipped
[1.982s] -- Detecting CXX compile features
[1.982s] -- Detecting CXX compile features - done
[1.982s] -- Found ament_cmake: 2.0.7 (/opt/ros/iron/share/ament_cmake/cmake)
[1.982s] -- Found Python3: /usr/bin/python3.10 (found version "3.10.12") found components: Interpreter 
[1.982s] -- Override CMake install command with custom implementation using symlinks instead of copying resources
[1.983s] -- Found urdf: 2.8.2 (/opt/ros/iron/share/urdf/cmake)
[1.983s] -- Configuring done
[1.983s] -- Generating done
[1.984s] -- Build files have been written to: /home/duong/kaia_ws/build/makerspet_mini
[2.003s] Invoked command in '/home/duong/kaia_ws/build/makerspet_mini' returned '0': CMAKE_PREFIX_PATH=${CMAKE_PREFIX_PATH}:/home/duong/kaia_ws/install/kaiaai:/opt/ros/iron /usr/bin/cmake /home/duong/kaia_ws/src/makerspet_mini -DAMENT_CMAKE_SYMLINK_INSTALL=1 -DCMAKE_INSTALL_PREFIX=/home/duong/kaia_ws/install/makerspet_mini
[2.004s] Invoking command in '/home/duong/kaia_ws/build/makerspet_mini': CMAKE_PREFIX_PATH=${CMAKE_PREFIX_PATH}:/home/duong/kaia_ws/install/kaiaai:/opt/ros/iron /usr/bin/cmake --build /home/duong/kaia_ws/build/makerspet_mini -- -j12 -l12
[2.105s] Invoked command in '/home/duong/kaia_ws/build/makerspet_mini' returned '0': CMAKE_PREFIX_PATH=${CMAKE_PREFIX_PATH}:/home/duong/kaia_ws/install/kaiaai:/opt/ros/iron /usr/bin/cmake --build /home/duong/kaia_ws/build/makerspet_mini -- -j12 -l12
[2.106s] Invoking command in '/home/duong/kaia_ws/build/makerspet_mini': CMAKE_PREFIX_PATH=${CMAKE_PREFIX_PATH}:/home/duong/kaia_ws/install/kaiaai:/opt/ros/iron /usr/bin/cmake --install /home/duong/kaia_ws/build/makerspet_mini
[2.131s] -- Install configuration: ""
[2.131s] -- Execute custom install script
[2.133s] -- Symlinking: /home/duong/kaia_ws/install/makerspet_mini/share/makerspet_mini/rviz/cartographer.rviz
[2.163s] -- Symlinking: /home/duong/kaia_ws/install/makerspet_mini/share/makerspet_mini/rviz/gazebo.rviz
[2.190s] -- Symlinking: /home/duong/kaia_ws/install/makerspet_mini/share/makerspet_mini/rviz/inspect_urdf.rviz
[2.221s] -- Symlinking: /home/duong/kaia_ws/install/makerspet_mini/share/makerspet_mini/rviz/monitor_robot.rviz
[2.244s] -- Symlinking: /home/duong/kaia_ws/install/makerspet_mini/share/makerspet_mini/rviz/monitor_robot_old.rviz
[2.273s] -- Symlinking: /home/duong/kaia_ws/install/makerspet_mini/share/makerspet_mini/rviz/navigation.rviz
[2.299s] -- Symlinking: /home/duong/kaia_ws/install/makerspet_mini/share/makerspet_mini/urdf/robot.urdf.xacro
[2.326s] -- Symlinking: /home/duong/kaia_ws/install/makerspet_mini/share/makerspet_mini/sdf/makerspet_mini/mesh/hemisphere.stl
[2.345s] -- Symlinking: /home/duong/kaia_ws/install/makerspet_mini/share/makerspet_mini/sdf/makerspet_mini/model.config
[2.371s] -- Symlinking: /home/duong/kaia_ws/install/makerspet_mini/share/makerspet_mini/sdf/makerspet_mini/model.sdf
[2.395s] -- Symlinking: /home/duong/kaia_ws/install/makerspet_mini/share/makerspet_mini/config/README.md
[2.429s] -- Symlinking: /home/duong/kaia_ws/install/makerspet_mini/share/makerspet_mini/config/cartographer_lds_2d.lua
[2.452s] -- Symlinking: /home/duong/kaia_ws/install/makerspet_mini/share/makerspet_mini/config/etc/navigation_humble.yaml
[2.482s] -- Symlinking: /home/duong/kaia_ws/install/makerspet_mini/share/makerspet_mini/config/etc/navigation_iron.yaml
[2.517s] -- Symlinking: /home/duong/kaia_ws/install/makerspet_mini/share/makerspet_mini/config/explore_lite.yaml
[2.559s] -- Symlinking: /home/duong/kaia_ws/install/makerspet_mini/share/makerspet_mini/config/kaiaai.yaml
[2.602s] -- Symlinking: /home/duong/kaia_ws/install/makerspet_mini/share/makerspet_mini/config/navigation.yaml
[2.626s] -- Symlinking: /home/duong/kaia_ws/install/makerspet_mini/share/makerspet_mini/config/navigation_new.yaml
[2.655s] -- Symlinking: /home/duong/kaia_ws/install/makerspet_mini/share/makerspet_mini/config/navigation_pursuit.yaml
[2.682s] -- Symlinking: /home/duong/kaia_ws/install/makerspet_mini/share/makerspet_mini/config/self_drive_gazebo.yaml
[2.711s] -- Symlinking: /home/duong/kaia_ws/install/makerspet_mini/share/makerspet_mini/config/telem.yaml
[2.739s] -- Symlinking: /home/duong/kaia_ws/install/makerspet_mini/share/makerspet_mini/config/teleop_keyboard.yaml
[2.774s] -- Symlinking: /home/duong/kaia_ws/install/makerspet_mini/share/makerspet_mini/mesh/hemisphere.stl
[2.796s] -- Symlinking: /home/duong/kaia_ws/install/makerspet_mini/share/ament_index/resource_index/package_run_dependencies/makerspet_mini
[2.828s] -- Symlinking: /home/duong/kaia_ws/install/makerspet_mini/share/ament_index/resource_index/parent_prefix_path/makerspet_mini
[2.853s] -- Symlinking: /home/duong/kaia_ws/install/makerspet_mini/share/makerspet_mini/environment/ament_prefix_path.sh
[2.883s] -- Symlinking: /home/duong/kaia_ws/install/makerspet_mini/share/makerspet_mini/environment/ament_prefix_path.dsv
[2.909s] -- Symlinking: /home/duong/kaia_ws/install/makerspet_mini/share/makerspet_mini/environment/path.sh
[2.926s] -- Symlinking: /home/duong/kaia_ws/install/makerspet_mini/share/makerspet_mini/environment/path.dsv
[2.941s] -- Symlinking: /home/duong/kaia_ws/install/makerspet_mini/share/makerspet_mini/local_setup.bash
[2.965s] -- Symlinking: /home/duong/kaia_ws/install/makerspet_mini/share/makerspet_mini/local_setup.sh
[2.987s] -- Symlinking: /home/duong/kaia_ws/install/makerspet_mini/share/makerspet_mini/local_setup.zsh
[3.012s] -- Symlinking: /home/duong/kaia_ws/install/makerspet_mini/share/makerspet_mini/local_setup.dsv
[3.042s] -- Symlinking: /home/duong/kaia_ws/install/makerspet_mini/share/makerspet_mini/package.dsv
[3.079s] -- Symlinking: /home/duong/kaia_ws/install/makerspet_mini/share/ament_index/resource_index/packages/makerspet_mini
[3.162s] -- Symlinking: /home/duong/kaia_ws/install/makerspet_mini/share/makerspet_mini/cmake/makerspet_miniConfig.cmake
[3.162s] -- Symlinking: /home/duong/kaia_ws/install/makerspet_mini/share/makerspet_mini/cmake/makerspet_miniConfig-version.cmake
[3.163s] -- Symlinking: /home/duong/kaia_ws/install/makerspet_mini/share/makerspet_mini/package.xml
[3.191s] Invoked command in '/home/duong/kaia_ws/build/makerspet_mini' returned '0': CMAKE_PREFIX_PATH=${CMAKE_PREFIX_PATH}:/home/duong/kaia_ws/install/kaiaai:/opt/ros/iron /usr/bin/cmake --install /home/duong/kaia_ws/build/makerspet_mini
