[0.557s] Invoking command in '/home/duong/kaia_ws/build/auto_mapper': CMAKE_PREFIX_PATH=${CMAKE_PREFIX_PATH}:/home/duong/kaia_ws/install/kaiaai:/opt/ros/iron /usr/bin/cmake /home/duong/kaia_ws/src/auto_mapper -DAMENT_CMAKE_SYMLINK_INSTALL=1 -DCMAKE_INSTALL_PREFIX=/home/duong/kaia_ws/install/auto_mapper
[1.981s] -- The C compiler identification is GNU 11.4.0
[1.982s] -- The CXX compiler identification is GNU 11.4.0
[1.982s] -- Detecting C compiler ABI info
[1.982s] -- Detecting C compiler ABI info - done
[1.982s] -- Check for working C compiler: /usr/bin/cc - skipped
[1.982s] -- Detecting C compile features
[1.982s] -- Detecting C compile features - done
[1.982s] -- Detecting CXX compiler ABI info
[1.983s] -- Detecting CXX compiler ABI info - done
[1.983s] -- Check for working CXX compiler: /usr/bin/c++ - skipped
[1.983s] -- Detecting CXX compile features
[1.983s] -- Detecting CXX compile features - done
[1.983s] -- Found ament_cmake: 2.0.7 (/opt/ros/iron/share/ament_cmake/cmake)
[1.983s] -- Found Python3: /usr/bin/python3.10 (found version "3.10.12") found components: Interpreter 
[1.983s] -- Override CMake install command with custom implementation using symlinks instead of copying resources
[1.983s] -- Found rclcpp: 21.0.8 (/opt/ros/iron/share/rclcpp/cmake)
[1.984s] -- Found rosidl_generator_c: 4.0.1 (/opt/ros/iron/share/rosidl_generator_c/cmake)
[1.984s] -- Found rosidl_generator_cpp: 4.0.1 (/opt/ros/iron/share/rosidl_generator_cpp/cmake)
[1.984s] -- Using all available rosidl_typesupport_c: rosidl_typesupport_fastrtps_c;rosidl_typesupport_introspection_c
[1.984s] -- Using all available rosidl_typesupport_cpp: rosidl_typesupport_fastrtps_cpp;rosidl_typesupport_introspection_cpp
[2.027s] -- Found rmw_implementation_cmake: 7.1.0 (/opt/ros/iron/share/rmw_implementation_cmake/cmake)
[2.027s] -- Found rmw_fastrtps_cpp: 7.1.4 (/opt/ros/iron/share/rmw_fastrtps_cpp/cmake)
[2.288s] -- Found OpenSSL: /usr/lib/x86_64-linux-gnu/libcrypto.so (found version "3.0.2")  
[2.363s] -- Found FastRTPS: /opt/ros/iron/include  
[2.485s] -- Using RMW implementation 'rmw_fastrtps_cpp' as default
[2.955s] -- Found sensor_msgs: 5.0.1 (/opt/ros/iron/share/sensor_msgs/cmake)
[3.552s] -- Found nav_msgs: 5.0.1 (/opt/ros/iron/share/nav_msgs/cmake)
[3.906s] CMake Error at CMakeLists.txt:35 (find_package):
[3.906s]   By not providing "Findnav2_msgs.cmake" in CMAKE_MODULE_PATH this project
[3.907s]   has asked CMake to find a package configuration file provided by
[3.907s]   "nav2_msgs", but CMake did not find one.
[3.907s] 
[3.908s]   Could not find a package configuration file provided by "nav2_msgs" with
[3.908s]   any of the following names:
[3.908s] 
[3.908s]     nav2_msgsConfig.cmake
[3.908s]     nav2_msgs-config.cmake
[3.908s] 
[3.908s]   Add the installation prefix of "nav2_msgs" to CMAKE_PREFIX_PATH or set
[3.908s]   "nav2_msgs_DIR" to a directory containing one of the above files.  If
[3.908s]   "nav2_msgs" provides a separate development package or SDK, be sure it has
[3.909s]   been installed.
[3.909s] 
[3.909s] 
[3.909s] -- Configuring incomplete, errors occurred!
[3.909s] See also "/home/duong/kaia_ws/build/auto_mapper/CMakeFiles/CMakeOutput.log".
[3.946s] Invoked command in '/home/duong/kaia_ws/build/auto_mapper' returned '1': CMAKE_PREFIX_PATH=${CMAKE_PREFIX_PATH}:/home/duong/kaia_ws/install/kaiaai:/opt/ros/iron /usr/bin/cmake /home/duong/kaia_ws/src/auto_mapper -DAMENT_CMAKE_SYMLINK_INSTALL=1 -DCMAKE_INSTALL_PREFIX=/home/duong/kaia_ws/install/auto_mapper
