-- The C compiler identification is GNU 11.4.0
-- The CXX compiler identification is GNU 11.4.0
-- Detecting C compiler ABI info
-- Detecting C compiler ABI info - done
-- Check for working C compiler: /usr/bin/cc - skipped
-- Detecting C compile features
-- Detecting C compile features - done
-- Detecting CXX compiler ABI info
-- Detecting CXX compiler ABI info - done
-- Check for working CXX compiler: /usr/bin/c++ - skipped
-- Detecting CXX compile features
-- Detecting CXX compile features - done
-- Found ament_cmake: 2.0.7 (/opt/ros/iron/share/ament_cmake/cmake)
-- Found Python3: /usr/bin/python3.10 (found version "3.10.12") found components: Interpreter 
-- Override CMake install command with custom implementation using symlinks instead of copying resources
-- Found gazebo_ros_pkgs: 3.7.0 (/opt/ros/iron/share/gazebo_ros_pkgs/cmake)
-- Found geometry_msgs: 5.0.1 (/opt/ros/iron/share/geometry_msgs/cmake)
-- Found rosidl_generator_c: 4.0.1 (/opt/ros/iron/share/rosidl_generator_c/cmake)
-- Found rosidl_generator_cpp: 4.0.1 (/opt/ros/iron/share/rosidl_generator_cpp/cmake)
-- Using all available rosidl_typesupport_c: rosidl_typesupport_fastrtps_c;rosidl_typesupport_introspection_c
-- Using all available rosidl_typesupport_cpp: rosidl_typesupport_fastrtps_cpp;rosidl_typesupport_introspection_cpp
-- Found nav_msgs: 5.0.1 (/opt/ros/iron/share/nav_msgs/cmake)
-- Found rclcpp: 21.0.8 (/opt/ros/iron/share/rclcpp/cmake)
-- Found rmw_implementation_cmake: 7.1.0 (/opt/ros/iron/share/rmw_implementation_cmake/cmake)
-- Found rmw_fastrtps_cpp: 7.1.4 (/opt/ros/iron/share/rmw_fastrtps_cpp/cmake)
-- Found OpenSSL: /usr/lib/x86_64-linux-gnu/libcrypto.so (found version "3.0.2")  
-- Found FastRTPS: /opt/ros/iron/include  
-- Using RMW implementation 'rmw_fastrtps_cpp' as default
-- Found sensor_msgs: 5.0.1 (/opt/ros/iron/share/sensor_msgs/cmake)
-- Found tf2: 0.31.8 (/opt/ros/iron/share/tf2/cmake)
-- Configuring done
-- Generating done
-- Build files have been written to: /home/duong/kaia_ws/build/kaiaai_gazebo
[ 50%] [32mBuilding CXX object CMakeFiles/self_drive_gazebo.dir/src/self_drive_gazebo.cpp.o[0m
[100%] [32m[1mLinking CXX executable self_drive_gazebo[0m
[100%] Built target self_drive_gazebo
-- Install configuration: ""
-- Execute custom install script
-- Symlinking: /home/duong/kaia_ws/install/kaiaai_gazebo/lib/kaiaai_gazebo/self_drive_gazebo
-- Symlinking: /home/duong/kaia_ws/install/kaiaai_gazebo/share/kaiaai_gazebo//launch/self_drive_gazebo.launch.py
-- Symlinking: /home/duong/kaia_ws/install/kaiaai_gazebo/share/kaiaai_gazebo//launch/world.launch.py
-- Symlinking: /home/duong/kaia_ws/install/kaiaai_gazebo/share/kaiaai_gazebo//models/Bookshelf/bookshelf_diffuse.jpg
-- Symlinking: /home/duong/kaia_ws/install/kaiaai_gazebo/share/kaiaai_gazebo//models/Bookshelf/model-1_2.sdf
-- Symlinking: /home/duong/kaia_ws/install/kaiaai_gazebo/share/kaiaai_gazebo//models/Bookshelf/model-1_3.sdf
-- Symlinking: /home/duong/kaia_ws/install/kaiaai_gazebo/share/kaiaai_gazebo//models/Bookshelf/model-1_4.sdf
-- Symlinking: /home/duong/kaia_ws/install/kaiaai_gazebo/share/kaiaai_gazebo//models/Bookshelf/model.config
-- Symlinking: /home/duong/kaia_ws/install/kaiaai_gazebo/share/kaiaai_gazebo//models/Bookshelf/model.sdf
-- Symlinking: /home/duong/kaia_ws/install/kaiaai_gazebo/share/kaiaai_gazebo//models/Bookshelf/thumbnails/1.png
-- Symlinking: /home/duong/kaia_ws/install/kaiaai_gazebo/share/kaiaai_gazebo//models/Bookshelf/thumbnails/2.png
-- Symlinking: /home/duong/kaia_ws/install/kaiaai_gazebo/share/kaiaai_gazebo//models/Bookshelf/thumbnails/3.png
-- Symlinking: /home/duong/kaia_ws/install/kaiaai_gazebo/share/kaiaai_gazebo//models/Bookshelf/thumbnails/4.png
-- Symlinking: /home/duong/kaia_ws/install/kaiaai_gazebo/share/kaiaai_gazebo//models/Bookshelf/thumbnails/5.png
-- Symlinking: /home/duong/kaia_ws/install/kaiaai_gazebo/share/kaiaai_gazebo//models/Cabinet/model-1_2.sdf
-- Symlinking: /home/duong/kaia_ws/install/kaiaai_gazebo/share/kaiaai_gazebo//models/Cabinet/model-1_3.sdf
-- Symlinking: /home/duong/kaia_ws/install/kaiaai_gazebo/share/kaiaai_gazebo//models/Cabinet/model-1_4.sdf
-- Symlinking: /home/duong/kaia_ws/install/kaiaai_gazebo/share/kaiaai_gazebo//models/Cabinet/model.config
-- Symlinking: /home/duong/kaia_ws/install/kaiaai_gazebo/share/kaiaai_gazebo//models/Cabinet/model.sdf
-- Symlinking: /home/duong/kaia_ws/install/kaiaai_gazebo/share/kaiaai_gazebo//models/Cabinet/thumbnails/1.png
-- Symlinking: /home/duong/kaia_ws/install/kaiaai_gazebo/share/kaiaai_gazebo//models/Cabinet/thumbnails/2.png
-- Symlinking: /home/duong/kaia_ws/install/kaiaai_gazebo/share/kaiaai_gazebo//models/Cabinet/thumbnails/3.png
-- Symlinking: /home/duong/kaia_ws/install/kaiaai_gazebo/share/kaiaai_gazebo//models/Cabinet/thumbnails/4.png
-- Symlinking: /home/duong/kaia_ws/install/kaiaai_gazebo/share/kaiaai_gazebo//models/Cabinet/thumbnails/5.png
-- Symlinking: /home/duong/kaia_ws/install/kaiaai_gazebo/share/kaiaai_gazebo//models/Chair/meshes/Chair.mtl
-- Symlinking: /home/duong/kaia_ws/install/kaiaai_gazebo/share/kaiaai_gazebo//models/Chair/meshes/Chair.obj
-- Symlinking: /home/duong/kaia_ws/install/kaiaai_gazebo/share/kaiaai_gazebo//models/Chair/meshes/Chair.png
-- Symlinking: /home/duong/kaia_ws/install/kaiaai_gazebo/share/kaiaai_gazebo//models/Chair/meshes/Chair_Diffuse.png
-- Symlinking: /home/duong/kaia_ws/install/kaiaai_gazebo/share/kaiaai_gazebo//models/Chair/meshes/Chair_Normal.png
-- Symlinking: /home/duong/kaia_ws/install/kaiaai_gazebo/share/kaiaai_gazebo//models/Chair/meshes/Chair_SpecGloss.png
-- Symlinking: /home/duong/kaia_ws/install/kaiaai_gazebo/share/kaiaai_gazebo//models/Chair/model.config
-- Symlinking: /home/duong/kaia_ws/install/kaiaai_gazebo/share/kaiaai_gazebo//models/Chair/model.sdf
-- Symlinking: /home/duong/kaia_ws/install/kaiaai_gazebo/share/kaiaai_gazebo//models/Chair/thumbnails/1.png
-- Symlinking: /home/duong/kaia_ws/install/kaiaai_gazebo/share/kaiaai_gazebo//models/Chair/thumbnails/2.png
-- Symlinking: /home/duong/kaia_ws/install/kaiaai_gazebo/share/kaiaai_gazebo//models/Chair/thumbnails/3.png
-- Symlinking: /home/duong/kaia_ws/install/kaiaai_gazebo/share/kaiaai_gazebo//models/Chair/thumbnails/4.png
-- Symlinking: /home/duong/kaia_ws/install/kaiaai_gazebo/share/kaiaai_gazebo//models/Chair/thumbnails/5.png
-- Symlinking: /home/duong/kaia_ws/install/kaiaai_gazebo/share/kaiaai_gazebo//models/CoffeeTable/meshes/CoffeeTable.mtl
-- Symlinking: /home/duong/kaia_ws/install/kaiaai_gazebo/share/kaiaai_gazebo//models/CoffeeTable/meshes/CoffeeTable.obj
-- Symlinking: /home/duong/kaia_ws/install/kaiaai_gazebo/share/kaiaai_gazebo//models/CoffeeTable/meshes/CoffeeTable_Diffuse.png
-- Symlinking: /home/duong/kaia_ws/install/kaiaai_gazebo/share/kaiaai_gazebo//models/CoffeeTable/meshes/CoffeeTable_Normal.png
-- Symlinking: /home/duong/kaia_ws/install/kaiaai_gazebo/share/kaiaai_gazebo//models/CoffeeTable/meshes/CoffeeTable_SpecGloss.png
-- Symlinking: /home/duong/kaia_ws/install/kaiaai_gazebo/share/kaiaai_gazebo//models/CoffeeTable/model.config
-- Symlinking: /home/duong/kaia_ws/install/kaiaai_gazebo/share/kaiaai_gazebo//models/CoffeeTable/model.sdf
-- Symlinking: /home/duong/kaia_ws/install/kaiaai_gazebo/share/kaiaai_gazebo//models/CoffeeTable/thumbnails/1.png
-- Symlinking: /home/duong/kaia_ws/install/kaiaai_gazebo/share/kaiaai_gazebo//models/CoffeeTable/thumbnails/2.png
-- Symlinking: /home/duong/kaia_ws/install/kaiaai_gazebo/share/kaiaai_gazebo//models/CoffeeTable/thumbnails/3.png
-- Symlinking: /home/duong/kaia_ws/install/kaiaai_gazebo/share/kaiaai_gazebo//models/CoffeeTable/thumbnails/4.png
-- Symlinking: /home/duong/kaia_ws/install/kaiaai_gazebo/share/kaiaai_gazebo//models/CoffeeTable/thumbnails/5.png
-- Symlinking: /home/duong/kaia_ws/install/kaiaai_gazebo/share/kaiaai_gazebo//models/FemaleVisitorSit/meshes/FemaleVisitorSit.mtl
-- Symlinking: /home/duong/kaia_ws/install/kaiaai_gazebo/share/kaiaai_gazebo//models/FemaleVisitorSit/meshes/FemaleVisitorSit.obj
-- Symlinking: /home/duong/kaia_ws/install/kaiaai_gazebo/share/kaiaai_gazebo//models/FemaleVisitorSit/meshes/FemaleVisitorSit.png
-- Symlinking: /home/duong/kaia_ws/install/kaiaai_gazebo/share/kaiaai_gazebo//models/FemaleVisitorSit/meshes/FemaleVisitorSit_Col.mtl
-- Symlinking: /home/duong/kaia_ws/install/kaiaai_gazebo/share/kaiaai_gazebo//models/FemaleVisitorSit/meshes/FemaleVisitorSit_Col.obj
-- Symlinking: /home/duong/kaia_ws/install/kaiaai_gazebo/share/kaiaai_gazebo//models/FemaleVisitorSit/meshes/HandbagBlack.png
-- Symlinking: /home/duong/kaia_ws/install/kaiaai_gazebo/share/kaiaai_gazebo//models/FemaleVisitorSit/model.config
-- Symlinking: /home/duong/kaia_ws/install/kaiaai_gazebo/share/kaiaai_gazebo//models/FemaleVisitorSit/model.sdf
-- Symlinking: /home/duong/kaia_ws/install/kaiaai_gazebo/share/kaiaai_gazebo//models/FemaleVisitorSit/thumbnails/1.png
-- Symlinking: /home/duong/kaia_ws/install/kaiaai_gazebo/share/kaiaai_gazebo//models/FemaleVisitorSit/thumbnails/2.png
-- Symlinking: /home/duong/kaia_ws/install/kaiaai_gazebo/share/kaiaai_gazebo//models/FemaleVisitorSit/thumbnails/3.png
-- Symlinking: /home/duong/kaia_ws/install/kaiaai_gazebo/share/kaiaai_gazebo//models/FemaleVisitorSit/thumbnails/4.png
-- Symlinking: /home/duong/kaia_ws/install/kaiaai_gazebo/share/kaiaai_gazebo//models/FemaleVisitorSit/thumbnails/5.png
-- Symlinking: /home/duong/kaia_ws/install/kaiaai_gazebo/share/kaiaai_gazebo//models/LampAndStand/meshes/LampAndStand.mtl
-- Symlinking: /home/duong/kaia_ws/install/kaiaai_gazebo/share/kaiaai_gazebo//models/LampAndStand/meshes/LampAndStand.obj
-- Symlinking: /home/duong/kaia_ws/install/kaiaai_gazebo/share/kaiaai_gazebo//models/LampAndStand/meshes/LampAndStand_Col.mtl
-- Symlinking: /home/duong/kaia_ws/install/kaiaai_gazebo/share/kaiaai_gazebo//models/LampAndStand/meshes/LampAndStand_Col.obj
-- Symlinking: /home/duong/kaia_ws/install/kaiaai_gazebo/share/kaiaai_gazebo//models/LampAndStand/meshes/LampAndStand_Diffuse.png
-- Symlinking: /home/duong/kaia_ws/install/kaiaai_gazebo/share/kaiaai_gazebo//models/LampAndStand/model.config
-- Symlinking: /home/duong/kaia_ws/install/kaiaai_gazebo/share/kaiaai_gazebo//models/LampAndStand/model.sdf
-- Symlinking: /home/duong/kaia_ws/install/kaiaai_gazebo/share/kaiaai_gazebo//models/LampAndStand/thumbnails/1.png
-- Symlinking: /home/duong/kaia_ws/install/kaiaai_gazebo/share/kaiaai_gazebo//models/LampAndStand/thumbnails/2.png
-- Symlinking: /home/duong/kaia_ws/install/kaiaai_gazebo/share/kaiaai_gazebo//models/LampAndStand/thumbnails/3.png
-- Symlinking: /home/duong/kaia_ws/install/kaiaai_gazebo/share/kaiaai_gazebo//models/LampAndStand/thumbnails/4.png
-- Symlinking: /home/duong/kaia_ws/install/kaiaai_gazebo/share/kaiaai_gazebo//models/LampAndStand/thumbnails/5.png
-- Symlinking: /home/duong/kaia_ws/install/kaiaai_gazebo/share/kaiaai_gazebo//models/MaleVisitorSit/meshes/MaleVisitorSit.mtl
-- Symlinking: /home/duong/kaia_ws/install/kaiaai_gazebo/share/kaiaai_gazebo//models/MaleVisitorSit/meshes/MaleVisitorSit.obj
-- Symlinking: /home/duong/kaia_ws/install/kaiaai_gazebo/share/kaiaai_gazebo//models/MaleVisitorSit/meshes/MaleVisitorSit.png
-- Symlinking: /home/duong/kaia_ws/install/kaiaai_gazebo/share/kaiaai_gazebo//models/MaleVisitorSit/meshes/MaleVisitorSit_Col.mtl
-- Symlinking: /home/duong/kaia_ws/install/kaiaai_gazebo/share/kaiaai_gazebo//models/MaleVisitorSit/meshes/MaleVisitorSit_Col.obj
-- Symlinking: /home/duong/kaia_ws/install/kaiaai_gazebo/share/kaiaai_gazebo//models/MaleVisitorSit/meshes/Phone.png
-- Symlinking: /home/duong/kaia_ws/install/kaiaai_gazebo/share/kaiaai_gazebo//models/MaleVisitorSit/model.config
-- Symlinking: /home/duong/kaia_ws/install/kaiaai_gazebo/share/kaiaai_gazebo//models/MaleVisitorSit/model.sdf
-- Symlinking: /home/duong/kaia_ws/install/kaiaai_gazebo/share/kaiaai_gazebo//models/MaleVisitorSit/thumbnails/1.png
-- Symlinking: /home/duong/kaia_ws/install/kaiaai_gazebo/share/kaiaai_gazebo//models/MaleVisitorSit/thumbnails/2.png
-- Symlinking: /home/duong/kaia_ws/install/kaiaai_gazebo/share/kaiaai_gazebo//models/MaleVisitorSit/thumbnails/3.png
-- Symlinking: /home/duong/kaia_ws/install/kaiaai_gazebo/share/kaiaai_gazebo//models/MaleVisitorSit/thumbnails/4.png
-- Symlinking: /home/duong/kaia_ws/install/kaiaai_gazebo/share/kaiaai_gazebo//models/MaleVisitorSit/thumbnails/5.png
-- Symlinking: /home/duong/kaia_ws/install/kaiaai_gazebo/share/kaiaai_gazebo//models/MiniSofa/meshes/MiniSofa_Diffuse.png
-- Symlinking: /home/duong/kaia_ws/install/kaiaai_gazebo/share/kaiaai_gazebo//models/MiniSofa/meshes/minisofa.mtl
-- Symlinking: /home/duong/kaia_ws/install/kaiaai_gazebo/share/kaiaai_gazebo//models/MiniSofa/meshes/minisofa.obj
-- Symlinking: /home/duong/kaia_ws/install/kaiaai_gazebo/share/kaiaai_gazebo//models/MiniSofa/model.config
-- Symlinking: /home/duong/kaia_ws/install/kaiaai_gazebo/share/kaiaai_gazebo//models/MiniSofa/model.sdf
-- Symlinking: /home/duong/kaia_ws/install/kaiaai_gazebo/share/kaiaai_gazebo//models/MiniSofa/thumbnails/1.png
-- Symlinking: /home/duong/kaia_ws/install/kaiaai_gazebo/share/kaiaai_gazebo//models/MiniSofa/thumbnails/2.png
-- Symlinking: /home/duong/kaia_ws/install/kaiaai_gazebo/share/kaiaai_gazebo//models/MiniSofa/thumbnails/3.png
-- Symlinking: /home/duong/kaia_ws/install/kaiaai_gazebo/share/kaiaai_gazebo//models/MiniSofa/thumbnails/4.png
-- Symlinking: /home/duong/kaia_ws/install/kaiaai_gazebo/share/kaiaai_gazebo//models/MiniSofa/thumbnails/5.png
-- Symlinking: /home/duong/kaia_ws/install/kaiaai_gazebo/share/kaiaai_gazebo//models/Sofa/meshes/Sofa.mtl
-- Symlinking: /home/duong/kaia_ws/install/kaiaai_gazebo/share/kaiaai_gazebo//models/Sofa/meshes/Sofa.obj
-- Symlinking: /home/duong/kaia_ws/install/kaiaai_gazebo/share/kaiaai_gazebo//models/Sofa/meshes/SofaDiffuse.png
-- Symlinking: /home/duong/kaia_ws/install/kaiaai_gazebo/share/kaiaai_gazebo//models/Sofa/model.config
-- Symlinking: /home/duong/kaia_ws/install/kaiaai_gazebo/share/kaiaai_gazebo//models/Sofa/model.sdf
-- Symlinking: /home/duong/kaia_ws/install/kaiaai_gazebo/share/kaiaai_gazebo//models/Sofa/thumbnails/1.png
-- Symlinking: /home/duong/kaia_ws/install/kaiaai_gazebo/share/kaiaai_gazebo//models/Sofa/thumbnails/2.png
-- Symlinking: /home/duong/kaia_ws/install/kaiaai_gazebo/share/kaiaai_gazebo//models/Sofa/thumbnails/3.png
-- Symlinking: /home/duong/kaia_ws/install/kaiaai_gazebo/share/kaiaai_gazebo//models/Sofa/thumbnails/4.png
-- Symlinking: /home/duong/kaia_ws/install/kaiaai_gazebo/share/kaiaai_gazebo//models/Sofa/thumbnails/5.png
-- Symlinking: /home/duong/kaia_ws/install/kaiaai_gazebo/share/kaiaai_gazebo//models/TVStand/meshes/TVStand.mtl
-- Symlinking: /home/duong/kaia_ws/install/kaiaai_gazebo/share/kaiaai_gazebo//models/TVStand/meshes/TVStand.obj
-- Symlinking: /home/duong/kaia_ws/install/kaiaai_gazebo/share/kaiaai_gazebo//models/TVStand/meshes/TVStand_Col.mtl
-- Symlinking: /home/duong/kaia_ws/install/kaiaai_gazebo/share/kaiaai_gazebo//models/TVStand/meshes/TVStand_Col.obj
-- Symlinking: /home/duong/kaia_ws/install/kaiaai_gazebo/share/kaiaai_gazebo//models/TVStand/meshes/TVStand_Diffuse.png
-- Symlinking: /home/duong/kaia_ws/install/kaiaai_gazebo/share/kaiaai_gazebo//models/TVStand/model.config
-- Symlinking: /home/duong/kaia_ws/install/kaiaai_gazebo/share/kaiaai_gazebo//models/TVStand/model.sdf
-- Symlinking: /home/duong/kaia_ws/install/kaiaai_gazebo/share/kaiaai_gazebo//models/TVStand/thumbnails/1.png
-- Symlinking: /home/duong/kaia_ws/install/kaiaai_gazebo/share/kaiaai_gazebo//models/TVStand/thumbnails/2.png
-- Symlinking: /home/duong/kaia_ws/install/kaiaai_gazebo/share/kaiaai_gazebo//models/TVStand/thumbnails/3.png
-- Symlinking: /home/duong/kaia_ws/install/kaiaai_gazebo/share/kaiaai_gazebo//models/TVStand/thumbnails/4.png
-- Symlinking: /home/duong/kaia_ws/install/kaiaai_gazebo/share/kaiaai_gazebo//models/TVStand/thumbnails/5.png
-- Symlinking: /home/duong/kaia_ws/install/kaiaai_gazebo/share/kaiaai_gazebo//models/TableMarble/materials/scripts/table_lightmap.material
-- Symlinking: /home/duong/kaia_ws/install/kaiaai_gazebo/share/kaiaai_gazebo//models/TableMarble/materials/textures/marble.png
-- Symlinking: /home/duong/kaia_ws/install/kaiaai_gazebo/share/kaiaai_gazebo//models/TableMarble/materials/textures/table_lightmap.png
-- Symlinking: /home/duong/kaia_ws/install/kaiaai_gazebo/share/kaiaai_gazebo//models/TableMarble/meshes/table_lightmap.dae
-- Symlinking: /home/duong/kaia_ws/install/kaiaai_gazebo/share/kaiaai_gazebo//models/TableMarble/model-1_4.sdf
-- Symlinking: /home/duong/kaia_ws/install/kaiaai_gazebo/share/kaiaai_gazebo//models/TableMarble/model.config
-- Symlinking: /home/duong/kaia_ws/install/kaiaai_gazebo/share/kaiaai_gazebo//models/TableMarble/model.sdf
-- Symlinking: /home/duong/kaia_ws/install/kaiaai_gazebo/share/kaiaai_gazebo//models/TableMarble/thumbnails/1.png
-- Symlinking: /home/duong/kaia_ws/install/kaiaai_gazebo/share/kaiaai_gazebo//models/TableMarble/thumbnails/2.png
-- Symlinking: /home/duong/kaia_ws/install/kaiaai_gazebo/share/kaiaai_gazebo//models/TableMarble/thumbnails/3.png
-- Symlinking: /home/duong/kaia_ws/install/kaiaai_gazebo/share/kaiaai_gazebo//models/TableMarble/thumbnails/4.png
-- Symlinking: /home/duong/kaia_ws/install/kaiaai_gazebo/share/kaiaai_gazebo//models/TableMarble/thumbnails/5.png
-- Symlinking: /home/duong/kaia_ws/install/kaiaai_gazebo/share/kaiaai_gazebo//models/cardboard_box/materials/textures/cardboard_box.png
-- Symlinking: /home/duong/kaia_ws/install/kaiaai_gazebo/share/kaiaai_gazebo//models/cardboard_box/meshes/cardboard_box.dae
-- Symlinking: /home/duong/kaia_ws/install/kaiaai_gazebo/share/kaiaai_gazebo//models/cardboard_box/model.config
-- Symlinking: /home/duong/kaia_ws/install/kaiaai_gazebo/share/kaiaai_gazebo//models/cardboard_box/model.sdf
-- Symlinking: /home/duong/kaia_ws/install/kaiaai_gazebo/share/kaiaai_gazebo//models/cardboard_box/thumbnails/0.jpg
-- Symlinking: /home/duong/kaia_ws/install/kaiaai_gazebo/share/kaiaai_gazebo//models/cardboard_box/thumbnails/1.jpg
-- Symlinking: /home/duong/kaia_ws/install/kaiaai_gazebo/share/kaiaai_gazebo//models/cardboard_box/thumbnails/2.jpg
-- Symlinking: /home/duong/kaia_ws/install/kaiaai_gazebo/share/kaiaai_gazebo//models/cat_figurines/materials/textures/texture.png
-- Symlinking: /home/duong/kaia_ws/install/kaiaai_gazebo/share/kaiaai_gazebo//models/cat_figurines/meshes/model.mtl
-- Symlinking: /home/duong/kaia_ws/install/kaiaai_gazebo/share/kaiaai_gazebo//models/cat_figurines/meshes/model.obj
-- Symlinking: /home/duong/kaia_ws/install/kaiaai_gazebo/share/kaiaai_gazebo//models/cat_figurines/metadata.pbtxt
-- Symlinking: /home/duong/kaia_ws/install/kaiaai_gazebo/share/kaiaai_gazebo//models/cat_figurines/model.config
-- Symlinking: /home/duong/kaia_ws/install/kaiaai_gazebo/share/kaiaai_gazebo//models/cat_figurines/model.sdf
-- Symlinking: /home/duong/kaia_ws/install/kaiaai_gazebo/share/kaiaai_gazebo//models/cat_figurines/thumbnails/0.jpg
-- Symlinking: /home/duong/kaia_ws/install/kaiaai_gazebo/share/kaiaai_gazebo//models/cat_figurines/thumbnails/1.jpg
-- Symlinking: /home/duong/kaia_ws/install/kaiaai_gazebo/share/kaiaai_gazebo//models/cat_figurines/thumbnails/2.jpg
-- Symlinking: /home/duong/kaia_ws/install/kaiaai_gazebo/share/kaiaai_gazebo//models/cat_figurines/thumbnails/3.jpg
-- Symlinking: /home/duong/kaia_ws/install/kaiaai_gazebo/share/kaiaai_gazebo//models/cat_figurines/thumbnails/4.jpg
-- Symlinking: /home/duong/kaia_ws/install/kaiaai_gazebo/share/kaiaai_gazebo//models/door_08x2m/material/script/door_08x2m.material
-- Symlinking: /home/duong/kaia_ws/install/kaiaai_gazebo/share/kaiaai_gazebo//models/door_08x2m/material/textures/door_08x2m.png
-- Symlinking: /home/duong/kaia_ws/install/kaiaai_gazebo/share/kaiaai_gazebo//models/door_08x2m/model.config
-- Symlinking: /home/duong/kaia_ws/install/kaiaai_gazebo/share/kaiaai_gazebo//models/door_08x2m/model.sdf
-- Symlinking: /home/duong/kaia_ws/install/kaiaai_gazebo/share/kaiaai_gazebo//models/door_08x2m/thumbnails/1.png
-- Symlinking: /home/duong/kaia_ws/install/kaiaai_gazebo/share/kaiaai_gazebo//models/kaiaai_poster/material/script/kaiaai_poster.material
-- Symlinking: /home/duong/kaia_ws/install/kaiaai_gazebo/share/kaiaai_gazebo//models/kaiaai_poster/material/textures/kaiaai_logo_450x460.png
-- Symlinking: /home/duong/kaia_ws/install/kaiaai_gazebo/share/kaiaai_gazebo//models/kaiaai_poster/model.config
-- Symlinking: /home/duong/kaia_ws/install/kaiaai_gazebo/share/kaiaai_gazebo//models/kaiaai_poster/model.sdf
-- Symlinking: /home/duong/kaia_ws/install/kaiaai_gazebo/share/kaiaai_gazebo//models/kaiaai_poster/thumbnails/1.png
-- Symlinking: /home/duong/kaia_ws/install/kaiaai_gazebo/share/kaiaai_gazebo//models/makerspet_poster/material/script/makerspet_poster.material
-- Symlinking: /home/duong/kaia_ws/install/kaiaai_gazebo/share/kaiaai_gazebo//models/makerspet_poster/material/textures/makerspet_logo_600x700.png
-- Symlinking: /home/duong/kaia_ws/install/kaiaai_gazebo/share/kaiaai_gazebo//models/makerspet_poster/model.config
-- Symlinking: /home/duong/kaia_ws/install/kaiaai_gazebo/share/kaiaai_gazebo//models/makerspet_poster/model.sdf
-- Symlinking: /home/duong/kaia_ws/install/kaiaai_gazebo/share/kaiaai_gazebo//models/makerspet_poster/thumbnails/1.png
-- Symlinking: /home/duong/kaia_ws/install/kaiaai_gazebo/share/kaiaai_gazebo//models/pet_gate/model.config
-- Symlinking: /home/duong/kaia_ws/install/kaiaai_gazebo/share/kaiaai_gazebo//models/pet_gate/model.sdf
-- Symlinking: /home/duong/kaia_ws/install/kaiaai_gazebo/share/kaiaai_gazebo//models/pet_gate/thumbnails/1.png
-- Symlinking: /home/duong/kaia_ws/install/kaiaai_gazebo/share/kaiaai_gazebo//models/pet_gate_wide/model.config
-- Symlinking: /home/duong/kaia_ws/install/kaiaai_gazebo/share/kaiaai_gazebo//models/pet_gate_wide/model.sdf
-- Symlinking: /home/duong/kaia_ws/install/kaiaai_gazebo/share/kaiaai_gazebo//models/pet_gate_wide/thumbnails/1.png
-- Symlinking: /home/duong/kaia_ws/install/kaiaai_gazebo/share/kaiaai_gazebo//models/racoon/materials/textures/texture.png
-- Symlinking: /home/duong/kaia_ws/install/kaiaai_gazebo/share/kaiaai_gazebo//models/racoon/meshes/model.mtl
-- Symlinking: /home/duong/kaia_ws/install/kaiaai_gazebo/share/kaiaai_gazebo//models/racoon/meshes/model.obj
-- Symlinking: /home/duong/kaia_ws/install/kaiaai_gazebo/share/kaiaai_gazebo//models/racoon/metadata.pbtxt
-- Symlinking: /home/duong/kaia_ws/install/kaiaai_gazebo/share/kaiaai_gazebo//models/racoon/model.config
-- Symlinking: /home/duong/kaia_ws/install/kaiaai_gazebo/share/kaiaai_gazebo//models/racoon/model.sdf
-- Symlinking: /home/duong/kaia_ws/install/kaiaai_gazebo/share/kaiaai_gazebo//models/racoon/thumbnails/0.jpg
-- Symlinking: /home/duong/kaia_ws/install/kaiaai_gazebo/share/kaiaai_gazebo//models/racoon/thumbnails/1.jpg
-- Symlinking: /home/duong/kaia_ws/install/kaiaai_gazebo/share/kaiaai_gazebo//models/racoon/thumbnails/2.jpg
-- Symlinking: /home/duong/kaia_ws/install/kaiaai_gazebo/share/kaiaai_gazebo//models/racoon/thumbnails/3.jpg
-- Symlinking: /home/duong/kaia_ws/install/kaiaai_gazebo/share/kaiaai_gazebo//models/racoon/thumbnails/4.jpg
-- Symlinking: /home/duong/kaia_ws/install/kaiaai_gazebo/share/kaiaai_gazebo//models/red_ball_10in/model.config
-- Symlinking: /home/duong/kaia_ws/install/kaiaai_gazebo/share/kaiaai_gazebo//models/red_ball_10in/model.sdf
-- Symlinking: /home/duong/kaia_ws/install/kaiaai_gazebo/share/kaiaai_gazebo//models/red_ball_10in/thumbnails/1.png
-- Symlinking: /home/duong/kaia_ws/install/kaiaai_gazebo/share/kaiaai_gazebo//models/room_wall_2x5m/material/script/room_wall_2x5m.material
-- Symlinking: /home/duong/kaia_ws/install/kaiaai_gazebo/share/kaiaai_gazebo//models/room_wall_2x5m/material/textures/wall_texture_1404x562.jpg
-- Symlinking: /home/duong/kaia_ws/install/kaiaai_gazebo/share/kaiaai_gazebo//models/room_wall_2x5m/model.config
-- Symlinking: /home/duong/kaia_ws/install/kaiaai_gazebo/share/kaiaai_gazebo//models/room_wall_2x5m/model.sdf
-- Symlinking: /home/duong/kaia_ws/install/kaiaai_gazebo/share/kaiaai_gazebo//models/room_wall_2x5m/thumbnails/1.jpg
-- Symlinking: /home/duong/kaia_ws/install/kaiaai_gazebo/share/kaiaai_gazebo//models/rug_ivory_2m/material/script/rug_ivory_2m.material
-- Symlinking: /home/duong/kaia_ws/install/kaiaai_gazebo/share/kaiaai_gazebo//models/rug_ivory_2m/material/textures/rug_ivory_469x588.png
-- Symlinking: /home/duong/kaia_ws/install/kaiaai_gazebo/share/kaiaai_gazebo//models/rug_ivory_2m/model.config
-- Symlinking: /home/duong/kaia_ws/install/kaiaai_gazebo/share/kaiaai_gazebo//models/rug_ivory_2m/model.sdf
-- Symlinking: /home/duong/kaia_ws/install/kaiaai_gazebo/share/kaiaai_gazebo//models/rug_ivory_2m/thumbnails/1.png
-- Symlinking: /home/duong/kaia_ws/install/kaiaai_gazebo/share/kaiaai_gazebo//models/squirrel/materials/textures/texture.png
-- Symlinking: /home/duong/kaia_ws/install/kaiaai_gazebo/share/kaiaai_gazebo//models/squirrel/meshes/model.mtl
-- Symlinking: /home/duong/kaia_ws/install/kaiaai_gazebo/share/kaiaai_gazebo//models/squirrel/meshes/model.obj
-- Symlinking: /home/duong/kaia_ws/install/kaiaai_gazebo/share/kaiaai_gazebo//models/squirrel/metadata.pbtxt
-- Symlinking: /home/duong/kaia_ws/install/kaiaai_gazebo/share/kaiaai_gazebo//models/squirrel/model.config
-- Symlinking: /home/duong/kaia_ws/install/kaiaai_gazebo/share/kaiaai_gazebo//models/squirrel/model.sdf
-- Symlinking: /home/duong/kaia_ws/install/kaiaai_gazebo/share/kaiaai_gazebo//models/squirrel/thumbnails/0.jpg
-- Symlinking: /home/duong/kaia_ws/install/kaiaai_gazebo/share/kaiaai_gazebo//models/squirrel/thumbnails/1.jpg
-- Symlinking: /home/duong/kaia_ws/install/kaiaai_gazebo/share/kaiaai_gazebo//models/squirrel/thumbnails/2.jpg
-- Symlinking: /home/duong/kaia_ws/install/kaiaai_gazebo/share/kaiaai_gazebo//models/squirrel/thumbnails/3.jpg
-- Symlinking: /home/duong/kaia_ws/install/kaiaai_gazebo/share/kaiaai_gazebo//models/squirrel/thumbnails/4.jpg
-- Symlinking: /home/duong/kaia_ws/install/kaiaai_gazebo/share/kaiaai_gazebo//models/tv_65in_emissive/material/script/tv_emissive.material
-- Symlinking: /home/duong/kaia_ws/install/kaiaai_gazebo/share/kaiaai_gazebo//models/tv_65in_emissive/material/textures/tv_65in_maldives_909x541.jpg
-- Symlinking: /home/duong/kaia_ws/install/kaiaai_gazebo/share/kaiaai_gazebo//models/tv_65in_emissive/model.config
-- Symlinking: /home/duong/kaia_ws/install/kaiaai_gazebo/share/kaiaai_gazebo//models/tv_65in_emissive/model.sdf
-- Symlinking: /home/duong/kaia_ws/install/kaiaai_gazebo/share/kaiaai_gazebo//models/tv_65in_emissive/thumbnails/1.png
-- Symlinking: /home/duong/kaia_ws/install/kaiaai_gazebo/share/kaiaai_gazebo//models/window_curtains/material/script/window_curtains.material
-- Symlinking: /home/duong/kaia_ws/install/kaiaai_gazebo/share/kaiaai_gazebo//models/window_curtains/material/textures/window_curtains.png
-- Symlinking: /home/duong/kaia_ws/install/kaiaai_gazebo/share/kaiaai_gazebo//models/window_curtains/model.config
-- Symlinking: /home/duong/kaia_ws/install/kaiaai_gazebo/share/kaiaai_gazebo//models/window_curtains/model.sdf
-- Symlinking: /home/duong/kaia_ws/install/kaiaai_gazebo/share/kaiaai_gazebo//models/window_curtains/thumbnails/1.png
-- Symlinking: /home/duong/kaia_ws/install/kaiaai_gazebo/share/kaiaai_gazebo//worlds/empty_world.world
-- Symlinking: /home/duong/kaia_ws/install/kaiaai_gazebo/share/kaiaai_gazebo//worlds/living_room.world
-- Symlinking: /home/duong/kaia_ws/install/kaiaai_gazebo/share/kaiaai_gazebo//worlds/living_room2.world
-- Symlinking: /home/duong/kaia_ws/install/kaiaai_gazebo/share/kaiaai_gazebo//worlds/living_room3.world
-- Symlinking: /home/duong/kaia_ws/install/kaiaai_gazebo/share/kaiaai_gazebo//worlds/living_room4.world
-- Symlinking: /home/duong/kaia_ws/install/kaiaai_gazebo/share/kaiaai_gazebo//worlds/living_room_gated.world
-- Symlinking: /home/duong/kaia_ws/install/kaiaai_gazebo/share/kaiaai_gazebo//map/living_room.pgm
-- Symlinking: /home/duong/kaia_ws/install/kaiaai_gazebo/share/kaiaai_gazebo//map/living_room.yaml
-- Symlinking: /home/duong/kaia_ws/install/kaiaai_gazebo/include//kaiaai_gazebo/self_drive_gazebo.hpp
-- Symlinking: /home/duong/kaia_ws/install/kaiaai_gazebo/lib/kaiaai_gazebo/urdf2sdf.sh
-- Symlinking: /home/duong/kaia_ws/install/kaiaai_gazebo/share/ament_index/resource_index/package_run_dependencies/kaiaai_gazebo
-- Symlinking: /home/duong/kaia_ws/install/kaiaai_gazebo/share/ament_index/resource_index/parent_prefix_path/kaiaai_gazebo
-- Symlinking: /home/duong/kaia_ws/install/kaiaai_gazebo/share/kaiaai_gazebo/environment/ament_prefix_path.sh
-- Symlinking: /home/duong/kaia_ws/install/kaiaai_gazebo/share/kaiaai_gazebo/environment/ament_prefix_path.dsv
-- Symlinking: /home/duong/kaia_ws/install/kaiaai_gazebo/share/kaiaai_gazebo/environment/path.sh
-- Symlinking: /home/duong/kaia_ws/install/kaiaai_gazebo/share/kaiaai_gazebo/environment/path.dsv
-- Symlinking: /home/duong/kaia_ws/install/kaiaai_gazebo/share/kaiaai_gazebo/local_setup.bash
-- Symlinking: /home/duong/kaia_ws/install/kaiaai_gazebo/share/kaiaai_gazebo/local_setup.sh
-- Symlinking: /home/duong/kaia_ws/install/kaiaai_gazebo/share/kaiaai_gazebo/local_setup.zsh
-- Symlinking: /home/duong/kaia_ws/install/kaiaai_gazebo/share/kaiaai_gazebo/local_setup.dsv
-- Symlinking: /home/duong/kaia_ws/install/kaiaai_gazebo/share/kaiaai_gazebo/package.dsv
-- Symlinking: /home/duong/kaia_ws/install/kaiaai_gazebo/share/ament_index/resource_index/packages/kaiaai_gazebo
-- Symlinking: /home/duong/kaia_ws/install/kaiaai_gazebo/share/kaiaai_gazebo/cmake/ament_cmake_export_include_directories-extras.cmake
-- Symlinking: /home/duong/kaia_ws/install/kaiaai_gazebo/share/kaiaai_gazebo/cmake/ament_cmake_export_dependencies-extras.cmake
-- Symlinking: /home/duong/kaia_ws/install/kaiaai_gazebo/share/kaiaai_gazebo/cmake/kaiaai_gazeboConfig.cmake
-- Symlinking: /home/duong/kaia_ws/install/kaiaai_gazebo/share/kaiaai_gazebo/cmake/kaiaai_gazeboConfig-version.cmake
-- Symlinking: /home/duong/kaia_ws/install/kaiaai_gazebo/share/kaiaai_gazebo/package.xml
