[0.558s] Invoking command in '/home/duong/kaia_ws/build/explore_lite': CMAKE_PREFIX_PATH=${CMAKE_PREFIX_PATH}:/home/duong/kaia_ws/install/kaiaai:/opt/ros/iron /usr/bin/cmake /home/duong/kaia_ws/src/m-explore-ros2/explore -DAMENT_CMAKE_SYMLINK_INSTALL=1 -DCMAKE_INSTALL_PREFIX=/home/duong/kaia_ws/install/explore_lite
[1.982s] -- The C compiler identification is GNU 11.4.0
[1.982s] -- The CXX compiler identification is GNU 11.4.0
[1.983s] -- Detecting C compiler ABI info
[1.983s] -- Detecting C compiler ABI info - done
[1.983s] -- Check for working C compiler: /usr/bin/cc - skipped
[1.983s] -- Detecting C compile features
[1.983s] -- Detecting C compile features - done
[1.983s] -- Detecting CXX compiler ABI info
[1.984s] -- Detecting CXX compiler ABI info - done
[1.984s] -- Check for working CXX compiler: /usr/bin/c++ - skipped
[1.984s] -- Detecting CXX compile features
[1.984s] -- Detecting CXX compile features - done
[1.984s] -- BuilD for ROS2: iron
[1.984s] -- Found ament_cmake: 2.0.7 (/opt/ros/iron/share/ament_cmake/cmake)
[1.984s] -- Found Python3: /usr/bin/python3.10 (found version "3.10.12") found components: Interpreter 
[1.984s] -- Override CMake install command with custom implementation using symlinks instead of copying resources
[1.985s] -- Found rclcpp: 21.0.8 (/opt/ros/iron/share/rclcpp/cmake)
[1.985s] -- Found rosidl_generator_c: 4.0.1 (/opt/ros/iron/share/rosidl_generator_c/cmake)
[1.985s] -- Found rosidl_generator_cpp: 4.0.1 (/opt/ros/iron/share/rosidl_generator_cpp/cmake)
[1.985s] -- Using all available rosidl_typesupport_c: rosidl_typesupport_fastrtps_c;rosidl_typesupport_introspection_c
[1.985s] -- Using all available rosidl_typesupport_cpp: rosidl_typesupport_fastrtps_cpp;rosidl_typesupport_introspection_cpp
[2.018s] -- Found rmw_implementation_cmake: 7.1.0 (/opt/ros/iron/share/rmw_implementation_cmake/cmake)
[2.022s] -- Found rmw_fastrtps_cpp: 7.1.4 (/opt/ros/iron/share/rmw_fastrtps_cpp/cmake)
[2.264s] -- Found OpenSSL: /usr/lib/x86_64-linux-gnu/libcrypto.so (found version "3.0.2")  
[2.330s] -- Found FastRTPS: /opt/ros/iron/include  
[2.443s] -- Using RMW implementation 'rmw_fastrtps_cpp' as default
[2.897s] -- Found std_msgs: 5.0.1 (/opt/ros/iron/share/std_msgs/cmake)
[2.979s] -- Found sensor_msgs: 5.0.1 (/opt/ros/iron/share/sensor_msgs/cmake)
[3.404s] -- Found tf2_ros: 0.31.8 (/opt/ros/iron/share/tf2_ros/cmake)
[4.230s] -- Found tf2_geometry_msgs: 0.31.8 (/opt/ros/iron/share/tf2_geometry_msgs/cmake)
[4.246s] -- Found eigen3_cmake_module: 0.2.2 (/opt/ros/iron/share/eigen3_cmake_module/cmake)
[4.247s] -- Found Eigen3: TRUE (found version "3.4.0") 
[4.248s] -- Ensuring Eigen3 include directory is part of orocos-kdl CMake target
[4.267s] CMake Error at CMakeLists.txt:40 (find_package):
[4.267s]   By not providing "Findnav2_msgs.cmake" in CMAKE_MODULE_PATH this project
[4.267s]   has asked CMake to find a package configuration file provided by
[4.267s]   "nav2_msgs", but CMake did not find one.
[4.267s] 
[4.267s]   Could not find a package configuration file provided by "nav2_msgs" with
[4.267s]   any of the following names:
[4.267s] 
[4.267s]     nav2_msgsConfig.cmake
[4.268s]     nav2_msgs-config.cmake
[4.268s] 
[4.268s]   Add the installation prefix of "nav2_msgs" to CMAKE_PREFIX_PATH or set
[4.268s]   "nav2_msgs_DIR" to a directory containing one of the above files.  If
[4.268s]   "nav2_msgs" provides a separate development package or SDK, be sure it has
[4.268s]   been installed.
[4.268s] 
[4.268s] 
[4.268s] -- Configuring incomplete, errors occurred!
[4.268s] See also "/home/duong/kaia_ws/build/explore_lite/CMakeFiles/CMakeOutput.log".
