-- Found ament_cmake: 2.0.7 (/opt/ros/iron/share/ament_cmake/cmake)
-- Override CMake install command with custom implementation using symlinks instead of copying resources
-- Found rclcpp: 21.0.8 (/opt/ros/iron/share/rclcpp/cmake)
-- Found rosidl_generator_c: 4.0.1 (/opt/ros/iron/share/rosidl_generator_c/cmake)
-- Found rosidl_generator_cpp: 4.0.1 (/opt/ros/iron/share/rosidl_generator_cpp/cmake)
-- Using all available rosidl_typesupport_c: rosidl_typesupport_fastrtps_c;rosidl_typesupport_introspection_c
-- Using all available rosidl_typesupport_cpp: rosidl_typesupport_fastrtps_cpp;rosidl_typesupport_introspection_cpp
-- Found rmw_implementation_cmake: 7.1.0 (/opt/ros/iron/share/rmw_implementation_cmake/cmake)
-- Found rmw_fastrtps_cpp: 7.1.4 (/opt/ros/iron/share/rmw_fastrtps_cpp/cmake)
-- Using RMW implementation 'rmw_fastrtps_cpp' as default
-- Found sensor_msgs: 5.0.1 (/opt/ros/iron/share/sensor_msgs/cmake)
-- Found nav_msgs: 5.0.1 (/opt/ros/iron/share/nav_msgs/cmake)
-- Found nav2_msgs: 1.2.10 (/opt/ros/iron/share/nav2_msgs/cmake)
-- Found tf2: 0.31.8 (/opt/ros/iron/share/tf2/cmake)
-- Found tf2_ros: 0.31.8 (/opt/ros/iron/share/tf2_ros/cmake)
-- Found nav2_costmap_2d: 1.2.10 (/opt/ros/iron/share/nav2_costmap_2d/cmake)
-- Found Eigen3: TRUE (found version "3.4.0") 
-- Ensuring Eigen3 include directory is part of orocos-kdl CMake target
-- Found nav2_map_server: 1.2.10 (/opt/ros/iron/share/nav2_map_server/cmake)
-- Found slam_toolbox: 2.7.4 (/opt/ros/iron/share/slam_toolbox/cmake)
-- Setting assimp_DIR to: '/opt/ros/iron/share/rviz_assimp_vendor/cmake/../../../opt/rviz_assimp_vendor/lib/cmake/assimp-4.1'
-- Setting OGRE_DIR to: '/opt/ros/iron/share/rviz_ogre_vendor/cmake/../../../opt/rviz_ogre_vendor/lib/OGRE/cmake'
-- Found OGRE
--   static     : OFF
--   components : MeshLodGenerator;Overlay;Paging;Property;RTShaderSystem;Terrain;Volume
--   plugins    : Plugin_BSPSceneManager;Plugin_OctreeSceneManager;Plugin_PCZSceneManager;Plugin_ParticleFX;RenderSystem_GL;RenderSystem_GL3Plus;Codec_STBI
--   media      : /opt/ros/iron/opt/rviz_ogre_vendor/share/OGRE/Media
-- OGRE_LIBRARIES: OgreMeshLodGenerator;OgreOverlay;OgrePaging;OgreProperty;OgreRTShaderSystem;OgreTerrain;OgreVolume;OgreMain
-- OGRE_LIBRARY_DIRS: /opt/ros/iron/opt/rviz_ogre_vendor/lib
-- OGRE_PLUGINS: Plugin_BSPSceneManager;Plugin_OctreeSceneManager;Plugin_PCZSceneManager;Plugin_ParticleFX;RenderSystem_GL;RenderSystem_GL3Plus;Codec_STBI
-- OGRE_PLUGIN_DIR: /opt/ros/iron/opt/rviz_ogre_vendor/lib/OGRE
-- rviz_ogre_vendor::OgreOverlay for IMPORTED_LOCATION_RELEASE: /opt/ros/iron/opt/rviz_ogre_vendor/lib/libOgreOverlay.so
-- rviz_ogre_vendor::OgreOverlay for IMPORTED_LOCATION_DEBUG: /opt/ros/iron/opt/rviz_ogre_vendor/lib/libOgreOverlay.so
-- rviz_ogre_vendor::OgreMain for IMPORTED_LOCATION_RELEASE: /opt/ros/iron/opt/rviz_ogre_vendor/lib/libOgreMain.so
-- rviz_ogre_vendor::OgreMain for IMPORTED_LOCATION_DEBUG: /opt/ros/iron/opt/rviz_ogre_vendor/lib/libOgreMain.so
-- Found ZLIB: /usr/lib/x86_64-linux-gnu/libz.so (found version "1.2.11") 
-- Found OpenGL: /usr/lib/x86_64-linux-gnu/libOpenGL.so   
-- Found X11: /usr/include   
-- Looking for XOpenDisplay in /usr/lib/x86_64-linux-gnu/libX11.so;/usr/lib/x86_64-linux-gnu/libXext.so
-- Looking for XOpenDisplay in /usr/lib/x86_64-linux-gnu/libX11.so;/usr/lib/x86_64-linux-gnu/libXext.so - found
-- Looking for gethostbyname
-- Looking for gethostbyname - found
-- Looking for connect
-- Looking for connect - found
-- Looking for remove
-- Looking for remove - found
-- Looking for shmat
-- Looking for shmat - found
-- Looking for IceConnectionNumber in ICE
-- Looking for IceConnectionNumber in ICE - found
-- library: /usr/lib/x86_64-linux-gnu/libcurl.so
-- Configuring done
-- Generating done
-- Build files have been written to: /home/duong/kaia_ws/build/auto_mapper
[ 50%] [32mBuilding CXX object CMakeFiles/auto_mapper.dir/src/auto_mapper.cpp.o[0m
[100%] [32m[1mLinking CXX executable auto_mapper[0m
[100%] Built target auto_mapper
-- Install configuration: ""
-- Execute custom install script
-- Symlinking: /home/duong/kaia_ws/install/auto_mapper/lib/auto_mapper/auto_mapper
-- Symlinking: /home/duong/kaia_ws/install/auto_mapper/share/auto_mapper/config/mapper_params_online_async.yaml
-- Symlinking: /home/duong/kaia_ws/install/auto_mapper/share/auto_mapper/config/nav2_params.yaml
-- Symlinking: /home/duong/kaia_ws/install/auto_mapper/share/auto_mapper/launch/auto_mapper.launch.py
-- Symlinking: /home/duong/kaia_ws/install/auto_mapper/share/auto_mapper/launch/bringup_launch.py
-- Symlinking: /home/duong/kaia_ws/install/auto_mapper/share/auto_mapper/launch/online_async_launch.py
-- Symlinking: /home/duong/kaia_ws/install/auto_mapper/share/auto_mapper/rviz/config.rviz
-- Symlinking: /home/duong/kaia_ws/install/auto_mapper/share/ament_index/resource_index/package_run_dependencies/auto_mapper
-- Symlinking: /home/duong/kaia_ws/install/auto_mapper/share/ament_index/resource_index/parent_prefix_path/auto_mapper
-- Symlinking: /home/duong/kaia_ws/install/auto_mapper/share/auto_mapper/environment/ament_prefix_path.sh
-- Symlinking: /home/duong/kaia_ws/install/auto_mapper/share/auto_mapper/environment/ament_prefix_path.dsv
-- Symlinking: /home/duong/kaia_ws/install/auto_mapper/share/auto_mapper/environment/path.sh
-- Symlinking: /home/duong/kaia_ws/install/auto_mapper/share/auto_mapper/environment/path.dsv
-- Symlinking: /home/duong/kaia_ws/install/auto_mapper/share/auto_mapper/local_setup.bash
-- Symlinking: /home/duong/kaia_ws/install/auto_mapper/share/auto_mapper/local_setup.sh
-- Symlinking: /home/duong/kaia_ws/install/auto_mapper/share/auto_mapper/local_setup.zsh
-- Symlinking: /home/duong/kaia_ws/install/auto_mapper/share/auto_mapper/local_setup.dsv
-- Symlinking: /home/duong/kaia_ws/install/auto_mapper/share/auto_mapper/package.dsv
-- Symlinking: /home/duong/kaia_ws/install/auto_mapper/share/ament_index/resource_index/packages/auto_mapper
-- Symlinking: /home/duong/kaia_ws/install/auto_mapper/share/auto_mapper/cmake/auto_mapperConfig.cmake
-- Symlinking: /home/duong/kaia_ws/install/auto_mapper/share/auto_mapper/cmake/auto_mapperConfig-version.cmake
-- Symlinking: /home/duong/kaia_ws/install/auto_mapper/share/auto_mapper/package.xml
