[0.619s] Invoking command in '/home/duong/kaia_ws/build/auto_mapper': CMAKE_PREFIX_PATH=${CMAKE_PREFIX_PATH}:/home/duong/kaia_ws/install/kaiaai:/opt/ros/iron /usr/bin/cmake /home/duong/kaia_ws/src/auto_mapper -DAMENT_CMAKE_SYMLINK_INSTALL=1 -DCMAKE_INSTALL_PREFIX=/home/duong/kaia_ws/install/auto_mapper
[1.254s] -- Found ament_cmake: 2.0.7 (/opt/ros/iron/share/ament_cmake/cmake)
[1.254s] -- Override CMake install command with custom implementation using symlinks instead of copying resources
[1.254s] -- Found rclcpp: 21.0.8 (/opt/ros/iron/share/rclcpp/cmake)
[1.254s] -- Found rosidl_generator_c: 4.0.1 (/opt/ros/iron/share/rosidl_generator_c/cmake)
[1.255s] -- Found rosidl_generator_cpp: 4.0.1 (/opt/ros/iron/share/rosidl_generator_cpp/cmake)
[1.255s] -- Using all available rosidl_typesupport_c: rosidl_typesupport_fastrtps_c;rosidl_typesupport_introspection_c
[1.255s] -- Using all available rosidl_typesupport_cpp: rosidl_typesupport_fastrtps_cpp;rosidl_typesupport_introspection_cpp
[1.255s] -- Found rmw_implementation_cmake: 7.1.0 (/opt/ros/iron/share/rmw_implementation_cmake/cmake)
[1.255s] -- Found rmw_fastrtps_cpp: 7.1.4 (/opt/ros/iron/share/rmw_fastrtps_cpp/cmake)
[1.275s] -- Using RMW implementation 'rmw_fastrtps_cpp' as default
[1.475s] -- Found sensor_msgs: 5.0.1 (/opt/ros/iron/share/sensor_msgs/cmake)
[1.828s] -- Found nav_msgs: 5.0.1 (/opt/ros/iron/share/nav_msgs/cmake)
[2.034s] -- Found nav2_msgs: 1.2.10 (/opt/ros/iron/share/nav2_msgs/cmake)
[3.026s] -- Found tf2: 0.31.8 (/opt/ros/iron/share/tf2/cmake)
[3.052s] -- Found tf2_ros: 0.31.8 (/opt/ros/iron/share/tf2_ros/cmake)
[3.532s] -- Found nav2_costmap_2d: 1.2.10 (/opt/ros/iron/share/nav2_costmap_2d/cmake)
[3.908s] -- Found Eigen3: TRUE (found version "3.4.0") 
[3.908s] -- Ensuring Eigen3 include directory is part of orocos-kdl CMake target
[5.161s] -- Found nav2_map_server: 1.2.10 (/opt/ros/iron/share/nav2_map_server/cmake)
[6.719s] -- Found slam_toolbox: 2.7.4 (/opt/ros/iron/share/slam_toolbox/cmake)
[7.289s] -- Setting assimp_DIR to: '/opt/ros/iron/share/rviz_assimp_vendor/cmake/../../../opt/rviz_assimp_vendor/lib/cmake/assimp-4.1'
[7.300s] -- Setting OGRE_DIR to: '/opt/ros/iron/share/rviz_ogre_vendor/cmake/../../../opt/rviz_ogre_vendor/lib/OGRE/cmake'
[7.302s] -- Found OGRE
[7.302s] --   static     : OFF
[7.302s] --   components : MeshLodGenerator;Overlay;Paging;Property;RTShaderSystem;Terrain;Volume
[7.302s] --   plugins    : Plugin_BSPSceneManager;Plugin_OctreeSceneManager;Plugin_PCZSceneManager;Plugin_ParticleFX;RenderSystem_GL;RenderSystem_GL3Plus;Codec_STBI
[7.302s] --   media      : /opt/ros/iron/opt/rviz_ogre_vendor/share/OGRE/Media
[7.302s] -- OGRE_LIBRARIES: OgreMeshLodGenerator;OgreOverlay;OgrePaging;OgreProperty;OgreRTShaderSystem;OgreTerrain;OgreVolume;OgreMain
[7.302s] -- OGRE_LIBRARY_DIRS: /opt/ros/iron/opt/rviz_ogre_vendor/lib
[7.302s] -- OGRE_PLUGINS: Plugin_BSPSceneManager;Plugin_OctreeSceneManager;Plugin_PCZSceneManager;Plugin_ParticleFX;RenderSystem_GL;RenderSystem_GL3Plus;Codec_STBI
[7.303s] -- OGRE_PLUGIN_DIR: /opt/ros/iron/opt/rviz_ogre_vendor/lib/OGRE
[7.303s] -- rviz_ogre_vendor::OgreOverlay for IMPORTED_LOCATION_RELEASE: /opt/ros/iron/opt/rviz_ogre_vendor/lib/libOgreOverlay.so
[7.303s] -- rviz_ogre_vendor::OgreOverlay for IMPORTED_LOCATION_DEBUG: /opt/ros/iron/opt/rviz_ogre_vendor/lib/libOgreOverlay.so
[7.303s] -- rviz_ogre_vendor::OgreMain for IMPORTED_LOCATION_RELEASE: /opt/ros/iron/opt/rviz_ogre_vendor/lib/libOgreMain.so
[7.303s] -- rviz_ogre_vendor::OgreMain for IMPORTED_LOCATION_DEBUG: /opt/ros/iron/opt/rviz_ogre_vendor/lib/libOgreMain.so
[7.342s] -- Found ZLIB: /usr/lib/x86_64-linux-gnu/libz.so (found version "1.2.11") 
[7.349s] -- Found OpenGL: /usr/lib/x86_64-linux-gnu/libOpenGL.so   
[7.521s] -- Found X11: /usr/include   
[7.521s] -- Looking for XOpenDisplay in /usr/lib/x86_64-linux-gnu/libX11.so;/usr/lib/x86_64-linux-gnu/libXext.so
[7.648s] -- Looking for XOpenDisplay in /usr/lib/x86_64-linux-gnu/libX11.so;/usr/lib/x86_64-linux-gnu/libXext.so - found
[7.648s] -- Looking for gethostbyname
[7.760s] -- Looking for gethostbyname - found
[7.760s] -- Looking for connect
[7.873s] -- Looking for connect - found
[7.874s] -- Looking for remove
[7.995s] -- Looking for remove - found
[7.995s] -- Looking for shmat
[8.111s] -- Looking for shmat - found
[8.111s] -- Looking for IceConnectionNumber in ICE
[8.230s] -- Looking for IceConnectionNumber in ICE - found
[8.392s] -- library: /usr/lib/x86_64-linux-gnu/libcurl.so
[13.722s] -- Configuring done
[13.829s] -- Generating done
[13.842s] -- Build files have been written to: /home/duong/kaia_ws/build/auto_mapper
[13.862s] Invoked command in '/home/duong/kaia_ws/build/auto_mapper' returned '0': CMAKE_PREFIX_PATH=${CMAKE_PREFIX_PATH}:/home/duong/kaia_ws/install/kaiaai:/opt/ros/iron /usr/bin/cmake /home/duong/kaia_ws/src/auto_mapper -DAMENT_CMAKE_SYMLINK_INSTALL=1 -DCMAKE_INSTALL_PREFIX=/home/duong/kaia_ws/install/auto_mapper
[13.865s] Invoking command in '/home/duong/kaia_ws/build/auto_mapper': CMAKE_PREFIX_PATH=${CMAKE_PREFIX_PATH}:/home/duong/kaia_ws/install/kaiaai:/opt/ros/iron /usr/bin/cmake --build /home/duong/kaia_ws/build/auto_mapper -- -j12 -l12
[13.951s] [ 50%] [32mBuilding CXX object CMakeFiles/auto_mapper.dir/src/auto_mapper.cpp.o[0m
[29.000s] [100%] [32m[1mLinking CXX executable auto_mapper[0m
[31.159s] [100%] Built target auto_mapper
[31.185s] Invoked command in '/home/duong/kaia_ws/build/auto_mapper' returned '0': CMAKE_PREFIX_PATH=${CMAKE_PREFIX_PATH}:/home/duong/kaia_ws/install/kaiaai:/opt/ros/iron /usr/bin/cmake --build /home/duong/kaia_ws/build/auto_mapper -- -j12 -l12
[31.188s] Invoking command in '/home/duong/kaia_ws/build/auto_mapper': CMAKE_PREFIX_PATH=${CMAKE_PREFIX_PATH}:/home/duong/kaia_ws/install/kaiaai:/opt/ros/iron /usr/bin/cmake --install /home/duong/kaia_ws/build/auto_mapper
[31.203s] -- Install configuration: ""
[31.204s] -- Execute custom install script
[31.205s] -- Symlinking: /home/duong/kaia_ws/install/auto_mapper/lib/auto_mapper/auto_mapper
[31.216s] -- Symlinking: /home/duong/kaia_ws/install/auto_mapper/share/auto_mapper/config/mapper_params_online_async.yaml
[31.225s] -- Symlinking: /home/duong/kaia_ws/install/auto_mapper/share/auto_mapper/config/nav2_params.yaml
[31.235s] -- Symlinking: /home/duong/kaia_ws/install/auto_mapper/share/auto_mapper/launch/auto_mapper.launch.py
[31.245s] -- Symlinking: /home/duong/kaia_ws/install/auto_mapper/share/auto_mapper/launch/bringup_launch.py
[31.255s] -- Symlinking: /home/duong/kaia_ws/install/auto_mapper/share/auto_mapper/launch/online_async_launch.py
[31.266s] -- Symlinking: /home/duong/kaia_ws/install/auto_mapper/share/auto_mapper/rviz/config.rviz
[31.286s] -- Symlinking: /home/duong/kaia_ws/install/auto_mapper/share/ament_index/resource_index/package_run_dependencies/auto_mapper
[31.301s] -- Symlinking: /home/duong/kaia_ws/install/auto_mapper/share/ament_index/resource_index/parent_prefix_path/auto_mapper
[31.311s] -- Symlinking: /home/duong/kaia_ws/install/auto_mapper/share/auto_mapper/environment/ament_prefix_path.sh
[31.322s] -- Symlinking: /home/duong/kaia_ws/install/auto_mapper/share/auto_mapper/environment/ament_prefix_path.dsv
[31.335s] -- Symlinking: /home/duong/kaia_ws/install/auto_mapper/share/auto_mapper/environment/path.sh
[31.355s] -- Symlinking: /home/duong/kaia_ws/install/auto_mapper/share/auto_mapper/environment/path.dsv
[31.365s] -- Symlinking: /home/duong/kaia_ws/install/auto_mapper/share/auto_mapper/local_setup.bash
[31.375s] -- Symlinking: /home/duong/kaia_ws/install/auto_mapper/share/auto_mapper/local_setup.sh
[31.385s] -- Symlinking: /home/duong/kaia_ws/install/auto_mapper/share/auto_mapper/local_setup.zsh
[31.395s] -- Symlinking: /home/duong/kaia_ws/install/auto_mapper/share/auto_mapper/local_setup.dsv
[31.405s] -- Symlinking: /home/duong/kaia_ws/install/auto_mapper/share/auto_mapper/package.dsv
[31.415s] -- Symlinking: /home/duong/kaia_ws/install/auto_mapper/share/ament_index/resource_index/packages/auto_mapper
[31.425s] -- Symlinking: /home/duong/kaia_ws/install/auto_mapper/share/auto_mapper/cmake/auto_mapperConfig.cmake
[31.444s] -- Symlinking: /home/duong/kaia_ws/install/auto_mapper/share/auto_mapper/cmake/auto_mapperConfig-version.cmake
[31.458s] -- Symlinking: /home/duong/kaia_ws/install/auto_mapper/share/auto_mapper/package.xml
[31.480s] Invoked command in '/home/duong/kaia_ws/build/auto_mapper' returned '0': CMAKE_PREFIX_PATH=${CMAKE_PREFIX_PATH}:/home/duong/kaia_ws/install/kaiaai:/opt/ros/iron /usr/bin/cmake --install /home/duong/kaia_ws/build/auto_mapper
