[3.351s] Invoking command in '/home/duong/Arduino/ROS2_ServiceRobot/kaia_ws/build/kaiaai': PYTHONPATH=/home/duong/Arduino/ROS2_ServiceRobot/kaia_ws/build/kaiaai/prefix_override:/usr/lib/python3/dist-packages/colcon_core/task/python/colcon_distutils_commands:/home/duong/Arduino/ROS2_ServiceRobot/kaia_ws/install/kaiaai/lib/python3.10/site-packages:${PYTHONPATH} /usr/bin/python3 -W ignore:setup.py install is deprecated -W ignore:easy_install command is deprecated setup.py develop --editable --build-directory /home/duong/Arduino/ROS2_ServiceRobot/kaia_ws/build/kaiaai/build --no-deps symlink_data
[3.966s] running develop
[4.320s] running egg_info
[4.321s] creating kaiaai.egg-info
[4.324s] writing kaiaai.egg-info/PKG-INFO
[4.324s] writing dependency_links to kaiaai.egg-info/dependency_links.txt
[4.325s] writing entry points to kaiaai.egg-info/entry_points.txt
[4.325s] writing requirements to kaiaai.egg-info/requires.txt
[4.325s] writing top-level names to kaiaai.egg-info/top_level.txt
[4.325s] writing manifest file 'kaiaai.egg-info/SOURCES.txt'
[4.326s] reading manifest file 'kaiaai.egg-info/SOURCES.txt'
[4.326s] writing manifest file 'kaiaai.egg-info/SOURCES.txt'
[4.329s] running build_ext
[4.332s] Creating /home/duong/Arduino/ROS2_ServiceRobot/kaia_ws/install/kaiaai/lib/python3.10/site-packages/kaiaai.egg-link (link to .)
[4.332s] Installing cli script to /home/duong/Arduino/ROS2_ServiceRobot/kaia_ws/install/kaiaai/lib/kaiaai
[4.333s] 
[4.333s] Installed /home/duong/Arduino/ROS2_ServiceRobot/kaia_ws/build/kaiaai
[4.333s] running symlink_data
[4.333s] creating /home/duong/Arduino/ROS2_ServiceRobot/kaia_ws/install/kaiaai/share/ament_index
[4.334s] creating /home/duong/Arduino/ROS2_ServiceRobot/kaia_ws/install/kaiaai/share/ament_index/resource_index
[4.334s] creating /home/duong/Arduino/ROS2_ServiceRobot/kaia_ws/install/kaiaai/share/ament_index/resource_index/packages
[4.334s] symbolically linking /home/duong/Arduino/ROS2_ServiceRobot/kaia_ws/build/kaiaai/resource/kaiaai -> /home/duong/Arduino/ROS2_ServiceRobot/kaia_ws/install/kaiaai/share/ament_index/resource_index/packages
[4.334s] symbolically linking /home/duong/Arduino/ROS2_ServiceRobot/kaia_ws/build/kaiaai/package.xml -> /home/duong/Arduino/ROS2_ServiceRobot/kaia_ws/install/kaiaai/share/kaiaai
[4.435s] Invoked command in '/home/duong/Arduino/ROS2_ServiceRobot/kaia_ws/build/kaiaai' returned '0': PYTHONPATH=/home/duong/Arduino/ROS2_ServiceRobot/kaia_ws/build/kaiaai/prefix_override:/usr/lib/python3/dist-packages/colcon_core/task/python/colcon_distutils_commands:/home/duong/Arduino/ROS2_ServiceRobot/kaia_ws/install/kaiaai/lib/python3.10/site-packages:${PYTHONPATH} /usr/bin/python3 -W ignore:setup.py install is deprecated -W ignore:easy_install command is deprecated setup.py develop --editable --build-directory /home/duong/Arduino/ROS2_ServiceRobot/kaia_ws/build/kaiaai/build --no-deps symlink_data
