[0.854s] Invoking command in '/home/duong/Arduino/ROS2_ServiceRobot/kaia_ws/build/makerspet_loki': CMAKE_PREFIX_PATH=${CMAKE_PREFIX_PATH}:/opt/ros/iron /usr/bin/cmake /home/duong/Arduino/ROS2_ServiceRobot/kaia_ws/src/makerspet_loki -DAMENT_CMAKE_SYMLINK_INSTALL=1 -DCMAKE_INSTALL_PREFIX=/home/duong/Arduino/ROS2_ServiceRobot/kaia_ws/install/makerspet_loki
[2.010s] -- The C compiler identification is GNU 11.4.0
[2.010s] -- The CXX compiler identification is GNU 11.4.0
[2.010s] -- Detecting C compiler ABI info
[2.010s] -- Detecting C compiler ABI info - done
[2.010s] -- Check for working C compiler: /usr/bin/cc - skipped
[2.010s] -- Detecting C compile features
[2.010s] -- Detecting C compile features - done
[2.010s] -- Detecting CXX compiler ABI info
[2.011s] -- Detecting CXX compiler ABI info - done
[2.011s] -- Check for working CXX compiler: /usr/bin/c++ - skipped
[2.011s] -- Detecting CXX compile features
[2.011s] -- Detecting CXX compile features - done
[2.011s] -- Found ament_cmake: 2.0.7 (/opt/ros/iron/share/ament_cmake/cmake)
[2.011s] -- Found Python3: /usr/bin/python3.10 (found version "3.10.12") found components: Interpreter 
[2.011s] -- Override CMake install command with custom implementation using symlinks instead of copying resources
[2.482s] -- Found urdf: 2.8.2 (/opt/ros/iron/share/urdf/cmake)
[2.482s] -- Configuring done
[2.482s] -- Generating done
[2.483s] -- Build files have been written to: /home/duong/Arduino/ROS2_ServiceRobot/kaia_ws/build/makerspet_loki
[2.500s] Invoked command in '/home/duong/Arduino/ROS2_ServiceRobot/kaia_ws/build/makerspet_loki' returned '0': CMAKE_PREFIX_PATH=${CMAKE_PREFIX_PATH}:/opt/ros/iron /usr/bin/cmake /home/duong/Arduino/ROS2_ServiceRobot/kaia_ws/src/makerspet_loki -DAMENT_CMAKE_SYMLINK_INSTALL=1 -DCMAKE_INSTALL_PREFIX=/home/duong/Arduino/ROS2_ServiceRobot/kaia_ws/install/makerspet_loki
[2.501s] Invoking command in '/home/duong/Arduino/ROS2_ServiceRobot/kaia_ws/build/makerspet_loki': CMAKE_PREFIX_PATH=${CMAKE_PREFIX_PATH}:/opt/ros/iron /usr/bin/cmake --build /home/duong/Arduino/ROS2_ServiceRobot/kaia_ws/build/makerspet_loki -- -j12 -l12
[2.666s] Invoked command in '/home/duong/Arduino/ROS2_ServiceRobot/kaia_ws/build/makerspet_loki' returned '0': CMAKE_PREFIX_PATH=${CMAKE_PREFIX_PATH}:/opt/ros/iron /usr/bin/cmake --build /home/duong/Arduino/ROS2_ServiceRobot/kaia_ws/build/makerspet_loki -- -j12 -l12
[2.666s] Invoking command in '/home/duong/Arduino/ROS2_ServiceRobot/kaia_ws/build/makerspet_loki': CMAKE_PREFIX_PATH=${CMAKE_PREFIX_PATH}:/opt/ros/iron /usr/bin/cmake --install /home/duong/Arduino/ROS2_ServiceRobot/kaia_ws/build/makerspet_loki
[2.687s] -- Install configuration: ""
[2.689s] -- Execute custom install script
[2.691s] -- Symlinking: /home/duong/Arduino/ROS2_ServiceRobot/kaia_ws/install/makerspet_loki/share/makerspet_loki/rviz/cartographer.rviz
[2.723s] -- Symlinking: /home/duong/Arduino/ROS2_ServiceRobot/kaia_ws/install/makerspet_loki/share/makerspet_loki/rviz/gazebo.rviz
[2.747s] -- Symlinking: /home/duong/Arduino/ROS2_ServiceRobot/kaia_ws/install/makerspet_loki/share/makerspet_loki/rviz/inspect_urdf.rviz
[2.775s] -- Symlinking: /home/duong/Arduino/ROS2_ServiceRobot/kaia_ws/install/makerspet_loki/share/makerspet_loki/rviz/monitor_robot.rviz
[2.806s] -- Symlinking: /home/duong/Arduino/ROS2_ServiceRobot/kaia_ws/install/makerspet_loki/share/makerspet_loki/rviz/monitor_robot_old.rviz
[2.837s] -- Symlinking: /home/duong/Arduino/ROS2_ServiceRobot/kaia_ws/install/makerspet_loki/share/makerspet_loki/rviz/navigation.rviz
[2.866s] -- Symlinking: /home/duong/Arduino/ROS2_ServiceRobot/kaia_ws/install/makerspet_loki/share/makerspet_loki/urdf/README.md
[2.896s] -- Symlinking: /home/duong/Arduino/ROS2_ServiceRobot/kaia_ws/install/makerspet_loki/share/makerspet_loki/urdf/robot.urdf.xacro
[2.930s] -- Symlinking: /home/duong/Arduino/ROS2_ServiceRobot/kaia_ws/install/makerspet_loki/share/makerspet_loki/sdf/makerspet_loki/mesh/head.stl
[2.954s] -- Symlinking: /home/duong/Arduino/ROS2_ServiceRobot/kaia_ws/install/makerspet_loki/share/makerspet_loki/sdf/makerspet_loki/model.config
[2.980s] -- Symlinking: /home/duong/Arduino/ROS2_ServiceRobot/kaia_ws/install/makerspet_loki/share/makerspet_loki/sdf/makerspet_loki/model.sdf
[3.012s] -- Symlinking: /home/duong/Arduino/ROS2_ServiceRobot/kaia_ws/install/makerspet_loki/share/makerspet_loki/config/README.md
[3.040s] -- Symlinking: /home/duong/Arduino/ROS2_ServiceRobot/kaia_ws/install/makerspet_loki/share/makerspet_loki/config/cartographer_lds_2d.lua
[3.070s] -- Symlinking: /home/duong/Arduino/ROS2_ServiceRobot/kaia_ws/install/makerspet_loki/share/makerspet_loki/config/etc/navigation_humble.yaml
[3.103s] -- Symlinking: /home/duong/Arduino/ROS2_ServiceRobot/kaia_ws/install/makerspet_loki/share/makerspet_loki/config/etc/navigation_iron.yaml
[3.131s] -- Symlinking: /home/duong/Arduino/ROS2_ServiceRobot/kaia_ws/install/makerspet_loki/share/makerspet_loki/config/explore_lite.yaml
[3.152s] -- Symlinking: /home/duong/Arduino/ROS2_ServiceRobot/kaia_ws/install/makerspet_loki/share/makerspet_loki/config/navigation.yaml
[3.180s] -- Symlinking: /home/duong/Arduino/ROS2_ServiceRobot/kaia_ws/install/makerspet_loki/share/makerspet_loki/config/self_drive_gazebo.yaml
[3.207s] -- Symlinking: /home/duong/Arduino/ROS2_ServiceRobot/kaia_ws/install/makerspet_loki/share/makerspet_loki/config/telem.yaml
[3.233s] -- Symlinking: /home/duong/Arduino/ROS2_ServiceRobot/kaia_ws/install/makerspet_loki/share/makerspet_loki/config/teleop_keyboard.yaml
[3.259s] -- Symlinking: /home/duong/Arduino/ROS2_ServiceRobot/kaia_ws/install/makerspet_loki/share/makerspet_loki/mesh/head.stl
[3.285s] -- Symlinking: /home/duong/Arduino/ROS2_ServiceRobot/kaia_ws/install/makerspet_loki/share/ament_index/resource_index/package_run_dependencies/makerspet_loki
[3.332s] -- Symlinking: /home/duong/Arduino/ROS2_ServiceRobot/kaia_ws/install/makerspet_loki/share/ament_index/resource_index/parent_prefix_path/makerspet_loki
[3.365s] -- Symlinking: /home/duong/Arduino/ROS2_ServiceRobot/kaia_ws/install/makerspet_loki/share/makerspet_loki/environment/ament_prefix_path.sh
[3.387s] -- Symlinking: /home/duong/Arduino/ROS2_ServiceRobot/kaia_ws/install/makerspet_loki/share/makerspet_loki/environment/ament_prefix_path.dsv
[3.427s] -- Symlinking: /home/duong/Arduino/ROS2_ServiceRobot/kaia_ws/install/makerspet_loki/share/makerspet_loki/environment/path.sh
[3.450s] -- Symlinking: /home/duong/Arduino/ROS2_ServiceRobot/kaia_ws/install/makerspet_loki/share/makerspet_loki/environment/path.dsv
[3.478s] -- Symlinking: /home/duong/Arduino/ROS2_ServiceRobot/kaia_ws/install/makerspet_loki/share/makerspet_loki/local_setup.bash
[3.502s] -- Symlinking: /home/duong/Arduino/ROS2_ServiceRobot/kaia_ws/install/makerspet_loki/share/makerspet_loki/local_setup.sh
[3.527s] -- Symlinking: /home/duong/Arduino/ROS2_ServiceRobot/kaia_ws/install/makerspet_loki/share/makerspet_loki/local_setup.zsh
[3.551s] -- Symlinking: /home/duong/Arduino/ROS2_ServiceRobot/kaia_ws/install/makerspet_loki/share/makerspet_loki/local_setup.dsv
[3.593s] -- Symlinking: /home/duong/Arduino/ROS2_ServiceRobot/kaia_ws/install/makerspet_loki/share/makerspet_loki/package.dsv
[3.615s] -- Symlinking: /home/duong/Arduino/ROS2_ServiceRobot/kaia_ws/install/makerspet_loki/share/ament_index/resource_index/packages/makerspet_loki
[3.643s] -- Symlinking: /home/duong/Arduino/ROS2_ServiceRobot/kaia_ws/install/makerspet_loki/share/makerspet_loki/cmake/makerspet_lokiConfig.cmake
[3.738s] -- Symlinking: /home/duong/Arduino/ROS2_ServiceRobot/kaia_ws/install/makerspet_loki/share/makerspet_loki/cmake/makerspet_lokiConfig-version.cmake
[3.738s] -- Symlinking: /home/duong/Arduino/ROS2_ServiceRobot/kaia_ws/install/makerspet_loki/share/makerspet_loki/package.xml
[3.749s] Invoked command in '/home/duong/Arduino/ROS2_ServiceRobot/kaia_ws/build/makerspet_loki' returned '0': CMAKE_PREFIX_PATH=${CMAKE_PREFIX_PATH}:/opt/ros/iron /usr/bin/cmake --install /home/duong/Arduino/ROS2_ServiceRobot/kaia_ws/build/makerspet_loki
