[0.020s] Invoking command in '/home/duong/kaia_ws/build/kaiaai_telemetry': AMENT_PREFIX_PATH=/home/duong/kaia_ws/install/kaiaai_msgs:${AMENT_PREFIX_PATH} CMAKE_PREFIX_PATH=/home/duong/kaia_ws/install/kaiaai_msgs:/home/duong/kaia_ws/install/kaiaai_bringup:/home/duong/kaia_ws/install/kaiaai:/opt/ros/iron LD_LIBRARY_PATH=/home/duong/kaia_ws/install/kaiaai_msgs/lib:${LD_LIBRARY_PATH} PYTHONPATH=/home/duong/kaia_ws/install/kaiaai_msgs/lib/python3.10/site-packages:${PYTHONPATH} /usr/bin/cmake /home/duong/kaia_ws/src/kaiaai_telemetry -DAMENT_CMAKE_SYMLINK_INSTALL=1 -DCMAKE_INSTALL_PREFIX=/home/duong/kaia_ws/install/kaiaai_telemetry
[0.105s] -- The C compiler identification is GNU 11.4.0
[0.191s] -- The CXX compiler identification is GNU 11.4.0
[0.201s] -- Detecting C compiler ABI info
[0.302s] -- Detecting C compiler ABI info - done
[0.321s] -- Check for working C compiler: /usr/bin/cc - skipped
[0.321s] -- Detecting C compile features
[0.322s] -- Detecting C compile features - done
[0.330s] -- Detecting CXX compiler ABI info
[0.446s] -- Detecting CXX compiler ABI info - done
[0.453s] -- Check for working CXX compiler: /usr/bin/c++ - skipped
[0.453s] -- Detecting CXX compile features
[0.454s] -- Detecting CXX compile features - done
[0.456s] -- Found ament_cmake: 2.0.7 (/opt/ros/iron/share/ament_cmake/cmake)
[0.657s] -- Found Python3: /usr/bin/python3.10 (found version "3.10.12") found components: Interpreter 
[0.728s] -- Override CMake install command with custom implementation using symlinks instead of copying resources
[0.765s] -- Found rclcpp: 21.0.8 (/opt/ros/iron/share/rclcpp/cmake)
[0.816s] -- Found rosidl_generator_c: 4.0.1 (/opt/ros/iron/share/rosidl_generator_c/cmake)
[0.827s] -- Found rosidl_generator_cpp: 4.0.1 (/opt/ros/iron/share/rosidl_generator_cpp/cmake)
[0.843s] -- Using all available rosidl_typesupport_c: rosidl_typesupport_fastrtps_c;rosidl_typesupport_introspection_c
[0.861s] -- Using all available rosidl_typesupport_cpp: rosidl_typesupport_fastrtps_cpp;rosidl_typesupport_introspection_cpp
[1.019s] -- Found rmw_implementation_cmake: 7.1.0 (/opt/ros/iron/share/rmw_implementation_cmake/cmake)
[1.022s] -- Found rmw_fastrtps_cpp: 7.1.4 (/opt/ros/iron/share/rmw_fastrtps_cpp/cmake)
[1.195s] -- Found OpenSSL: /usr/lib/x86_64-linux-gnu/libcrypto.so (found version "3.0.2")  
[1.239s] -- Found FastRTPS: /opt/ros/iron/include  
[1.289s] -- Using RMW implementation 'rmw_fastrtps_cpp' as default
[1.451s] -- Found kaiaai_msgs: 0.3.0 (/home/duong/kaia_ws/install/kaiaai_msgs/share/kaiaai_msgs/cmake)
[1.673s] -- Found nav_msgs: 5.0.1 (/opt/ros/iron/share/nav_msgs/cmake)
[1.850s] -- Found sensor_msgs: 5.0.1 (/opt/ros/iron/share/sensor_msgs/cmake)
[1.954s] -- Found tf2_msgs: 0.31.8 (/opt/ros/iron/share/tf2_msgs/cmake)
[2.146s] -- Found tf2_ros: 0.31.8 (/opt/ros/iron/share/tf2_ros/cmake)
[2.343s] -- Found ament_lint_auto: 0.14.4 (/opt/ros/iron/share/ament_lint_auto/cmake)
[2.435s] -- Added test 'cppcheck' to perform static code analysis on C / C++ code
[2.436s] -- Configured cppcheck include dirs: 
[2.436s] -- Configured cppcheck exclude dirs and/or files: 
[2.437s] -- Added test 'lint_cmake' to check CMake code style
[2.442s] -- Added test 'uncrustify' to check C / C++ code style
[2.442s] -- Configured uncrustify additional arguments: 
[2.442s] -- Added test 'xmllint' to check XML markup files
[2.444s] -- Configuring done
[2.463s] -- Generating done
[2.469s] -- Build files have been written to: /home/duong/kaia_ws/build/kaiaai_telemetry
[2.480s] Invoked command in '/home/duong/kaia_ws/build/kaiaai_telemetry' returned '0': AMENT_PREFIX_PATH=/home/duong/kaia_ws/install/kaiaai_msgs:${AMENT_PREFIX_PATH} CMAKE_PREFIX_PATH=/home/duong/kaia_ws/install/kaiaai_msgs:/home/duong/kaia_ws/install/kaiaai_bringup:/home/duong/kaia_ws/install/kaiaai:/opt/ros/iron LD_LIBRARY_PATH=/home/duong/kaia_ws/install/kaiaai_msgs/lib:${LD_LIBRARY_PATH} PYTHONPATH=/home/duong/kaia_ws/install/kaiaai_msgs/lib/python3.10/site-packages:${PYTHONPATH} /usr/bin/cmake /home/duong/kaia_ws/src/kaiaai_telemetry -DAMENT_CMAKE_SYMLINK_INSTALL=1 -DCMAKE_INSTALL_PREFIX=/home/duong/kaia_ws/install/kaiaai_telemetry
[2.482s] Invoking command in '/home/duong/kaia_ws/build/kaiaai_telemetry': AMENT_PREFIX_PATH=/home/duong/kaia_ws/install/kaiaai_msgs:${AMENT_PREFIX_PATH} CMAKE_PREFIX_PATH=/home/duong/kaia_ws/install/kaiaai_msgs:/home/duong/kaia_ws/install/kaiaai_bringup:/home/duong/kaia_ws/install/kaiaai:/opt/ros/iron LD_LIBRARY_PATH=/home/duong/kaia_ws/install/kaiaai_msgs/lib:${LD_LIBRARY_PATH} PYTHONPATH=/home/duong/kaia_ws/install/kaiaai_msgs/lib/python3.10/site-packages:${PYTHONPATH} /usr/bin/cmake --build /home/duong/kaia_ws/build/kaiaai_telemetry -- -j12 -l12
[2.559s] [ 25%] Building CXX object CMakeFiles/telem_test_pub.dir/src/telem_test_pub.cpp.o
[2.583s] [ 50%] Building CXX object CMakeFiles/telem.dir/src/telem.cpp.o
[7.334s] [ 75%] Linking CXX executable telem_test_pub
[7.583s] [ 75%] Built target telem_test_pub
[11.827s] [100%] Linking CXX executable telem
[12.510s] [100%] Built target telem
[12.537s] Invoked command in '/home/duong/kaia_ws/build/kaiaai_telemetry' returned '0': AMENT_PREFIX_PATH=/home/duong/kaia_ws/install/kaiaai_msgs:${AMENT_PREFIX_PATH} CMAKE_PREFIX_PATH=/home/duong/kaia_ws/install/kaiaai_msgs:/home/duong/kaia_ws/install/kaiaai_bringup:/home/duong/kaia_ws/install/kaiaai:/opt/ros/iron LD_LIBRARY_PATH=/home/duong/kaia_ws/install/kaiaai_msgs/lib:${LD_LIBRARY_PATH} PYTHONPATH=/home/duong/kaia_ws/install/kaiaai_msgs/lib/python3.10/site-packages:${PYTHONPATH} /usr/bin/cmake --build /home/duong/kaia_ws/build/kaiaai_telemetry -- -j12 -l12
[12.539s] Invoking command in '/home/duong/kaia_ws/build/kaiaai_telemetry': AMENT_PREFIX_PATH=/home/duong/kaia_ws/install/kaiaai_msgs:${AMENT_PREFIX_PATH} CMAKE_PREFIX_PATH=/home/duong/kaia_ws/install/kaiaai_msgs:/home/duong/kaia_ws/install/kaiaai_bringup:/home/duong/kaia_ws/install/kaiaai:/opt/ros/iron LD_LIBRARY_PATH=/home/duong/kaia_ws/install/kaiaai_msgs/lib:${LD_LIBRARY_PATH} PYTHONPATH=/home/duong/kaia_ws/install/kaiaai_msgs/lib/python3.10/site-packages:${PYTHONPATH} /usr/bin/cmake --install /home/duong/kaia_ws/build/kaiaai_telemetry
[12.550s] -- Install configuration: ""
[12.551s] -- Execute custom install script
[12.551s] -- Symlinking: /home/duong/kaia_ws/install/kaiaai_telemetry/lib/kaiaai_telemetry/telem_test_pub
[12.561s] -- Symlinking: /home/duong/kaia_ws/install/kaiaai_telemetry/lib/kaiaai_telemetry/telem
[12.572s] -- Symlinking: /home/duong/kaia_ws/install/kaiaai_telemetry/share/kaiaai_telemetry/config/telem.yaml
[12.581s] -- Symlinking: /home/duong/kaia_ws/install/kaiaai_telemetry/share/ament_index/resource_index/package_run_dependencies/kaiaai_telemetry
[12.603s] -- Symlinking: /home/duong/kaia_ws/install/kaiaai_telemetry/share/ament_index/resource_index/parent_prefix_path/kaiaai_telemetry
[12.613s] -- Symlinking: /home/duong/kaia_ws/install/kaiaai_telemetry/share/kaiaai_telemetry/environment/ament_prefix_path.sh
[12.633s] -- Symlinking: /home/duong/kaia_ws/install/kaiaai_telemetry/share/kaiaai_telemetry/environment/ament_prefix_path.dsv
[12.644s] -- Symlinking: /home/duong/kaia_ws/install/kaiaai_telemetry/share/kaiaai_telemetry/environment/path.sh
[12.660s] -- Symlinking: /home/duong/kaia_ws/install/kaiaai_telemetry/share/kaiaai_telemetry/environment/path.dsv
[12.679s] -- Symlinking: /home/duong/kaia_ws/install/kaiaai_telemetry/share/kaiaai_telemetry/local_setup.bash
[12.690s] -- Symlinking: /home/duong/kaia_ws/install/kaiaai_telemetry/share/kaiaai_telemetry/local_setup.sh
[12.707s] -- Symlinking: /home/duong/kaia_ws/install/kaiaai_telemetry/share/kaiaai_telemetry/local_setup.zsh
[12.719s] -- Symlinking: /home/duong/kaia_ws/install/kaiaai_telemetry/share/kaiaai_telemetry/local_setup.dsv
[12.735s] -- Symlinking: /home/duong/kaia_ws/install/kaiaai_telemetry/share/kaiaai_telemetry/package.dsv
[12.759s] -- Symlinking: /home/duong/kaia_ws/install/kaiaai_telemetry/share/ament_index/resource_index/packages/kaiaai_telemetry
[12.775s] -- Symlinking: /home/duong/kaia_ws/install/kaiaai_telemetry/share/kaiaai_telemetry/cmake/kaiaai_telemetryConfig.cmake
[12.796s] -- Symlinking: /home/duong/kaia_ws/install/kaiaai_telemetry/share/kaiaai_telemetry/cmake/kaiaai_telemetryConfig-version.cmake
[12.809s] -- Symlinking: /home/duong/kaia_ws/install/kaiaai_telemetry/share/kaiaai_telemetry/package.xml
[12.836s] Invoked command in '/home/duong/kaia_ws/build/kaiaai_telemetry' returned '0': AMENT_PREFIX_PATH=/home/duong/kaia_ws/install/kaiaai_msgs:${AMENT_PREFIX_PATH} CMAKE_PREFIX_PATH=/home/duong/kaia_ws/install/kaiaai_msgs:/home/duong/kaia_ws/install/kaiaai_bringup:/home/duong/kaia_ws/install/kaiaai:/opt/ros/iron LD_LIBRARY_PATH=/home/duong/kaia_ws/install/kaiaai_msgs/lib:${LD_LIBRARY_PATH} PYTHONPATH=/home/duong/kaia_ws/install/kaiaai_msgs/lib/python3.10/site-packages:${PYTHONPATH} /usr/bin/cmake --install /home/duong/kaia_ws/build/kaiaai_telemetry
