-- Install configuration: ""
-- Execute custom install script
-- Up-to-date symlink: /home/duong/kaia_ws/install/makerspet_snoopy/share/makerspet_snoopy/rviz/cartographer.rviz
-- Up-to-date symlink: /home/duong/kaia_ws/install/makerspet_snoopy/share/makerspet_snoopy/rviz/gazebo.rviz
-- Up-to-date symlink: /home/duong/kaia_ws/install/makerspet_snoopy/share/makerspet_snoopy/rviz/inspect_urdf.rviz
-- Up-to-date symlink: /home/duong/kaia_ws/install/makerspet_snoopy/share/makerspet_snoopy/rviz/monitor_robot.rviz
-- Up-to-date symlink: /home/duong/kaia_ws/install/makerspet_snoopy/share/makerspet_snoopy/rviz/navigation.rviz
-- Up-to-date symlink: /home/duong/kaia_ws/install/makerspet_snoopy/share/makerspet_snoopy/urdf/README.md
-- Up-to-date symlink: /home/duong/kaia_ws/install/makerspet_snoopy/share/makerspet_snoopy/urdf/robot.urdf.xacro
-- Up-to-date symlink: /home/duong/kaia_ws/install/makerspet_snoopy/share/makerspet_snoopy/sdf/makerspet_snoopy/mesh/half_sphere.stl
-- Up-to-date symlink: /home/duong/kaia_ws/install/makerspet_snoopy/share/makerspet_snoopy/sdf/makerspet_snoopy/mesh/head.stl
-- Up-to-date symlink: /home/duong/kaia_ws/install/makerspet_snoopy/share/makerspet_snoopy/sdf/makerspet_snoopy/mesh/quarter_sphere.stl
-- Up-to-date symlink: /home/duong/kaia_ws/install/makerspet_snoopy/share/makerspet_snoopy/sdf/makerspet_snoopy/mesh/quarter_sphere_100mm.stl
-- Up-to-date symlink: /home/duong/kaia_ws/install/makerspet_snoopy/share/makerspet_snoopy/sdf/makerspet_snoopy/mesh/quarter_sphere_150mm.stl
-- Up-to-date symlink: /home/duong/kaia_ws/install/makerspet_snoopy/share/makerspet_snoopy/sdf/makerspet_snoopy/mesh/quarter_sphere_200mm.stl
-- Up-to-date symlink: /home/duong/kaia_ws/install/makerspet_snoopy/share/makerspet_snoopy/sdf/makerspet_snoopy/mesh/quarter_sphere_250mm.stl
-- Up-to-date symlink: /home/duong/kaia_ws/install/makerspet_snoopy/share/makerspet_snoopy/sdf/makerspet_snoopy/mesh/quarter_sphere_270mm.stl
-- Up-to-date symlink: /home/duong/kaia_ws/install/makerspet_snoopy/share/makerspet_snoopy/sdf/makerspet_snoopy/mesh/quarter_sphere_300mm.stl
-- Up-to-date symlink: /home/duong/kaia_ws/install/makerspet_snoopy/share/makerspet_snoopy/sdf/makerspet_snoopy/mesh/quarter_sphere_350mm.stl
-- Up-to-date symlink: /home/duong/kaia_ws/install/makerspet_snoopy/share/makerspet_snoopy/sdf/makerspet_snoopy/model.config
-- Up-to-date symlink: /home/duong/kaia_ws/install/makerspet_snoopy/share/makerspet_snoopy/sdf/makerspet_snoopy/model.sdf
-- Up-to-date symlink: /home/duong/kaia_ws/install/makerspet_snoopy/share/makerspet_snoopy/config/README.md
-- Up-to-date symlink: /home/duong/kaia_ws/install/makerspet_snoopy/share/makerspet_snoopy/config/cartographer_lds_2d.lua
-- Up-to-date symlink: /home/duong/kaia_ws/install/makerspet_snoopy/share/makerspet_snoopy/config/etc/navigation_humble.yaml
-- Up-to-date symlink: /home/duong/kaia_ws/install/makerspet_snoopy/share/makerspet_snoopy/config/etc/navigation_iron.yaml
-- Up-to-date symlink: /home/duong/kaia_ws/install/makerspet_snoopy/share/makerspet_snoopy/config/navigation.yaml
-- Up-to-date symlink: /home/duong/kaia_ws/install/makerspet_snoopy/share/makerspet_snoopy/config/self_drive_gazebo.yaml
-- Up-to-date symlink: /home/duong/kaia_ws/install/makerspet_snoopy/share/makerspet_snoopy/config/telem.yaml
-- Up-to-date symlink: /home/duong/kaia_ws/install/makerspet_snoopy/share/makerspet_snoopy/config/teleop_keyboard.yaml
-- Up-to-date symlink: /home/duong/kaia_ws/install/makerspet_snoopy/share/makerspet_snoopy/mesh/half_sphere.stl
-- Up-to-date symlink: /home/duong/kaia_ws/install/makerspet_snoopy/share/makerspet_snoopy/mesh/head.stl
-- Up-to-date symlink: /home/duong/kaia_ws/install/makerspet_snoopy/share/makerspet_snoopy/mesh/quarter_sphere.stl
-- Up-to-date symlink: /home/duong/kaia_ws/install/makerspet_snoopy/share/makerspet_snoopy/mesh/quarter_sphere_100mm.stl
-- Up-to-date symlink: /home/duong/kaia_ws/install/makerspet_snoopy/share/makerspet_snoopy/mesh/quarter_sphere_150mm.stl
-- Up-to-date symlink: /home/duong/kaia_ws/install/makerspet_snoopy/share/makerspet_snoopy/mesh/quarter_sphere_200mm.stl
-- Up-to-date symlink: /home/duong/kaia_ws/install/makerspet_snoopy/share/makerspet_snoopy/mesh/quarter_sphere_250mm.stl
-- Up-to-date symlink: /home/duong/kaia_ws/install/makerspet_snoopy/share/makerspet_snoopy/mesh/quarter_sphere_270mm.stl
-- Up-to-date symlink: /home/duong/kaia_ws/install/makerspet_snoopy/share/makerspet_snoopy/mesh/quarter_sphere_300mm.stl
-- Up-to-date symlink: /home/duong/kaia_ws/install/makerspet_snoopy/share/makerspet_snoopy/mesh/quarter_sphere_350mm.stl
-- Up-to-date symlink: /home/duong/kaia_ws/install/makerspet_snoopy/share/ament_index/resource_index/package_run_dependencies/makerspet_snoopy
-- Up-to-date symlink: /home/duong/kaia_ws/install/makerspet_snoopy/share/ament_index/resource_index/parent_prefix_path/makerspet_snoopy
-- Up-to-date symlink: /home/duong/kaia_ws/install/makerspet_snoopy/share/makerspet_snoopy/environment/ament_prefix_path.sh
-- Up-to-date symlink: /home/duong/kaia_ws/install/makerspet_snoopy/share/makerspet_snoopy/environment/ament_prefix_path.dsv
-- Up-to-date symlink: /home/duong/kaia_ws/install/makerspet_snoopy/share/makerspet_snoopy/environment/path.sh
-- Up-to-date symlink: /home/duong/kaia_ws/install/makerspet_snoopy/share/makerspet_snoopy/environment/path.dsv
-- Up-to-date symlink: /home/duong/kaia_ws/install/makerspet_snoopy/share/makerspet_snoopy/local_setup.bash
-- Up-to-date symlink: /home/duong/kaia_ws/install/makerspet_snoopy/share/makerspet_snoopy/local_setup.sh
-- Up-to-date symlink: /home/duong/kaia_ws/install/makerspet_snoopy/share/makerspet_snoopy/local_setup.zsh
-- Up-to-date symlink: /home/duong/kaia_ws/install/makerspet_snoopy/share/makerspet_snoopy/local_setup.dsv
-- Symlinking: /home/duong/kaia_ws/install/makerspet_snoopy/share/makerspet_snoopy/package.dsv
-- Up-to-date symlink: /home/duong/kaia_ws/install/makerspet_snoopy/share/ament_index/resource_index/packages/makerspet_snoopy
-- Up-to-date symlink: /home/duong/kaia_ws/install/makerspet_snoopy/share/makerspet_snoopy/cmake/makerspet_snoopyConfig.cmake
-- Up-to-date symlink: /home/duong/kaia_ws/install/makerspet_snoopy/share/makerspet_snoopy/cmake/makerspet_snoopyConfig-version.cmake
-- Up-to-date symlink: /home/duong/kaia_ws/install/makerspet_snoopy/share/makerspet_snoopy/package.xml
