[0.467s] Invoking command in '/home/duong/Arduino/ROS2_ServiceRobot/kaia_ws/build/kaiaai_msgs': CMAKE_PREFIX_PATH=${CMAKE_PREFIX_PATH}:/opt/ros/iron /usr/bin/cmake /home/duong/Arduino/ROS2_ServiceRobot/kaia_ws/src/kaiaai_msgs -DAMENT_CMAKE_SYMLINK_INSTALL=1 -DCMAKE_INSTALL_PREFIX=/home/duong/Arduino/ROS2_ServiceRobot/kaia_ws/install/kaiaai_msgs
[2.022s] -- The C compiler identification is GNU 11.4.0
[2.023s] -- The CXX compiler identification is GNU 11.4.0
[2.023s] -- Detecting C compiler ABI info
[2.023s] -- Detecting C compiler ABI info - done
[2.023s] -- Check for working C compiler: /usr/bin/cc - skipped
[2.023s] -- Detecting C compile features
[2.023s] -- Detecting C compile features - done
[2.023s] -- Detecting CXX compiler ABI info
[2.023s] -- Detecting CXX compiler ABI info - done
[2.024s] -- Check for working CXX compiler: /usr/bin/c++ - skipped
[2.024s] -- Detecting CXX compile features
[2.024s] -- Detecting CXX compile features - done
[2.024s] -- Found ament_cmake: 2.0.7 (/opt/ros/iron/share/ament_cmake/cmake)
[2.024s] -- Found Python3: /usr/bin/python3.10 (found version "3.10.12") found components: Interpreter 
[2.024s] -- Override CMake install command with custom implementation using symlinks instead of copying resources
[2.024s] -- Found builtin_interfaces: 1.6.0 (/opt/ros/iron/share/builtin_interfaces/cmake)
[2.024s] -- Found rosidl_generator_c: 4.0.1 (/opt/ros/iron/share/rosidl_generator_c/cmake)
[2.025s] -- Found rosidl_generator_cpp: 4.0.1 (/opt/ros/iron/share/rosidl_generator_cpp/cmake)
[2.025s] -- Using all available rosidl_typesupport_c: rosidl_typesupport_fastrtps_c;rosidl_typesupport_introspection_c
[2.025s] -- Using all available rosidl_typesupport_cpp: rosidl_typesupport_fastrtps_cpp;rosidl_typesupport_introspection_cpp
[2.025s] -- Found diagnostic_msgs: 5.0.1 (/opt/ros/iron/share/diagnostic_msgs/cmake)
[2.504s] -- Found rosidl_default_generators: 1.5.0 (/opt/ros/iron/share/rosidl_default_generators/cmake)
[2.504s] -- Found rosidl_adapter: 4.0.1 (/opt/ros/iron/share/rosidl_adapter/cmake)
[2.504s] -- Found ament_lint_auto: 0.14.4 (/opt/ros/iron/share/ament_lint_auto/cmake)
[3.118s] -- Found ament_cmake_ros: 0.11.2 (/opt/ros/iron/share/ament_cmake_ros/cmake)
[4.184s] -- Using all available rosidl_typesupport_c: rosidl_typesupport_fastrtps_c;rosidl_typesupport_introspection_c
[4.992s] -- Using all available rosidl_typesupport_cpp: rosidl_typesupport_fastrtps_cpp;rosidl_typesupport_introspection_cpp
[4.992s] -- Found PythonInterp: /usr/bin/python3 (found suitable version "3.10.12", minimum required is "3.6") 
[4.992s] -- Found python_cmake_module: 0.10.2 (/opt/ros/iron/share/python_cmake_module/cmake)
[4.992s] -- Found PythonLibs: /usr/lib/x86_64-linux-gnu/libpython3.10.so (found suitable version "3.10.12", minimum required is "3.5") 
[4.993s] -- Using PYTHON_EXECUTABLE: /usr/bin/python3
[4.993s] -- Using PYTHON_INCLUDE_DIRS: /usr/include/python3.10
[4.993s] -- Using PYTHON_LIBRARIES: /usr/lib/x86_64-linux-gnu/libpython3.10.so
[4.994s] -- Found PythonExtra: .so  
[4.994s] -- Added test 'lint_cmake' to check CMake code style
[4.995s] -- Added test 'xmllint' to check XML markup files
[4.995s] -- Configuring done
[4.995s] -- Generating done
[4.995s] -- Build files have been written to: /home/duong/Arduino/ROS2_ServiceRobot/kaia_ws/build/kaiaai_msgs
[5.073s] Invoked command in '/home/duong/Arduino/ROS2_ServiceRobot/kaia_ws/build/kaiaai_msgs' returned '0': CMAKE_PREFIX_PATH=${CMAKE_PREFIX_PATH}:/opt/ros/iron /usr/bin/cmake /home/duong/Arduino/ROS2_ServiceRobot/kaia_ws/src/kaiaai_msgs -DAMENT_CMAKE_SYMLINK_INSTALL=1 -DCMAKE_INSTALL_PREFIX=/home/duong/Arduino/ROS2_ServiceRobot/kaia_ws/install/kaiaai_msgs
[5.074s] Invoking command in '/home/duong/Arduino/ROS2_ServiceRobot/kaia_ws/build/kaiaai_msgs': CMAKE_PREFIX_PATH=${CMAKE_PREFIX_PATH}:/opt/ros/iron /usr/bin/cmake --build /home/duong/Arduino/ROS2_ServiceRobot/kaia_ws/build/kaiaai_msgs -- -j12 -l12
[5.242s] [  1%] Generating type hashes for ROS interfaces
[5.256s] [  1%] Built target ament_cmake_python_symlink_kaiaai_msgs
[5.671s] running egg_info
[5.673s] creating kaiaai_msgs.egg-info
[5.673s] writing kaiaai_msgs.egg-info/PKG-INFO
[5.674s] writing dependency_links to kaiaai_msgs.egg-info/dependency_links.txt
[5.675s] writing top-level names to kaiaai_msgs.egg-info/top_level.txt
[5.675s] writing manifest file 'kaiaai_msgs.egg-info/SOURCES.txt'
[5.678s] reading manifest file 'kaiaai_msgs.egg-info/SOURCES.txt'
[5.679s] writing manifest file 'kaiaai_msgs.egg-info/SOURCES.txt'
[5.728s] [  1%] Built target ament_cmake_python_build_kaiaai_msgs_egg
[5.829s] [  1%] Built target kaiaai_msgs__rosidl_generator_type_description
[5.850s] [  2%] Generating C code for ROS interfaces
[5.868s] [  4%] Generating C++ code for ROS interfaces
[6.799s] [  4%] Built target kaiaai_msgs__cpp
[6.903s] [  6%] Building C object CMakeFiles/kaiaai_msgs__rosidl_generator_c.dir/rosidl_generator_c/kaiaai_msgs/msg/detail/wifi_state__description.c.o
[6.903s] [  6%] Building C object CMakeFiles/kaiaai_msgs__rosidl_generator_c.dir/rosidl_generator_c/kaiaai_msgs/msg/detail/wifi_state__functions.c.o
[6.903s] [  8%] Building C object CMakeFiles/kaiaai_msgs__rosidl_generator_c.dir/rosidl_generator_c/kaiaai_msgs/msg/detail/joint_pos_vel__description.c.o
[6.903s] [  9%] Building C object CMakeFiles/kaiaai_msgs__rosidl_generator_c.dir/rosidl_generator_c/kaiaai_msgs/msg/detail/kaiaai_telemetry__functions.c.o
[6.903s] [ 10%] Building C object CMakeFiles/kaiaai_msgs__rosidl_generator_c.dir/rosidl_generator_c/kaiaai_msgs/msg/detail/joint_pos_vel__functions.c.o
[6.903s] [ 12%] Building C object CMakeFiles/kaiaai_msgs__rosidl_generator_c.dir/rosidl_generator_c/kaiaai_msgs/msg/detail/wifi_state__type_support.c.o
[6.908s] [ 13%] Building C object CMakeFiles/kaiaai_msgs__rosidl_generator_c.dir/rosidl_generator_c/kaiaai_msgs/msg/detail/kaiaai_telemetry__description.c.o
[6.910s] [ 14%] Building C object CMakeFiles/kaiaai_msgs__rosidl_generator_c.dir/rosidl_generator_c/kaiaai_msgs/msg/detail/kaiaai_telemetry__type_support.c.o
[6.912s] [ 16%] Building C object CMakeFiles/kaiaai_msgs__rosidl_generator_c.dir/rosidl_generator_c/kaiaai_msgs/msg/detail/kaiaai_telemetry2__description.c.o
[6.912s] [ 17%] Building C object CMakeFiles/kaiaai_msgs__rosidl_generator_c.dir/rosidl_generator_c/kaiaai_msgs/msg/detail/joint_pos_vel__type_support.c.o
[6.919s] [ 18%] Building C object CMakeFiles/kaiaai_msgs__rosidl_generator_c.dir/rosidl_generator_c/kaiaai_msgs/msg/detail/kaiaai_telemetry2__functions.c.o
[6.924s] [ 20%] Building C object CMakeFiles/kaiaai_msgs__rosidl_generator_c.dir/rosidl_generator_c/kaiaai_msgs/msg/detail/kaiaai_telemetry2__type_support.c.o
[6.990s] [ 21%] Building C object CMakeFiles/kaiaai_msgs__rosidl_generator_c.dir/rosidl_generator_c/kaiaai_msgs/msg/detail/online_event__description.c.o
[6.994s] [ 22%] Building C object CMakeFiles/kaiaai_msgs__rosidl_generator_c.dir/rosidl_generator_c/kaiaai_msgs/msg/detail/online_event__functions.c.o
[7.005s] [ 24%] Building C object CMakeFiles/kaiaai_msgs__rosidl_generator_c.dir/rosidl_generator_c/kaiaai_msgs/msg/detail/online_event__type_support.c.o
[7.083s] [ 25%] Linking C shared library libkaiaai_msgs__rosidl_generator_c.so
[7.161s] [ 25%] Built target kaiaai_msgs__rosidl_generator_c
[7.181s] [ 28%] Generating C type support for eProsima Fast-RTPS
[7.181s] [ 28%] Generating C++ type support dispatch for ROS interfaces
[7.181s] [ 29%] Generating C introspection for ROS interfaces
[7.184s] [ 32%] Generating C++ introspection for ROS interfaces
[7.184s] [ 32%] Generating C++ type support for eProsima Fast-RTPS
[7.184s] [ 33%] Generating C type support dispatch for ROS interfaces
[7.778s] [ 35%] Building CXX object CMakeFiles/kaiaai_msgs__rosidl_typesupport_cpp.dir/rosidl_typesupport_cpp/kaiaai_msgs/msg/kaiaai_telemetry__type_support.cpp.o
[7.781s] [ 37%] Building CXX object CMakeFiles/kaiaai_msgs__rosidl_typesupport_cpp.dir/rosidl_typesupport_cpp/kaiaai_msgs/msg/wifi_state__type_support.cpp.o
[7.782s] [ 39%] Building CXX object CMakeFiles/kaiaai_msgs__rosidl_typesupport_cpp.dir/rosidl_typesupport_cpp/kaiaai_msgs/msg/online_event__type_support.cpp.o
[7.783s] [ 39%] Building CXX object CMakeFiles/kaiaai_msgs__rosidl_typesupport_cpp.dir/rosidl_typesupport_cpp/kaiaai_msgs/msg/joint_pos_vel__type_support.cpp.o
[7.794s] [ 40%] Building CXX object CMakeFiles/kaiaai_msgs__rosidl_typesupport_cpp.dir/rosidl_typesupport_cpp/kaiaai_msgs/msg/kaiaai_telemetry2__type_support.cpp.o
[8.068s] [ 41%] Building CXX object CMakeFiles/kaiaai_msgs__rosidl_typesupport_fastrtps_cpp.dir/rosidl_typesupport_fastrtps_cpp/kaiaai_msgs/msg/detail/dds_fastrtps/kaiaai_telemetry__type_support.cpp.o
[8.079s] [ 43%] Building CXX object CMakeFiles/kaiaai_msgs__rosidl_typesupport_fastrtps_cpp.dir/rosidl_typesupport_fastrtps_cpp/kaiaai_msgs/msg/detail/dds_fastrtps/wifi_state__type_support.cpp.o
[8.112s] [ 44%] Building CXX object CMakeFiles/kaiaai_msgs__rosidl_typesupport_c.dir/rosidl_typesupport_c/kaiaai_msgs/msg/kaiaai_telemetry__type_support.cpp.o
[8.114s] [ 45%] Building CXX object CMakeFiles/kaiaai_msgs__rosidl_typesupport_fastrtps_cpp.dir/rosidl_typesupport_fastrtps_cpp/kaiaai_msgs/msg/detail/dds_fastrtps/joint_pos_vel__type_support.cpp.o
[8.227s] [ 47%] Building CXX object CMakeFiles/kaiaai_msgs__rosidl_typesupport_c.dir/rosidl_typesupport_c/kaiaai_msgs/msg/wifi_state__type_support.cpp.o
[8.294s] [ 48%] Building CXX object CMakeFiles/kaiaai_msgs__rosidl_typesupport_introspection_cpp.dir/rosidl_typesupport_introspection_cpp/kaiaai_msgs/msg/detail/kaiaai_telemetry__type_support.cpp.o
[8.314s] [ 50%] Building C object CMakeFiles/kaiaai_msgs__rosidl_typesupport_introspection_c.dir/rosidl_typesupport_introspection_c/kaiaai_msgs/msg/detail/kaiaai_telemetry__type_support.c.o
[8.392s] [ 51%] Building CXX object CMakeFiles/kaiaai_msgs__rosidl_typesupport_c.dir/rosidl_typesupport_c/kaiaai_msgs/msg/joint_pos_vel__type_support.cpp.o
[8.440s] [ 52%] Building C object CMakeFiles/kaiaai_msgs__rosidl_typesupport_introspection_c.dir/rosidl_typesupport_introspection_c/kaiaai_msgs/msg/detail/wifi_state__type_support.c.o
[8.488s] [ 54%] Building CXX object CMakeFiles/kaiaai_msgs__rosidl_typesupport_fastrtps_c.dir/rosidl_typesupport_fastrtps_c/kaiaai_msgs/msg/detail/kaiaai_telemetry__type_support_c.cpp.o
[8.529s] [ 55%] Building CXX object CMakeFiles/kaiaai_msgs__rosidl_typesupport_fastrtps_c.dir/rosidl_typesupport_fastrtps_c/kaiaai_msgs/msg/detail/wifi_state__type_support_c.cpp.o
[8.543s] [ 56%] Building CXX object CMakeFiles/kaiaai_msgs__rosidl_typesupport_c.dir/rosidl_typesupport_c/kaiaai_msgs/msg/kaiaai_telemetry2__type_support.cpp.o
[8.564s] [ 58%] Building CXX object CMakeFiles/kaiaai_msgs__rosidl_typesupport_introspection_cpp.dir/rosidl_typesupport_introspection_cpp/kaiaai_msgs/msg/detail/wifi_state__type_support.cpp.o
[8.586s] [ 59%] Building C object CMakeFiles/kaiaai_msgs__rosidl_typesupport_introspection_c.dir/rosidl_typesupport_introspection_c/kaiaai_msgs/msg/detail/joint_pos_vel__type_support.c.o
[8.609s] [ 60%] Building CXX object CMakeFiles/kaiaai_msgs__rosidl_typesupport_fastrtps_c.dir/rosidl_typesupport_fastrtps_c/kaiaai_msgs/msg/detail/joint_pos_vel__type_support_c.cpp.o
[8.631s] [ 62%] Building CXX object CMakeFiles/kaiaai_msgs__rosidl_typesupport_introspection_cpp.dir/rosidl_typesupport_introspection_cpp/kaiaai_msgs/msg/detail/joint_pos_vel__type_support.cpp.o
[8.652s] [ 63%] Building CXX object CMakeFiles/kaiaai_msgs__rosidl_typesupport_c.dir/rosidl_typesupport_c/kaiaai_msgs/msg/online_event__type_support.cpp.o
[8.676s] [ 64%] Linking CXX shared library libkaiaai_msgs__rosidl_typesupport_cpp.so
[8.721s] [ 66%] Building C object CMakeFiles/kaiaai_msgs__rosidl_typesupport_introspection_c.dir/rosidl_typesupport_introspection_c/kaiaai_msgs/msg/detail/kaiaai_telemetry2__type_support.c.o
[8.827s] [ 67%] Linking CXX shared library libkaiaai_msgs__rosidl_typesupport_c.so
[8.829s] [ 67%] Built target kaiaai_msgs__rosidl_typesupport_cpp
[8.851s] [ 68%] Building CXX object CMakeFiles/kaiaai_msgs__rosidl_typesupport_introspection_cpp.dir/rosidl_typesupport_introspection_cpp/kaiaai_msgs/msg/detail/kaiaai_telemetry2__type_support.cpp.o
[8.941s] [ 70%] Building C object CMakeFiles/kaiaai_msgs__rosidl_typesupport_introspection_c.dir/rosidl_typesupport_introspection_c/kaiaai_msgs/msg/detail/online_event__type_support.c.o
[8.969s] [ 70%] Built target kaiaai_msgs__rosidl_typesupport_c
[9.005s] [ 71%] Building CXX object CMakeFiles/kaiaai_msgs__rosidl_typesupport_introspection_cpp.dir/rosidl_typesupport_introspection_cpp/kaiaai_msgs/msg/detail/online_event__type_support.cpp.o
[9.111s] [ 72%] Linking C shared library libkaiaai_msgs__rosidl_typesupport_introspection_c.so
[9.261s] [ 72%] Built target kaiaai_msgs__rosidl_typesupport_introspection_c
[9.266s] [ 74%] Building CXX object CMakeFiles/kaiaai_msgs__rosidl_typesupport_fastrtps_c.dir/rosidl_typesupport_fastrtps_c/kaiaai_msgs/msg/detail/kaiaai_telemetry2__type_support_c.cpp.o
[9.286s] [ 75%] Building CXX object CMakeFiles/kaiaai_msgs__rosidl_typesupport_fastrtps_cpp.dir/rosidl_typesupport_fastrtps_cpp/kaiaai_msgs/msg/detail/dds_fastrtps/kaiaai_telemetry2__type_support.cpp.o
[9.323s] [ 77%] Building CXX object CMakeFiles/kaiaai_msgs__rosidl_typesupport_fastrtps_cpp.dir/rosidl_typesupport_fastrtps_cpp/kaiaai_msgs/msg/detail/dds_fastrtps/online_event__type_support.cpp.o
[9.335s] [ 78%] Building CXX object CMakeFiles/kaiaai_msgs__rosidl_typesupport_fastrtps_c.dir/rosidl_typesupport_fastrtps_c/kaiaai_msgs/msg/detail/online_event__type_support_c.cpp.o
[9.934s] [ 79%] Linking CXX shared library libkaiaai_msgs__rosidl_typesupport_fastrtps_c.so
[9.944s] [ 81%] Linking CXX shared library libkaiaai_msgs__rosidl_typesupport_introspection_cpp.so
[10.074s] [ 81%] Built target kaiaai_msgs__rosidl_typesupport_fastrtps_c
[10.081s] [ 81%] Built target kaiaai_msgs__rosidl_typesupport_introspection_cpp
[10.240s] [ 82%] Linking CXX shared library libkaiaai_msgs__rosidl_typesupport_fastrtps_cpp.so
[10.410s] [ 82%] Built target kaiaai_msgs__rosidl_typesupport_fastrtps_cpp
[10.448s] [ 82%] Built target kaiaai_msgs
[10.486s] [ 83%] Generating Python code for ROS interfaces
[11.997s] [ 83%] Built target kaiaai_msgs__py
[12.037s] [ 86%] Building C object CMakeFiles/kaiaai_msgs__rosidl_generator_py.dir/rosidl_generator_py/kaiaai_msgs/msg/_online_event_s.c.o
[12.037s] [ 86%] Building C object CMakeFiles/kaiaai_msgs__rosidl_generator_py.dir/rosidl_generator_py/kaiaai_msgs/msg/_kaiaai_telemetry_s.c.o
[12.038s] [ 87%] Building C object CMakeFiles/kaiaai_msgs__rosidl_generator_py.dir/rosidl_generator_py/kaiaai_msgs/msg/_joint_pos_vel_s.c.o
[12.038s] [ 89%] Building C object CMakeFiles/kaiaai_msgs__rosidl_generator_py.dir/rosidl_generator_py/kaiaai_msgs/msg/_wifi_state_s.c.o
[12.043s] [ 90%] Building C object CMakeFiles/kaiaai_msgs__rosidl_generator_py.dir/rosidl_generator_py/kaiaai_msgs/msg/_kaiaai_telemetry2_s.c.o
[12.385s] [ 91%] Linking C shared library rosidl_generator_py/kaiaai_msgs/libkaiaai_msgs__rosidl_generator_py.so
[12.482s] [ 91%] Built target kaiaai_msgs__rosidl_generator_py
[12.524s] [ 94%] Building C object CMakeFiles/kaiaai_msgs__rosidl_typesupport_fastrtps_c__pyext.dir/rosidl_generator_py/kaiaai_msgs/_kaiaai_msgs_s.ep.rosidl_typesupport_fastrtps_c.c.o
[12.524s] [ 94%] Building C object CMakeFiles/kaiaai_msgs__rosidl_typesupport_introspection_c__pyext.dir/rosidl_generator_py/kaiaai_msgs/_kaiaai_msgs_s.ep.rosidl_typesupport_introspection_c.c.o
[12.524s] [ 95%] Building C object CMakeFiles/kaiaai_msgs__rosidl_typesupport_c__pyext.dir/rosidl_generator_py/kaiaai_msgs/_kaiaai_msgs_s.ep.rosidl_typesupport_c.c.o
[12.711s] [ 97%] Linking C shared library rosidl_generator_py/kaiaai_msgs/kaiaai_msgs_s__rosidl_typesupport_fastrtps_c.cpython-310-x86_64-linux-gnu.so
[12.744s] [100%] Linking C shared library rosidl_generator_py/kaiaai_msgs/kaiaai_msgs_s__rosidl_typesupport_c.cpython-310-x86_64-linux-gnu.so
[12.744s] [100%] Linking C shared library rosidl_generator_py/kaiaai_msgs/kaiaai_msgs_s__rosidl_typesupport_introspection_c.cpython-310-x86_64-linux-gnu.so
[12.785s] [100%] Built target kaiaai_msgs__rosidl_typesupport_fastrtps_c__pyext
[12.837s] [100%] Built target kaiaai_msgs__rosidl_typesupport_c__pyext
[12.837s] [100%] Built target kaiaai_msgs__rosidl_typesupport_introspection_c__pyext
[13.814s] Invoked command in '/home/duong/Arduino/ROS2_ServiceRobot/kaia_ws/build/kaiaai_msgs' returned '0': CMAKE_PREFIX_PATH=${CMAKE_PREFIX_PATH}:/opt/ros/iron /usr/bin/cmake --build /home/duong/Arduino/ROS2_ServiceRobot/kaia_ws/build/kaiaai_msgs -- -j12 -l12
[13.816s] Invoking command in '/home/duong/Arduino/ROS2_ServiceRobot/kaia_ws/build/kaiaai_msgs': CMAKE_PREFIX_PATH=${CMAKE_PREFIX_PATH}:/opt/ros/iron /usr/bin/cmake --install /home/duong/Arduino/ROS2_ServiceRobot/kaia_ws/build/kaiaai_msgs
[13.827s] -- Install configuration: ""
[13.828s] -- Execute custom install script
[13.828s] -- Symlinking: /home/duong/Arduino/ROS2_ServiceRobot/kaia_ws/install/kaiaai_msgs/share/ament_index/resource_index/rosidl_interfaces/kaiaai_msgs
[13.843s] -- Symlinking: /home/duong/Arduino/ROS2_ServiceRobot/kaia_ws/install/kaiaai_msgs/share/kaiaai_msgs/msg/KaiaaiTelemetry.json
[13.857s] -- Symlinking: /home/duong/Arduino/ROS2_ServiceRobot/kaia_ws/install/kaiaai_msgs/share/kaiaai_msgs/msg/WifiState.json
[13.871s] -- Symlinking: /home/duong/Arduino/ROS2_ServiceRobot/kaia_ws/install/kaiaai_msgs/share/kaiaai_msgs/msg/JointPosVel.json
[13.884s] -- Symlinking: /home/duong/Arduino/ROS2_ServiceRobot/kaia_ws/install/kaiaai_msgs/share/kaiaai_msgs/msg/KaiaaiTelemetry2.json
[13.900s] -- Symlinking: /home/duong/Arduino/ROS2_ServiceRobot/kaia_ws/install/kaiaai_msgs/share/kaiaai_msgs/msg/OnlineEvent.json
[13.918s] -- Symlinking: /home/duong/Arduino/ROS2_ServiceRobot/kaia_ws/install/kaiaai_msgs/include/kaiaai_msgs/kaiaai_msgs/msg/detail/joint_pos_vel__functions.h
[13.935s] -- Symlinking: /home/duong/Arduino/ROS2_ServiceRobot/kaia_ws/install/kaiaai_msgs/include/kaiaai_msgs/kaiaai_msgs/msg/detail/joint_pos_vel__struct.h
[13.955s] -- Symlinking: /home/duong/Arduino/ROS2_ServiceRobot/kaia_ws/install/kaiaai_msgs/include/kaiaai_msgs/kaiaai_msgs/msg/detail/joint_pos_vel__type_support.h
[13.972s] -- Symlinking: /home/duong/Arduino/ROS2_ServiceRobot/kaia_ws/install/kaiaai_msgs/include/kaiaai_msgs/kaiaai_msgs/msg/detail/kaiaai_telemetry2__functions.h
[13.990s] -- Symlinking: /home/duong/Arduino/ROS2_ServiceRobot/kaia_ws/install/kaiaai_msgs/include/kaiaai_msgs/kaiaai_msgs/msg/detail/kaiaai_telemetry2__struct.h
[14.004s] -- Symlinking: /home/duong/Arduino/ROS2_ServiceRobot/kaia_ws/install/kaiaai_msgs/include/kaiaai_msgs/kaiaai_msgs/msg/detail/kaiaai_telemetry2__type_support.h
[14.018s] -- Symlinking: /home/duong/Arduino/ROS2_ServiceRobot/kaia_ws/install/kaiaai_msgs/include/kaiaai_msgs/kaiaai_msgs/msg/detail/kaiaai_telemetry__functions.h
[14.037s] -- Symlinking: /home/duong/Arduino/ROS2_ServiceRobot/kaia_ws/install/kaiaai_msgs/include/kaiaai_msgs/kaiaai_msgs/msg/detail/kaiaai_telemetry__struct.h
[14.054s] -- Symlinking: /home/duong/Arduino/ROS2_ServiceRobot/kaia_ws/install/kaiaai_msgs/include/kaiaai_msgs/kaiaai_msgs/msg/detail/kaiaai_telemetry__type_support.h
[14.072s] -- Symlinking: /home/duong/Arduino/ROS2_ServiceRobot/kaia_ws/install/kaiaai_msgs/include/kaiaai_msgs/kaiaai_msgs/msg/detail/online_event__functions.h
[14.090s] -- Symlinking: /home/duong/Arduino/ROS2_ServiceRobot/kaia_ws/install/kaiaai_msgs/include/kaiaai_msgs/kaiaai_msgs/msg/detail/online_event__struct.h
[14.108s] -- Symlinking: /home/duong/Arduino/ROS2_ServiceRobot/kaia_ws/install/kaiaai_msgs/include/kaiaai_msgs/kaiaai_msgs/msg/detail/online_event__type_support.h
[14.126s] -- Symlinking: /home/duong/Arduino/ROS2_ServiceRobot/kaia_ws/install/kaiaai_msgs/include/kaiaai_msgs/kaiaai_msgs/msg/detail/wifi_state__functions.h
[14.143s] -- Symlinking: /home/duong/Arduino/ROS2_ServiceRobot/kaia_ws/install/kaiaai_msgs/include/kaiaai_msgs/kaiaai_msgs/msg/detail/wifi_state__struct.h
[14.161s] -- Symlinking: /home/duong/Arduino/ROS2_ServiceRobot/kaia_ws/install/kaiaai_msgs/include/kaiaai_msgs/kaiaai_msgs/msg/detail/wifi_state__type_support.h
[14.179s] -- Symlinking: /home/duong/Arduino/ROS2_ServiceRobot/kaia_ws/install/kaiaai_msgs/include/kaiaai_msgs/kaiaai_msgs/msg/joint_pos_vel.h
[14.195s] -- Symlinking: /home/duong/Arduino/ROS2_ServiceRobot/kaia_ws/install/kaiaai_msgs/include/kaiaai_msgs/kaiaai_msgs/msg/kaiaai_telemetry.h
[14.210s] -- Symlinking: /home/duong/Arduino/ROS2_ServiceRobot/kaia_ws/install/kaiaai_msgs/include/kaiaai_msgs/kaiaai_msgs/msg/kaiaai_telemetry2.h
[14.226s] -- Symlinking: /home/duong/Arduino/ROS2_ServiceRobot/kaia_ws/install/kaiaai_msgs/include/kaiaai_msgs/kaiaai_msgs/msg/online_event.h
[14.244s] -- Symlinking: /home/duong/Arduino/ROS2_ServiceRobot/kaia_ws/install/kaiaai_msgs/include/kaiaai_msgs/kaiaai_msgs/msg/rosidl_generator_c__visibility_control.h
[14.261s] -- Symlinking: /home/duong/Arduino/ROS2_ServiceRobot/kaia_ws/install/kaiaai_msgs/include/kaiaai_msgs/kaiaai_msgs/msg/wifi_state.h
[14.279s] -- Symlinking: /home/duong/Arduino/ROS2_ServiceRobot/kaia_ws/install/kaiaai_msgs/share/kaiaai_msgs/environment/library_path.sh
[14.297s] -- Symlinking: /home/duong/Arduino/ROS2_ServiceRobot/kaia_ws/install/kaiaai_msgs/share/kaiaai_msgs/environment/library_path.dsv
[14.316s] -- Symlinking: /home/duong/Arduino/ROS2_ServiceRobot/kaia_ws/install/kaiaai_msgs/include/kaiaai_msgs/kaiaai_msgs/msg/detail/joint_pos_vel__rosidl_typesupport_fastrtps_c.h
[14.334s] -- Symlinking: /home/duong/Arduino/ROS2_ServiceRobot/kaia_ws/install/kaiaai_msgs/include/kaiaai_msgs/kaiaai_msgs/msg/detail/kaiaai_telemetry2__rosidl_typesupport_fastrtps_c.h
[14.351s] -- Symlinking: /home/duong/Arduino/ROS2_ServiceRobot/kaia_ws/install/kaiaai_msgs/include/kaiaai_msgs/kaiaai_msgs/msg/detail/kaiaai_telemetry__rosidl_typesupport_fastrtps_c.h
[14.368s] -- Symlinking: /home/duong/Arduino/ROS2_ServiceRobot/kaia_ws/install/kaiaai_msgs/include/kaiaai_msgs/kaiaai_msgs/msg/detail/online_event__rosidl_typesupport_fastrtps_c.h
[14.384s] -- Symlinking: /home/duong/Arduino/ROS2_ServiceRobot/kaia_ws/install/kaiaai_msgs/include/kaiaai_msgs/kaiaai_msgs/msg/detail/wifi_state__rosidl_typesupport_fastrtps_c.h
[14.402s] -- Symlinking: /home/duong/Arduino/ROS2_ServiceRobot/kaia_ws/install/kaiaai_msgs/include/kaiaai_msgs/kaiaai_msgs/msg/rosidl_typesupport_fastrtps_c__visibility_control.h
[14.421s] -- Symlinking: /home/duong/Arduino/ROS2_ServiceRobot/kaia_ws/install/kaiaai_msgs/include/kaiaai_msgs/kaiaai_msgs/msg/detail/joint_pos_vel__builder.hpp
[14.438s] -- Symlinking: /home/duong/Arduino/ROS2_ServiceRobot/kaia_ws/install/kaiaai_msgs/include/kaiaai_msgs/kaiaai_msgs/msg/detail/joint_pos_vel__struct.hpp
[14.456s] -- Symlinking: /home/duong/Arduino/ROS2_ServiceRobot/kaia_ws/install/kaiaai_msgs/include/kaiaai_msgs/kaiaai_msgs/msg/detail/joint_pos_vel__traits.hpp
[14.474s] -- Symlinking: /home/duong/Arduino/ROS2_ServiceRobot/kaia_ws/install/kaiaai_msgs/include/kaiaai_msgs/kaiaai_msgs/msg/detail/kaiaai_telemetry2__builder.hpp
[14.492s] -- Symlinking: /home/duong/Arduino/ROS2_ServiceRobot/kaia_ws/install/kaiaai_msgs/include/kaiaai_msgs/kaiaai_msgs/msg/detail/kaiaai_telemetry2__struct.hpp
[14.509s] -- Symlinking: /home/duong/Arduino/ROS2_ServiceRobot/kaia_ws/install/kaiaai_msgs/include/kaiaai_msgs/kaiaai_msgs/msg/detail/kaiaai_telemetry2__traits.hpp
[14.525s] -- Symlinking: /home/duong/Arduino/ROS2_ServiceRobot/kaia_ws/install/kaiaai_msgs/include/kaiaai_msgs/kaiaai_msgs/msg/detail/kaiaai_telemetry__builder.hpp
[14.542s] -- Symlinking: /home/duong/Arduino/ROS2_ServiceRobot/kaia_ws/install/kaiaai_msgs/include/kaiaai_msgs/kaiaai_msgs/msg/detail/kaiaai_telemetry__struct.hpp
[14.559s] -- Symlinking: /home/duong/Arduino/ROS2_ServiceRobot/kaia_ws/install/kaiaai_msgs/include/kaiaai_msgs/kaiaai_msgs/msg/detail/kaiaai_telemetry__traits.hpp
[14.577s] -- Symlinking: /home/duong/Arduino/ROS2_ServiceRobot/kaia_ws/install/kaiaai_msgs/include/kaiaai_msgs/kaiaai_msgs/msg/detail/online_event__builder.hpp
[14.594s] -- Symlinking: /home/duong/Arduino/ROS2_ServiceRobot/kaia_ws/install/kaiaai_msgs/include/kaiaai_msgs/kaiaai_msgs/msg/detail/online_event__struct.hpp
[14.612s] -- Symlinking: /home/duong/Arduino/ROS2_ServiceRobot/kaia_ws/install/kaiaai_msgs/include/kaiaai_msgs/kaiaai_msgs/msg/detail/online_event__traits.hpp
[14.629s] -- Symlinking: /home/duong/Arduino/ROS2_ServiceRobot/kaia_ws/install/kaiaai_msgs/include/kaiaai_msgs/kaiaai_msgs/msg/detail/wifi_state__builder.hpp
[14.646s] -- Symlinking: /home/duong/Arduino/ROS2_ServiceRobot/kaia_ws/install/kaiaai_msgs/include/kaiaai_msgs/kaiaai_msgs/msg/detail/wifi_state__struct.hpp
[14.663s] -- Symlinking: /home/duong/Arduino/ROS2_ServiceRobot/kaia_ws/install/kaiaai_msgs/include/kaiaai_msgs/kaiaai_msgs/msg/detail/wifi_state__traits.hpp
[14.679s] -- Symlinking: /home/duong/Arduino/ROS2_ServiceRobot/kaia_ws/install/kaiaai_msgs/include/kaiaai_msgs/kaiaai_msgs/msg/joint_pos_vel.hpp
[14.695s] -- Symlinking: /home/duong/Arduino/ROS2_ServiceRobot/kaia_ws/install/kaiaai_msgs/include/kaiaai_msgs/kaiaai_msgs/msg/kaiaai_telemetry.hpp
[14.711s] -- Symlinking: /home/duong/Arduino/ROS2_ServiceRobot/kaia_ws/install/kaiaai_msgs/include/kaiaai_msgs/kaiaai_msgs/msg/kaiaai_telemetry2.hpp
[14.729s] -- Symlinking: /home/duong/Arduino/ROS2_ServiceRobot/kaia_ws/install/kaiaai_msgs/include/kaiaai_msgs/kaiaai_msgs/msg/online_event.hpp
[14.746s] -- Symlinking: /home/duong/Arduino/ROS2_ServiceRobot/kaia_ws/install/kaiaai_msgs/include/kaiaai_msgs/kaiaai_msgs/msg/wifi_state.hpp
[14.764s] -- Symlinking: /home/duong/Arduino/ROS2_ServiceRobot/kaia_ws/install/kaiaai_msgs/include/kaiaai_msgs/kaiaai_msgs/msg/detail/joint_pos_vel__rosidl_typesupport_fastrtps_cpp.hpp
[14.781s] -- Symlinking: /home/duong/Arduino/ROS2_ServiceRobot/kaia_ws/install/kaiaai_msgs/include/kaiaai_msgs/kaiaai_msgs/msg/detail/kaiaai_telemetry2__rosidl_typesupport_fastrtps_cpp.hpp
[14.798s] -- Symlinking: /home/duong/Arduino/ROS2_ServiceRobot/kaia_ws/install/kaiaai_msgs/include/kaiaai_msgs/kaiaai_msgs/msg/detail/kaiaai_telemetry__rosidl_typesupport_fastrtps_cpp.hpp
[14.815s] -- Symlinking: /home/duong/Arduino/ROS2_ServiceRobot/kaia_ws/install/kaiaai_msgs/include/kaiaai_msgs/kaiaai_msgs/msg/detail/online_event__rosidl_typesupport_fastrtps_cpp.hpp
[14.832s] -- Symlinking: /home/duong/Arduino/ROS2_ServiceRobot/kaia_ws/install/kaiaai_msgs/include/kaiaai_msgs/kaiaai_msgs/msg/detail/wifi_state__rosidl_typesupport_fastrtps_cpp.hpp
[14.850s] -- Symlinking: /home/duong/Arduino/ROS2_ServiceRobot/kaia_ws/install/kaiaai_msgs/include/kaiaai_msgs/kaiaai_msgs/msg/rosidl_typesupport_fastrtps_cpp__visibility_control.h
[14.866s] -- Symlinking: /home/duong/Arduino/ROS2_ServiceRobot/kaia_ws/install/kaiaai_msgs/include/kaiaai_msgs/kaiaai_msgs/msg/detail/joint_pos_vel__rosidl_typesupport_introspection_c.h
[14.883s] -- Symlinking: /home/duong/Arduino/ROS2_ServiceRobot/kaia_ws/install/kaiaai_msgs/include/kaiaai_msgs/kaiaai_msgs/msg/detail/kaiaai_telemetry2__rosidl_typesupport_introspection_c.h
[14.899s] -- Symlinking: /home/duong/Arduino/ROS2_ServiceRobot/kaia_ws/install/kaiaai_msgs/include/kaiaai_msgs/kaiaai_msgs/msg/detail/kaiaai_telemetry__rosidl_typesupport_introspection_c.h
[14.916s] -- Symlinking: /home/duong/Arduino/ROS2_ServiceRobot/kaia_ws/install/kaiaai_msgs/include/kaiaai_msgs/kaiaai_msgs/msg/detail/online_event__rosidl_typesupport_introspection_c.h
[14.934s] -- Symlinking: /home/duong/Arduino/ROS2_ServiceRobot/kaia_ws/install/kaiaai_msgs/include/kaiaai_msgs/kaiaai_msgs/msg/detail/wifi_state__rosidl_typesupport_introspection_c.h
[14.952s] -- Symlinking: /home/duong/Arduino/ROS2_ServiceRobot/kaia_ws/install/kaiaai_msgs/include/kaiaai_msgs/kaiaai_msgs/msg/rosidl_typesupport_introspection_c__visibility_control.h
[14.971s] -- Symlinking: /home/duong/Arduino/ROS2_ServiceRobot/kaia_ws/install/kaiaai_msgs/include/kaiaai_msgs/kaiaai_msgs/msg/detail/joint_pos_vel__rosidl_typesupport_introspection_cpp.hpp
[14.988s] -- Symlinking: /home/duong/Arduino/ROS2_ServiceRobot/kaia_ws/install/kaiaai_msgs/include/kaiaai_msgs/kaiaai_msgs/msg/detail/kaiaai_telemetry2__rosidl_typesupport_introspection_cpp.hpp
[15.007s] -- Symlinking: /home/duong/Arduino/ROS2_ServiceRobot/kaia_ws/install/kaiaai_msgs/include/kaiaai_msgs/kaiaai_msgs/msg/detail/kaiaai_telemetry__rosidl_typesupport_introspection_cpp.hpp
[15.025s] -- Symlinking: /home/duong/Arduino/ROS2_ServiceRobot/kaia_ws/install/kaiaai_msgs/include/kaiaai_msgs/kaiaai_msgs/msg/detail/online_event__rosidl_typesupport_introspection_cpp.hpp
[15.044s] -- Symlinking: /home/duong/Arduino/ROS2_ServiceRobot/kaia_ws/install/kaiaai_msgs/include/kaiaai_msgs/kaiaai_msgs/msg/detail/wifi_state__rosidl_typesupport_introspection_cpp.hpp
[15.062s] -- Symlinking: /home/duong/Arduino/ROS2_ServiceRobot/kaia_ws/install/kaiaai_msgs/share/kaiaai_msgs/environment/pythonpath.sh
[15.080s] -- Symlinking: /home/duong/Arduino/ROS2_ServiceRobot/kaia_ws/install/kaiaai_msgs/share/kaiaai_msgs/environment/pythonpath.dsv
[15.098s] -- Symlinking: /home/duong/Arduino/ROS2_ServiceRobot/kaia_ws/install/kaiaai_msgs/lib/python3.10/site-packages/kaiaai_msgs-0.3.0-py3.10.egg-info/PKG-INFO
[15.116s] -- Symlinking: /home/duong/Arduino/ROS2_ServiceRobot/kaia_ws/install/kaiaai_msgs/lib/python3.10/site-packages/kaiaai_msgs-0.3.0-py3.10.egg-info/SOURCES.txt
[15.133s] -- Symlinking: /home/duong/Arduino/ROS2_ServiceRobot/kaia_ws/install/kaiaai_msgs/lib/python3.10/site-packages/kaiaai_msgs-0.3.0-py3.10.egg-info/dependency_links.txt
[15.152s] -- Symlinking: /home/duong/Arduino/ROS2_ServiceRobot/kaia_ws/install/kaiaai_msgs/lib/python3.10/site-packages/kaiaai_msgs-0.3.0-py3.10.egg-info/top_level.txt
[15.172s] -- Symlinking: /home/duong/Arduino/ROS2_ServiceRobot/kaia_ws/install/kaiaai_msgs/lib/python3.10/site-packages/kaiaai_msgs/__init__.py
[15.191s] -- Symlinking: /home/duong/Arduino/ROS2_ServiceRobot/kaia_ws/install/kaiaai_msgs/lib/python3.10/site-packages/kaiaai_msgs/_kaiaai_msgs_s.ep.rosidl_typesupport_c.c
[15.209s] -- Symlinking: /home/duong/Arduino/ROS2_ServiceRobot/kaia_ws/install/kaiaai_msgs/lib/python3.10/site-packages/kaiaai_msgs/_kaiaai_msgs_s.ep.rosidl_typesupport_fastrtps_c.c
[15.227s] -- Symlinking: /home/duong/Arduino/ROS2_ServiceRobot/kaia_ws/install/kaiaai_msgs/lib/python3.10/site-packages/kaiaai_msgs/_kaiaai_msgs_s.ep.rosidl_typesupport_introspection_c.c
[15.245s] -- Symlinking: /home/duong/Arduino/ROS2_ServiceRobot/kaia_ws/install/kaiaai_msgs/lib/python3.10/site-packages/kaiaai_msgs/kaiaai_msgs_s__rosidl_typesupport_c.cpython-310-x86_64-linux-gnu.so
[15.263s] -- Symlinking: /home/duong/Arduino/ROS2_ServiceRobot/kaia_ws/install/kaiaai_msgs/lib/python3.10/site-packages/kaiaai_msgs/kaiaai_msgs_s__rosidl_typesupport_fastrtps_c.cpython-310-x86_64-linux-gnu.so
[15.280s] -- Symlinking: /home/duong/Arduino/ROS2_ServiceRobot/kaia_ws/install/kaiaai_msgs/lib/python3.10/site-packages/kaiaai_msgs/kaiaai_msgs_s__rosidl_typesupport_introspection_c.cpython-310-x86_64-linux-gnu.so
[15.297s] -- Symlinking: /home/duong/Arduino/ROS2_ServiceRobot/kaia_ws/install/kaiaai_msgs/lib/python3.10/site-packages/kaiaai_msgs/libkaiaai_msgs__rosidl_generator_py.so
[15.316s] -- Symlinking: /home/duong/Arduino/ROS2_ServiceRobot/kaia_ws/install/kaiaai_msgs/lib/python3.10/site-packages/kaiaai_msgs/msg/__init__.py
[15.334s] -- Symlinking: /home/duong/Arduino/ROS2_ServiceRobot/kaia_ws/install/kaiaai_msgs/lib/python3.10/site-packages/kaiaai_msgs/msg/_joint_pos_vel.py
[15.354s] -- Symlinking: /home/duong/Arduino/ROS2_ServiceRobot/kaia_ws/install/kaiaai_msgs/lib/python3.10/site-packages/kaiaai_msgs/msg/_joint_pos_vel_s.c
[15.372s] -- Symlinking: /home/duong/Arduino/ROS2_ServiceRobot/kaia_ws/install/kaiaai_msgs/lib/python3.10/site-packages/kaiaai_msgs/msg/_kaiaai_telemetry.py
[15.392s] -- Symlinking: /home/duong/Arduino/ROS2_ServiceRobot/kaia_ws/install/kaiaai_msgs/lib/python3.10/site-packages/kaiaai_msgs/msg/_kaiaai_telemetry2.py
[15.409s] -- Symlinking: /home/duong/Arduino/ROS2_ServiceRobot/kaia_ws/install/kaiaai_msgs/lib/python3.10/site-packages/kaiaai_msgs/msg/_kaiaai_telemetry2_s.c
[15.427s] -- Symlinking: /home/duong/Arduino/ROS2_ServiceRobot/kaia_ws/install/kaiaai_msgs/lib/python3.10/site-packages/kaiaai_msgs/msg/_kaiaai_telemetry_s.c
[15.445s] -- Symlinking: /home/duong/Arduino/ROS2_ServiceRobot/kaia_ws/install/kaiaai_msgs/lib/python3.10/site-packages/kaiaai_msgs/msg/_online_event.py
[15.463s] -- Symlinking: /home/duong/Arduino/ROS2_ServiceRobot/kaia_ws/install/kaiaai_msgs/lib/python3.10/site-packages/kaiaai_msgs/msg/_online_event_s.c
[15.482s] -- Symlinking: /home/duong/Arduino/ROS2_ServiceRobot/kaia_ws/install/kaiaai_msgs/lib/python3.10/site-packages/kaiaai_msgs/msg/_wifi_state.py
[15.500s] -- Symlinking: /home/duong/Arduino/ROS2_ServiceRobot/kaia_ws/install/kaiaai_msgs/lib/python3.10/site-packages/kaiaai_msgs/msg/_wifi_state_s.c
[15.517s] -- Up-to-date symlink: /home/duong/Arduino/ROS2_ServiceRobot/kaia_ws/install/kaiaai_msgs/lib/python3.10/site-packages/kaiaai_msgs/kaiaai_msgs_s__rosidl_typesupport_fastrtps_c.cpython-310-x86_64-linux-gnu.so
[15.518s] -- Up-to-date symlink: /home/duong/Arduino/ROS2_ServiceRobot/kaia_ws/install/kaiaai_msgs/lib/python3.10/site-packages/kaiaai_msgs/kaiaai_msgs_s__rosidl_typesupport_introspection_c.cpython-310-x86_64-linux-gnu.so
[15.518s] -- Up-to-date symlink: /home/duong/Arduino/ROS2_ServiceRobot/kaia_ws/install/kaiaai_msgs/lib/python3.10/site-packages/kaiaai_msgs/kaiaai_msgs_s__rosidl_typesupport_c.cpython-310-x86_64-linux-gnu.so
[15.519s] -- Symlinking: /home/duong/Arduino/ROS2_ServiceRobot/kaia_ws/install/kaiaai_msgs/share/kaiaai_msgs/msg/KaiaaiTelemetry.idl
[15.537s] -- Symlinking: /home/duong/Arduino/ROS2_ServiceRobot/kaia_ws/install/kaiaai_msgs/share/kaiaai_msgs/msg/WifiState.idl
[15.555s] -- Symlinking: /home/duong/Arduino/ROS2_ServiceRobot/kaia_ws/install/kaiaai_msgs/share/kaiaai_msgs/msg/JointPosVel.idl
[15.572s] -- Symlinking: /home/duong/Arduino/ROS2_ServiceRobot/kaia_ws/install/kaiaai_msgs/share/kaiaai_msgs/msg/KaiaaiTelemetry2.idl
[15.590s] -- Symlinking: /home/duong/Arduino/ROS2_ServiceRobot/kaia_ws/install/kaiaai_msgs/share/kaiaai_msgs/msg/OnlineEvent.idl
[15.607s] -- Symlinking: /home/duong/Arduino/ROS2_ServiceRobot/kaia_ws/install/kaiaai_msgs/share/kaiaai_msgs/msg/KaiaaiTelemetry.msg
[15.624s] -- Symlinking: /home/duong/Arduino/ROS2_ServiceRobot/kaia_ws/install/kaiaai_msgs/share/kaiaai_msgs/msg/WifiState.msg
[15.638s] -- Symlinking: /home/duong/Arduino/ROS2_ServiceRobot/kaia_ws/install/kaiaai_msgs/share/kaiaai_msgs/msg/JointPosVel.msg
[15.654s] -- Symlinking: /home/duong/Arduino/ROS2_ServiceRobot/kaia_ws/install/kaiaai_msgs/share/kaiaai_msgs/msg/KaiaaiTelemetry2.msg
[15.671s] -- Symlinking: /home/duong/Arduino/ROS2_ServiceRobot/kaia_ws/install/kaiaai_msgs/share/kaiaai_msgs/msg/OnlineEvent.msg
[15.687s] -- Symlinking: /home/duong/Arduino/ROS2_ServiceRobot/kaia_ws/install/kaiaai_msgs/share/ament_index/resource_index/package_run_dependencies/kaiaai_msgs
[15.705s] -- Symlinking: /home/duong/Arduino/ROS2_ServiceRobot/kaia_ws/install/kaiaai_msgs/share/ament_index/resource_index/parent_prefix_path/kaiaai_msgs
[15.724s] -- Symlinking: /home/duong/Arduino/ROS2_ServiceRobot/kaia_ws/install/kaiaai_msgs/share/kaiaai_msgs/environment/ament_prefix_path.sh
[15.741s] -- Symlinking: /home/duong/Arduino/ROS2_ServiceRobot/kaia_ws/install/kaiaai_msgs/share/kaiaai_msgs/environment/ament_prefix_path.dsv
[15.759s] -- Symlinking: /home/duong/Arduino/ROS2_ServiceRobot/kaia_ws/install/kaiaai_msgs/share/kaiaai_msgs/environment/path.sh
[15.777s] -- Symlinking: /home/duong/Arduino/ROS2_ServiceRobot/kaia_ws/install/kaiaai_msgs/share/kaiaai_msgs/environment/path.dsv
[15.794s] -- Symlinking: /home/duong/Arduino/ROS2_ServiceRobot/kaia_ws/install/kaiaai_msgs/share/kaiaai_msgs/local_setup.bash
[15.812s] -- Symlinking: /home/duong/Arduino/ROS2_ServiceRobot/kaia_ws/install/kaiaai_msgs/share/kaiaai_msgs/local_setup.sh
[15.830s] -- Symlinking: /home/duong/Arduino/ROS2_ServiceRobot/kaia_ws/install/kaiaai_msgs/share/kaiaai_msgs/local_setup.zsh
[15.850s] -- Symlinking: /home/duong/Arduino/ROS2_ServiceRobot/kaia_ws/install/kaiaai_msgs/share/kaiaai_msgs/local_setup.dsv
[15.864s] -- Symlinking: /home/duong/Arduino/ROS2_ServiceRobot/kaia_ws/install/kaiaai_msgs/share/kaiaai_msgs/package.dsv
[15.878s] -- Symlinking: /home/duong/Arduino/ROS2_ServiceRobot/kaia_ws/install/kaiaai_msgs/share/ament_index/resource_index/packages/kaiaai_msgs
[15.893s] -- Symlinking: /home/duong/Arduino/ROS2_ServiceRobot/kaia_ws/install/kaiaai_msgs/share/kaiaai_msgs/cmake/rosidl_cmake-extras.cmake
[15.907s] -- Symlinking: /home/duong/Arduino/ROS2_ServiceRobot/kaia_ws/install/kaiaai_msgs/share/kaiaai_msgs/cmake/ament_cmake_export_dependencies-extras.cmake
[15.926s] -- Symlinking: /home/duong/Arduino/ROS2_ServiceRobot/kaia_ws/install/kaiaai_msgs/share/kaiaai_msgs/cmake/ament_cmake_export_include_directories-extras.cmake
[15.946s] -- Symlinking: /home/duong/Arduino/ROS2_ServiceRobot/kaia_ws/install/kaiaai_msgs/share/kaiaai_msgs/cmake/ament_cmake_export_libraries-extras.cmake
[15.960s] -- Symlinking: /home/duong/Arduino/ROS2_ServiceRobot/kaia_ws/install/kaiaai_msgs/share/kaiaai_msgs/cmake/ament_cmake_export_targets-extras.cmake
[15.974s] -- Symlinking: /home/duong/Arduino/ROS2_ServiceRobot/kaia_ws/install/kaiaai_msgs/share/kaiaai_msgs/cmake/rosidl_cmake_export_typesupport_targets-extras.cmake
[15.988s] -- Symlinking: /home/duong/Arduino/ROS2_ServiceRobot/kaia_ws/install/kaiaai_msgs/share/kaiaai_msgs/cmake/rosidl_cmake_export_typesupport_libraries-extras.cmake
[16.003s] -- Symlinking: /home/duong/Arduino/ROS2_ServiceRobot/kaia_ws/install/kaiaai_msgs/share/kaiaai_msgs/cmake/kaiaai_msgsConfig.cmake
[16.017s] -- Symlinking: /home/duong/Arduino/ROS2_ServiceRobot/kaia_ws/install/kaiaai_msgs/share/kaiaai_msgs/cmake/kaiaai_msgsConfig-version.cmake
[16.032s] -- Symlinking: /home/duong/Arduino/ROS2_ServiceRobot/kaia_ws/install/kaiaai_msgs/share/kaiaai_msgs/package.xml
[16.046s] -- Installing: /home/duong/Arduino/ROS2_ServiceRobot/kaia_ws/install/kaiaai_msgs/lib/libkaiaai_msgs__rosidl_generator_c.so
[16.047s] -- Set runtime path of "/home/duong/Arduino/ROS2_ServiceRobot/kaia_ws/install/kaiaai_msgs/lib/libkaiaai_msgs__rosidl_generator_c.so" to ""
[16.047s] -- Installing: /home/duong/Arduino/ROS2_ServiceRobot/kaia_ws/install/kaiaai_msgs/lib/libkaiaai_msgs__rosidl_typesupport_fastrtps_c.so
[16.048s] -- Set runtime path of "/home/duong/Arduino/ROS2_ServiceRobot/kaia_ws/install/kaiaai_msgs/lib/libkaiaai_msgs__rosidl_typesupport_fastrtps_c.so" to ""
[16.048s] -- Installing: /home/duong/Arduino/ROS2_ServiceRobot/kaia_ws/install/kaiaai_msgs/lib/libkaiaai_msgs__rosidl_typesupport_fastrtps_cpp.so
[16.052s] -- Set runtime path of "/home/duong/Arduino/ROS2_ServiceRobot/kaia_ws/install/kaiaai_msgs/lib/libkaiaai_msgs__rosidl_typesupport_fastrtps_cpp.so" to ""
[16.054s] -- Installing: /home/duong/Arduino/ROS2_ServiceRobot/kaia_ws/install/kaiaai_msgs/lib/libkaiaai_msgs__rosidl_typesupport_introspection_c.so
[16.054s] -- Set runtime path of "/home/duong/Arduino/ROS2_ServiceRobot/kaia_ws/install/kaiaai_msgs/lib/libkaiaai_msgs__rosidl_typesupport_introspection_c.so" to ""
[16.054s] -- Installing: /home/duong/Arduino/ROS2_ServiceRobot/kaia_ws/install/kaiaai_msgs/lib/libkaiaai_msgs__rosidl_typesupport_c.so
[16.054s] -- Set runtime path of "/home/duong/Arduino/ROS2_ServiceRobot/kaia_ws/install/kaiaai_msgs/lib/libkaiaai_msgs__rosidl_typesupport_c.so" to ""
[16.054s] -- Installing: /home/duong/Arduino/ROS2_ServiceRobot/kaia_ws/install/kaiaai_msgs/lib/libkaiaai_msgs__rosidl_typesupport_introspection_cpp.so
[16.054s] -- Set runtime path of "/home/duong/Arduino/ROS2_ServiceRobot/kaia_ws/install/kaiaai_msgs/lib/libkaiaai_msgs__rosidl_typesupport_introspection_cpp.so" to ""
[16.054s] -- Installing: /home/duong/Arduino/ROS2_ServiceRobot/kaia_ws/install/kaiaai_msgs/lib/libkaiaai_msgs__rosidl_typesupport_cpp.so
[16.054s] -- Set runtime path of "/home/duong/Arduino/ROS2_ServiceRobot/kaia_ws/install/kaiaai_msgs/lib/libkaiaai_msgs__rosidl_typesupport_cpp.so" to ""
[16.133s] Listing '/home/duong/Arduino/ROS2_ServiceRobot/kaia_ws/install/kaiaai_msgs/lib/python3.10/site-packages/kaiaai_msgs'...
[16.133s] Compiling '/home/duong/Arduino/ROS2_ServiceRobot/kaia_ws/install/kaiaai_msgs/lib/python3.10/site-packages/kaiaai_msgs/__init__.py'...
[16.134s] Listing '/home/duong/Arduino/ROS2_ServiceRobot/kaia_ws/install/kaiaai_msgs/lib/python3.10/site-packages/kaiaai_msgs/msg'...
[16.134s] Compiling '/home/duong/Arduino/ROS2_ServiceRobot/kaia_ws/install/kaiaai_msgs/lib/python3.10/site-packages/kaiaai_msgs/msg/__init__.py'...
[16.134s] Compiling '/home/duong/Arduino/ROS2_ServiceRobot/kaia_ws/install/kaiaai_msgs/lib/python3.10/site-packages/kaiaai_msgs/msg/_joint_pos_vel.py'...
[16.134s] Compiling '/home/duong/Arduino/ROS2_ServiceRobot/kaia_ws/install/kaiaai_msgs/lib/python3.10/site-packages/kaiaai_msgs/msg/_kaiaai_telemetry.py'...
[16.134s] Compiling '/home/duong/Arduino/ROS2_ServiceRobot/kaia_ws/install/kaiaai_msgs/lib/python3.10/site-packages/kaiaai_msgs/msg/_kaiaai_telemetry2.py'...
[16.134s] Compiling '/home/duong/Arduino/ROS2_ServiceRobot/kaia_ws/install/kaiaai_msgs/lib/python3.10/site-packages/kaiaai_msgs/msg/_online_event.py'...
[16.134s] Compiling '/home/duong/Arduino/ROS2_ServiceRobot/kaia_ws/install/kaiaai_msgs/lib/python3.10/site-packages/kaiaai_msgs/msg/_wifi_state.py'...
[16.145s] -- Installing: /home/duong/Arduino/ROS2_ServiceRobot/kaia_ws/install/kaiaai_msgs/lib/libkaiaai_msgs__rosidl_generator_py.so
[16.146s] -- Set runtime path of "/home/duong/Arduino/ROS2_ServiceRobot/kaia_ws/install/kaiaai_msgs/lib/libkaiaai_msgs__rosidl_generator_py.so" to ""
[16.146s] -- Installing: /home/duong/Arduino/ROS2_ServiceRobot/kaia_ws/install/kaiaai_msgs/share/kaiaai_msgs/cmake/export_kaiaai_msgs__rosidl_generator_cExport.cmake
[16.146s] -- Installing: /home/duong/Arduino/ROS2_ServiceRobot/kaia_ws/install/kaiaai_msgs/share/kaiaai_msgs/cmake/export_kaiaai_msgs__rosidl_generator_cExport-noconfig.cmake
[16.146s] -- Installing: /home/duong/Arduino/ROS2_ServiceRobot/kaia_ws/install/kaiaai_msgs/share/kaiaai_msgs/cmake/export_kaiaai_msgs__rosidl_typesupport_fastrtps_cExport.cmake
[16.146s] -- Installing: /home/duong/Arduino/ROS2_ServiceRobot/kaia_ws/install/kaiaai_msgs/share/kaiaai_msgs/cmake/export_kaiaai_msgs__rosidl_typesupport_fastrtps_cExport-noconfig.cmake
[16.147s] -- Installing: /home/duong/Arduino/ROS2_ServiceRobot/kaia_ws/install/kaiaai_msgs/share/kaiaai_msgs/cmake/export_kaiaai_msgs__rosidl_generator_cppExport.cmake
[16.147s] -- Installing: /home/duong/Arduino/ROS2_ServiceRobot/kaia_ws/install/kaiaai_msgs/share/kaiaai_msgs/cmake/export_kaiaai_msgs__rosidl_typesupport_fastrtps_cppExport.cmake
[16.147s] -- Installing: /home/duong/Arduino/ROS2_ServiceRobot/kaia_ws/install/kaiaai_msgs/share/kaiaai_msgs/cmake/export_kaiaai_msgs__rosidl_typesupport_fastrtps_cppExport-noconfig.cmake
[16.147s] -- Installing: /home/duong/Arduino/ROS2_ServiceRobot/kaia_ws/install/kaiaai_msgs/share/kaiaai_msgs/cmake/kaiaai_msgs__rosidl_typesupport_introspection_cExport.cmake
[16.151s] -- Installing: /home/duong/Arduino/ROS2_ServiceRobot/kaia_ws/install/kaiaai_msgs/share/kaiaai_msgs/cmake/kaiaai_msgs__rosidl_typesupport_introspection_cExport-noconfig.cmake
[16.151s] -- Installing: /home/duong/Arduino/ROS2_ServiceRobot/kaia_ws/install/kaiaai_msgs/share/kaiaai_msgs/cmake/kaiaai_msgs__rosidl_typesupport_cExport.cmake
[16.151s] -- Installing: /home/duong/Arduino/ROS2_ServiceRobot/kaia_ws/install/kaiaai_msgs/share/kaiaai_msgs/cmake/kaiaai_msgs__rosidl_typesupport_cExport-noconfig.cmake
[16.151s] -- Installing: /home/duong/Arduino/ROS2_ServiceRobot/kaia_ws/install/kaiaai_msgs/share/kaiaai_msgs/cmake/kaiaai_msgs__rosidl_typesupport_introspection_cppExport.cmake
[16.152s] -- Installing: /home/duong/Arduino/ROS2_ServiceRobot/kaia_ws/install/kaiaai_msgs/share/kaiaai_msgs/cmake/kaiaai_msgs__rosidl_typesupport_introspection_cppExport-noconfig.cmake
[16.152s] -- Installing: /home/duong/Arduino/ROS2_ServiceRobot/kaia_ws/install/kaiaai_msgs/share/kaiaai_msgs/cmake/kaiaai_msgs__rosidl_typesupport_cppExport.cmake
[16.152s] -- Installing: /home/duong/Arduino/ROS2_ServiceRobot/kaia_ws/install/kaiaai_msgs/share/kaiaai_msgs/cmake/kaiaai_msgs__rosidl_typesupport_cppExport-noconfig.cmake
[16.152s] -- Installing: /home/duong/Arduino/ROS2_ServiceRobot/kaia_ws/install/kaiaai_msgs/share/kaiaai_msgs/cmake/export_kaiaai_msgs__rosidl_generator_pyExport.cmake
[16.152s] -- Installing: /home/duong/Arduino/ROS2_ServiceRobot/kaia_ws/install/kaiaai_msgs/share/kaiaai_msgs/cmake/export_kaiaai_msgs__rosidl_generator_pyExport-noconfig.cmake
[16.155s] Invoked command in '/home/duong/Arduino/ROS2_ServiceRobot/kaia_ws/build/kaiaai_msgs' returned '0': CMAKE_PREFIX_PATH=${CMAKE_PREFIX_PATH}:/opt/ros/iron /usr/bin/cmake --install /home/duong/Arduino/ROS2_ServiceRobot/kaia_ws/build/kaiaai_msgs
