[0.024s] Invoking command in '/home/duong/Arduino/ROS2_ServiceRobot/uros_ws/build/micro_ros_msgs': CMAKE_PREFIX_PATH=/opt/ros/iron /usr/bin/cmake --build /home/duong/Arduino/ROS2_ServiceRobot/uros_ws/build/micro_ros_msgs -- -j12 -l12
[0.115s] [  1%] Built target micro_ros_msgs__rosidl_generator_type_description
[0.123s] [  1%] Built target ament_cmake_python_symlink_micro_ros_msgs
[0.144s] Consolidate compiler generated dependencies of target micro_ros_msgs__rosidl_generator_c
[0.150s] [  3%] Built target micro_ros_msgs__cpp
[0.179s] [ 24%] Built target micro_ros_msgs__rosidl_generator_c
[0.261s] Consolidate compiler generated dependencies of target micro_ros_msgs__rosidl_typesupport_introspection_c
[0.261s] Consolidate compiler generated dependencies of target micro_ros_msgs__rosidl_typesupport_fastrtps_c
[0.261s] Consolidate compiler generated dependencies of target micro_ros_msgs__rosidl_typesupport_c
[0.261s] Consolidate compiler generated dependencies of target micro_ros_msgs__rosidl_typesupport_introspection_cpp
[0.261s] Consolidate compiler generated dependencies of target micro_ros_msgs__rosidl_typesupport_cpp
[0.263s] [ 33%] Built target micro_ros_msgs__rosidl_typesupport_introspection_c
[0.268s] [ 42%] Built target micro_ros_msgs__rosidl_typesupport_fastrtps_c
[0.268s] Consolidate compiler generated dependencies of target micro_ros_msgs__rosidl_typesupport_fastrtps_cpp
[0.287s] [ 51%] Built target micro_ros_msgs__rosidl_typesupport_c
[0.287s] [ 61%] Built target micro_ros_msgs__rosidl_typesupport_cpp
[0.292s] [ 70%] Built target micro_ros_msgs__rosidl_typesupport_introspection_cpp
[0.292s] [ 79%] Built target micro_ros_msgs__rosidl_typesupport_fastrtps_cpp
[0.329s] [ 79%] Built target micro_ros_msgs
[0.364s] [ 81%] Built target micro_ros_msgs__py
[0.388s] Consolidate compiler generated dependencies of target micro_ros_msgs__rosidl_generator_py
[0.409s] [ 88%] Built target micro_ros_msgs__rosidl_generator_py
[0.433s] Consolidate compiler generated dependencies of target micro_ros_msgs__rosidl_typesupport_fastrtps_c__pyext
[0.435s] Consolidate compiler generated dependencies of target micro_ros_msgs__rosidl_typesupport_c__pyext
[0.435s] Consolidate compiler generated dependencies of target micro_ros_msgs__rosidl_typesupport_introspection_c__pyext
[0.455s] [100%] Built target micro_ros_msgs__rosidl_typesupport_fastrtps_c__pyext
[0.455s] [100%] Built target micro_ros_msgs__rosidl_typesupport_introspection_c__pyext
[0.455s] [100%] Built target micro_ros_msgs__rosidl_typesupport_c__pyext
[0.597s] running egg_info
[0.600s] writing micro_ros_msgs.egg-info/PKG-INFO
[0.600s] writing dependency_links to micro_ros_msgs.egg-info/dependency_links.txt
[0.600s] writing top-level names to micro_ros_msgs.egg-info/top_level.txt
[0.603s] reading manifest file 'micro_ros_msgs.egg-info/SOURCES.txt'
[0.604s] writing manifest file 'micro_ros_msgs.egg-info/SOURCES.txt'
[0.658s] [100%] Built target ament_cmake_python_build_micro_ros_msgs_egg
[0.687s] Invoked command in '/home/duong/Arduino/ROS2_ServiceRobot/uros_ws/build/micro_ros_msgs' returned '0': CMAKE_PREFIX_PATH=/opt/ros/iron /usr/bin/cmake --build /home/duong/Arduino/ROS2_ServiceRobot/uros_ws/build/micro_ros_msgs -- -j12 -l12
[0.690s] Invoking command in '/home/duong/Arduino/ROS2_ServiceRobot/uros_ws/build/micro_ros_msgs': CMAKE_PREFIX_PATH=/opt/ros/iron /usr/bin/cmake --install /home/duong/Arduino/ROS2_ServiceRobot/uros_ws/build/micro_ros_msgs
[0.702s] -- Install configuration: ""
[0.703s] -- Execute custom install script
[0.703s] -- Up-to-date symlink: /home/duong/Arduino/ROS2_ServiceRobot/uros_ws/install/micro_ros_msgs/share/ament_index/resource_index/rosidl_interfaces/micro_ros_msgs
[0.704s] -- Up-to-date symlink: /home/duong/Arduino/ROS2_ServiceRobot/uros_ws/install/micro_ros_msgs/share/micro_ros_msgs/msg/Graph.json
[0.704s] -- Up-to-date symlink: /home/duong/Arduino/ROS2_ServiceRobot/uros_ws/install/micro_ros_msgs/share/micro_ros_msgs/msg/Node.json
[0.705s] -- Up-to-date symlink: /home/duong/Arduino/ROS2_ServiceRobot/uros_ws/install/micro_ros_msgs/share/micro_ros_msgs/msg/Entity.json
[0.705s] -- Up-to-date symlink: /home/duong/Arduino/ROS2_ServiceRobot/uros_ws/install/micro_ros_msgs/include/micro_ros_msgs/micro_ros_msgs/msg/detail/entity__functions.h
[0.706s] -- Up-to-date symlink: /home/duong/Arduino/ROS2_ServiceRobot/uros_ws/install/micro_ros_msgs/include/micro_ros_msgs/micro_ros_msgs/msg/detail/entity__struct.h
[0.706s] -- Up-to-date symlink: /home/duong/Arduino/ROS2_ServiceRobot/uros_ws/install/micro_ros_msgs/include/micro_ros_msgs/micro_ros_msgs/msg/detail/entity__type_support.h
[0.707s] -- Up-to-date symlink: /home/duong/Arduino/ROS2_ServiceRobot/uros_ws/install/micro_ros_msgs/include/micro_ros_msgs/micro_ros_msgs/msg/detail/graph__functions.h
[0.707s] -- Up-to-date symlink: /home/duong/Arduino/ROS2_ServiceRobot/uros_ws/install/micro_ros_msgs/include/micro_ros_msgs/micro_ros_msgs/msg/detail/graph__struct.h
[0.707s] -- Up-to-date symlink: /home/duong/Arduino/ROS2_ServiceRobot/uros_ws/install/micro_ros_msgs/include/micro_ros_msgs/micro_ros_msgs/msg/detail/graph__type_support.h
[0.708s] -- Up-to-date symlink: /home/duong/Arduino/ROS2_ServiceRobot/uros_ws/install/micro_ros_msgs/include/micro_ros_msgs/micro_ros_msgs/msg/detail/node__functions.h
[0.708s] -- Up-to-date symlink: /home/duong/Arduino/ROS2_ServiceRobot/uros_ws/install/micro_ros_msgs/include/micro_ros_msgs/micro_ros_msgs/msg/detail/node__struct.h
[0.708s] -- Up-to-date symlink: /home/duong/Arduino/ROS2_ServiceRobot/uros_ws/install/micro_ros_msgs/include/micro_ros_msgs/micro_ros_msgs/msg/detail/node__type_support.h
[0.708s] -- Up-to-date symlink: /home/duong/Arduino/ROS2_ServiceRobot/uros_ws/install/micro_ros_msgs/include/micro_ros_msgs/micro_ros_msgs/msg/entity.h
[0.709s] -- Up-to-date symlink: /home/duong/Arduino/ROS2_ServiceRobot/uros_ws/install/micro_ros_msgs/include/micro_ros_msgs/micro_ros_msgs/msg/graph.h
[0.709s] -- Up-to-date symlink: /home/duong/Arduino/ROS2_ServiceRobot/uros_ws/install/micro_ros_msgs/include/micro_ros_msgs/micro_ros_msgs/msg/node.h
[0.709s] -- Up-to-date symlink: /home/duong/Arduino/ROS2_ServiceRobot/uros_ws/install/micro_ros_msgs/include/micro_ros_msgs/micro_ros_msgs/msg/rosidl_generator_c__visibility_control.h
[0.709s] -- Up-to-date symlink: /home/duong/Arduino/ROS2_ServiceRobot/uros_ws/install/micro_ros_msgs/share/micro_ros_msgs/environment/library_path.sh
[0.710s] -- Up-to-date symlink: /home/duong/Arduino/ROS2_ServiceRobot/uros_ws/install/micro_ros_msgs/share/micro_ros_msgs/environment/library_path.dsv
[0.710s] -- Up-to-date symlink: /home/duong/Arduino/ROS2_ServiceRobot/uros_ws/install/micro_ros_msgs/include/micro_ros_msgs/micro_ros_msgs/msg/detail/entity__rosidl_typesupport_fastrtps_c.h
[0.710s] -- Up-to-date symlink: /home/duong/Arduino/ROS2_ServiceRobot/uros_ws/install/micro_ros_msgs/include/micro_ros_msgs/micro_ros_msgs/msg/detail/graph__rosidl_typesupport_fastrtps_c.h
[0.711s] -- Up-to-date symlink: /home/duong/Arduino/ROS2_ServiceRobot/uros_ws/install/micro_ros_msgs/include/micro_ros_msgs/micro_ros_msgs/msg/detail/node__rosidl_typesupport_fastrtps_c.h
[0.711s] -- Up-to-date symlink: /home/duong/Arduino/ROS2_ServiceRobot/uros_ws/install/micro_ros_msgs/include/micro_ros_msgs/micro_ros_msgs/msg/rosidl_typesupport_fastrtps_c__visibility_control.h
[0.711s] -- Up-to-date symlink: /home/duong/Arduino/ROS2_ServiceRobot/uros_ws/install/micro_ros_msgs/include/micro_ros_msgs/micro_ros_msgs/msg/detail/entity__rosidl_typesupport_introspection_c.h
[0.711s] -- Up-to-date symlink: /home/duong/Arduino/ROS2_ServiceRobot/uros_ws/install/micro_ros_msgs/include/micro_ros_msgs/micro_ros_msgs/msg/detail/graph__rosidl_typesupport_introspection_c.h
[0.712s] -- Up-to-date symlink: /home/duong/Arduino/ROS2_ServiceRobot/uros_ws/install/micro_ros_msgs/include/micro_ros_msgs/micro_ros_msgs/msg/detail/node__rosidl_typesupport_introspection_c.h
[0.712s] -- Up-to-date symlink: /home/duong/Arduino/ROS2_ServiceRobot/uros_ws/install/micro_ros_msgs/include/micro_ros_msgs/micro_ros_msgs/msg/rosidl_typesupport_introspection_c__visibility_control.h
[0.712s] -- Up-to-date symlink: /home/duong/Arduino/ROS2_ServiceRobot/uros_ws/install/micro_ros_msgs/include/micro_ros_msgs/micro_ros_msgs/msg/detail/entity__builder.hpp
[0.713s] -- Up-to-date symlink: /home/duong/Arduino/ROS2_ServiceRobot/uros_ws/install/micro_ros_msgs/include/micro_ros_msgs/micro_ros_msgs/msg/detail/entity__struct.hpp
[0.713s] -- Up-to-date symlink: /home/duong/Arduino/ROS2_ServiceRobot/uros_ws/install/micro_ros_msgs/include/micro_ros_msgs/micro_ros_msgs/msg/detail/entity__traits.hpp
[0.713s] -- Up-to-date symlink: /home/duong/Arduino/ROS2_ServiceRobot/uros_ws/install/micro_ros_msgs/include/micro_ros_msgs/micro_ros_msgs/msg/detail/graph__builder.hpp
[0.714s] -- Up-to-date symlink: /home/duong/Arduino/ROS2_ServiceRobot/uros_ws/install/micro_ros_msgs/include/micro_ros_msgs/micro_ros_msgs/msg/detail/graph__struct.hpp
[0.714s] -- Up-to-date symlink: /home/duong/Arduino/ROS2_ServiceRobot/uros_ws/install/micro_ros_msgs/include/micro_ros_msgs/micro_ros_msgs/msg/detail/graph__traits.hpp
[0.714s] -- Up-to-date symlink: /home/duong/Arduino/ROS2_ServiceRobot/uros_ws/install/micro_ros_msgs/include/micro_ros_msgs/micro_ros_msgs/msg/detail/node__builder.hpp
[0.714s] -- Up-to-date symlink: /home/duong/Arduino/ROS2_ServiceRobot/uros_ws/install/micro_ros_msgs/include/micro_ros_msgs/micro_ros_msgs/msg/detail/node__struct.hpp
[0.715s] -- Up-to-date symlink: /home/duong/Arduino/ROS2_ServiceRobot/uros_ws/install/micro_ros_msgs/include/micro_ros_msgs/micro_ros_msgs/msg/detail/node__traits.hpp
[0.715s] -- Up-to-date symlink: /home/duong/Arduino/ROS2_ServiceRobot/uros_ws/install/micro_ros_msgs/include/micro_ros_msgs/micro_ros_msgs/msg/entity.hpp
[0.715s] -- Up-to-date symlink: /home/duong/Arduino/ROS2_ServiceRobot/uros_ws/install/micro_ros_msgs/include/micro_ros_msgs/micro_ros_msgs/msg/graph.hpp
[0.716s] -- Up-to-date symlink: /home/duong/Arduino/ROS2_ServiceRobot/uros_ws/install/micro_ros_msgs/include/micro_ros_msgs/micro_ros_msgs/msg/node.hpp
[0.716s] -- Up-to-date symlink: /home/duong/Arduino/ROS2_ServiceRobot/uros_ws/install/micro_ros_msgs/include/micro_ros_msgs/micro_ros_msgs/msg/detail/entity__rosidl_typesupport_fastrtps_cpp.hpp
[0.716s] -- Up-to-date symlink: /home/duong/Arduino/ROS2_ServiceRobot/uros_ws/install/micro_ros_msgs/include/micro_ros_msgs/micro_ros_msgs/msg/detail/graph__rosidl_typesupport_fastrtps_cpp.hpp
[0.717s] -- Up-to-date symlink: /home/duong/Arduino/ROS2_ServiceRobot/uros_ws/install/micro_ros_msgs/include/micro_ros_msgs/micro_ros_msgs/msg/detail/node__rosidl_typesupport_fastrtps_cpp.hpp
[0.717s] -- Up-to-date symlink: /home/duong/Arduino/ROS2_ServiceRobot/uros_ws/install/micro_ros_msgs/include/micro_ros_msgs/micro_ros_msgs/msg/rosidl_typesupport_fastrtps_cpp__visibility_control.h
[0.717s] -- Up-to-date symlink: /home/duong/Arduino/ROS2_ServiceRobot/uros_ws/install/micro_ros_msgs/include/micro_ros_msgs/micro_ros_msgs/msg/detail/entity__rosidl_typesupport_introspection_cpp.hpp
[0.717s] -- Up-to-date symlink: /home/duong/Arduino/ROS2_ServiceRobot/uros_ws/install/micro_ros_msgs/include/micro_ros_msgs/micro_ros_msgs/msg/detail/graph__rosidl_typesupport_introspection_cpp.hpp
[0.718s] -- Up-to-date symlink: /home/duong/Arduino/ROS2_ServiceRobot/uros_ws/install/micro_ros_msgs/include/micro_ros_msgs/micro_ros_msgs/msg/detail/node__rosidl_typesupport_introspection_cpp.hpp
[0.718s] -- Up-to-date symlink: /home/duong/Arduino/ROS2_ServiceRobot/uros_ws/install/micro_ros_msgs/share/micro_ros_msgs/environment/pythonpath.sh
[0.718s] -- Up-to-date symlink: /home/duong/Arduino/ROS2_ServiceRobot/uros_ws/install/micro_ros_msgs/share/micro_ros_msgs/environment/pythonpath.dsv
[0.718s] -- Up-to-date symlink: /home/duong/Arduino/ROS2_ServiceRobot/uros_ws/install/micro_ros_msgs/lib/python3.10/site-packages/micro_ros_msgs-4.0.1-py3.10.egg-info/PKG-INFO
[0.718s] -- Up-to-date symlink: /home/duong/Arduino/ROS2_ServiceRobot/uros_ws/install/micro_ros_msgs/lib/python3.10/site-packages/micro_ros_msgs-4.0.1-py3.10.egg-info/SOURCES.txt
[0.718s] -- Up-to-date symlink: /home/duong/Arduino/ROS2_ServiceRobot/uros_ws/install/micro_ros_msgs/lib/python3.10/site-packages/micro_ros_msgs-4.0.1-py3.10.egg-info/dependency_links.txt
[0.719s] -- Up-to-date symlink: /home/duong/Arduino/ROS2_ServiceRobot/uros_ws/install/micro_ros_msgs/lib/python3.10/site-packages/micro_ros_msgs-4.0.1-py3.10.egg-info/top_level.txt
[0.719s] -- Up-to-date symlink: /home/duong/Arduino/ROS2_ServiceRobot/uros_ws/install/micro_ros_msgs/lib/python3.10/site-packages/micro_ros_msgs/__init__.py
[0.719s] -- Up-to-date symlink: /home/duong/Arduino/ROS2_ServiceRobot/uros_ws/install/micro_ros_msgs/lib/python3.10/site-packages/micro_ros_msgs/_micro_ros_msgs_s.ep.rosidl_typesupport_c.c
[0.719s] -- Up-to-date symlink: /home/duong/Arduino/ROS2_ServiceRobot/uros_ws/install/micro_ros_msgs/lib/python3.10/site-packages/micro_ros_msgs/_micro_ros_msgs_s.ep.rosidl_typesupport_fastrtps_c.c
[0.720s] -- Up-to-date symlink: /home/duong/Arduino/ROS2_ServiceRobot/uros_ws/install/micro_ros_msgs/lib/python3.10/site-packages/micro_ros_msgs/_micro_ros_msgs_s.ep.rosidl_typesupport_introspection_c.c
[0.720s] -- Up-to-date symlink: /home/duong/Arduino/ROS2_ServiceRobot/uros_ws/install/micro_ros_msgs/lib/python3.10/site-packages/micro_ros_msgs/libmicro_ros_msgs__rosidl_generator_py.so
[0.720s] -- Up-to-date symlink: /home/duong/Arduino/ROS2_ServiceRobot/uros_ws/install/micro_ros_msgs/lib/python3.10/site-packages/micro_ros_msgs/micro_ros_msgs_s__rosidl_typesupport_c.cpython-310-x86_64-linux-gnu.so
[0.720s] -- Up-to-date symlink: /home/duong/Arduino/ROS2_ServiceRobot/uros_ws/install/micro_ros_msgs/lib/python3.10/site-packages/micro_ros_msgs/micro_ros_msgs_s__rosidl_typesupport_fastrtps_c.cpython-310-x86_64-linux-gnu.so
[0.721s] -- Up-to-date symlink: /home/duong/Arduino/ROS2_ServiceRobot/uros_ws/install/micro_ros_msgs/lib/python3.10/site-packages/micro_ros_msgs/micro_ros_msgs_s__rosidl_typesupport_introspection_c.cpython-310-x86_64-linux-gnu.so
[0.725s] -- Up-to-date symlink: /home/duong/Arduino/ROS2_ServiceRobot/uros_ws/install/micro_ros_msgs/lib/python3.10/site-packages/micro_ros_msgs/msg/__init__.py
[0.725s] -- Up-to-date symlink: /home/duong/Arduino/ROS2_ServiceRobot/uros_ws/install/micro_ros_msgs/lib/python3.10/site-packages/micro_ros_msgs/msg/_entity.py
[0.725s] -- Up-to-date symlink: /home/duong/Arduino/ROS2_ServiceRobot/uros_ws/install/micro_ros_msgs/lib/python3.10/site-packages/micro_ros_msgs/msg/_entity_s.c
[0.725s] -- Up-to-date symlink: /home/duong/Arduino/ROS2_ServiceRobot/uros_ws/install/micro_ros_msgs/lib/python3.10/site-packages/micro_ros_msgs/msg/_graph.py
[0.725s] -- Up-to-date symlink: /home/duong/Arduino/ROS2_ServiceRobot/uros_ws/install/micro_ros_msgs/lib/python3.10/site-packages/micro_ros_msgs/msg/_graph_s.c
[0.725s] -- Up-to-date symlink: /home/duong/Arduino/ROS2_ServiceRobot/uros_ws/install/micro_ros_msgs/lib/python3.10/site-packages/micro_ros_msgs/msg/_node.py
[0.725s] -- Up-to-date symlink: /home/duong/Arduino/ROS2_ServiceRobot/uros_ws/install/micro_ros_msgs/lib/python3.10/site-packages/micro_ros_msgs/msg/_node_s.c
[0.725s] -- Up-to-date symlink: /home/duong/Arduino/ROS2_ServiceRobot/uros_ws/install/micro_ros_msgs/lib/python3.10/site-packages/micro_ros_msgs/micro_ros_msgs_s__rosidl_typesupport_fastrtps_c.cpython-310-x86_64-linux-gnu.so
[0.725s] -- Up-to-date symlink: /home/duong/Arduino/ROS2_ServiceRobot/uros_ws/install/micro_ros_msgs/lib/python3.10/site-packages/micro_ros_msgs/micro_ros_msgs_s__rosidl_typesupport_introspection_c.cpython-310-x86_64-linux-gnu.so
[0.725s] -- Up-to-date symlink: /home/duong/Arduino/ROS2_ServiceRobot/uros_ws/install/micro_ros_msgs/lib/python3.10/site-packages/micro_ros_msgs/micro_ros_msgs_s__rosidl_typesupport_c.cpython-310-x86_64-linux-gnu.so
[0.726s] -- Up-to-date symlink: /home/duong/Arduino/ROS2_ServiceRobot/uros_ws/install/micro_ros_msgs/share/micro_ros_msgs/msg/Graph.idl
[0.726s] -- Up-to-date symlink: /home/duong/Arduino/ROS2_ServiceRobot/uros_ws/install/micro_ros_msgs/share/micro_ros_msgs/msg/Node.idl
[0.726s] -- Up-to-date symlink: /home/duong/Arduino/ROS2_ServiceRobot/uros_ws/install/micro_ros_msgs/share/micro_ros_msgs/msg/Entity.idl
[0.728s] -- Up-to-date symlink: /home/duong/Arduino/ROS2_ServiceRobot/uros_ws/install/micro_ros_msgs/share/micro_ros_msgs/msg/Graph.msg
[0.728s] -- Up-to-date symlink: /home/duong/Arduino/ROS2_ServiceRobot/uros_ws/install/micro_ros_msgs/share/micro_ros_msgs/msg/Node.msg
[0.728s] -- Up-to-date symlink: /home/duong/Arduino/ROS2_ServiceRobot/uros_ws/install/micro_ros_msgs/share/micro_ros_msgs/msg/Entity.msg
[0.728s] -- Up-to-date symlink: /home/duong/Arduino/ROS2_ServiceRobot/uros_ws/install/micro_ros_msgs/share/ament_index/resource_index/package_run_dependencies/micro_ros_msgs
[0.728s] -- Up-to-date symlink: /home/duong/Arduino/ROS2_ServiceRobot/uros_ws/install/micro_ros_msgs/share/ament_index/resource_index/parent_prefix_path/micro_ros_msgs
[0.728s] -- Up-to-date symlink: /home/duong/Arduino/ROS2_ServiceRobot/uros_ws/install/micro_ros_msgs/share/micro_ros_msgs/environment/ament_prefix_path.sh
[0.728s] -- Up-to-date symlink: /home/duong/Arduino/ROS2_ServiceRobot/uros_ws/install/micro_ros_msgs/share/micro_ros_msgs/environment/ament_prefix_path.dsv
[0.728s] -- Up-to-date symlink: /home/duong/Arduino/ROS2_ServiceRobot/uros_ws/install/micro_ros_msgs/share/micro_ros_msgs/environment/path.sh
[0.728s] -- Up-to-date symlink: /home/duong/Arduino/ROS2_ServiceRobot/uros_ws/install/micro_ros_msgs/share/micro_ros_msgs/environment/path.dsv
[0.729s] -- Up-to-date symlink: /home/duong/Arduino/ROS2_ServiceRobot/uros_ws/install/micro_ros_msgs/share/micro_ros_msgs/local_setup.bash
[0.729s] -- Up-to-date symlink: /home/duong/Arduino/ROS2_ServiceRobot/uros_ws/install/micro_ros_msgs/share/micro_ros_msgs/local_setup.sh
[0.729s] -- Up-to-date symlink: /home/duong/Arduino/ROS2_ServiceRobot/uros_ws/install/micro_ros_msgs/share/micro_ros_msgs/local_setup.zsh
[0.729s] -- Up-to-date symlink: /home/duong/Arduino/ROS2_ServiceRobot/uros_ws/install/micro_ros_msgs/share/micro_ros_msgs/local_setup.dsv
[0.729s] -- Symlinking: /home/duong/Arduino/ROS2_ServiceRobot/uros_ws/install/micro_ros_msgs/share/micro_ros_msgs/package.dsv
[0.749s] -- Up-to-date symlink: /home/duong/Arduino/ROS2_ServiceRobot/uros_ws/install/micro_ros_msgs/share/ament_index/resource_index/packages/micro_ros_msgs
[0.749s] -- Up-to-date symlink: /home/duong/Arduino/ROS2_ServiceRobot/uros_ws/install/micro_ros_msgs/share/micro_ros_msgs/cmake/rosidl_cmake-extras.cmake
[0.750s] -- Up-to-date symlink: /home/duong/Arduino/ROS2_ServiceRobot/uros_ws/install/micro_ros_msgs/share/micro_ros_msgs/cmake/ament_cmake_export_include_directories-extras.cmake
[0.750s] -- Up-to-date symlink: /home/duong/Arduino/ROS2_ServiceRobot/uros_ws/install/micro_ros_msgs/share/micro_ros_msgs/cmake/ament_cmake_export_libraries-extras.cmake
[0.751s] -- Up-to-date symlink: /home/duong/Arduino/ROS2_ServiceRobot/uros_ws/install/micro_ros_msgs/share/micro_ros_msgs/cmake/ament_cmake_export_targets-extras.cmake
[0.751s] -- Up-to-date symlink: /home/duong/Arduino/ROS2_ServiceRobot/uros_ws/install/micro_ros_msgs/share/micro_ros_msgs/cmake/rosidl_cmake_export_typesupport_targets-extras.cmake
[0.751s] -- Up-to-date symlink: /home/duong/Arduino/ROS2_ServiceRobot/uros_ws/install/micro_ros_msgs/share/micro_ros_msgs/cmake/ament_cmake_export_dependencies-extras.cmake
[0.751s] -- Up-to-date symlink: /home/duong/Arduino/ROS2_ServiceRobot/uros_ws/install/micro_ros_msgs/share/micro_ros_msgs/cmake/rosidl_cmake_export_typesupport_libraries-extras.cmake
[0.752s] -- Up-to-date symlink: /home/duong/Arduino/ROS2_ServiceRobot/uros_ws/install/micro_ros_msgs/share/micro_ros_msgs/cmake/micro_ros_msgsConfig.cmake
[0.752s] -- Up-to-date symlink: /home/duong/Arduino/ROS2_ServiceRobot/uros_ws/install/micro_ros_msgs/share/micro_ros_msgs/cmake/micro_ros_msgsConfig-version.cmake
[0.752s] -- Up-to-date symlink: /home/duong/Arduino/ROS2_ServiceRobot/uros_ws/install/micro_ros_msgs/share/micro_ros_msgs/package.xml
[0.752s] -- Up-to-date: /home/duong/Arduino/ROS2_ServiceRobot/uros_ws/install/micro_ros_msgs/lib/libmicro_ros_msgs__rosidl_generator_c.so
[0.753s] -- Up-to-date: /home/duong/Arduino/ROS2_ServiceRobot/uros_ws/install/micro_ros_msgs/lib/libmicro_ros_msgs__rosidl_typesupport_fastrtps_c.so
[0.754s] -- Up-to-date: /home/duong/Arduino/ROS2_ServiceRobot/uros_ws/install/micro_ros_msgs/lib/libmicro_ros_msgs__rosidl_typesupport_introspection_c.so
[0.754s] -- Up-to-date: /home/duong/Arduino/ROS2_ServiceRobot/uros_ws/install/micro_ros_msgs/lib/libmicro_ros_msgs__rosidl_typesupport_c.so
[0.754s] -- Up-to-date: /home/duong/Arduino/ROS2_ServiceRobot/uros_ws/install/micro_ros_msgs/lib/libmicro_ros_msgs__rosidl_typesupport_fastrtps_cpp.so
[0.755s] -- Up-to-date: /home/duong/Arduino/ROS2_ServiceRobot/uros_ws/install/micro_ros_msgs/lib/libmicro_ros_msgs__rosidl_typesupport_introspection_cpp.so
[0.755s] -- Up-to-date: /home/duong/Arduino/ROS2_ServiceRobot/uros_ws/install/micro_ros_msgs/lib/libmicro_ros_msgs__rosidl_typesupport_cpp.so
[0.800s] Listing '/home/duong/Arduino/ROS2_ServiceRobot/uros_ws/install/micro_ros_msgs/lib/python3.10/site-packages/micro_ros_msgs'...
[0.800s] Listing '/home/duong/Arduino/ROS2_ServiceRobot/uros_ws/install/micro_ros_msgs/lib/python3.10/site-packages/micro_ros_msgs/msg'...
[0.807s] -- Up-to-date: /home/duong/Arduino/ROS2_ServiceRobot/uros_ws/install/micro_ros_msgs/lib/libmicro_ros_msgs__rosidl_generator_py.so
[0.807s] -- Up-to-date: /home/duong/Arduino/ROS2_ServiceRobot/uros_ws/install/micro_ros_msgs/share/micro_ros_msgs/cmake/export_micro_ros_msgs__rosidl_generator_cExport.cmake
[0.807s] -- Up-to-date: /home/duong/Arduino/ROS2_ServiceRobot/uros_ws/install/micro_ros_msgs/share/micro_ros_msgs/cmake/export_micro_ros_msgs__rosidl_generator_cExport-noconfig.cmake
[0.808s] -- Up-to-date: /home/duong/Arduino/ROS2_ServiceRobot/uros_ws/install/micro_ros_msgs/share/micro_ros_msgs/cmake/export_micro_ros_msgs__rosidl_typesupport_fastrtps_cExport.cmake
[0.808s] -- Up-to-date: /home/duong/Arduino/ROS2_ServiceRobot/uros_ws/install/micro_ros_msgs/share/micro_ros_msgs/cmake/export_micro_ros_msgs__rosidl_typesupport_fastrtps_cExport-noconfig.cmake
[0.808s] -- Up-to-date: /home/duong/Arduino/ROS2_ServiceRobot/uros_ws/install/micro_ros_msgs/share/micro_ros_msgs/cmake/micro_ros_msgs__rosidl_typesupport_introspection_cExport.cmake
[0.808s] -- Up-to-date: /home/duong/Arduino/ROS2_ServiceRobot/uros_ws/install/micro_ros_msgs/share/micro_ros_msgs/cmake/micro_ros_msgs__rosidl_typesupport_introspection_cExport-noconfig.cmake
[0.809s] -- Up-to-date: /home/duong/Arduino/ROS2_ServiceRobot/uros_ws/install/micro_ros_msgs/share/micro_ros_msgs/cmake/micro_ros_msgs__rosidl_typesupport_cExport.cmake
[0.809s] -- Up-to-date: /home/duong/Arduino/ROS2_ServiceRobot/uros_ws/install/micro_ros_msgs/share/micro_ros_msgs/cmake/micro_ros_msgs__rosidl_typesupport_cExport-noconfig.cmake
[0.809s] -- Up-to-date: /home/duong/Arduino/ROS2_ServiceRobot/uros_ws/install/micro_ros_msgs/share/micro_ros_msgs/cmake/export_micro_ros_msgs__rosidl_generator_cppExport.cmake
[0.809s] -- Up-to-date: /home/duong/Arduino/ROS2_ServiceRobot/uros_ws/install/micro_ros_msgs/share/micro_ros_msgs/cmake/export_micro_ros_msgs__rosidl_typesupport_fastrtps_cppExport.cmake
[0.809s] -- Up-to-date: /home/duong/Arduino/ROS2_ServiceRobot/uros_ws/install/micro_ros_msgs/share/micro_ros_msgs/cmake/export_micro_ros_msgs__rosidl_typesupport_fastrtps_cppExport-noconfig.cmake
[0.809s] -- Up-to-date: /home/duong/Arduino/ROS2_ServiceRobot/uros_ws/install/micro_ros_msgs/share/micro_ros_msgs/cmake/micro_ros_msgs__rosidl_typesupport_introspection_cppExport.cmake
[0.809s] -- Up-to-date: /home/duong/Arduino/ROS2_ServiceRobot/uros_ws/install/micro_ros_msgs/share/micro_ros_msgs/cmake/micro_ros_msgs__rosidl_typesupport_introspection_cppExport-noconfig.cmake
[0.809s] -- Up-to-date: /home/duong/Arduino/ROS2_ServiceRobot/uros_ws/install/micro_ros_msgs/share/micro_ros_msgs/cmake/micro_ros_msgs__rosidl_typesupport_cppExport.cmake
[0.810s] -- Up-to-date: /home/duong/Arduino/ROS2_ServiceRobot/uros_ws/install/micro_ros_msgs/share/micro_ros_msgs/cmake/micro_ros_msgs__rosidl_typesupport_cppExport-noconfig.cmake
[0.810s] -- Up-to-date: /home/duong/Arduino/ROS2_ServiceRobot/uros_ws/install/micro_ros_msgs/share/micro_ros_msgs/cmake/export_micro_ros_msgs__rosidl_generator_pyExport.cmake
[0.810s] -- Up-to-date: /home/duong/Arduino/ROS2_ServiceRobot/uros_ws/install/micro_ros_msgs/share/micro_ros_msgs/cmake/export_micro_ros_msgs__rosidl_generator_pyExport-noconfig.cmake
[0.813s] Invoked command in '/home/duong/Arduino/ROS2_ServiceRobot/uros_ws/build/micro_ros_msgs' returned '0': CMAKE_PREFIX_PATH=/opt/ros/iron /usr/bin/cmake --install /home/duong/Arduino/ROS2_ServiceRobot/uros_ws/build/micro_ros_msgs
