[3.254s] Invoking command in '/home/duong/Arduino/ROS2_ServiceRobot/kaia_ws/build/nav2_wfd': PYTHONPATH=/home/duong/Arduino/ROS2_ServiceRobot/kaia_ws/build/nav2_wfd/prefix_override:/usr/lib/python3/dist-packages/colcon_core/task/python/colcon_distutils_commands:/home/duong/Arduino/ROS2_ServiceRobot/kaia_ws/install/nav2_wfd/lib/python3.10/site-packages:${PYTHONPATH} /usr/bin/python3 -W ignore:setup.py install is deprecated -W ignore:easy_install command is deprecated setup.py develop --editable --build-directory /home/duong/Arduino/ROS2_ServiceRobot/kaia_ws/build/nav2_wfd/build --no-deps symlink_data
[3.756s] /usr/lib/python3/dist-packages/setuptools/dist.py:723: UserWarning: Usage of dash-separated 'script-dir' will not be supported in future versions. Please use the underscore name 'script_dir' instead
[3.756s]   warnings.warn(
[3.825s] running develop
[4.197s] running egg_info
[4.198s] creating nav2_wfd.egg-info
[4.198s] writing nav2_wfd.egg-info/PKG-INFO
[4.198s] writing dependency_links to nav2_wfd.egg-info/dependency_links.txt
[4.198s] writing entry points to nav2_wfd.egg-info/entry_points.txt
[4.198s] writing requirements to nav2_wfd.egg-info/requires.txt
[4.198s] writing top-level names to nav2_wfd.egg-info/top_level.txt
[4.199s] writing manifest file 'nav2_wfd.egg-info/SOURCES.txt'
[4.199s] reading manifest file 'nav2_wfd.egg-info/SOURCES.txt'
[4.201s] writing manifest file 'nav2_wfd.egg-info/SOURCES.txt'
[4.204s] running build_ext
[4.205s] Creating /home/duong/Arduino/ROS2_ServiceRobot/kaia_ws/install/nav2_wfd/lib/python3.10/site-packages/nav2-wfd.egg-link (link to .)
[4.207s] Installing explore script to /home/duong/Arduino/ROS2_ServiceRobot/kaia_ws/install/nav2_wfd/lib/nav2_wfd
[4.209s] 
[4.209s] Installed /home/duong/Arduino/ROS2_ServiceRobot/kaia_ws/build/nav2_wfd
[4.213s] running symlink_data
[4.214s] creating /home/duong/Arduino/ROS2_ServiceRobot/kaia_ws/install/nav2_wfd/share/ament_index
[4.214s] creating /home/duong/Arduino/ROS2_ServiceRobot/kaia_ws/install/nav2_wfd/share/ament_index/resource_index
[4.214s] creating /home/duong/Arduino/ROS2_ServiceRobot/kaia_ws/install/nav2_wfd/share/ament_index/resource_index/packages
[4.214s] symbolically linking /home/duong/Arduino/ROS2_ServiceRobot/kaia_ws/build/nav2_wfd/resource/nav2_wfd -> /home/duong/Arduino/ROS2_ServiceRobot/kaia_ws/install/nav2_wfd/share/ament_index/resource_index/packages
[4.214s] symbolically linking /home/duong/Arduino/ROS2_ServiceRobot/kaia_ws/build/nav2_wfd/package.xml -> /home/duong/Arduino/ROS2_ServiceRobot/kaia_ws/install/nav2_wfd/share/nav2_wfd
[4.306s] Invoked command in '/home/duong/Arduino/ROS2_ServiceRobot/kaia_ws/build/nav2_wfd' returned '0': PYTHONPATH=/home/duong/Arduino/ROS2_ServiceRobot/kaia_ws/build/nav2_wfd/prefix_override:/usr/lib/python3/dist-packages/colcon_core/task/python/colcon_distutils_commands:/home/duong/Arduino/ROS2_ServiceRobot/kaia_ws/install/nav2_wfd/lib/python3.10/site-packages:${PYTHONPATH} /usr/bin/python3 -W ignore:setup.py install is deprecated -W ignore:easy_install command is deprecated setup.py develop --editable --build-directory /home/duong/Arduino/ROS2_ServiceRobot/kaia_ws/build/nav2_wfd/build --no-deps symlink_data
