[0.020s] Invoking command in '/home/duong/Arduino/ROS2_ServiceRobot/uros_ws/build/drive_base_msgs': CMAKE_PREFIX_PATH=/opt/ros/iron /usr/bin/cmake --build /home/duong/Arduino/ROS2_ServiceRobot/uros_ws/build/drive_base_msgs -- -j12 -l12
[0.107s] [  1%] Built target drive_base_msgs__rosidl_generator_type_description
[0.122s] [  1%] Built target ament_cmake_python_symlink_drive_base_msgs
[0.169s] [ 23%] Built target drive_base_msgs__rosidl_generator_c
[0.169s] [ 25%] Built target drive_base_msgs__cpp
[0.253s] [ 34%] Built target drive_base_msgs__rosidl_typesupport_cpp
[0.259s] [ 43%] Built target drive_base_msgs__rosidl_typesupport_fastrtps_c
[0.260s] [ 53%] Built target drive_base_msgs__rosidl_typesupport_fastrtps_cpp
[0.260s] [ 62%] Built target drive_base_msgs__rosidl_typesupport_introspection_c
[0.263s] [ 71%] Built target drive_base_msgs__rosidl_typesupport_c
[0.276s] [ 81%] Built target drive_base_msgs__rosidl_typesupport_introspection_cpp
[0.314s] [ 81%] Built target drive_base_msgs
[0.350s] [ 82%] Built target drive_base_msgs__py
[0.388s] [ 90%] Built target drive_base_msgs__rosidl_generator_py
[0.428s] [ 93%] Built target drive_base_msgs__rosidl_typesupport_c__pyext
[0.430s] [ 96%] Built target drive_base_msgs__rosidl_typesupport_fastrtps_c__pyext
[0.433s] [100%] Built target drive_base_msgs__rosidl_typesupport_introspection_c__pyext
[0.649s] running egg_info
[0.651s] writing drive_base_msgs.egg-info/PKG-INFO
[0.651s] writing dependency_links to drive_base_msgs.egg-info/dependency_links.txt
[0.652s] writing top-level names to drive_base_msgs.egg-info/top_level.txt
[0.655s] reading manifest file 'drive_base_msgs.egg-info/SOURCES.txt'
[0.656s] writing manifest file 'drive_base_msgs.egg-info/SOURCES.txt'
[0.717s] [100%] Built target ament_cmake_python_build_drive_base_msgs_egg
[0.734s] Invoked command in '/home/duong/Arduino/ROS2_ServiceRobot/uros_ws/build/drive_base_msgs' returned '0': CMAKE_PREFIX_PATH=/opt/ros/iron /usr/bin/cmake --build /home/duong/Arduino/ROS2_ServiceRobot/uros_ws/build/drive_base_msgs -- -j12 -l12
[0.736s] Invoking command in '/home/duong/Arduino/ROS2_ServiceRobot/uros_ws/build/drive_base_msgs': CMAKE_PREFIX_PATH=/opt/ros/iron /usr/bin/cmake --install /home/duong/Arduino/ROS2_ServiceRobot/uros_ws/build/drive_base_msgs
[0.749s] -- Install configuration: ""
[0.751s] -- Execute custom install script
[0.751s] -- Up-to-date symlink: /home/duong/Arduino/ROS2_ServiceRobot/uros_ws/install/drive_base_msgs/share/ament_index/resource_index/rosidl_interfaces/drive_base_msgs
[0.752s] -- Up-to-date symlink: /home/duong/Arduino/ROS2_ServiceRobot/uros_ws/install/drive_base_msgs/share/drive_base_msgs/msg/CommandHeader.json
[0.752s] -- Up-to-date symlink: /home/duong/Arduino/ROS2_ServiceRobot/uros_ws/install/drive_base_msgs/share/drive_base_msgs/msg/BaseInfo.json
[0.752s] -- Up-to-date symlink: /home/duong/Arduino/ROS2_ServiceRobot/uros_ws/install/drive_base_msgs/share/drive_base_msgs/msg/CommandStatus.json
[0.752s] -- Up-to-date symlink: /home/duong/Arduino/ROS2_ServiceRobot/uros_ws/install/drive_base_msgs/share/drive_base_msgs/msg/TRVCommand.json
[0.753s] -- Up-to-date symlink: /home/duong/Arduino/ROS2_ServiceRobot/uros_ws/install/drive_base_msgs/include/drive_base_msgs/drive_base_msgs/msg/base_info.h
[0.753s] -- Up-to-date symlink: /home/duong/Arduino/ROS2_ServiceRobot/uros_ws/install/drive_base_msgs/include/drive_base_msgs/drive_base_msgs/msg/command_header.h
[0.754s] -- Up-to-date symlink: /home/duong/Arduino/ROS2_ServiceRobot/uros_ws/install/drive_base_msgs/include/drive_base_msgs/drive_base_msgs/msg/command_status.h
[0.754s] -- Up-to-date symlink: /home/duong/Arduino/ROS2_ServiceRobot/uros_ws/install/drive_base_msgs/include/drive_base_msgs/drive_base_msgs/msg/detail/base_info__functions.h
[0.754s] -- Up-to-date symlink: /home/duong/Arduino/ROS2_ServiceRobot/uros_ws/install/drive_base_msgs/include/drive_base_msgs/drive_base_msgs/msg/detail/base_info__struct.h
[0.754s] -- Up-to-date symlink: /home/duong/Arduino/ROS2_ServiceRobot/uros_ws/install/drive_base_msgs/include/drive_base_msgs/drive_base_msgs/msg/detail/base_info__type_support.h
[0.755s] -- Up-to-date symlink: /home/duong/Arduino/ROS2_ServiceRobot/uros_ws/install/drive_base_msgs/include/drive_base_msgs/drive_base_msgs/msg/detail/command_header__functions.h
[0.755s] -- Up-to-date symlink: /home/duong/Arduino/ROS2_ServiceRobot/uros_ws/install/drive_base_msgs/include/drive_base_msgs/drive_base_msgs/msg/detail/command_header__struct.h
[0.755s] -- Up-to-date symlink: /home/duong/Arduino/ROS2_ServiceRobot/uros_ws/install/drive_base_msgs/include/drive_base_msgs/drive_base_msgs/msg/detail/command_header__type_support.h
[0.755s] -- Up-to-date symlink: /home/duong/Arduino/ROS2_ServiceRobot/uros_ws/install/drive_base_msgs/include/drive_base_msgs/drive_base_msgs/msg/detail/command_status__functions.h
[0.756s] -- Up-to-date symlink: /home/duong/Arduino/ROS2_ServiceRobot/uros_ws/install/drive_base_msgs/include/drive_base_msgs/drive_base_msgs/msg/detail/command_status__struct.h
[0.756s] -- Up-to-date symlink: /home/duong/Arduino/ROS2_ServiceRobot/uros_ws/install/drive_base_msgs/include/drive_base_msgs/drive_base_msgs/msg/detail/command_status__type_support.h
[0.757s] -- Up-to-date symlink: /home/duong/Arduino/ROS2_ServiceRobot/uros_ws/install/drive_base_msgs/include/drive_base_msgs/drive_base_msgs/msg/detail/trv_command__functions.h
[0.757s] -- Up-to-date symlink: /home/duong/Arduino/ROS2_ServiceRobot/uros_ws/install/drive_base_msgs/include/drive_base_msgs/drive_base_msgs/msg/detail/trv_command__struct.h
[0.757s] -- Up-to-date symlink: /home/duong/Arduino/ROS2_ServiceRobot/uros_ws/install/drive_base_msgs/include/drive_base_msgs/drive_base_msgs/msg/detail/trv_command__type_support.h
[0.758s] -- Up-to-date symlink: /home/duong/Arduino/ROS2_ServiceRobot/uros_ws/install/drive_base_msgs/include/drive_base_msgs/drive_base_msgs/msg/rosidl_generator_c__visibility_control.h
[0.758s] -- Up-to-date symlink: /home/duong/Arduino/ROS2_ServiceRobot/uros_ws/install/drive_base_msgs/include/drive_base_msgs/drive_base_msgs/msg/trv_command.h
[0.758s] -- Up-to-date symlink: /home/duong/Arduino/ROS2_ServiceRobot/uros_ws/install/drive_base_msgs/share/drive_base_msgs/environment/library_path.sh
[0.758s] -- Up-to-date symlink: /home/duong/Arduino/ROS2_ServiceRobot/uros_ws/install/drive_base_msgs/share/drive_base_msgs/environment/library_path.dsv
[0.760s] -- Up-to-date symlink: /home/duong/Arduino/ROS2_ServiceRobot/uros_ws/install/drive_base_msgs/include/drive_base_msgs/drive_base_msgs/msg/detail/base_info__rosidl_typesupport_fastrtps_c.h
[0.760s] -- Up-to-date symlink: /home/duong/Arduino/ROS2_ServiceRobot/uros_ws/install/drive_base_msgs/include/drive_base_msgs/drive_base_msgs/msg/detail/command_header__rosidl_typesupport_fastrtps_c.h
[0.760s] -- Up-to-date symlink: /home/duong/Arduino/ROS2_ServiceRobot/uros_ws/install/drive_base_msgs/include/drive_base_msgs/drive_base_msgs/msg/detail/command_status__rosidl_typesupport_fastrtps_c.h
[0.760s] -- Up-to-date symlink: /home/duong/Arduino/ROS2_ServiceRobot/uros_ws/install/drive_base_msgs/include/drive_base_msgs/drive_base_msgs/msg/detail/trv_command__rosidl_typesupport_fastrtps_c.h
[0.761s] -- Up-to-date symlink: /home/duong/Arduino/ROS2_ServiceRobot/uros_ws/install/drive_base_msgs/include/drive_base_msgs/drive_base_msgs/msg/rosidl_typesupport_fastrtps_c__visibility_control.h
[0.761s] -- Up-to-date symlink: /home/duong/Arduino/ROS2_ServiceRobot/uros_ws/install/drive_base_msgs/include/drive_base_msgs/drive_base_msgs/msg/base_info.hpp
[0.761s] -- Up-to-date symlink: /home/duong/Arduino/ROS2_ServiceRobot/uros_ws/install/drive_base_msgs/include/drive_base_msgs/drive_base_msgs/msg/command_header.hpp
[0.761s] -- Up-to-date symlink: /home/duong/Arduino/ROS2_ServiceRobot/uros_ws/install/drive_base_msgs/include/drive_base_msgs/drive_base_msgs/msg/command_status.hpp
[0.762s] -- Up-to-date symlink: /home/duong/Arduino/ROS2_ServiceRobot/uros_ws/install/drive_base_msgs/include/drive_base_msgs/drive_base_msgs/msg/detail/base_info__builder.hpp
[0.762s] -- Up-to-date symlink: /home/duong/Arduino/ROS2_ServiceRobot/uros_ws/install/drive_base_msgs/include/drive_base_msgs/drive_base_msgs/msg/detail/base_info__struct.hpp
[0.762s] -- Up-to-date symlink: /home/duong/Arduino/ROS2_ServiceRobot/uros_ws/install/drive_base_msgs/include/drive_base_msgs/drive_base_msgs/msg/detail/base_info__traits.hpp
[0.763s] -- Up-to-date symlink: /home/duong/Arduino/ROS2_ServiceRobot/uros_ws/install/drive_base_msgs/include/drive_base_msgs/drive_base_msgs/msg/detail/command_header__builder.hpp
[0.763s] -- Up-to-date symlink: /home/duong/Arduino/ROS2_ServiceRobot/uros_ws/install/drive_base_msgs/include/drive_base_msgs/drive_base_msgs/msg/detail/command_header__struct.hpp
[0.763s] -- Up-to-date symlink: /home/duong/Arduino/ROS2_ServiceRobot/uros_ws/install/drive_base_msgs/include/drive_base_msgs/drive_base_msgs/msg/detail/command_header__traits.hpp
[0.764s] -- Up-to-date symlink: /home/duong/Arduino/ROS2_ServiceRobot/uros_ws/install/drive_base_msgs/include/drive_base_msgs/drive_base_msgs/msg/detail/command_status__builder.hpp
[0.764s] -- Up-to-date symlink: /home/duong/Arduino/ROS2_ServiceRobot/uros_ws/install/drive_base_msgs/include/drive_base_msgs/drive_base_msgs/msg/detail/command_status__struct.hpp
[0.764s] -- Up-to-date symlink: /home/duong/Arduino/ROS2_ServiceRobot/uros_ws/install/drive_base_msgs/include/drive_base_msgs/drive_base_msgs/msg/detail/command_status__traits.hpp
[0.764s] -- Up-to-date symlink: /home/duong/Arduino/ROS2_ServiceRobot/uros_ws/install/drive_base_msgs/include/drive_base_msgs/drive_base_msgs/msg/detail/trv_command__builder.hpp
[0.765s] -- Up-to-date symlink: /home/duong/Arduino/ROS2_ServiceRobot/uros_ws/install/drive_base_msgs/include/drive_base_msgs/drive_base_msgs/msg/detail/trv_command__struct.hpp
[0.765s] -- Up-to-date symlink: /home/duong/Arduino/ROS2_ServiceRobot/uros_ws/install/drive_base_msgs/include/drive_base_msgs/drive_base_msgs/msg/detail/trv_command__traits.hpp
[0.765s] -- Up-to-date symlink: /home/duong/Arduino/ROS2_ServiceRobot/uros_ws/install/drive_base_msgs/include/drive_base_msgs/drive_base_msgs/msg/trv_command.hpp
[0.766s] -- Up-to-date symlink: /home/duong/Arduino/ROS2_ServiceRobot/uros_ws/install/drive_base_msgs/include/drive_base_msgs/drive_base_msgs/msg/detail/base_info__rosidl_typesupport_fastrtps_cpp.hpp
[0.766s] -- Up-to-date symlink: /home/duong/Arduino/ROS2_ServiceRobot/uros_ws/install/drive_base_msgs/include/drive_base_msgs/drive_base_msgs/msg/detail/command_header__rosidl_typesupport_fastrtps_cpp.hpp
[0.766s] -- Up-to-date symlink: /home/duong/Arduino/ROS2_ServiceRobot/uros_ws/install/drive_base_msgs/include/drive_base_msgs/drive_base_msgs/msg/detail/command_status__rosidl_typesupport_fastrtps_cpp.hpp
[0.766s] -- Up-to-date symlink: /home/duong/Arduino/ROS2_ServiceRobot/uros_ws/install/drive_base_msgs/include/drive_base_msgs/drive_base_msgs/msg/detail/trv_command__rosidl_typesupport_fastrtps_cpp.hpp
[0.767s] -- Up-to-date symlink: /home/duong/Arduino/ROS2_ServiceRobot/uros_ws/install/drive_base_msgs/include/drive_base_msgs/drive_base_msgs/msg/rosidl_typesupport_fastrtps_cpp__visibility_control.h
[0.767s] -- Up-to-date symlink: /home/duong/Arduino/ROS2_ServiceRobot/uros_ws/install/drive_base_msgs/include/drive_base_msgs/drive_base_msgs/msg/detail/base_info__rosidl_typesupport_introspection_c.h
[0.767s] -- Up-to-date symlink: /home/duong/Arduino/ROS2_ServiceRobot/uros_ws/install/drive_base_msgs/include/drive_base_msgs/drive_base_msgs/msg/detail/command_header__rosidl_typesupport_introspection_c.h
[0.767s] -- Up-to-date symlink: /home/duong/Arduino/ROS2_ServiceRobot/uros_ws/install/drive_base_msgs/include/drive_base_msgs/drive_base_msgs/msg/detail/command_status__rosidl_typesupport_introspection_c.h
[0.768s] -- Up-to-date symlink: /home/duong/Arduino/ROS2_ServiceRobot/uros_ws/install/drive_base_msgs/include/drive_base_msgs/drive_base_msgs/msg/detail/trv_command__rosidl_typesupport_introspection_c.h
[0.768s] -- Up-to-date symlink: /home/duong/Arduino/ROS2_ServiceRobot/uros_ws/install/drive_base_msgs/include/drive_base_msgs/drive_base_msgs/msg/rosidl_typesupport_introspection_c__visibility_control.h
[0.768s] -- Up-to-date symlink: /home/duong/Arduino/ROS2_ServiceRobot/uros_ws/install/drive_base_msgs/include/drive_base_msgs/drive_base_msgs/msg/detail/base_info__rosidl_typesupport_introspection_cpp.hpp
[0.769s] -- Up-to-date symlink: /home/duong/Arduino/ROS2_ServiceRobot/uros_ws/install/drive_base_msgs/include/drive_base_msgs/drive_base_msgs/msg/detail/command_header__rosidl_typesupport_introspection_cpp.hpp
[0.769s] -- Up-to-date symlink: /home/duong/Arduino/ROS2_ServiceRobot/uros_ws/install/drive_base_msgs/include/drive_base_msgs/drive_base_msgs/msg/detail/command_status__rosidl_typesupport_introspection_cpp.hpp
[0.769s] -- Up-to-date symlink: /home/duong/Arduino/ROS2_ServiceRobot/uros_ws/install/drive_base_msgs/include/drive_base_msgs/drive_base_msgs/msg/detail/trv_command__rosidl_typesupport_introspection_cpp.hpp
[0.769s] -- Up-to-date symlink: /home/duong/Arduino/ROS2_ServiceRobot/uros_ws/install/drive_base_msgs/share/drive_base_msgs/environment/pythonpath.sh
[0.770s] -- Up-to-date symlink: /home/duong/Arduino/ROS2_ServiceRobot/uros_ws/install/drive_base_msgs/share/drive_base_msgs/environment/pythonpath.dsv
[0.770s] -- Up-to-date symlink: /home/duong/Arduino/ROS2_ServiceRobot/uros_ws/install/drive_base_msgs/lib/python3.10/site-packages/drive_base_msgs-0.0.0-py3.10.egg-info/PKG-INFO
[0.771s] -- Up-to-date symlink: /home/duong/Arduino/ROS2_ServiceRobot/uros_ws/install/drive_base_msgs/lib/python3.10/site-packages/drive_base_msgs-0.0.0-py3.10.egg-info/SOURCES.txt
[0.771s] -- Up-to-date symlink: /home/duong/Arduino/ROS2_ServiceRobot/uros_ws/install/drive_base_msgs/lib/python3.10/site-packages/drive_base_msgs-0.0.0-py3.10.egg-info/dependency_links.txt
[0.771s] -- Up-to-date symlink: /home/duong/Arduino/ROS2_ServiceRobot/uros_ws/install/drive_base_msgs/lib/python3.10/site-packages/drive_base_msgs-0.0.0-py3.10.egg-info/top_level.txt
[0.772s] -- Up-to-date symlink: /home/duong/Arduino/ROS2_ServiceRobot/uros_ws/install/drive_base_msgs/lib/python3.10/site-packages/drive_base_msgs/__init__.py
[0.773s] -- Up-to-date symlink: /home/duong/Arduino/ROS2_ServiceRobot/uros_ws/install/drive_base_msgs/lib/python3.10/site-packages/drive_base_msgs/_drive_base_msgs_s.ep.rosidl_typesupport_c.c
[0.773s] -- Up-to-date symlink: /home/duong/Arduino/ROS2_ServiceRobot/uros_ws/install/drive_base_msgs/lib/python3.10/site-packages/drive_base_msgs/_drive_base_msgs_s.ep.rosidl_typesupport_fastrtps_c.c
[0.773s] -- Up-to-date symlink: /home/duong/Arduino/ROS2_ServiceRobot/uros_ws/install/drive_base_msgs/lib/python3.10/site-packages/drive_base_msgs/_drive_base_msgs_s.ep.rosidl_typesupport_introspection_c.c
[0.773s] -- Up-to-date symlink: /home/duong/Arduino/ROS2_ServiceRobot/uros_ws/install/drive_base_msgs/lib/python3.10/site-packages/drive_base_msgs/drive_base_msgs_s__rosidl_typesupport_c.cpython-310-x86_64-linux-gnu.so
[0.774s] -- Up-to-date symlink: /home/duong/Arduino/ROS2_ServiceRobot/uros_ws/install/drive_base_msgs/lib/python3.10/site-packages/drive_base_msgs/drive_base_msgs_s__rosidl_typesupport_fastrtps_c.cpython-310-x86_64-linux-gnu.so
[0.774s] -- Up-to-date symlink: /home/duong/Arduino/ROS2_ServiceRobot/uros_ws/install/drive_base_msgs/lib/python3.10/site-packages/drive_base_msgs/drive_base_msgs_s__rosidl_typesupport_introspection_c.cpython-310-x86_64-linux-gnu.so
[0.774s] -- Up-to-date symlink: /home/duong/Arduino/ROS2_ServiceRobot/uros_ws/install/drive_base_msgs/lib/python3.10/site-packages/drive_base_msgs/libdrive_base_msgs__rosidl_generator_py.so
[0.774s] -- Up-to-date symlink: /home/duong/Arduino/ROS2_ServiceRobot/uros_ws/install/drive_base_msgs/lib/python3.10/site-packages/drive_base_msgs/msg/__init__.py
[0.775s] -- Up-to-date symlink: /home/duong/Arduino/ROS2_ServiceRobot/uros_ws/install/drive_base_msgs/lib/python3.10/site-packages/drive_base_msgs/msg/_base_info.py
[0.775s] -- Up-to-date symlink: /home/duong/Arduino/ROS2_ServiceRobot/uros_ws/install/drive_base_msgs/lib/python3.10/site-packages/drive_base_msgs/msg/_base_info_s.c
[0.775s] -- Up-to-date symlink: /home/duong/Arduino/ROS2_ServiceRobot/uros_ws/install/drive_base_msgs/lib/python3.10/site-packages/drive_base_msgs/msg/_command_header.py
[0.775s] -- Up-to-date symlink: /home/duong/Arduino/ROS2_ServiceRobot/uros_ws/install/drive_base_msgs/lib/python3.10/site-packages/drive_base_msgs/msg/_command_header_s.c
[0.775s] -- Up-to-date symlink: /home/duong/Arduino/ROS2_ServiceRobot/uros_ws/install/drive_base_msgs/lib/python3.10/site-packages/drive_base_msgs/msg/_command_status.py
[0.776s] -- Up-to-date symlink: /home/duong/Arduino/ROS2_ServiceRobot/uros_ws/install/drive_base_msgs/lib/python3.10/site-packages/drive_base_msgs/msg/_command_status_s.c
[0.776s] -- Up-to-date symlink: /home/duong/Arduino/ROS2_ServiceRobot/uros_ws/install/drive_base_msgs/lib/python3.10/site-packages/drive_base_msgs/msg/_trv_command.py
[0.776s] -- Up-to-date symlink: /home/duong/Arduino/ROS2_ServiceRobot/uros_ws/install/drive_base_msgs/lib/python3.10/site-packages/drive_base_msgs/msg/_trv_command_s.c
[0.777s] -- Up-to-date symlink: /home/duong/Arduino/ROS2_ServiceRobot/uros_ws/install/drive_base_msgs/lib/python3.10/site-packages/drive_base_msgs/drive_base_msgs_s__rosidl_typesupport_fastrtps_c.cpython-310-x86_64-linux-gnu.so
[0.777s] -- Up-to-date symlink: /home/duong/Arduino/ROS2_ServiceRobot/uros_ws/install/drive_base_msgs/lib/python3.10/site-packages/drive_base_msgs/drive_base_msgs_s__rosidl_typesupport_introspection_c.cpython-310-x86_64-linux-gnu.so
[0.778s] -- Up-to-date symlink: /home/duong/Arduino/ROS2_ServiceRobot/uros_ws/install/drive_base_msgs/lib/python3.10/site-packages/drive_base_msgs/drive_base_msgs_s__rosidl_typesupport_c.cpython-310-x86_64-linux-gnu.so
[0.778s] -- Up-to-date symlink: /home/duong/Arduino/ROS2_ServiceRobot/uros_ws/install/drive_base_msgs/share/drive_base_msgs/msg/CommandHeader.idl
[0.778s] -- Up-to-date symlink: /home/duong/Arduino/ROS2_ServiceRobot/uros_ws/install/drive_base_msgs/share/drive_base_msgs/msg/BaseInfo.idl
[0.779s] -- Up-to-date symlink: /home/duong/Arduino/ROS2_ServiceRobot/uros_ws/install/drive_base_msgs/share/drive_base_msgs/msg/CommandStatus.idl
[0.779s] -- Up-to-date symlink: /home/duong/Arduino/ROS2_ServiceRobot/uros_ws/install/drive_base_msgs/share/drive_base_msgs/msg/TRVCommand.idl
[0.779s] -- Up-to-date symlink: /home/duong/Arduino/ROS2_ServiceRobot/uros_ws/install/drive_base_msgs/share/drive_base_msgs/msg/CommandHeader.msg
[0.780s] -- Up-to-date symlink: /home/duong/Arduino/ROS2_ServiceRobot/uros_ws/install/drive_base_msgs/share/drive_base_msgs/msg/BaseInfo.msg
[0.780s] -- Up-to-date symlink: /home/duong/Arduino/ROS2_ServiceRobot/uros_ws/install/drive_base_msgs/share/drive_base_msgs/msg/CommandStatus.msg
[0.780s] -- Up-to-date symlink: /home/duong/Arduino/ROS2_ServiceRobot/uros_ws/install/drive_base_msgs/share/drive_base_msgs/msg/TRVCommand.msg
[0.781s] -- Up-to-date symlink: /home/duong/Arduino/ROS2_ServiceRobot/uros_ws/install/drive_base_msgs/share/ament_index/resource_index/package_run_dependencies/drive_base_msgs
[0.781s] -- Up-to-date symlink: /home/duong/Arduino/ROS2_ServiceRobot/uros_ws/install/drive_base_msgs/share/ament_index/resource_index/parent_prefix_path/drive_base_msgs
[0.781s] -- Up-to-date symlink: /home/duong/Arduino/ROS2_ServiceRobot/uros_ws/install/drive_base_msgs/share/drive_base_msgs/environment/ament_prefix_path.sh
[0.781s] -- Up-to-date symlink: /home/duong/Arduino/ROS2_ServiceRobot/uros_ws/install/drive_base_msgs/share/drive_base_msgs/environment/ament_prefix_path.dsv
[0.782s] -- Up-to-date symlink: /home/duong/Arduino/ROS2_ServiceRobot/uros_ws/install/drive_base_msgs/share/drive_base_msgs/environment/path.sh
[0.782s] -- Up-to-date symlink: /home/duong/Arduino/ROS2_ServiceRobot/uros_ws/install/drive_base_msgs/share/drive_base_msgs/environment/path.dsv
[0.782s] -- Up-to-date symlink: /home/duong/Arduino/ROS2_ServiceRobot/uros_ws/install/drive_base_msgs/share/drive_base_msgs/local_setup.bash
[0.783s] -- Up-to-date symlink: /home/duong/Arduino/ROS2_ServiceRobot/uros_ws/install/drive_base_msgs/share/drive_base_msgs/local_setup.sh
[0.783s] -- Up-to-date symlink: /home/duong/Arduino/ROS2_ServiceRobot/uros_ws/install/drive_base_msgs/share/drive_base_msgs/local_setup.zsh
[0.783s] -- Up-to-date symlink: /home/duong/Arduino/ROS2_ServiceRobot/uros_ws/install/drive_base_msgs/share/drive_base_msgs/local_setup.dsv
[0.783s] -- Symlinking: /home/duong/Arduino/ROS2_ServiceRobot/uros_ws/install/drive_base_msgs/share/drive_base_msgs/package.dsv
[0.846s] -- Up-to-date symlink: /home/duong/Arduino/ROS2_ServiceRobot/uros_ws/install/drive_base_msgs/share/ament_index/resource_index/packages/drive_base_msgs
[0.846s] -- Up-to-date symlink: /home/duong/Arduino/ROS2_ServiceRobot/uros_ws/install/drive_base_msgs/share/drive_base_msgs/cmake/rosidl_cmake-extras.cmake
[0.846s] -- Up-to-date symlink: /home/duong/Arduino/ROS2_ServiceRobot/uros_ws/install/drive_base_msgs/share/drive_base_msgs/cmake/ament_cmake_export_dependencies-extras.cmake
[0.846s] -- Up-to-date symlink: /home/duong/Arduino/ROS2_ServiceRobot/uros_ws/install/drive_base_msgs/share/drive_base_msgs/cmake/ament_cmake_export_include_directories-extras.cmake
[0.846s] -- Up-to-date symlink: /home/duong/Arduino/ROS2_ServiceRobot/uros_ws/install/drive_base_msgs/share/drive_base_msgs/cmake/ament_cmake_export_libraries-extras.cmake
[0.846s] -- Up-to-date symlink: /home/duong/Arduino/ROS2_ServiceRobot/uros_ws/install/drive_base_msgs/share/drive_base_msgs/cmake/ament_cmake_export_targets-extras.cmake
[0.847s] -- Up-to-date symlink: /home/duong/Arduino/ROS2_ServiceRobot/uros_ws/install/drive_base_msgs/share/drive_base_msgs/cmake/rosidl_cmake_export_typesupport_targets-extras.cmake
[0.847s] -- Up-to-date symlink: /home/duong/Arduino/ROS2_ServiceRobot/uros_ws/install/drive_base_msgs/share/drive_base_msgs/cmake/rosidl_cmake_export_typesupport_libraries-extras.cmake
[0.847s] -- Up-to-date symlink: /home/duong/Arduino/ROS2_ServiceRobot/uros_ws/install/drive_base_msgs/share/drive_base_msgs/cmake/drive_base_msgsConfig.cmake
[0.847s] -- Up-to-date symlink: /home/duong/Arduino/ROS2_ServiceRobot/uros_ws/install/drive_base_msgs/share/drive_base_msgs/cmake/drive_base_msgsConfig-version.cmake
[0.847s] -- Up-to-date symlink: /home/duong/Arduino/ROS2_ServiceRobot/uros_ws/install/drive_base_msgs/share/drive_base_msgs/package.xml
[0.847s] -- Up-to-date: /home/duong/Arduino/ROS2_ServiceRobot/uros_ws/install/drive_base_msgs/lib/libdrive_base_msgs__rosidl_generator_c.so
[0.847s] -- Up-to-date: /home/duong/Arduino/ROS2_ServiceRobot/uros_ws/install/drive_base_msgs/lib/libdrive_base_msgs__rosidl_typesupport_fastrtps_c.so
[0.848s] -- Up-to-date: /home/duong/Arduino/ROS2_ServiceRobot/uros_ws/install/drive_base_msgs/lib/libdrive_base_msgs__rosidl_typesupport_fastrtps_cpp.so
[0.848s] -- Up-to-date: /home/duong/Arduino/ROS2_ServiceRobot/uros_ws/install/drive_base_msgs/lib/libdrive_base_msgs__rosidl_typesupport_introspection_c.so
[0.848s] -- Up-to-date: /home/duong/Arduino/ROS2_ServiceRobot/uros_ws/install/drive_base_msgs/lib/libdrive_base_msgs__rosidl_typesupport_c.so
[0.848s] -- Up-to-date: /home/duong/Arduino/ROS2_ServiceRobot/uros_ws/install/drive_base_msgs/lib/libdrive_base_msgs__rosidl_typesupport_introspection_cpp.so
[0.848s] -- Up-to-date: /home/duong/Arduino/ROS2_ServiceRobot/uros_ws/install/drive_base_msgs/lib/libdrive_base_msgs__rosidl_typesupport_cpp.so
[0.858s] Listing '/home/duong/Arduino/ROS2_ServiceRobot/uros_ws/install/drive_base_msgs/lib/python3.10/site-packages/drive_base_msgs'...
[0.859s] Listing '/home/duong/Arduino/ROS2_ServiceRobot/uros_ws/install/drive_base_msgs/lib/python3.10/site-packages/drive_base_msgs/msg'...
[0.863s] -- Up-to-date: /home/duong/Arduino/ROS2_ServiceRobot/uros_ws/install/drive_base_msgs/lib/libdrive_base_msgs__rosidl_generator_py.so
[0.864s] -- Up-to-date: /home/duong/Arduino/ROS2_ServiceRobot/uros_ws/install/drive_base_msgs/share/drive_base_msgs/cmake/export_drive_base_msgs__rosidl_generator_cExport.cmake
[0.864s] -- Up-to-date: /home/duong/Arduino/ROS2_ServiceRobot/uros_ws/install/drive_base_msgs/share/drive_base_msgs/cmake/export_drive_base_msgs__rosidl_generator_cExport-noconfig.cmake
[0.865s] -- Up-to-date: /home/duong/Arduino/ROS2_ServiceRobot/uros_ws/install/drive_base_msgs/share/drive_base_msgs/cmake/export_drive_base_msgs__rosidl_typesupport_fastrtps_cExport.cmake
[0.865s] -- Up-to-date: /home/duong/Arduino/ROS2_ServiceRobot/uros_ws/install/drive_base_msgs/share/drive_base_msgs/cmake/export_drive_base_msgs__rosidl_typesupport_fastrtps_cExport-noconfig.cmake
[0.865s] -- Up-to-date: /home/duong/Arduino/ROS2_ServiceRobot/uros_ws/install/drive_base_msgs/share/drive_base_msgs/cmake/export_drive_base_msgs__rosidl_generator_cppExport.cmake
[0.866s] -- Up-to-date: /home/duong/Arduino/ROS2_ServiceRobot/uros_ws/install/drive_base_msgs/share/drive_base_msgs/cmake/export_drive_base_msgs__rosidl_typesupport_fastrtps_cppExport.cmake
[0.866s] -- Up-to-date: /home/duong/Arduino/ROS2_ServiceRobot/uros_ws/install/drive_base_msgs/share/drive_base_msgs/cmake/export_drive_base_msgs__rosidl_typesupport_fastrtps_cppExport-noconfig.cmake
[0.866s] -- Up-to-date: /home/duong/Arduino/ROS2_ServiceRobot/uros_ws/install/drive_base_msgs/share/drive_base_msgs/cmake/drive_base_msgs__rosidl_typesupport_introspection_cExport.cmake
[0.867s] -- Up-to-date: /home/duong/Arduino/ROS2_ServiceRobot/uros_ws/install/drive_base_msgs/share/drive_base_msgs/cmake/drive_base_msgs__rosidl_typesupport_introspection_cExport-noconfig.cmake
[0.867s] -- Up-to-date: /home/duong/Arduino/ROS2_ServiceRobot/uros_ws/install/drive_base_msgs/share/drive_base_msgs/cmake/drive_base_msgs__rosidl_typesupport_cExport.cmake
[0.867s] -- Up-to-date: /home/duong/Arduino/ROS2_ServiceRobot/uros_ws/install/drive_base_msgs/share/drive_base_msgs/cmake/drive_base_msgs__rosidl_typesupport_cExport-noconfig.cmake
[0.868s] -- Up-to-date: /home/duong/Arduino/ROS2_ServiceRobot/uros_ws/install/drive_base_msgs/share/drive_base_msgs/cmake/drive_base_msgs__rosidl_typesupport_introspection_cppExport.cmake
[0.868s] -- Up-to-date: /home/duong/Arduino/ROS2_ServiceRobot/uros_ws/install/drive_base_msgs/share/drive_base_msgs/cmake/drive_base_msgs__rosidl_typesupport_introspection_cppExport-noconfig.cmake
[0.868s] -- Up-to-date: /home/duong/Arduino/ROS2_ServiceRobot/uros_ws/install/drive_base_msgs/share/drive_base_msgs/cmake/drive_base_msgs__rosidl_typesupport_cppExport.cmake
[0.869s] -- Up-to-date: /home/duong/Arduino/ROS2_ServiceRobot/uros_ws/install/drive_base_msgs/share/drive_base_msgs/cmake/drive_base_msgs__rosidl_typesupport_cppExport-noconfig.cmake
[0.869s] -- Up-to-date: /home/duong/Arduino/ROS2_ServiceRobot/uros_ws/install/drive_base_msgs/share/drive_base_msgs/cmake/export_drive_base_msgs__rosidl_generator_pyExport.cmake
[0.869s] -- Up-to-date: /home/duong/Arduino/ROS2_ServiceRobot/uros_ws/install/drive_base_msgs/share/drive_base_msgs/cmake/export_drive_base_msgs__rosidl_generator_pyExport-noconfig.cmake
[0.874s] Invoked command in '/home/duong/Arduino/ROS2_ServiceRobot/uros_ws/build/drive_base_msgs' returned '0': CMAKE_PREFIX_PATH=/opt/ros/iron /usr/bin/cmake --install /home/duong/Arduino/ROS2_ServiceRobot/uros_ws/build/drive_base_msgs
