[0.861s] Invoking command in '/home/duong/kaia_ws/build/makerspet': AMENT_PREFIX_PATH=/home/duong/kaia_ws/install/kaiaai:/home/duong/kaia_ws/install/kaiaai_bringup:/opt/ros/iron PYTHONPATH=/home/duong/kaia_ws/build/makerspet/prefix_override:/usr/lib/python3/dist-packages/colcon_core/task/python/colcon_distutils_commands:/home/duong/kaia_ws/install/makerspet/lib/python3.10/site-packages:${PYTHONPATH} /usr/bin/python3 -W ignore:setup.py install is deprecated -W ignore:easy_install command is deprecated setup.py develop --editable --build-directory /home/duong/kaia_ws/build/makerspet/build --no-deps symlink_data
[1.170s] running develop
[1.385s] running egg_info
[1.385s] creating makerspet.egg-info
[1.386s] writing makerspet.egg-info/PKG-INFO
[1.386s] writing dependency_links to makerspet.egg-info/dependency_links.txt
[1.386s] writing entry points to makerspet.egg-info/entry_points.txt
[1.386s] writing requirements to makerspet.egg-info/requires.txt
[1.386s] writing top-level names to makerspet.egg-info/top_level.txt
[1.386s] writing manifest file 'makerspet.egg-info/SOURCES.txt'
[1.388s] reading manifest file 'makerspet.egg-info/SOURCES.txt'
[1.389s] writing manifest file 'makerspet.egg-info/SOURCES.txt'
[1.390s] running build_ext
[1.391s] Creating /home/duong/kaia_ws/install/makerspet/lib/python3.10/site-packages/makerspet.egg-link (link to .)
[1.391s] Installing param_client script to /home/duong/kaia_ws/install/makerspet/lib/makerspet
[1.392s] 
[1.392s] Installed /home/duong/kaia_ws/build/makerspet
[1.392s] running symlink_data
[1.392s] creating /home/duong/kaia_ws/install/makerspet/share/ament_index
[1.392s] creating /home/duong/kaia_ws/install/makerspet/share/ament_index/resource_index
[1.392s] creating /home/duong/kaia_ws/install/makerspet/share/ament_index/resource_index/packages
[1.392s] symbolically linking /home/duong/kaia_ws/build/makerspet/resource/makerspet -> /home/duong/kaia_ws/install/makerspet/share/ament_index/resource_index/packages
[1.392s] symbolically linking /home/duong/kaia_ws/build/makerspet/package.xml -> /home/duong/kaia_ws/install/makerspet/share/makerspet
[1.432s] Invoked command in '/home/duong/kaia_ws/build/makerspet' returned '0': AMENT_PREFIX_PATH=/home/duong/kaia_ws/install/kaiaai:/home/duong/kaia_ws/install/kaiaai_bringup:/opt/ros/iron PYTHONPATH=/home/duong/kaia_ws/build/makerspet/prefix_override:/usr/lib/python3/dist-packages/colcon_core/task/python/colcon_distutils_commands:/home/duong/kaia_ws/install/makerspet/lib/python3.10/site-packages:${PYTHONPATH} /usr/bin/python3 -W ignore:setup.py install is deprecated -W ignore:easy_install command is deprecated setup.py develop --editable --build-directory /home/duong/kaia_ws/build/makerspet/build --no-deps symlink_data
