-- The C compiler identification is GNU 11.4.0
-- The CXX compiler identification is GNU 11.4.0
-- Detecting C compiler ABI info
-- Detecting C compiler ABI info - done
-- Check for working C compiler: /usr/bin/cc - skipped
-- Detecting C compile features
-- Detecting C compile features - done
-- Detecting CXX compiler ABI info
-- Detecting CXX compiler ABI info - done
-- Check for working CXX compiler: /usr/bin/c++ - skipped
-- Detecting CXX compile features
-- Detecting CXX compile features - done
-- Found ament_cmake: 2.0.7 (/opt/ros/iron/share/ament_cmake/cmake)
-- Found Python3: /usr/bin/python3.10 (found version "3.10.12") found components: Interpreter 
-- Override CMake install command with custom implementation using symlinks instead of copying resources
-- Found urdf: 2.8.2 (/opt/ros/iron/share/urdf/cmake)
-- Configuring done
-- Generating done
-- Build files have been written to: /home/duong/kaia_ws/build/robot_serving_bot
-- Install configuration: ""
-- Execute custom install script
-- Symlinking: /home/duong/kaia_ws/install/robot_serving_bot/share/robot_serving_bot/rviz/cartographer.rviz
-- Symlinking: /home/duong/kaia_ws/install/robot_serving_bot/share/robot_serving_bot/rviz/gazebo.rviz
-- Symlinking: /home/duong/kaia_ws/install/robot_serving_bot/share/robot_serving_bot/rviz/inspect_urdf.rviz
-- Symlinking: /home/duong/kaia_ws/install/robot_serving_bot/share/robot_serving_bot/rviz/monitor_robot.rviz
-- Symlinking: /home/duong/kaia_ws/install/robot_serving_bot/share/robot_serving_bot/rviz/monitor_robot_old.rviz
-- Symlinking: /home/duong/kaia_ws/install/robot_serving_bot/share/robot_serving_bot/rviz/navigation.rviz
-- Symlinking: /home/duong/kaia_ws/install/robot_serving_bot/share/robot_serving_bot/urdf/robot.urdf.xacro
-- Symlinking: /home/duong/kaia_ws/install/robot_serving_bot/share/robot_serving_bot/sdf/makerspet_mini/mesh/hemisphere.stl
-- Symlinking: /home/duong/kaia_ws/install/robot_serving_bot/share/robot_serving_bot/sdf/makerspet_mini/model.config
-- Symlinking: /home/duong/kaia_ws/install/robot_serving_bot/share/robot_serving_bot/sdf/makerspet_mini/model.sdf
-- Symlinking: /home/duong/kaia_ws/install/robot_serving_bot/share/robot_serving_bot/config/README.md
-- Symlinking: /home/duong/kaia_ws/install/robot_serving_bot/share/robot_serving_bot/config/cartographer_lds_2d.lua
-- Symlinking: /home/duong/kaia_ws/install/robot_serving_bot/share/robot_serving_bot/config/etc/navigation_humble.yaml
-- Symlinking: /home/duong/kaia_ws/install/robot_serving_bot/share/robot_serving_bot/config/etc/navigation_iron.yaml
-- Symlinking: /home/duong/kaia_ws/install/robot_serving_bot/share/robot_serving_bot/config/explore_lite.yaml
-- Symlinking: /home/duong/kaia_ws/install/robot_serving_bot/share/robot_serving_bot/config/kaiaai.yaml
-- Symlinking: /home/duong/kaia_ws/install/robot_serving_bot/share/robot_serving_bot/config/navigation.yaml
-- Symlinking: /home/duong/kaia_ws/install/robot_serving_bot/share/robot_serving_bot/config/navigation_new.yaml
-- Symlinking: /home/duong/kaia_ws/install/robot_serving_bot/share/robot_serving_bot/config/navigation_pursuit.yaml
-- Symlinking: /home/duong/kaia_ws/install/robot_serving_bot/share/robot_serving_bot/config/self_drive_gazebo.yaml
-- Symlinking: /home/duong/kaia_ws/install/robot_serving_bot/share/robot_serving_bot/config/telem.yaml
-- Symlinking: /home/duong/kaia_ws/install/robot_serving_bot/share/robot_serving_bot/config/teleop_keyboard.yaml
