[0.038s] Invoking command in '/home/duong/kaia_ws/build/kaiaai_bringup': AMENT_PREFIX_PATH=/home/duong/kaia_ws/install/kaiaai_telemetry:/home/duong/kaia_ws/install/makerspet_snoopy:/home/duong/kaia_ws/install/makerspet_mini:/home/duong/kaia_ws/install/makerspet_loki:/home/duong/kaia_ws/install/kaiaai_teleop:/home/duong/kaia_ws/install/kaiaai_msgs:/home/duong/kaia_ws/install/kaiaai:/home/duong/kaia_ws/install/kaiaai_bringup:/opt/ros/iron CMAKE_PREFIX_PATH=/home/duong/kaia_ws/install/kaiaai_telemetry:/home/duong/kaia_ws/install/makerspet_snoopy:/home/duong/kaia_ws/install/makerspet_mini:/home/duong/kaia_ws/install/makerspet_loki:/home/duong/kaia_ws/install/kaiaai_msgs:/home/duong/kaia_ws/install/kaiaai_bringup:/home/duong/kaia_ws/install/kaiaai:/opt/ros/iron LD_LIBRARY_PATH=/home/duong/kaia_ws/install/kaiaai_msgs/lib:${LD_LIBRARY_PATH} PYTHONPATH=/home/duong/kaia_ws/build/kaiaai_teleop:/home/duong/kaia_ws/install/kaiaai_teleop/lib/python3.10/site-packages:/home/duong/kaia_ws/install/kaiaai_msgs/lib/python3.10/site-packages:${PYTHONPATH} /usr/bin/cmake --build /home/duong/kaia_ws/build/kaiaai_bringup -- -j12 -l12
[0.105s] Invoked command in '/home/duong/kaia_ws/build/kaiaai_bringup' returned '0': AMENT_PREFIX_PATH=/home/duong/kaia_ws/install/kaiaai_telemetry:/home/duong/kaia_ws/install/makerspet_snoopy:/home/duong/kaia_ws/install/makerspet_mini:/home/duong/kaia_ws/install/makerspet_loki:/home/duong/kaia_ws/install/kaiaai_teleop:/home/duong/kaia_ws/install/kaiaai_msgs:/home/duong/kaia_ws/install/kaiaai:/home/duong/kaia_ws/install/kaiaai_bringup:/opt/ros/iron CMAKE_PREFIX_PATH=/home/duong/kaia_ws/install/kaiaai_telemetry:/home/duong/kaia_ws/install/makerspet_snoopy:/home/duong/kaia_ws/install/makerspet_mini:/home/duong/kaia_ws/install/makerspet_loki:/home/duong/kaia_ws/install/kaiaai_msgs:/home/duong/kaia_ws/install/kaiaai_bringup:/home/duong/kaia_ws/install/kaiaai:/opt/ros/iron LD_LIBRARY_PATH=/home/duong/kaia_ws/install/kaiaai_msgs/lib:${LD_LIBRARY_PATH} PYTHONPATH=/home/duong/kaia_ws/build/kaiaai_teleop:/home/duong/kaia_ws/install/kaiaai_teleop/lib/python3.10/site-packages:/home/duong/kaia_ws/install/kaiaai_msgs/lib/python3.10/site-packages:${PYTHONPATH} /usr/bin/cmake --build /home/duong/kaia_ws/build/kaiaai_bringup -- -j12 -l12
[0.106s] Invoking command in '/home/duong/kaia_ws/build/kaiaai_bringup': AMENT_PREFIX_PATH=/home/duong/kaia_ws/install/kaiaai_telemetry:/home/duong/kaia_ws/install/makerspet_snoopy:/home/duong/kaia_ws/install/makerspet_mini:/home/duong/kaia_ws/install/makerspet_loki:/home/duong/kaia_ws/install/kaiaai_teleop:/home/duong/kaia_ws/install/kaiaai_msgs:/home/duong/kaia_ws/install/kaiaai:/home/duong/kaia_ws/install/kaiaai_bringup:/opt/ros/iron CMAKE_PREFIX_PATH=/home/duong/kaia_ws/install/kaiaai_telemetry:/home/duong/kaia_ws/install/makerspet_snoopy:/home/duong/kaia_ws/install/makerspet_mini:/home/duong/kaia_ws/install/makerspet_loki:/home/duong/kaia_ws/install/kaiaai_msgs:/home/duong/kaia_ws/install/kaiaai_bringup:/home/duong/kaia_ws/install/kaiaai:/opt/ros/iron LD_LIBRARY_PATH=/home/duong/kaia_ws/install/kaiaai_msgs/lib:${LD_LIBRARY_PATH} PYTHONPATH=/home/duong/kaia_ws/build/kaiaai_teleop:/home/duong/kaia_ws/install/kaiaai_teleop/lib/python3.10/site-packages:/home/duong/kaia_ws/install/kaiaai_msgs/lib/python3.10/site-packages:${PYTHONPATH} /usr/bin/cmake --install /home/duong/kaia_ws/build/kaiaai_bringup
[0.124s] -- Install configuration: ""
[0.125s] -- Execute custom install script
[0.127s] -- Up-to-date symlink: /home/duong/kaia_ws/install/kaiaai_bringup/share/kaiaai_bringup/launch/cartographer.launch.py
[0.127s] -- Up-to-date symlink: /home/duong/kaia_ws/install/kaiaai_bringup/share/kaiaai_bringup/launch/edit_urdf.launch.py
[0.127s] -- Up-to-date symlink: /home/duong/kaia_ws/install/kaiaai_bringup/share/kaiaai_bringup/launch/explore.launch.py
[0.127s] -- Up-to-date symlink: /home/duong/kaia_ws/install/kaiaai_bringup/share/kaiaai_bringup/launch/inspect_urdf.launch.py
[0.127s] -- Up-to-date symlink: /home/duong/kaia_ws/install/kaiaai_bringup/share/kaiaai_bringup/launch/monitor_robot.launch.py
[0.128s] -- Up-to-date symlink: /home/duong/kaia_ws/install/kaiaai_bringup/share/kaiaai_bringup/launch/navigation.launch.py
[0.128s] -- Up-to-date symlink: /home/duong/kaia_ws/install/kaiaai_bringup/share/kaiaai_bringup/launch/occupancy_grid.launch.py
[0.128s] -- Up-to-date symlink: /home/duong/kaia_ws/install/kaiaai_bringup/share/kaiaai_bringup/launch/physical.launch.py
[0.129s] -- Up-to-date symlink: /home/duong/kaia_ws/install/kaiaai_bringup/share/kaiaai_bringup/launch/publish_urdf.launch.py
[0.129s] -- Up-to-date symlink: /home/duong/kaia_ws/install/kaiaai_bringup/lib/kaiaai_bringup/watch_urdf.sh
[0.129s] -- Up-to-date symlink: /home/duong/kaia_ws/install/kaiaai_bringup/lib/kaiaai_bringup/upload_robot_description_github.sh
[0.129s] -- Up-to-date symlink: /home/duong/kaia_ws/install/kaiaai_bringup/share/ament_index/resource_index/package_run_dependencies/kaiaai_bringup
[0.129s] -- Up-to-date symlink: /home/duong/kaia_ws/install/kaiaai_bringup/share/ament_index/resource_index/parent_prefix_path/kaiaai_bringup
[0.129s] -- Up-to-date symlink: /home/duong/kaia_ws/install/kaiaai_bringup/share/kaiaai_bringup/environment/ament_prefix_path.sh
[0.130s] -- Up-to-date symlink: /home/duong/kaia_ws/install/kaiaai_bringup/share/kaiaai_bringup/environment/ament_prefix_path.dsv
[0.130s] -- Up-to-date symlink: /home/duong/kaia_ws/install/kaiaai_bringup/share/kaiaai_bringup/environment/path.sh
[0.130s] -- Up-to-date symlink: /home/duong/kaia_ws/install/kaiaai_bringup/share/kaiaai_bringup/environment/path.dsv
[0.130s] -- Up-to-date symlink: /home/duong/kaia_ws/install/kaiaai_bringup/share/kaiaai_bringup/local_setup.bash
[0.130s] -- Up-to-date symlink: /home/duong/kaia_ws/install/kaiaai_bringup/share/kaiaai_bringup/local_setup.sh
[0.130s] -- Up-to-date symlink: /home/duong/kaia_ws/install/kaiaai_bringup/share/kaiaai_bringup/local_setup.zsh
[0.130s] -- Up-to-date symlink: /home/duong/kaia_ws/install/kaiaai_bringup/share/kaiaai_bringup/local_setup.dsv
[0.130s] -- Symlinking: /home/duong/kaia_ws/install/kaiaai_bringup/share/kaiaai_bringup/package.dsv
[0.139s] -- Up-to-date symlink: /home/duong/kaia_ws/install/kaiaai_bringup/share/ament_index/resource_index/packages/kaiaai_bringup
[0.139s] -- Up-to-date symlink: /home/duong/kaia_ws/install/kaiaai_bringup/share/kaiaai_bringup/cmake/kaiaai_bringupConfig.cmake
[0.140s] -- Up-to-date symlink: /home/duong/kaia_ws/install/kaiaai_bringup/share/kaiaai_bringup/cmake/kaiaai_bringupConfig-version.cmake
[0.140s] -- Up-to-date symlink: /home/duong/kaia_ws/install/kaiaai_bringup/share/kaiaai_bringup/package.xml
[0.143s] Invoked command in '/home/duong/kaia_ws/build/kaiaai_bringup' returned '0': AMENT_PREFIX_PATH=/home/duong/kaia_ws/install/kaiaai_telemetry:/home/duong/kaia_ws/install/makerspet_snoopy:/home/duong/kaia_ws/install/makerspet_mini:/home/duong/kaia_ws/install/makerspet_loki:/home/duong/kaia_ws/install/kaiaai_teleop:/home/duong/kaia_ws/install/kaiaai_msgs:/home/duong/kaia_ws/install/kaiaai:/home/duong/kaia_ws/install/kaiaai_bringup:/opt/ros/iron CMAKE_PREFIX_PATH=/home/duong/kaia_ws/install/kaiaai_telemetry:/home/duong/kaia_ws/install/makerspet_snoopy:/home/duong/kaia_ws/install/makerspet_mini:/home/duong/kaia_ws/install/makerspet_loki:/home/duong/kaia_ws/install/kaiaai_msgs:/home/duong/kaia_ws/install/kaiaai_bringup:/home/duong/kaia_ws/install/kaiaai:/opt/ros/iron LD_LIBRARY_PATH=/home/duong/kaia_ws/install/kaiaai_msgs/lib:${LD_LIBRARY_PATH} PYTHONPATH=/home/duong/kaia_ws/build/kaiaai_teleop:/home/duong/kaia_ws/install/kaiaai_teleop/lib/python3.10/site-packages:/home/duong/kaia_ws/install/kaiaai_msgs/lib/python3.10/site-packages:${PYTHONPATH} /usr/bin/cmake --install /home/duong/kaia_ws/build/kaiaai_bringup
