[0.293s] Invoking command in '/home/duong/kaia_ws/build/kaiaai_msgs': CMAKE_PREFIX_PATH=${CMAKE_PREFIX_PATH}:/home/duong/kaia_ws/install/kaiaai:/opt/ros/iron /usr/bin/cmake /home/duong/kaia_ws/src/kaiaai_msgs -DAMENT_CMAKE_SYMLINK_INSTALL=1 -DCMAKE_INSTALL_PREFIX=/home/duong/kaia_ws/install/kaiaai_msgs
[1.985s] -- The C compiler identification is GNU 11.4.0
[1.986s] -- The CXX compiler identification is GNU 11.4.0
[1.986s] -- Detecting C compiler ABI info
[1.986s] -- Detecting C compiler ABI info - done
[1.986s] -- Check for working C compiler: /usr/bin/cc - skipped
[1.986s] -- Detecting C compile features
[1.986s] -- Detecting C compile features - done
[1.987s] -- Detecting CXX compiler ABI info
[1.987s] -- Detecting CXX compiler ABI info - done
[1.987s] -- Check for working CXX compiler: /usr/bin/c++ - skipped
[1.987s] -- Detecting CXX compile features
[1.987s] -- Detecting CXX compile features - done
[1.987s] -- Found ament_cmake: 2.0.7 (/opt/ros/iron/share/ament_cmake/cmake)
[1.987s] -- Found Python3: /usr/bin/python3.10 (found version "3.10.12") found components: Interpreter 
[1.987s] -- Override CMake install command with custom implementation using symlinks instead of copying resources
[1.987s] -- Found builtin_interfaces: 1.6.0 (/opt/ros/iron/share/builtin_interfaces/cmake)
[1.988s] -- Found rosidl_generator_c: 4.0.1 (/opt/ros/iron/share/rosidl_generator_c/cmake)
[1.988s] -- Found rosidl_generator_cpp: 4.0.1 (/opt/ros/iron/share/rosidl_generator_cpp/cmake)
[1.988s] -- Using all available rosidl_typesupport_c: rosidl_typesupport_fastrtps_c;rosidl_typesupport_introspection_c
[1.988s] -- Using all available rosidl_typesupport_cpp: rosidl_typesupport_fastrtps_cpp;rosidl_typesupport_introspection_cpp
[1.988s] -- Found diagnostic_msgs: 5.0.1 (/opt/ros/iron/share/diagnostic_msgs/cmake)
[1.988s] -- Found rosidl_default_generators: 1.5.0 (/opt/ros/iron/share/rosidl_default_generators/cmake)
[1.989s] -- Found rosidl_adapter: 4.0.1 (/opt/ros/iron/share/rosidl_adapter/cmake)
[1.989s] -- Found ament_lint_auto: 0.14.4 (/opt/ros/iron/share/ament_lint_auto/cmake)
[2.749s] -- Found ament_cmake_ros: 0.11.2 (/opt/ros/iron/share/ament_cmake_ros/cmake)
[3.671s] -- Using all available rosidl_typesupport_c: rosidl_typesupport_fastrtps_c;rosidl_typesupport_introspection_c
[4.002s] -- Using all available rosidl_typesupport_cpp: rosidl_typesupport_fastrtps_cpp;rosidl_typesupport_introspection_cpp
[4.023s] -- Found PythonInterp: /usr/bin/python3 (found suitable version "3.10.12", minimum required is "3.6") 
[4.023s] -- Found python_cmake_module: 0.10.2 (/opt/ros/iron/share/python_cmake_module/cmake)
[4.062s] -- Found PythonLibs: /usr/lib/x86_64-linux-gnu/libpython3.10.so (found suitable version "3.10.12", minimum required is "3.5") 
[4.063s] -- Using PYTHON_EXECUTABLE: /usr/bin/python3
[4.063s] -- Using PYTHON_INCLUDE_DIRS: /usr/include/python3.10
[4.063s] -- Using PYTHON_LIBRARIES: /usr/lib/x86_64-linux-gnu/libpython3.10.so
[4.093s] -- Found PythonExtra: .so  
[4.171s] -- Added test 'lint_cmake' to check CMake code style
[4.176s] -- Added test 'xmllint' to check XML markup files
[4.183s] -- Configuring done
[4.235s] -- Generating done
[4.250s] -- Build files have been written to: /home/duong/kaia_ws/build/kaiaai_msgs
