-- The C compiler identification is GNU 11.4.0
-- The CXX compiler identification is GNU 11.4.0
-- Detecting C compiler ABI info
-- Detecting C compiler ABI info - done
-- Check for working C compiler: /usr/bin/cc - skipped
-- Detecting C compile features
-- Detecting C compile features - done
-- Detecting CXX compiler ABI info
-- Detecting CXX compiler ABI info - done
-- Check for working CXX compiler: /usr/bin/c++ - skipped
-- Detecting CXX compile features
-- Detecting CXX compile features - done
-- BuilD for ROS2: iron
-- Found ament_cmake: 2.0.7 (/opt/ros/iron/share/ament_cmake/cmake)
-- Found Python3: /usr/bin/python3.10 (found version "3.10.12") found components: Interpreter 
-- Override CMake install command with custom implementation using symlinks instead of copying resources
-- Found rclcpp: 21.0.8 (/opt/ros/iron/share/rclcpp/cmake)
-- Found rosidl_generator_c: 4.0.1 (/opt/ros/iron/share/rosidl_generator_c/cmake)
-- Found rosidl_generator_cpp: 4.0.1 (/opt/ros/iron/share/rosidl_generator_cpp/cmake)
-- Using all available rosidl_typesupport_c: rosidl_typesupport_fastrtps_c;rosidl_typesupport_introspection_c
-- Using all available rosidl_typesupport_cpp: rosidl_typesupport_fastrtps_cpp;rosidl_typesupport_introspection_cpp
-- Found rmw_implementation_cmake: 7.1.0 (/opt/ros/iron/share/rmw_implementation_cmake/cmake)
-- Found rmw_fastrtps_cpp: 7.1.4 (/opt/ros/iron/share/rmw_fastrtps_cpp/cmake)
-- Found OpenSSL: /usr/lib/x86_64-linux-gnu/libcrypto.so (found version "3.0.2")  
-- Found FastRTPS: /opt/ros/iron/include  
-- Using RMW implementation 'rmw_fastrtps_cpp' as default
-- Found std_msgs: 5.0.1 (/opt/ros/iron/share/std_msgs/cmake)
-- Found sensor_msgs: 5.0.1 (/opt/ros/iron/share/sensor_msgs/cmake)
-- Found tf2_ros: 0.31.8 (/opt/ros/iron/share/tf2_ros/cmake)
-- Found tf2_geometry_msgs: 0.31.8 (/opt/ros/iron/share/tf2_geometry_msgs/cmake)
-- Found eigen3_cmake_module: 0.2.2 (/opt/ros/iron/share/eigen3_cmake_module/cmake)
-- Found Eigen3: TRUE (found version "3.4.0") 
-- Ensuring Eigen3 include directory is part of orocos-kdl CMake target
-- Found nav2_msgs: 1.2.10 (/opt/ros/iron/share/nav2_msgs/cmake)
-- Found map_msgs: 2.2.0 (/opt/ros/iron/share/map_msgs/cmake)
-- Found visualization_msgs: 5.0.1 (/opt/ros/iron/share/visualization_msgs/cmake)
-- Found nav2_costmap_2d: 1.2.10 (/opt/ros/iron/share/nav2_costmap_2d/cmake)
-- Found ament_lint_auto: 0.14.4 (/opt/ros/iron/share/ament_lint_auto/cmake)
-- Found ament_cmake_gtest: 2.0.7 (/opt/ros/iron/share/ament_cmake_gtest/cmake)
-- Found gtest sources under '/opt/ros/iron/src/gtest_vendor': C++ tests using 'Google Test' will be built
-- Looking for pthread.h
-- Looking for pthread.h - found
-- Performing Test CMAKE_HAVE_LIBC_PTHREAD
-- Performing Test CMAKE_HAVE_LIBC_PTHREAD - Success
-- Found Threads: TRUE  
-- Added test 'cppcheck' to perform static code analysis on C / C++ code
-- Configured cppcheck include dirs: /home/duong/Arduino/ROS2_ServiceRobot/kaia_ws/src/m-explore-ros2/explore/include;$<BUILD_INTERFACE:/home/duong/Arduino/ROS2_ServiceRobot/kaia_ws/src/m-explore-ros2/explore/include>
-- Configured cppcheck exclude dirs and/or files: 
-- Added test 'flake8' to check Python code syntax and style conventions
-- Configured 'flake8' exclude dirs and/or files: 
-- Added test 'lint_cmake' to check CMake code style
-- Added test 'pep257' to check Python code against some of the docstring style conventions in PEP 257
-- Added test 'uncrustify' to check C / C++ code style
-- Configured uncrustify additional arguments: 
-- Added test 'xmllint' to check XML markup files
-- Configuring done
-- Generating done
-- Build files have been written to: /home/duong/Arduino/ROS2_ServiceRobot/kaia_ws/build/explore_lite
[ 20%] Building CXX object gtest/CMakeFiles/gtest_main.dir/src/gtest_main.cc.o
[ 20%] Building CXX object gtest/CMakeFiles/gtest.dir/src/gtest-all.cc.o
[ 40%] Building CXX object CMakeFiles/explore.dir/src/costmap_client.cpp.o
[ 40%] Building CXX object CMakeFiles/explore.dir/src/explore.cpp.o
[ 50%] Building CXX object CMakeFiles/explore.dir/src/frontier_search.cpp.o
[ 60%] Linking CXX static library libgtest_main.a
[ 60%] Built target gtest_main
[ 70%] Linking CXX static library libgtest.a
[ 70%] Built target gtest
[ 80%] Building CXX object CMakeFiles/test_explore.dir/test/test_explore.cpp.o
[ 90%] Linking CXX executable test_explore
[ 90%] Built target test_explore
[100%] Linking CXX executable explore
[100%] Built target explore
-- Install configuration: ""
-- Execute custom install script
-- Symlinking: /home/duong/Arduino/ROS2_ServiceRobot/kaia_ws/install/explore_lite/include/explore//costmap_client.h
-- Symlinking: /home/duong/Arduino/ROS2_ServiceRobot/kaia_ws/install/explore_lite/include/explore//costmap_tools.h
-- Symlinking: /home/duong/Arduino/ROS2_ServiceRobot/kaia_ws/install/explore_lite/include/explore//explore.h
-- Symlinking: /home/duong/Arduino/ROS2_ServiceRobot/kaia_ws/install/explore_lite/include/explore//frontier_search.h
-- Symlinking: /home/duong/Arduino/ROS2_ServiceRobot/kaia_ws/install/explore_lite/share/explore_lite/config/params.yaml
-- Symlinking: /home/duong/Arduino/ROS2_ServiceRobot/kaia_ws/install/explore_lite/share/explore_lite/config/params_costmap.yaml
-- Symlinking: /home/duong/Arduino/ROS2_ServiceRobot/kaia_ws/install/explore_lite/share/explore_lite/launch/explore.launch.py
-- Symlinking: /home/duong/Arduino/ROS2_ServiceRobot/kaia_ws/install/explore_lite/lib/explore_lite/explore
-- Symlinking: /home/duong/Arduino/ROS2_ServiceRobot/kaia_ws/install/explore_lite/share/ament_index/resource_index/package_run_dependencies/explore_lite
-- Symlinking: /home/duong/Arduino/ROS2_ServiceRobot/kaia_ws/install/explore_lite/share/ament_index/resource_index/parent_prefix_path/explore_lite
-- Symlinking: /home/duong/Arduino/ROS2_ServiceRobot/kaia_ws/install/explore_lite/share/explore_lite/environment/ament_prefix_path.sh
-- Symlinking: /home/duong/Arduino/ROS2_ServiceRobot/kaia_ws/install/explore_lite/share/explore_lite/environment/ament_prefix_path.dsv
-- Symlinking: /home/duong/Arduino/ROS2_ServiceRobot/kaia_ws/install/explore_lite/share/explore_lite/environment/path.sh
-- Symlinking: /home/duong/Arduino/ROS2_ServiceRobot/kaia_ws/install/explore_lite/share/explore_lite/environment/path.dsv
-- Symlinking: /home/duong/Arduino/ROS2_ServiceRobot/kaia_ws/install/explore_lite/share/explore_lite/local_setup.bash
-- Symlinking: /home/duong/Arduino/ROS2_ServiceRobot/kaia_ws/install/explore_lite/share/explore_lite/local_setup.sh
-- Symlinking: /home/duong/Arduino/ROS2_ServiceRobot/kaia_ws/install/explore_lite/share/explore_lite/local_setup.zsh
-- Symlinking: /home/duong/Arduino/ROS2_ServiceRobot/kaia_ws/install/explore_lite/share/explore_lite/local_setup.dsv
-- Symlinking: /home/duong/Arduino/ROS2_ServiceRobot/kaia_ws/install/explore_lite/share/explore_lite/package.dsv
-- Symlinking: /home/duong/Arduino/ROS2_ServiceRobot/kaia_ws/install/explore_lite/share/ament_index/resource_index/packages/explore_lite
-- Symlinking: /home/duong/Arduino/ROS2_ServiceRobot/kaia_ws/install/explore_lite/share/explore_lite/cmake/ament_cmake_export_include_directories-extras.cmake
-- Symlinking: /home/duong/Arduino/ROS2_ServiceRobot/kaia_ws/install/explore_lite/share/explore_lite/cmake/explore_liteConfig.cmake
-- Symlinking: /home/duong/Arduino/ROS2_ServiceRobot/kaia_ws/install/explore_lite/share/explore_lite/cmake/explore_liteConfig-version.cmake
-- Symlinking: /home/duong/Arduino/ROS2_ServiceRobot/kaia_ws/install/explore_lite/share/explore_lite/package.xml
