[2.847s] Invoking command in '/home/duong/kaia_ws/build/nav2_wfd': PYTHONPATH=/home/duong/kaia_ws/build/nav2_wfd/prefix_override:/usr/lib/python3/dist-packages/colcon_core/task/python/colcon_distutils_commands:/home/duong/kaia_ws/install/nav2_wfd/lib/python3.10/site-packages:${PYTHONPATH} /usr/bin/python3 -W ignore:setup.py install is deprecated -W ignore:easy_install command is deprecated setup.py develop --editable --build-directory /home/duong/kaia_ws/build/nav2_wfd/build --no-deps symlink_data
[3.354s] /usr/lib/python3/dist-packages/setuptools/dist.py:723: UserWarning: Usage of dash-separated 'script-dir' will not be supported in future versions. Please use the underscore name 'script_dir' instead
[3.354s]   warnings.warn(
[3.415s] running develop
[3.762s] running egg_info
[3.762s] creating nav2_wfd.egg-info
[3.763s] writing nav2_wfd.egg-info/PKG-INFO
[3.763s] writing dependency_links to nav2_wfd.egg-info/dependency_links.txt
[3.763s] writing entry points to nav2_wfd.egg-info/entry_points.txt
[3.764s] writing requirements to nav2_wfd.egg-info/requires.txt
[3.764s] writing top-level names to nav2_wfd.egg-info/top_level.txt
[3.764s] writing manifest file 'nav2_wfd.egg-info/SOURCES.txt'
[3.768s] reading manifest file 'nav2_wfd.egg-info/SOURCES.txt'
[3.769s] writing manifest file 'nav2_wfd.egg-info/SOURCES.txt'
[3.772s] running build_ext
[3.772s] Creating /home/duong/kaia_ws/install/nav2_wfd/lib/python3.10/site-packages/nav2-wfd.egg-link (link to .)
[3.774s] Installing explore script to /home/duong/kaia_ws/install/nav2_wfd/lib/nav2_wfd
[3.775s] 
[3.775s] Installed /home/duong/kaia_ws/build/nav2_wfd
[3.775s] running symlink_data
[3.776s] creating /home/duong/kaia_ws/install/nav2_wfd/share/ament_index
[3.776s] creating /home/duong/kaia_ws/install/nav2_wfd/share/ament_index/resource_index
[3.776s] creating /home/duong/kaia_ws/install/nav2_wfd/share/ament_index/resource_index/packages
[3.776s] symbolically linking /home/duong/kaia_ws/build/nav2_wfd/resource/nav2_wfd -> /home/duong/kaia_ws/install/nav2_wfd/share/ament_index/resource_index/packages
[3.776s] symbolically linking /home/duong/kaia_ws/build/nav2_wfd/package.xml -> /home/duong/kaia_ws/install/nav2_wfd/share/nav2_wfd
[3.866s] Invoked command in '/home/duong/kaia_ws/build/nav2_wfd' returned '0': PYTHONPATH=/home/duong/kaia_ws/build/nav2_wfd/prefix_override:/usr/lib/python3/dist-packages/colcon_core/task/python/colcon_distutils_commands:/home/duong/kaia_ws/install/nav2_wfd/lib/python3.10/site-packages:${PYTHONPATH} /usr/bin/python3 -W ignore:setup.py install is deprecated -W ignore:easy_install command is deprecated setup.py develop --editable --build-directory /home/duong/kaia_ws/build/nav2_wfd/build --no-deps symlink_data
