[0.000000] (-) TimerEvent: {}
[0.000110] (-) JobUnselected: {'identifier': 'auto_mapper'}
[0.000162] (-) JobUnselected: {'identifier': 'explore_lite'}
[0.000199] (-) JobUnselected: {'identifier': 'kaiaai'}
[0.000227] (-) JobUnselected: {'identifier': 'kaiaai_apps'}
[0.000353] (-) JobUnselected: {'identifier': 'kaiaai_bringup'}
[0.000403] (-) JobUnselected: {'identifier': 'kaiaai_gazebo'}
[0.000451] (-) JobUnselected: {'identifier': 'kaiaai_msgs'}
[0.000500] (-) JobUnselected: {'identifier': 'kaiaai_teleop'}
[0.000559] (-) JobUnselected: {'identifier': 'kaiaai_web'}
[0.000647] (-) JobUnselected: {'identifier': 'makerspet'}
[0.000676] (-) JobUnselected: {'identifier': 'makerspet_fido'}
[0.000703] (-) JobUnselected: {'identifier': 'makerspet_loki'}
[0.000741] (-) JobUnselected: {'identifier': 'makerspet_snoopy'}
[0.000767] (-) JobUnselected: {'identifier': 'nav2_wfd'}
[0.000792] (-) JobUnselected: {'identifier': 'robot_serving_bot'}
[0.000875] (makerspet_mini) JobQueued: {'identifier': 'makerspet_mini', 'dependencies': OrderedDict()}
[0.000911] (kaiaai_telemetry) JobQueued: {'identifier': 'kaiaai_telemetry', 'dependencies': OrderedDict([('kaiaai_msgs', '/home/duong/kaia_ws/install/kaiaai_msgs')])}
[0.000960] (makerspet_mini) JobStarted: {'identifier': 'makerspet_mini'}
[0.010277] (kaiaai_telemetry) JobStarted: {'identifier': 'kaiaai_telemetry'}
[0.019293] (makerspet_mini) JobProgress: {'identifier': 'makerspet_mini', 'progress': 'cmake'}
[0.021217] (makerspet_mini) JobProgress: {'identifier': 'makerspet_mini', 'progress': 'build'}
[0.021282] (makerspet_mini) Command: {'cmd': ['/usr/bin/cmake', '--build', '/home/duong/kaia_ws/build/makerspet_mini', '--', '-j12', '-l12'], 'cwd': '/home/duong/kaia_ws/build/makerspet_mini', 'env': OrderedDict([('GJS_DEBUG_TOPICS', 'JS ERROR;JS LOG'), ('npm_config_devdir', '/tmp/cursor-sandbox-cache/a4372f36c0774a65d27fc614897a7218/node-gyp'), ('LESSOPEN', '| /usr/bin/lesspipe %s'), ('VSCODE_CWD', '/home/duong'), ('CURSOR_EXTENSION_HOST_ROLE', 'agent-exec'), ('VSCODE_ESM_ENTRYPOINT', 'vs/workbench/api/node/extensionHostProcess'), ('PUPPETEER_CACHE_DIR', '/tmp/cursor-sandbox-cache/a4372f36c0774a65d27fc614897a7218/puppeteer'), ('LANGUAGE', 'vi:en'), ('USER', 'duong'), ('LC_TIME', 'vi_VN'), ('VSCODE_NLS_CONFIG', '{"userLocale":"vi","osLocale":"vi","resolvedLanguage":"en","defaultMessagesFile":"/usr/share/cursor/resources/app/out/nls.messages.json","locale":"vi","availableLanguages":{}}'), ('CARGO_TARGET_DIR', '/tmp/cursor-sandbox-cache/a4372f36c0774a65d27fc614897a7218/cargo-target'), ('CCACHE_DIR', '/tmp/cursor-sandbox-cache/a4372f36c0774a65d27fc614897a7218/ccache'), ('VSCODE_HANDLES_UNCAUGHT_ERRORS', 'true'), ('XDG_SESSION_TYPE', 'wayland'), ('CURSOR_RIPGREP_PATH', '/usr/share/cursor/resources/app/node_modules/@vscode/ripgrep/bin/rg'), ('PIP_CACHE_DIR', '/tmp/cursor-sandbox-cache/a4372f36c0774a65d27fc614897a7218/pip'), ('NUGET_PACKAGES', '/tmp/cursor-sandbox-cache/a4372f36c0774a65d27fc614897a7218/nuget'), ('HOMEBREW_CACHE', '/tmp/cursor-sandbox-cache/a4372f36c0774a65d27fc614897a7218/homebrew'), ('SHLVL', '0'), ('LD_LIBRARY_PATH', '/home/duong/kaia_ws/install/kaiaai_msgs/lib:/home/duong/uros_ws/install/micro_ros_agent/lib:/home/duong/uros_ws/install/micro_ros_msgs/lib:/usr/lib/x86_64-linux-gnu/gazebo-11/plugins:/opt/ros/iron/opt/rviz_ogre_vendor/lib:/opt/ros/iron/lib/x86_64-linux-gnu:/opt/ros/iron/lib'), ('HOME', '/home/duong'), ('CHROME_DESKTOP', 'cursor.desktop'), ('OLDPWD', '/home/duong/kaia_ws'), ('DESKTOP_SESSION', 'ubuntu'), ('VSCODE_IPC_HOOK', '/run/user/1000/vscode-d90574cd-3.0.-main.sock'), ('GIO_LAUNCHED_DESKTOP_FILE', '/usr/share/applications/cursor.desktop'), ('ROS_PYTHON_VERSION', '3'), ('GNOME_SHELL_SESSION_MODE', 'ubuntu'), ('GTK_MODULES', 'gail:atk-bridge'), ('CURSOR_ORIG_UID', '1000'), ('LC_MONETARY', 'vi_VN'), ('CURSOR_WORKSPACE_LABEL', 'kaiaai-esp32'), ('MANAGERPID', '1559'), ('SYSTEMD_EXEC_PID', '1940'), ('IM_CONFIG_CHECK_ENV', '1'), ('NO_COLOR', '1'), ('CONDA_PKGS_DIRS', '/tmp/cursor-sandbox-cache/a4372f36c0774a65d27fc614897a7218/conda'), ('DBUS_SESSION_BUS_ADDRESS', 'unix:path=/run/user/1000/bus'), ('GIO_LAUNCHED_DESKTOP_FILE_PID', '3281'), ('VSCODE_CRASH_REPORTER_PROCESS_TYPE', 'extensionHost'), ('COMPOSER_HOME', '/tmp/cursor-sandbox-cache/a4372f36c0774a65d27fc614897a7218/composer'), ('IM_CONFIG_PHASE', '1'), ('WAYLAND_DISPLAY', 'wayland-0'), ('COLCON_PREFIX_PATH', '/home/duong/uros_ws/install:/home/duong/kaia_ws/install'), ('ROS_DISTRO', 'iron'), ('LOGNAME', 'duong'), ('FORCE_COLOR', '0'), ('JOURNAL_STREAM', '8:8953'), ('BUN_INSTALL_CACHE_DIR', '/tmp/cursor-sandbox-cache/a4372f36c0774a65d27fc614897a7218/bun'), ('_', '/usr/bin/colcon'), ('ROS_VERSION', '2'), ('CURSOR_LAYOUT', 'unifiedAgent'), ('GOMODCACHE', '/tmp/cursor-sandbox-cache/a4372f36c0774a65d27fc614897a7218/go-mod'), ('XDG_SESSION_CLASS', 'user'), ('USERNAME', 'duong'), ('CP_HOME_DIR', '/tmp/cursor-sandbox-cache/a4372f36c0774a65d27fc614897a7218/cocoapods'), ('TERM', 'dumb'), ('GNOME_DESKTOP_SESSION_ID', 'this-is-deprecated'), ('FC_FONTATIONS', '1'), ('POETRY_CACHE_DIR', '/tmp/cursor-sandbox-cache/a4372f36c0774a65d27fc614897a7218/poetry'), ('PATH', '/home/duong/.local/bin:/home/duong/.local/bin:/opt/ros/iron/bin:/home/duong/.local/bin:/usr/local/sbin:/usr/local/bin:/usr/sbin:/usr/bin:/sbin:/bin:/usr/games:/usr/local/games:/snap/bin:/snap/bin'), ('SESSION_MANAGER', 'local/duong-ThinkPad-X13-Gen-1:@/tmp/.ICE-unix/1916,unix/duong-ThinkPad-X13-Gen-1:/tmp/.ICE-unix/1916'), ('YARN_CACHE_FOLDER', '/tmp/cursor-sandbox-cache/a4372f36c0774a65d27fc614897a7218/yarn'), ('INVOCATION_ID', '8d4ca0d22152428fb1a7c62439c2d1b6'), ('PAPERSIZE', 'a4'), ('UV_CACHE_DIR', '/tmp/cursor-sandbox-cache/a4372f36c0774a65d27fc614897a7218/uv'), ('XDG_MENU_PREFIX', 'gnome-'), ('LC_ADDRESS', 'vi_VN'), ('VSCODE_PROCESS_TITLE', 'extension-host (agent-exec) kaiaai-esp32 [1-8]'), ('PLAYWRIGHT_BROWSERS_PATH', '/tmp/cursor-sandbox-cache/a4372f36c0774a65d27fc614897a7218/playwright'), ('GNOME_SETUP_DISPLAY', ':1'), ('XDG_RUNTIME_DIR', '/run/user/1000'), ('BUNDLE_PATH', '/tmp/cursor-sandbox-cache/a4372f36c0774a65d27fc614897a7218/bundle'), ('GDK_BACKEND', 'wayland'), ('CURSOR_AGENT', '1'), ('DISPLAY', ':0'), ('LANG', 'vi_VN.UTF-8'), ('XDG_CURRENT_DESKTOP', 'ubuntu:GNOME'), ('NX_CACHE_DIRECTORY', '/tmp/cursor-sandbox-cache/a4372f36c0774a65d27fc614897a7218/nx'), ('LC_TELEPHONE', 'vi_VN'), ('XMODIFIERS', '@im=ibus'), ('XDG_SESSION_DESKTOP', 'ubuntu'), ('XAUTHORITY', '/run/user/1000/.mutter-Xwaylandauth.7T5FP3'), ('LS_COLORS', ''), ('CYPRESS_CACHE_FOLDER', '/tmp/cursor-sandbox-cache/a4372f36c0774a65d27fc614897a7218/cypress'), ('SSH_AGENT_LAUNCHER', 'gnome-keyring'), ('SSH_AUTH_SOCK', '/run/user/1000/keyring/ssh'), ('PNPM_STORE_PATH', '/tmp/cursor-sandbox-cache/a4372f36c0774a65d27fc614897a7218/pnpm-store'), ('AMENT_PREFIX_PATH', '/home/duong/kaia_ws/install/robot_serving_bot:/home/duong/kaia_ws/install/nav2_wfd:/home/duong/kaia_ws/install/kaiaai_bringup:/home/duong/kaia_ws/install/makerspet_snoopy:/home/duong/kaia_ws/install/makerspet_mini:/home/duong/kaia_ws/install/makerspet_loki:/home/duong/kaia_ws/install/makerspet_fido:/home/duong/kaia_ws/install/makerspet:/home/duong/kaia_ws/install/kaiaai_web:/home/duong/kaia_ws/install/kaiaai_teleop:/home/duong/kaia_ws/install/kaiaai_telemetry:/home/duong/kaia_ws/install/kaiaai_msgs:/home/duong/kaia_ws/install/kaiaai_gazebo:/home/duong/kaia_ws/install/kaiaai_apps:/home/duong/kaia_ws/install/kaiaai:/home/duong/kaia_ws/install/explore_lite:/home/duong/kaia_ws/install/auto_mapper:/home/duong/uros_ws/install/micro_ros_setup:/home/duong/uros_ws/install/micro_ros_agent:/home/duong/uros_ws/install/micro_ros_msgs:/opt/ros/iron'), ('SHELL', '/bin/bash'), ('LC_NAME', 'vi_VN'), ('GOCACHE', '/tmp/cursor-sandbox-cache/a4372f36c0774a65d27fc614897a7218/go-build'), ('QT_ACCESSIBILITY', '1'), ('ELECTRON_RUN_AS_NODE', '1'), ('GDMSESSION', 'ubuntu'), ('LESSCLOSE', '/usr/bin/lesspipe %s %s'), ('LC_MEASUREMENT', 'vi_VN'), ('GJS_DEBUG_OUTPUT', 'stderr'), ('LC_IDENTIFICATION', 'vi_VN'), ('ROS_AUTOMATIC_DISCOVERY_RANGE', 'SUBNET'), ('QT_IM_MODULE', 'ibus'), ('NPM_CONFIG_CACHE', '/tmp/cursor-sandbox-cache/a4372f36c0774a65d27fc614897a7218/npm'), ('PWD', '/home/duong/kaia_ws/build/makerspet_mini'), ('GRADLE_USER_HOME', '/tmp/cursor-sandbox-cache/a4372f36c0774a65d27fc614897a7218/gradle'), ('XDG_CONFIG_DIRS', '/etc/xdg/xdg-ubuntu:/etc/xdg'), ('VSCODE_CODE_CACHE_PATH', '/home/duong/.config/Cursor/CachedData/a80ff7dfcaa45d7750f6e30be457261379c29b00'), ('CURSOR_ORIG_GID', '1000'), ('XDG_DATA_DIRS', '/usr/share/ubuntu:/usr/local/share/:/usr/share/:/var/lib/snapd/desktop'), ('PYTHONPATH', '/home/duong/kaia_ws/build/nav2_wfd:/home/duong/kaia_ws/install/nav2_wfd/lib/python3.10/site-packages:/home/duong/kaia_ws/build/makerspet:/home/duong/kaia_ws/install/makerspet/lib/python3.10/site-packages:/home/duong/kaia_ws/build/kaiaai_web:/home/duong/kaia_ws/install/kaiaai_web/lib/python3.10/site-packages:/home/duong/kaia_ws/build/kaiaai_teleop:/home/duong/kaia_ws/install/kaiaai_teleop/lib/python3.10/site-packages:/home/duong/kaia_ws/install/kaiaai_msgs/lib/python3.10/site-packages:/home/duong/kaia_ws/build/kaiaai_apps:/home/duong/kaia_ws/install/kaiaai_apps/lib/python3.10/site-packages:/home/duong/kaia_ws/build/kaiaai:/home/duong/kaia_ws/install/kaiaai/lib/python3.10/site-packages:/home/duong/uros_ws/install/micro_ros_msgs/lib/python3.10/site-packages:/opt/ros/iron/lib/python3.10/site-packages'), ('LC_NUMERIC', 'vi_VN'), ('TURBO_CACHE_DIR', '/tmp/cursor-sandbox-cache/a4372f36c0774a65d27fc614897a7218/turbo'), ('LC_PAPER', 'vi_VN'), ('COLCON', '1'), ('_ZO_DOCTOR', '0'), ('GEM_SPEC_CACHE', '/tmp/cursor-sandbox-cache/a4372f36c0774a65d27fc614897a7218/gem-specs'), ('CMAKE_PREFIX_PATH', '/home/duong/kaia_ws/install/robot_serving_bot:/home/duong/kaia_ws/install/kaiaai_bringup:/home/duong/kaia_ws/install/makerspet_snoopy:/home/duong/kaia_ws/install/makerspet_mini:/home/duong/kaia_ws/install/makerspet_loki:/home/duong/kaia_ws/install/makerspet_fido:/home/duong/kaia_ws/install/kaiaai_telemetry:/home/duong/kaia_ws/install/kaiaai_msgs:/home/duong/kaia_ws/install/kaiaai_gazebo:/home/duong/kaia_ws/install/explore_lite:/home/duong/kaia_ws/install/auto_mapper:/home/duong/uros_ws/install/micro_ros_setup:/home/duong/uros_ws/install/micro_ros_agent:/home/duong/uros_ws/install/micro_ros_msgs:/home/duong/kaia_ws/install/nav2_wfd:/home/duong/kaia_ws/install/makerspet:/home/duong/kaia_ws/install/kaiaai_web:/home/duong/kaia_ws/install/kaiaai_teleop:/home/duong/kaia_ws/install/kaiaai_apps:/home/duong/kaia_ws/install/kaiaai:/opt/ros/iron'), ('VSCODE_PID', '3281')]), 'shell': False}
[0.027753] (kaiaai_telemetry) JobProgress: {'identifier': 'kaiaai_telemetry', 'progress': 'cmake'}
[0.029213] (kaiaai_telemetry) JobProgress: {'identifier': 'kaiaai_telemetry', 'progress': 'build'}
[0.029328] (kaiaai_telemetry) Command: {'cmd': ['/usr/bin/cmake', '--build', '/home/duong/kaia_ws/build/kaiaai_telemetry', '--', '-j12', '-l12'], 'cwd': '/home/duong/kaia_ws/build/kaiaai_telemetry', 'env': OrderedDict([('GJS_DEBUG_TOPICS', 'JS ERROR;JS LOG'), ('npm_config_devdir', '/tmp/cursor-sandbox-cache/a4372f36c0774a65d27fc614897a7218/node-gyp'), ('LESSOPEN', '| /usr/bin/lesspipe %s'), ('VSCODE_CWD', '/home/duong'), ('CURSOR_EXTENSION_HOST_ROLE', 'agent-exec'), ('VSCODE_ESM_ENTRYPOINT', 'vs/workbench/api/node/extensionHostProcess'), ('PUPPETEER_CACHE_DIR', '/tmp/cursor-sandbox-cache/a4372f36c0774a65d27fc614897a7218/puppeteer'), ('LANGUAGE', 'vi:en'), ('USER', 'duong'), ('LC_TIME', 'vi_VN'), ('VSCODE_NLS_CONFIG', '{"userLocale":"vi","osLocale":"vi","resolvedLanguage":"en","defaultMessagesFile":"/usr/share/cursor/resources/app/out/nls.messages.json","locale":"vi","availableLanguages":{}}'), ('CARGO_TARGET_DIR', '/tmp/cursor-sandbox-cache/a4372f36c0774a65d27fc614897a7218/cargo-target'), ('CCACHE_DIR', '/tmp/cursor-sandbox-cache/a4372f36c0774a65d27fc614897a7218/ccache'), ('VSCODE_HANDLES_UNCAUGHT_ERRORS', 'true'), ('XDG_SESSION_TYPE', 'wayland'), ('CURSOR_RIPGREP_PATH', '/usr/share/cursor/resources/app/node_modules/@vscode/ripgrep/bin/rg'), ('PIP_CACHE_DIR', '/tmp/cursor-sandbox-cache/a4372f36c0774a65d27fc614897a7218/pip'), ('NUGET_PACKAGES', '/tmp/cursor-sandbox-cache/a4372f36c0774a65d27fc614897a7218/nuget'), ('HOMEBREW_CACHE', '/tmp/cursor-sandbox-cache/a4372f36c0774a65d27fc614897a7218/homebrew'), ('SHLVL', '0'), ('LD_LIBRARY_PATH', '/home/duong/kaia_ws/install/kaiaai_msgs/lib:/home/duong/uros_ws/install/micro_ros_agent/lib:/home/duong/uros_ws/install/micro_ros_msgs/lib:/usr/lib/x86_64-linux-gnu/gazebo-11/plugins:/opt/ros/iron/opt/rviz_ogre_vendor/lib:/opt/ros/iron/lib/x86_64-linux-gnu:/opt/ros/iron/lib'), ('HOME', '/home/duong'), ('CHROME_DESKTOP', 'cursor.desktop'), ('OLDPWD', '/home/duong/kaia_ws'), ('DESKTOP_SESSION', 'ubuntu'), ('VSCODE_IPC_HOOK', '/run/user/1000/vscode-d90574cd-3.0.-main.sock'), ('GIO_LAUNCHED_DESKTOP_FILE', '/usr/share/applications/cursor.desktop'), ('ROS_PYTHON_VERSION', '3'), ('GNOME_SHELL_SESSION_MODE', 'ubuntu'), ('GTK_MODULES', 'gail:atk-bridge'), ('CURSOR_ORIG_UID', '1000'), ('LC_MONETARY', 'vi_VN'), ('CURSOR_WORKSPACE_LABEL', 'kaiaai-esp32'), ('MANAGERPID', '1559'), ('SYSTEMD_EXEC_PID', '1940'), ('IM_CONFIG_CHECK_ENV', '1'), ('NO_COLOR', '1'), ('CONDA_PKGS_DIRS', '/tmp/cursor-sandbox-cache/a4372f36c0774a65d27fc614897a7218/conda'), ('DBUS_SESSION_BUS_ADDRESS', 'unix:path=/run/user/1000/bus'), ('GIO_LAUNCHED_DESKTOP_FILE_PID', '3281'), ('VSCODE_CRASH_REPORTER_PROCESS_TYPE', 'extensionHost'), ('COMPOSER_HOME', '/tmp/cursor-sandbox-cache/a4372f36c0774a65d27fc614897a7218/composer'), ('IM_CONFIG_PHASE', '1'), ('WAYLAND_DISPLAY', 'wayland-0'), ('COLCON_PREFIX_PATH', '/home/duong/uros_ws/install:/home/duong/kaia_ws/install'), ('ROS_DISTRO', 'iron'), ('LOGNAME', 'duong'), ('FORCE_COLOR', '0'), ('JOURNAL_STREAM', '8:8953'), ('BUN_INSTALL_CACHE_DIR', '/tmp/cursor-sandbox-cache/a4372f36c0774a65d27fc614897a7218/bun'), ('_', '/usr/bin/colcon'), ('ROS_VERSION', '2'), ('CURSOR_LAYOUT', 'unifiedAgent'), ('GOMODCACHE', '/tmp/cursor-sandbox-cache/a4372f36c0774a65d27fc614897a7218/go-mod'), ('XDG_SESSION_CLASS', 'user'), ('USERNAME', 'duong'), ('CP_HOME_DIR', '/tmp/cursor-sandbox-cache/a4372f36c0774a65d27fc614897a7218/cocoapods'), ('TERM', 'dumb'), ('GNOME_DESKTOP_SESSION_ID', 'this-is-deprecated'), ('FC_FONTATIONS', '1'), ('POETRY_CACHE_DIR', '/tmp/cursor-sandbox-cache/a4372f36c0774a65d27fc614897a7218/poetry'), ('PATH', '/home/duong/.local/bin:/home/duong/.local/bin:/opt/ros/iron/bin:/home/duong/.local/bin:/usr/local/sbin:/usr/local/bin:/usr/sbin:/usr/bin:/sbin:/bin:/usr/games:/usr/local/games:/snap/bin:/snap/bin'), ('SESSION_MANAGER', 'local/duong-ThinkPad-X13-Gen-1:@/tmp/.ICE-unix/1916,unix/duong-ThinkPad-X13-Gen-1:/tmp/.ICE-unix/1916'), ('YARN_CACHE_FOLDER', '/tmp/cursor-sandbox-cache/a4372f36c0774a65d27fc614897a7218/yarn'), ('INVOCATION_ID', '8d4ca0d22152428fb1a7c62439c2d1b6'), ('PAPERSIZE', 'a4'), ('UV_CACHE_DIR', '/tmp/cursor-sandbox-cache/a4372f36c0774a65d27fc614897a7218/uv'), ('XDG_MENU_PREFIX', 'gnome-'), ('LC_ADDRESS', 'vi_VN'), ('VSCODE_PROCESS_TITLE', 'extension-host (agent-exec) kaiaai-esp32 [1-8]'), ('PLAYWRIGHT_BROWSERS_PATH', '/tmp/cursor-sandbox-cache/a4372f36c0774a65d27fc614897a7218/playwright'), ('GNOME_SETUP_DISPLAY', ':1'), ('XDG_RUNTIME_DIR', '/run/user/1000'), ('BUNDLE_PATH', '/tmp/cursor-sandbox-cache/a4372f36c0774a65d27fc614897a7218/bundle'), ('GDK_BACKEND', 'wayland'), ('CURSOR_AGENT', '1'), ('DISPLAY', ':0'), ('LANG', 'vi_VN.UTF-8'), ('XDG_CURRENT_DESKTOP', 'ubuntu:GNOME'), ('NX_CACHE_DIRECTORY', '/tmp/cursor-sandbox-cache/a4372f36c0774a65d27fc614897a7218/nx'), ('LC_TELEPHONE', 'vi_VN'), ('XMODIFIERS', '@im=ibus'), ('XDG_SESSION_DESKTOP', 'ubuntu'), ('XAUTHORITY', '/run/user/1000/.mutter-Xwaylandauth.7T5FP3'), ('LS_COLORS', ''), ('CYPRESS_CACHE_FOLDER', '/tmp/cursor-sandbox-cache/a4372f36c0774a65d27fc614897a7218/cypress'), ('SSH_AGENT_LAUNCHER', 'gnome-keyring'), ('SSH_AUTH_SOCK', '/run/user/1000/keyring/ssh'), ('PNPM_STORE_PATH', '/tmp/cursor-sandbox-cache/a4372f36c0774a65d27fc614897a7218/pnpm-store'), ('AMENT_PREFIX_PATH', '/home/duong/kaia_ws/install/robot_serving_bot:/home/duong/kaia_ws/install/nav2_wfd:/home/duong/kaia_ws/install/kaiaai_bringup:/home/duong/kaia_ws/install/makerspet_snoopy:/home/duong/kaia_ws/install/makerspet_mini:/home/duong/kaia_ws/install/makerspet_loki:/home/duong/kaia_ws/install/makerspet_fido:/home/duong/kaia_ws/install/makerspet:/home/duong/kaia_ws/install/kaiaai_web:/home/duong/kaia_ws/install/kaiaai_teleop:/home/duong/kaia_ws/install/kaiaai_telemetry:/home/duong/kaia_ws/install/kaiaai_msgs:/home/duong/kaia_ws/install/kaiaai_gazebo:/home/duong/kaia_ws/install/kaiaai_apps:/home/duong/kaia_ws/install/kaiaai:/home/duong/kaia_ws/install/explore_lite:/home/duong/kaia_ws/install/auto_mapper:/home/duong/uros_ws/install/micro_ros_setup:/home/duong/uros_ws/install/micro_ros_agent:/home/duong/uros_ws/install/micro_ros_msgs:/opt/ros/iron'), ('SHELL', '/bin/bash'), ('LC_NAME', 'vi_VN'), ('GOCACHE', '/tmp/cursor-sandbox-cache/a4372f36c0774a65d27fc614897a7218/go-build'), ('QT_ACCESSIBILITY', '1'), ('ELECTRON_RUN_AS_NODE', '1'), ('GDMSESSION', 'ubuntu'), ('LESSCLOSE', '/usr/bin/lesspipe %s %s'), ('LC_MEASUREMENT', 'vi_VN'), ('GJS_DEBUG_OUTPUT', 'stderr'), ('LC_IDENTIFICATION', 'vi_VN'), ('ROS_AUTOMATIC_DISCOVERY_RANGE', 'SUBNET'), ('QT_IM_MODULE', 'ibus'), ('NPM_CONFIG_CACHE', '/tmp/cursor-sandbox-cache/a4372f36c0774a65d27fc614897a7218/npm'), ('PWD', '/home/duong/kaia_ws/build/kaiaai_telemetry'), ('GRADLE_USER_HOME', '/tmp/cursor-sandbox-cache/a4372f36c0774a65d27fc614897a7218/gradle'), ('XDG_CONFIG_DIRS', '/etc/xdg/xdg-ubuntu:/etc/xdg'), ('VSCODE_CODE_CACHE_PATH', '/home/duong/.config/Cursor/CachedData/a80ff7dfcaa45d7750f6e30be457261379c29b00'), ('CURSOR_ORIG_GID', '1000'), ('XDG_DATA_DIRS', '/usr/share/ubuntu:/usr/local/share/:/usr/share/:/var/lib/snapd/desktop'), ('PYTHONPATH', '/home/duong/kaia_ws/install/kaiaai_msgs/lib/python3.10/site-packages:/home/duong/kaia_ws/build/nav2_wfd:/home/duong/kaia_ws/install/nav2_wfd/lib/python3.10/site-packages:/home/duong/kaia_ws/build/makerspet:/home/duong/kaia_ws/install/makerspet/lib/python3.10/site-packages:/home/duong/kaia_ws/build/kaiaai_web:/home/duong/kaia_ws/install/kaiaai_web/lib/python3.10/site-packages:/home/duong/kaia_ws/build/kaiaai_teleop:/home/duong/kaia_ws/install/kaiaai_teleop/lib/python3.10/site-packages:/home/duong/kaia_ws/build/kaiaai_apps:/home/duong/kaia_ws/install/kaiaai_apps/lib/python3.10/site-packages:/home/duong/kaia_ws/build/kaiaai:/home/duong/kaia_ws/install/kaiaai/lib/python3.10/site-packages:/home/duong/uros_ws/install/micro_ros_msgs/lib/python3.10/site-packages:/opt/ros/iron/lib/python3.10/site-packages'), ('LC_NUMERIC', 'vi_VN'), ('TURBO_CACHE_DIR', '/tmp/cursor-sandbox-cache/a4372f36c0774a65d27fc614897a7218/turbo'), ('LC_PAPER', 'vi_VN'), ('COLCON', '1'), ('_ZO_DOCTOR', '0'), ('GEM_SPEC_CACHE', '/tmp/cursor-sandbox-cache/a4372f36c0774a65d27fc614897a7218/gem-specs'), ('CMAKE_PREFIX_PATH', '/home/duong/kaia_ws/install/kaiaai_msgs:/home/duong/kaia_ws/install/robot_serving_bot:/home/duong/kaia_ws/install/kaiaai_bringup:/home/duong/kaia_ws/install/makerspet_snoopy:/home/duong/kaia_ws/install/makerspet_mini:/home/duong/kaia_ws/install/makerspet_loki:/home/duong/kaia_ws/install/makerspet_fido:/home/duong/kaia_ws/install/kaiaai_telemetry:/home/duong/kaia_ws/install/kaiaai_gazebo:/home/duong/kaia_ws/install/explore_lite:/home/duong/kaia_ws/install/auto_mapper:/home/duong/uros_ws/install/micro_ros_setup:/home/duong/uros_ws/install/micro_ros_agent:/home/duong/uros_ws/install/micro_ros_msgs:/home/duong/kaia_ws/install/nav2_wfd:/home/duong/kaia_ws/install/makerspet:/home/duong/kaia_ws/install/kaiaai_web:/home/duong/kaia_ws/install/kaiaai_teleop:/home/duong/kaia_ws/install/kaiaai_apps:/home/duong/kaia_ws/install/kaiaai:/opt/ros/iron'), ('VSCODE_PID', '3281')]), 'shell': False}
[0.087359] (makerspet_mini) CommandEnded: {'returncode': 0}
[0.088347] (makerspet_mini) JobProgress: {'identifier': 'makerspet_mini', 'progress': 'install'}
[0.099111] (-) TimerEvent: {}
[0.101746] (makerspet_mini) Command: {'cmd': ['/usr/bin/cmake', '--install', '/home/duong/kaia_ws/build/makerspet_mini'], 'cwd': '/home/duong/kaia_ws/build/makerspet_mini', 'env': OrderedDict([('GJS_DEBUG_TOPICS', 'JS ERROR;JS LOG'), ('npm_config_devdir', '/tmp/cursor-sandbox-cache/a4372f36c0774a65d27fc614897a7218/node-gyp'), ('LESSOPEN', '| /usr/bin/lesspipe %s'), ('VSCODE_CWD', '/home/duong'), ('CURSOR_EXTENSION_HOST_ROLE', 'agent-exec'), ('VSCODE_ESM_ENTRYPOINT', 'vs/workbench/api/node/extensionHostProcess'), ('PUPPETEER_CACHE_DIR', '/tmp/cursor-sandbox-cache/a4372f36c0774a65d27fc614897a7218/puppeteer'), ('LANGUAGE', 'vi:en'), ('USER', 'duong'), ('LC_TIME', 'vi_VN'), ('VSCODE_NLS_CONFIG', '{"userLocale":"vi","osLocale":"vi","resolvedLanguage":"en","defaultMessagesFile":"/usr/share/cursor/resources/app/out/nls.messages.json","locale":"vi","availableLanguages":{}}'), ('CARGO_TARGET_DIR', '/tmp/cursor-sandbox-cache/a4372f36c0774a65d27fc614897a7218/cargo-target'), ('CCACHE_DIR', '/tmp/cursor-sandbox-cache/a4372f36c0774a65d27fc614897a7218/ccache'), ('VSCODE_HANDLES_UNCAUGHT_ERRORS', 'true'), ('XDG_SESSION_TYPE', 'wayland'), ('CURSOR_RIPGREP_PATH', '/usr/share/cursor/resources/app/node_modules/@vscode/ripgrep/bin/rg'), ('PIP_CACHE_DIR', '/tmp/cursor-sandbox-cache/a4372f36c0774a65d27fc614897a7218/pip'), ('NUGET_PACKAGES', '/tmp/cursor-sandbox-cache/a4372f36c0774a65d27fc614897a7218/nuget'), ('HOMEBREW_CACHE', '/tmp/cursor-sandbox-cache/a4372f36c0774a65d27fc614897a7218/homebrew'), ('SHLVL', '0'), ('LD_LIBRARY_PATH', '/home/duong/kaia_ws/install/kaiaai_msgs/lib:/home/duong/uros_ws/install/micro_ros_agent/lib:/home/duong/uros_ws/install/micro_ros_msgs/lib:/usr/lib/x86_64-linux-gnu/gazebo-11/plugins:/opt/ros/iron/opt/rviz_ogre_vendor/lib:/opt/ros/iron/lib/x86_64-linux-gnu:/opt/ros/iron/lib'), ('HOME', '/home/duong'), ('CHROME_DESKTOP', 'cursor.desktop'), ('OLDPWD', '/home/duong/kaia_ws'), ('DESKTOP_SESSION', 'ubuntu'), ('VSCODE_IPC_HOOK', '/run/user/1000/vscode-d90574cd-3.0.-main.sock'), ('GIO_LAUNCHED_DESKTOP_FILE', '/usr/share/applications/cursor.desktop'), ('ROS_PYTHON_VERSION', '3'), ('GNOME_SHELL_SESSION_MODE', 'ubuntu'), ('GTK_MODULES', 'gail:atk-bridge'), ('CURSOR_ORIG_UID', '1000'), ('LC_MONETARY', 'vi_VN'), ('CURSOR_WORKSPACE_LABEL', 'kaiaai-esp32'), ('MANAGERPID', '1559'), ('SYSTEMD_EXEC_PID', '1940'), ('IM_CONFIG_CHECK_ENV', '1'), ('NO_COLOR', '1'), ('CONDA_PKGS_DIRS', '/tmp/cursor-sandbox-cache/a4372f36c0774a65d27fc614897a7218/conda'), ('DBUS_SESSION_BUS_ADDRESS', 'unix:path=/run/user/1000/bus'), ('GIO_LAUNCHED_DESKTOP_FILE_PID', '3281'), ('VSCODE_CRASH_REPORTER_PROCESS_TYPE', 'extensionHost'), ('COMPOSER_HOME', '/tmp/cursor-sandbox-cache/a4372f36c0774a65d27fc614897a7218/composer'), ('IM_CONFIG_PHASE', '1'), ('WAYLAND_DISPLAY', 'wayland-0'), ('COLCON_PREFIX_PATH', '/home/duong/uros_ws/install:/home/duong/kaia_ws/install'), ('ROS_DISTRO', 'iron'), ('LOGNAME', 'duong'), ('FORCE_COLOR', '0'), ('JOURNAL_STREAM', '8:8953'), ('BUN_INSTALL_CACHE_DIR', '/tmp/cursor-sandbox-cache/a4372f36c0774a65d27fc614897a7218/bun'), ('_', '/usr/bin/colcon'), ('ROS_VERSION', '2'), ('CURSOR_LAYOUT', 'unifiedAgent'), ('GOMODCACHE', '/tmp/cursor-sandbox-cache/a4372f36c0774a65d27fc614897a7218/go-mod'), ('XDG_SESSION_CLASS', 'user'), ('USERNAME', 'duong'), ('CP_HOME_DIR', '/tmp/cursor-sandbox-cache/a4372f36c0774a65d27fc614897a7218/cocoapods'), ('TERM', 'dumb'), ('GNOME_DESKTOP_SESSION_ID', 'this-is-deprecated'), ('FC_FONTATIONS', '1'), ('POETRY_CACHE_DIR', '/tmp/cursor-sandbox-cache/a4372f36c0774a65d27fc614897a7218/poetry'), ('PATH', '/home/duong/.local/bin:/home/duong/.local/bin:/opt/ros/iron/bin:/home/duong/.local/bin:/usr/local/sbin:/usr/local/bin:/usr/sbin:/usr/bin:/sbin:/bin:/usr/games:/usr/local/games:/snap/bin:/snap/bin'), ('SESSION_MANAGER', 'local/duong-ThinkPad-X13-Gen-1:@/tmp/.ICE-unix/1916,unix/duong-ThinkPad-X13-Gen-1:/tmp/.ICE-unix/1916'), ('YARN_CACHE_FOLDER', '/tmp/cursor-sandbox-cache/a4372f36c0774a65d27fc614897a7218/yarn'), ('INVOCATION_ID', '8d4ca0d22152428fb1a7c62439c2d1b6'), ('PAPERSIZE', 'a4'), ('UV_CACHE_DIR', '/tmp/cursor-sandbox-cache/a4372f36c0774a65d27fc614897a7218/uv'), ('XDG_MENU_PREFIX', 'gnome-'), ('LC_ADDRESS', 'vi_VN'), ('VSCODE_PROCESS_TITLE', 'extension-host (agent-exec) kaiaai-esp32 [1-8]'), ('PLAYWRIGHT_BROWSERS_PATH', '/tmp/cursor-sandbox-cache/a4372f36c0774a65d27fc614897a7218/playwright'), ('GNOME_SETUP_DISPLAY', ':1'), ('XDG_RUNTIME_DIR', '/run/user/1000'), ('BUNDLE_PATH', '/tmp/cursor-sandbox-cache/a4372f36c0774a65d27fc614897a7218/bundle'), ('GDK_BACKEND', 'wayland'), ('CURSOR_AGENT', '1'), ('DISPLAY', ':0'), ('LANG', 'vi_VN.UTF-8'), ('XDG_CURRENT_DESKTOP', 'ubuntu:GNOME'), ('NX_CACHE_DIRECTORY', '/tmp/cursor-sandbox-cache/a4372f36c0774a65d27fc614897a7218/nx'), ('LC_TELEPHONE', 'vi_VN'), ('XMODIFIERS', '@im=ibus'), ('XDG_SESSION_DESKTOP', 'ubuntu'), ('XAUTHORITY', '/run/user/1000/.mutter-Xwaylandauth.7T5FP3'), ('LS_COLORS', ''), ('CYPRESS_CACHE_FOLDER', '/tmp/cursor-sandbox-cache/a4372f36c0774a65d27fc614897a7218/cypress'), ('SSH_AGENT_LAUNCHER', 'gnome-keyring'), ('SSH_AUTH_SOCK', '/run/user/1000/keyring/ssh'), ('PNPM_STORE_PATH', '/tmp/cursor-sandbox-cache/a4372f36c0774a65d27fc614897a7218/pnpm-store'), ('AMENT_PREFIX_PATH', '/home/duong/kaia_ws/install/robot_serving_bot:/home/duong/kaia_ws/install/nav2_wfd:/home/duong/kaia_ws/install/kaiaai_bringup:/home/duong/kaia_ws/install/makerspet_snoopy:/home/duong/kaia_ws/install/makerspet_mini:/home/duong/kaia_ws/install/makerspet_loki:/home/duong/kaia_ws/install/makerspet_fido:/home/duong/kaia_ws/install/makerspet:/home/duong/kaia_ws/install/kaiaai_web:/home/duong/kaia_ws/install/kaiaai_teleop:/home/duong/kaia_ws/install/kaiaai_telemetry:/home/duong/kaia_ws/install/kaiaai_msgs:/home/duong/kaia_ws/install/kaiaai_gazebo:/home/duong/kaia_ws/install/kaiaai_apps:/home/duong/kaia_ws/install/kaiaai:/home/duong/kaia_ws/install/explore_lite:/home/duong/kaia_ws/install/auto_mapper:/home/duong/uros_ws/install/micro_ros_setup:/home/duong/uros_ws/install/micro_ros_agent:/home/duong/uros_ws/install/micro_ros_msgs:/opt/ros/iron'), ('SHELL', '/bin/bash'), ('LC_NAME', 'vi_VN'), ('GOCACHE', '/tmp/cursor-sandbox-cache/a4372f36c0774a65d27fc614897a7218/go-build'), ('QT_ACCESSIBILITY', '1'), ('ELECTRON_RUN_AS_NODE', '1'), ('GDMSESSION', 'ubuntu'), ('LESSCLOSE', '/usr/bin/lesspipe %s %s'), ('LC_MEASUREMENT', 'vi_VN'), ('GJS_DEBUG_OUTPUT', 'stderr'), ('LC_IDENTIFICATION', 'vi_VN'), ('ROS_AUTOMATIC_DISCOVERY_RANGE', 'SUBNET'), ('QT_IM_MODULE', 'ibus'), ('NPM_CONFIG_CACHE', '/tmp/cursor-sandbox-cache/a4372f36c0774a65d27fc614897a7218/npm'), ('PWD', '/home/duong/kaia_ws/build/makerspet_mini'), ('GRADLE_USER_HOME', '/tmp/cursor-sandbox-cache/a4372f36c0774a65d27fc614897a7218/gradle'), ('XDG_CONFIG_DIRS', '/etc/xdg/xdg-ubuntu:/etc/xdg'), ('VSCODE_CODE_CACHE_PATH', '/home/duong/.config/Cursor/CachedData/a80ff7dfcaa45d7750f6e30be457261379c29b00'), ('CURSOR_ORIG_GID', '1000'), ('XDG_DATA_DIRS', '/usr/share/ubuntu:/usr/local/share/:/usr/share/:/var/lib/snapd/desktop'), ('PYTHONPATH', '/home/duong/kaia_ws/build/nav2_wfd:/home/duong/kaia_ws/install/nav2_wfd/lib/python3.10/site-packages:/home/duong/kaia_ws/build/makerspet:/home/duong/kaia_ws/install/makerspet/lib/python3.10/site-packages:/home/duong/kaia_ws/build/kaiaai_web:/home/duong/kaia_ws/install/kaiaai_web/lib/python3.10/site-packages:/home/duong/kaia_ws/build/kaiaai_teleop:/home/duong/kaia_ws/install/kaiaai_teleop/lib/python3.10/site-packages:/home/duong/kaia_ws/install/kaiaai_msgs/lib/python3.10/site-packages:/home/duong/kaia_ws/build/kaiaai_apps:/home/duong/kaia_ws/install/kaiaai_apps/lib/python3.10/site-packages:/home/duong/kaia_ws/build/kaiaai:/home/duong/kaia_ws/install/kaiaai/lib/python3.10/site-packages:/home/duong/uros_ws/install/micro_ros_msgs/lib/python3.10/site-packages:/opt/ros/iron/lib/python3.10/site-packages'), ('LC_NUMERIC', 'vi_VN'), ('TURBO_CACHE_DIR', '/tmp/cursor-sandbox-cache/a4372f36c0774a65d27fc614897a7218/turbo'), ('LC_PAPER', 'vi_VN'), ('COLCON', '1'), ('_ZO_DOCTOR', '0'), ('GEM_SPEC_CACHE', '/tmp/cursor-sandbox-cache/a4372f36c0774a65d27fc614897a7218/gem-specs'), ('CMAKE_PREFIX_PATH', '/home/duong/kaia_ws/install/robot_serving_bot:/home/duong/kaia_ws/install/kaiaai_bringup:/home/duong/kaia_ws/install/makerspet_snoopy:/home/duong/kaia_ws/install/makerspet_mini:/home/duong/kaia_ws/install/makerspet_loki:/home/duong/kaia_ws/install/makerspet_fido:/home/duong/kaia_ws/install/kaiaai_telemetry:/home/duong/kaia_ws/install/kaiaai_msgs:/home/duong/kaia_ws/install/kaiaai_gazebo:/home/duong/kaia_ws/install/explore_lite:/home/duong/kaia_ws/install/auto_mapper:/home/duong/uros_ws/install/micro_ros_setup:/home/duong/uros_ws/install/micro_ros_agent:/home/duong/uros_ws/install/micro_ros_msgs:/home/duong/kaia_ws/install/nav2_wfd:/home/duong/kaia_ws/install/makerspet:/home/duong/kaia_ws/install/kaiaai_web:/home/duong/kaia_ws/install/kaiaai_teleop:/home/duong/kaia_ws/install/kaiaai_apps:/home/duong/kaia_ws/install/kaiaai:/opt/ros/iron'), ('VSCODE_PID', '3281')]), 'shell': False}
[0.113072] (makerspet_mini) StdoutLine: {'line': b'-- Install configuration: ""\n'}
[0.113691] (makerspet_mini) StdoutLine: {'line': b'-- Execute custom install script\n'}
[0.114434] (makerspet_mini) StdoutLine: {'line': b'-- Up-to-date symlink: /home/duong/kaia_ws/install/makerspet_mini/share/makerspet_mini/rviz/cartographer.rviz\n'}
[0.114654] (makerspet_mini) StdoutLine: {'line': b'-- Up-to-date symlink: /home/duong/kaia_ws/install/makerspet_mini/share/makerspet_mini/rviz/gazebo.rviz\n'}
[0.114891] (makerspet_mini) StdoutLine: {'line': b'-- Up-to-date symlink: /home/duong/kaia_ws/install/makerspet_mini/share/makerspet_mini/rviz/inspect_urdf.rviz\n'}
[0.115045] (makerspet_mini) StdoutLine: {'line': b'-- Up-to-date symlink: /home/duong/kaia_ws/install/makerspet_mini/share/makerspet_mini/rviz/monitor_robot.rviz\n'}
[0.115103] (kaiaai_telemetry) StdoutLine: {'line': b'[ 25%] Building CXX object CMakeFiles/telem.dir/src/telem.cpp.o\n'}
[0.115295] (makerspet_mini) StdoutLine: {'line': b'-- Up-to-date symlink: /home/duong/kaia_ws/install/makerspet_mini/share/makerspet_mini/rviz/monitor_robot_old.rviz\n'}
[0.115364] (makerspet_mini) StdoutLine: {'line': b'-- Up-to-date symlink: /home/duong/kaia_ws/install/makerspet_mini/share/makerspet_mini/rviz/navigation.rviz\n'}
[0.115418] (makerspet_mini) StdoutLine: {'line': b'-- Up-to-date symlink: /home/duong/kaia_ws/install/makerspet_mini/share/makerspet_mini/urdf/robot.urdf.xacro\n'}
[0.115544] (makerspet_mini) StdoutLine: {'line': b'-- Up-to-date symlink: /home/duong/kaia_ws/install/makerspet_mini/share/makerspet_mini/sdf/makerspet_mini/mesh/hemisphere.stl\n'}
[0.115685] (makerspet_mini) StdoutLine: {'line': b'-- Up-to-date symlink: /home/duong/kaia_ws/install/makerspet_mini/share/makerspet_mini/sdf/makerspet_mini/model.config\n'}
[0.115835] (makerspet_mini) StdoutLine: {'line': b'-- Up-to-date symlink: /home/duong/kaia_ws/install/makerspet_mini/share/makerspet_mini/sdf/makerspet_mini/model.sdf\n'}
[0.116194] (makerspet_mini) StdoutLine: {'line': b'-- Up-to-date symlink: /home/duong/kaia_ws/install/makerspet_mini/share/makerspet_mini/config/README.md\n'}
[0.116563] (makerspet_mini) StdoutLine: {'line': b'-- Up-to-date symlink: /home/duong/kaia_ws/install/makerspet_mini/share/makerspet_mini/config/cartographer_lds_2d.lua\n'}
[0.116712] (makerspet_mini) StdoutLine: {'line': b'-- Up-to-date symlink: /home/duong/kaia_ws/install/makerspet_mini/share/makerspet_mini/config/etc/navigation_humble.yaml\n'}
[0.116858] (makerspet_mini) StdoutLine: {'line': b'-- Up-to-date symlink: /home/duong/kaia_ws/install/makerspet_mini/share/makerspet_mini/config/etc/navigation_iron.yaml\n'}
[0.117047] (makerspet_mini) StdoutLine: {'line': b'-- Up-to-date symlink: /home/duong/kaia_ws/install/makerspet_mini/share/makerspet_mini/config/explore_lite.yaml\n'}
[0.117113] (makerspet_mini) StdoutLine: {'line': b'-- Up-to-date symlink: /home/duong/kaia_ws/install/makerspet_mini/share/makerspet_mini/config/kaiaai.yaml\n'}
[0.117308] (makerspet_mini) StdoutLine: {'line': b'-- Up-to-date symlink: /home/duong/kaia_ws/install/makerspet_mini/share/makerspet_mini/config/navigation.yaml\n'}
[0.117413] (makerspet_mini) StdoutLine: {'line': b'-- Up-to-date symlink: /home/duong/kaia_ws/install/makerspet_mini/share/makerspet_mini/config/navigation_new.yaml\n'}
[0.117539] (makerspet_mini) StdoutLine: {'line': b'-- Up-to-date symlink: /home/duong/kaia_ws/install/makerspet_mini/share/makerspet_mini/config/navigation_pursuit.yaml\n'}
[0.117677] (makerspet_mini) StdoutLine: {'line': b'-- Up-to-date symlink: /home/duong/kaia_ws/install/makerspet_mini/share/makerspet_mini/config/self_drive_gazebo.yaml\n'}
[0.117782] (makerspet_mini) StdoutLine: {'line': b'-- Up-to-date symlink: /home/duong/kaia_ws/install/makerspet_mini/share/makerspet_mini/config/telem.yaml\n'}
[0.117988] (makerspet_mini) StdoutLine: {'line': b'-- Up-to-date symlink: /home/duong/kaia_ws/install/makerspet_mini/share/makerspet_mini/config/teleop_keyboard.yaml\n'}
[0.118549] (makerspet_mini) StdoutLine: {'line': b'-- Up-to-date symlink: /home/duong/kaia_ws/install/makerspet_mini/share/makerspet_mini/mesh/hemisphere.stl\n'}
[0.119117] (makerspet_mini) StdoutLine: {'line': b'-- Up-to-date symlink: /home/duong/kaia_ws/install/makerspet_mini/share/ament_index/resource_index/package_run_dependencies/makerspet_mini\n'}
[0.119513] (makerspet_mini) StdoutLine: {'line': b'-- Up-to-date symlink: /home/duong/kaia_ws/install/makerspet_mini/share/ament_index/resource_index/parent_prefix_path/makerspet_mini\n'}
[0.119779] (makerspet_mini) StdoutLine: {'line': b'-- Up-to-date symlink: /home/duong/kaia_ws/install/makerspet_mini/share/makerspet_mini/environment/ament_prefix_path.sh\n'}
[0.120113] (makerspet_mini) StdoutLine: {'line': b'-- Up-to-date symlink: /home/duong/kaia_ws/install/makerspet_mini/share/makerspet_mini/environment/ament_prefix_path.dsv\n'}
[0.120519] (makerspet_mini) StdoutLine: {'line': b'-- Up-to-date symlink: /home/duong/kaia_ws/install/makerspet_mini/share/makerspet_mini/environment/path.sh\n'}
[0.120866] (makerspet_mini) StdoutLine: {'line': b'-- Up-to-date symlink: /home/duong/kaia_ws/install/makerspet_mini/share/makerspet_mini/environment/path.dsv\n'}
[0.121126] (makerspet_mini) StdoutLine: {'line': b'-- Up-to-date symlink: /home/duong/kaia_ws/install/makerspet_mini/share/makerspet_mini/local_setup.bash\n'}
[0.121515] (makerspet_mini) StdoutLine: {'line': b'-- Up-to-date symlink: /home/duong/kaia_ws/install/makerspet_mini/share/makerspet_mini/local_setup.sh\n'}
[0.123352] (kaiaai_telemetry) StdoutLine: {'line': b'[ 75%] Built target telem_test_pub\n'}
[0.123507] (makerspet_mini) StdoutLine: {'line': b'-- Up-to-date symlink: /home/duong/kaia_ws/install/makerspet_mini/share/makerspet_mini/local_setup.zsh\n'}
[0.123579] (makerspet_mini) StdoutLine: {'line': b'-- Up-to-date symlink: /home/duong/kaia_ws/install/makerspet_mini/share/makerspet_mini/local_setup.dsv\n'}
[0.123630] (makerspet_mini) StdoutLine: {'line': b'-- Symlinking: /home/duong/kaia_ws/install/makerspet_mini/share/makerspet_mini/package.dsv\n'}
[0.136204] (makerspet_mini) StdoutLine: {'line': b'-- Up-to-date symlink: /home/duong/kaia_ws/install/makerspet_mini/share/ament_index/resource_index/packages/makerspet_mini\n'}
[0.136566] (makerspet_mini) StdoutLine: {'line': b'-- Up-to-date symlink: /home/duong/kaia_ws/install/makerspet_mini/share/makerspet_mini/cmake/makerspet_miniConfig.cmake\n'}
[0.136805] (makerspet_mini) StdoutLine: {'line': b'-- Up-to-date symlink: /home/duong/kaia_ws/install/makerspet_mini/share/makerspet_mini/cmake/makerspet_miniConfig-version.cmake\n'}
[0.137116] (makerspet_mini) StdoutLine: {'line': b'-- Up-to-date symlink: /home/duong/kaia_ws/install/makerspet_mini/share/makerspet_mini/package.xml\n'}
[0.140977] (makerspet_mini) CommandEnded: {'returncode': 0}
[0.165889] (makerspet_mini) JobEnded: {'identifier': 'makerspet_mini', 'rc': 0}
[0.199250] (-) TimerEvent: {}
[0.299491] (-) TimerEvent: {}
[0.399712] (-) TimerEvent: {}
[0.499919] (-) TimerEvent: {}
[0.600151] (-) TimerEvent: {}
[0.700361] (-) TimerEvent: {}
[0.800598] (-) TimerEvent: {}
[0.900820] (-) TimerEvent: {}
[1.001068] (-) TimerEvent: {}
[1.101324] (-) TimerEvent: {}
[1.201555] (-) TimerEvent: {}
[1.301762] (-) TimerEvent: {}
[1.401997] (-) TimerEvent: {}
[1.502248] (-) TimerEvent: {}
[1.602488] (-) TimerEvent: {}
[1.702734] (-) TimerEvent: {}
[1.802976] (-) TimerEvent: {}
[1.903221] (-) TimerEvent: {}
[2.003427] (-) TimerEvent: {}
[2.103617] (-) TimerEvent: {}
[2.203844] (-) TimerEvent: {}
[2.304081] (-) TimerEvent: {}
[2.404355] (-) TimerEvent: {}
[2.504672] (-) TimerEvent: {}
[2.604915] (-) TimerEvent: {}
[2.705159] (-) TimerEvent: {}
[2.805395] (-) TimerEvent: {}
[2.905628] (-) TimerEvent: {}
[3.005859] (-) TimerEvent: {}
[3.106109] (-) TimerEvent: {}
[3.206438] (-) TimerEvent: {}
[3.306748] (-) TimerEvent: {}
[3.406988] (-) TimerEvent: {}
[3.507205] (-) TimerEvent: {}
[3.607401] (-) TimerEvent: {}
[3.707598] (-) TimerEvent: {}
[3.807830] (-) TimerEvent: {}
[3.908079] (-) TimerEvent: {}
[4.008405] (-) TimerEvent: {}
[4.108677] (-) TimerEvent: {}
[4.208867] (-) TimerEvent: {}
[4.309125] (-) TimerEvent: {}
[4.409545] (-) TimerEvent: {}
[4.509763] (-) TimerEvent: {}
[4.609955] (-) TimerEvent: {}
[4.710157] (-) TimerEvent: {}
[4.810382] (-) TimerEvent: {}
[4.910617] (-) TimerEvent: {}
[5.010872] (-) TimerEvent: {}
[5.111173] (-) TimerEvent: {}
[5.211474] (-) TimerEvent: {}
[5.311763] (-) TimerEvent: {}
[5.412068] (-) TimerEvent: {}
[5.512418] (-) TimerEvent: {}
[5.612754] (-) TimerEvent: {}
[5.713042] (-) TimerEvent: {}
[5.813365] (-) TimerEvent: {}
[5.913656] (-) TimerEvent: {}
[6.013937] (-) TimerEvent: {}
[6.114238] (-) TimerEvent: {}
[6.214546] (-) TimerEvent: {}
[6.314874] (-) TimerEvent: {}
[6.415172] (-) TimerEvent: {}
[6.515473] (-) TimerEvent: {}
[6.615750] (-) TimerEvent: {}
[6.715983] (-) TimerEvent: {}
[6.816243] (-) TimerEvent: {}
[6.916461] (-) TimerEvent: {}
[7.016762] (-) TimerEvent: {}
[7.117004] (-) TimerEvent: {}
[7.217201] (-) TimerEvent: {}
[7.317430] (-) TimerEvent: {}
[7.417647] (-) TimerEvent: {}
[7.517830] (-) TimerEvent: {}
[7.618058] (-) TimerEvent: {}
[7.718361] (-) TimerEvent: {}
[7.818668] (-) TimerEvent: {}
[7.918945] (-) TimerEvent: {}
[8.019223] (-) TimerEvent: {}
[8.119499] (-) TimerEvent: {}
[8.219760] (-) TimerEvent: {}
[8.320046] (-) TimerEvent: {}
[8.420258] (-) TimerEvent: {}
[8.520508] (-) TimerEvent: {}
[8.620718] (-) TimerEvent: {}
[8.720912] (-) TimerEvent: {}
[8.821164] (-) TimerEvent: {}
[8.921418] (-) TimerEvent: {}
[9.021687] (-) TimerEvent: {}
[9.121984] (-) TimerEvent: {}
[9.222262] (-) TimerEvent: {}
[9.322546] (-) TimerEvent: {}
[9.422797] (-) TimerEvent: {}
[9.523249] (-) TimerEvent: {}
[9.623515] (-) TimerEvent: {}
[9.723737] (-) TimerEvent: {}
[9.823997] (-) TimerEvent: {}
[9.924238] (-) TimerEvent: {}
[10.024484] (-) TimerEvent: {}
[10.124787] (-) TimerEvent: {}
[10.225071] (-) TimerEvent: {}
[10.325351] (-) TimerEvent: {}
[10.366578] (kaiaai_telemetry) StdoutLine: {'line': b'[100%] Linking CXX executable telem\n'}
[10.425502] (-) TimerEvent: {}
[10.525805] (-) TimerEvent: {}
[10.626083] (-) TimerEvent: {}
[10.726361] (-) TimerEvent: {}
[10.826670] (-) TimerEvent: {}
[10.926972] (-) TimerEvent: {}
[11.027247] (-) TimerEvent: {}
[11.127506] (-) TimerEvent: {}
[11.185646] (kaiaai_telemetry) StdoutLine: {'line': b'[100%] Built target telem\n'}
[11.211068] (kaiaai_telemetry) CommandEnded: {'returncode': 0}
[11.212741] (kaiaai_telemetry) JobProgress: {'identifier': 'kaiaai_telemetry', 'progress': 'install'}
[11.213264] (kaiaai_telemetry) Command: {'cmd': ['/usr/bin/cmake', '--install', '/home/duong/kaia_ws/build/kaiaai_telemetry'], 'cwd': '/home/duong/kaia_ws/build/kaiaai_telemetry', 'env': OrderedDict([('GJS_DEBUG_TOPICS', 'JS ERROR;JS LOG'), ('npm_config_devdir', '/tmp/cursor-sandbox-cache/a4372f36c0774a65d27fc614897a7218/node-gyp'), ('LESSOPEN', '| /usr/bin/lesspipe %s'), ('VSCODE_CWD', '/home/duong'), ('CURSOR_EXTENSION_HOST_ROLE', 'agent-exec'), ('VSCODE_ESM_ENTRYPOINT', 'vs/workbench/api/node/extensionHostProcess'), ('PUPPETEER_CACHE_DIR', '/tmp/cursor-sandbox-cache/a4372f36c0774a65d27fc614897a7218/puppeteer'), ('LANGUAGE', 'vi:en'), ('USER', 'duong'), ('LC_TIME', 'vi_VN'), ('VSCODE_NLS_CONFIG', '{"userLocale":"vi","osLocale":"vi","resolvedLanguage":"en","defaultMessagesFile":"/usr/share/cursor/resources/app/out/nls.messages.json","locale":"vi","availableLanguages":{}}'), ('CARGO_TARGET_DIR', '/tmp/cursor-sandbox-cache/a4372f36c0774a65d27fc614897a7218/cargo-target'), ('CCACHE_DIR', '/tmp/cursor-sandbox-cache/a4372f36c0774a65d27fc614897a7218/ccache'), ('VSCODE_HANDLES_UNCAUGHT_ERRORS', 'true'), ('XDG_SESSION_TYPE', 'wayland'), ('CURSOR_RIPGREP_PATH', '/usr/share/cursor/resources/app/node_modules/@vscode/ripgrep/bin/rg'), ('PIP_CACHE_DIR', '/tmp/cursor-sandbox-cache/a4372f36c0774a65d27fc614897a7218/pip'), ('NUGET_PACKAGES', '/tmp/cursor-sandbox-cache/a4372f36c0774a65d27fc614897a7218/nuget'), ('HOMEBREW_CACHE', '/tmp/cursor-sandbox-cache/a4372f36c0774a65d27fc614897a7218/homebrew'), ('SHLVL', '0'), ('LD_LIBRARY_PATH', '/home/duong/kaia_ws/install/kaiaai_msgs/lib:/home/duong/uros_ws/install/micro_ros_agent/lib:/home/duong/uros_ws/install/micro_ros_msgs/lib:/usr/lib/x86_64-linux-gnu/gazebo-11/plugins:/opt/ros/iron/opt/rviz_ogre_vendor/lib:/opt/ros/iron/lib/x86_64-linux-gnu:/opt/ros/iron/lib'), ('HOME', '/home/duong'), ('CHROME_DESKTOP', 'cursor.desktop'), ('OLDPWD', '/home/duong/kaia_ws'), ('DESKTOP_SESSION', 'ubuntu'), ('VSCODE_IPC_HOOK', '/run/user/1000/vscode-d90574cd-3.0.-main.sock'), ('GIO_LAUNCHED_DESKTOP_FILE', '/usr/share/applications/cursor.desktop'), ('ROS_PYTHON_VERSION', '3'), ('GNOME_SHELL_SESSION_MODE', 'ubuntu'), ('GTK_MODULES', 'gail:atk-bridge'), ('CURSOR_ORIG_UID', '1000'), ('LC_MONETARY', 'vi_VN'), ('CURSOR_WORKSPACE_LABEL', 'kaiaai-esp32'), ('MANAGERPID', '1559'), ('SYSTEMD_EXEC_PID', '1940'), ('IM_CONFIG_CHECK_ENV', '1'), ('NO_COLOR', '1'), ('CONDA_PKGS_DIRS', '/tmp/cursor-sandbox-cache/a4372f36c0774a65d27fc614897a7218/conda'), ('DBUS_SESSION_BUS_ADDRESS', 'unix:path=/run/user/1000/bus'), ('GIO_LAUNCHED_DESKTOP_FILE_PID', '3281'), ('VSCODE_CRASH_REPORTER_PROCESS_TYPE', 'extensionHost'), ('COMPOSER_HOME', '/tmp/cursor-sandbox-cache/a4372f36c0774a65d27fc614897a7218/composer'), ('IM_CONFIG_PHASE', '1'), ('WAYLAND_DISPLAY', 'wayland-0'), ('COLCON_PREFIX_PATH', '/home/duong/uros_ws/install:/home/duong/kaia_ws/install'), ('ROS_DISTRO', 'iron'), ('LOGNAME', 'duong'), ('FORCE_COLOR', '0'), ('JOURNAL_STREAM', '8:8953'), ('BUN_INSTALL_CACHE_DIR', '/tmp/cursor-sandbox-cache/a4372f36c0774a65d27fc614897a7218/bun'), ('_', '/usr/bin/colcon'), ('ROS_VERSION', '2'), ('CURSOR_LAYOUT', 'unifiedAgent'), ('GOMODCACHE', '/tmp/cursor-sandbox-cache/a4372f36c0774a65d27fc614897a7218/go-mod'), ('XDG_SESSION_CLASS', 'user'), ('USERNAME', 'duong'), ('CP_HOME_DIR', '/tmp/cursor-sandbox-cache/a4372f36c0774a65d27fc614897a7218/cocoapods'), ('TERM', 'dumb'), ('GNOME_DESKTOP_SESSION_ID', 'this-is-deprecated'), ('FC_FONTATIONS', '1'), ('POETRY_CACHE_DIR', '/tmp/cursor-sandbox-cache/a4372f36c0774a65d27fc614897a7218/poetry'), ('PATH', '/home/duong/.local/bin:/home/duong/.local/bin:/opt/ros/iron/bin:/home/duong/.local/bin:/usr/local/sbin:/usr/local/bin:/usr/sbin:/usr/bin:/sbin:/bin:/usr/games:/usr/local/games:/snap/bin:/snap/bin'), ('SESSION_MANAGER', 'local/duong-ThinkPad-X13-Gen-1:@/tmp/.ICE-unix/1916,unix/duong-ThinkPad-X13-Gen-1:/tmp/.ICE-unix/1916'), ('YARN_CACHE_FOLDER', '/tmp/cursor-sandbox-cache/a4372f36c0774a65d27fc614897a7218/yarn'), ('INVOCATION_ID', '8d4ca0d22152428fb1a7c62439c2d1b6'), ('PAPERSIZE', 'a4'), ('UV_CACHE_DIR', '/tmp/cursor-sandbox-cache/a4372f36c0774a65d27fc614897a7218/uv'), ('XDG_MENU_PREFIX', 'gnome-'), ('LC_ADDRESS', 'vi_VN'), ('VSCODE_PROCESS_TITLE', 'extension-host (agent-exec) kaiaai-esp32 [1-8]'), ('PLAYWRIGHT_BROWSERS_PATH', '/tmp/cursor-sandbox-cache/a4372f36c0774a65d27fc614897a7218/playwright'), ('GNOME_SETUP_DISPLAY', ':1'), ('XDG_RUNTIME_DIR', '/run/user/1000'), ('BUNDLE_PATH', '/tmp/cursor-sandbox-cache/a4372f36c0774a65d27fc614897a7218/bundle'), ('GDK_BACKEND', 'wayland'), ('CURSOR_AGENT', '1'), ('DISPLAY', ':0'), ('LANG', 'vi_VN.UTF-8'), ('XDG_CURRENT_DESKTOP', 'ubuntu:GNOME'), ('NX_CACHE_DIRECTORY', '/tmp/cursor-sandbox-cache/a4372f36c0774a65d27fc614897a7218/nx'), ('LC_TELEPHONE', 'vi_VN'), ('XMODIFIERS', '@im=ibus'), ('XDG_SESSION_DESKTOP', 'ubuntu'), ('XAUTHORITY', '/run/user/1000/.mutter-Xwaylandauth.7T5FP3'), ('LS_COLORS', ''), ('CYPRESS_CACHE_FOLDER', '/tmp/cursor-sandbox-cache/a4372f36c0774a65d27fc614897a7218/cypress'), ('SSH_AGENT_LAUNCHER', 'gnome-keyring'), ('SSH_AUTH_SOCK', '/run/user/1000/keyring/ssh'), ('PNPM_STORE_PATH', '/tmp/cursor-sandbox-cache/a4372f36c0774a65d27fc614897a7218/pnpm-store'), ('AMENT_PREFIX_PATH', '/home/duong/kaia_ws/install/robot_serving_bot:/home/duong/kaia_ws/install/nav2_wfd:/home/duong/kaia_ws/install/kaiaai_bringup:/home/duong/kaia_ws/install/makerspet_snoopy:/home/duong/kaia_ws/install/makerspet_mini:/home/duong/kaia_ws/install/makerspet_loki:/home/duong/kaia_ws/install/makerspet_fido:/home/duong/kaia_ws/install/makerspet:/home/duong/kaia_ws/install/kaiaai_web:/home/duong/kaia_ws/install/kaiaai_teleop:/home/duong/kaia_ws/install/kaiaai_telemetry:/home/duong/kaia_ws/install/kaiaai_msgs:/home/duong/kaia_ws/install/kaiaai_gazebo:/home/duong/kaia_ws/install/kaiaai_apps:/home/duong/kaia_ws/install/kaiaai:/home/duong/kaia_ws/install/explore_lite:/home/duong/kaia_ws/install/auto_mapper:/home/duong/uros_ws/install/micro_ros_setup:/home/duong/uros_ws/install/micro_ros_agent:/home/duong/uros_ws/install/micro_ros_msgs:/opt/ros/iron'), ('SHELL', '/bin/bash'), ('LC_NAME', 'vi_VN'), ('GOCACHE', '/tmp/cursor-sandbox-cache/a4372f36c0774a65d27fc614897a7218/go-build'), ('QT_ACCESSIBILITY', '1'), ('ELECTRON_RUN_AS_NODE', '1'), ('GDMSESSION', 'ubuntu'), ('LESSCLOSE', '/usr/bin/lesspipe %s %s'), ('LC_MEASUREMENT', 'vi_VN'), ('GJS_DEBUG_OUTPUT', 'stderr'), ('LC_IDENTIFICATION', 'vi_VN'), ('ROS_AUTOMATIC_DISCOVERY_RANGE', 'SUBNET'), ('QT_IM_MODULE', 'ibus'), ('NPM_CONFIG_CACHE', '/tmp/cursor-sandbox-cache/a4372f36c0774a65d27fc614897a7218/npm'), ('PWD', '/home/duong/kaia_ws/build/kaiaai_telemetry'), ('GRADLE_USER_HOME', '/tmp/cursor-sandbox-cache/a4372f36c0774a65d27fc614897a7218/gradle'), ('XDG_CONFIG_DIRS', '/etc/xdg/xdg-ubuntu:/etc/xdg'), ('VSCODE_CODE_CACHE_PATH', '/home/duong/.config/Cursor/CachedData/a80ff7dfcaa45d7750f6e30be457261379c29b00'), ('CURSOR_ORIG_GID', '1000'), ('XDG_DATA_DIRS', '/usr/share/ubuntu:/usr/local/share/:/usr/share/:/var/lib/snapd/desktop'), ('PYTHONPATH', '/home/duong/kaia_ws/install/kaiaai_msgs/lib/python3.10/site-packages:/home/duong/kaia_ws/build/nav2_wfd:/home/duong/kaia_ws/install/nav2_wfd/lib/python3.10/site-packages:/home/duong/kaia_ws/build/makerspet:/home/duong/kaia_ws/install/makerspet/lib/python3.10/site-packages:/home/duong/kaia_ws/build/kaiaai_web:/home/duong/kaia_ws/install/kaiaai_web/lib/python3.10/site-packages:/home/duong/kaia_ws/build/kaiaai_teleop:/home/duong/kaia_ws/install/kaiaai_teleop/lib/python3.10/site-packages:/home/duong/kaia_ws/build/kaiaai_apps:/home/duong/kaia_ws/install/kaiaai_apps/lib/python3.10/site-packages:/home/duong/kaia_ws/build/kaiaai:/home/duong/kaia_ws/install/kaiaai/lib/python3.10/site-packages:/home/duong/uros_ws/install/micro_ros_msgs/lib/python3.10/site-packages:/opt/ros/iron/lib/python3.10/site-packages'), ('LC_NUMERIC', 'vi_VN'), ('TURBO_CACHE_DIR', '/tmp/cursor-sandbox-cache/a4372f36c0774a65d27fc614897a7218/turbo'), ('LC_PAPER', 'vi_VN'), ('COLCON', '1'), ('_ZO_DOCTOR', '0'), ('GEM_SPEC_CACHE', '/tmp/cursor-sandbox-cache/a4372f36c0774a65d27fc614897a7218/gem-specs'), ('CMAKE_PREFIX_PATH', '/home/duong/kaia_ws/install/kaiaai_msgs:/home/duong/kaia_ws/install/robot_serving_bot:/home/duong/kaia_ws/install/kaiaai_bringup:/home/duong/kaia_ws/install/makerspet_snoopy:/home/duong/kaia_ws/install/makerspet_mini:/home/duong/kaia_ws/install/makerspet_loki:/home/duong/kaia_ws/install/makerspet_fido:/home/duong/kaia_ws/install/kaiaai_telemetry:/home/duong/kaia_ws/install/kaiaai_gazebo:/home/duong/kaia_ws/install/explore_lite:/home/duong/kaia_ws/install/auto_mapper:/home/duong/uros_ws/install/micro_ros_setup:/home/duong/uros_ws/install/micro_ros_agent:/home/duong/uros_ws/install/micro_ros_msgs:/home/duong/kaia_ws/install/nav2_wfd:/home/duong/kaia_ws/install/makerspet:/home/duong/kaia_ws/install/kaiaai_web:/home/duong/kaia_ws/install/kaiaai_teleop:/home/duong/kaia_ws/install/kaiaai_apps:/home/duong/kaia_ws/install/kaiaai:/opt/ros/iron'), ('VSCODE_PID', '3281')]), 'shell': False}
[11.222944] (kaiaai_telemetry) StdoutLine: {'line': b'-- Install configuration: ""\n'}
[11.223552] (kaiaai_telemetry) StdoutLine: {'line': b'-- Execute custom install script\n'}
[11.223924] (kaiaai_telemetry) StdoutLine: {'line': b'-- Up-to-date symlink: /home/duong/kaia_ws/install/kaiaai_telemetry/lib/kaiaai_telemetry/telem_test_pub\n'}
[11.224376] (kaiaai_telemetry) StdoutLine: {'line': b'-- Up-to-date symlink: /home/duong/kaia_ws/install/kaiaai_telemetry/lib/kaiaai_telemetry/telem\n'}
[11.224855] (kaiaai_telemetry) StdoutLine: {'line': b'-- Up-to-date symlink: /home/duong/kaia_ws/install/kaiaai_telemetry/share/kaiaai_telemetry/config/telem.yaml\n'}
[11.225131] (kaiaai_telemetry) StdoutLine: {'line': b'-- Up-to-date symlink: /home/duong/kaia_ws/install/kaiaai_telemetry/share/ament_index/resource_index/package_run_dependencies/kaiaai_telemetry\n'}
[11.225573] (kaiaai_telemetry) StdoutLine: {'line': b'-- Up-to-date symlink: /home/duong/kaia_ws/install/kaiaai_telemetry/share/ament_index/resource_index/parent_prefix_path/kaiaai_telemetry\n'}
[11.225715] (kaiaai_telemetry) StdoutLine: {'line': b'-- Up-to-date symlink: /home/duong/kaia_ws/install/kaiaai_telemetry/share/kaiaai_telemetry/environment/ament_prefix_path.sh\n'}
[11.225859] (kaiaai_telemetry) StdoutLine: {'line': b'-- Up-to-date symlink: /home/duong/kaia_ws/install/kaiaai_telemetry/share/kaiaai_telemetry/environment/ament_prefix_path.dsv\n'}
[11.225994] (kaiaai_telemetry) StdoutLine: {'line': b'-- Up-to-date symlink: /home/duong/kaia_ws/install/kaiaai_telemetry/share/kaiaai_telemetry/environment/path.sh\n'}
[11.226123] (kaiaai_telemetry) StdoutLine: {'line': b'-- Up-to-date symlink: /home/duong/kaia_ws/install/kaiaai_telemetry/share/kaiaai_telemetry/environment/path.dsv\n'}
[11.226286] (kaiaai_telemetry) StdoutLine: {'line': b'-- Up-to-date symlink: /home/duong/kaia_ws/install/kaiaai_telemetry/share/kaiaai_telemetry/local_setup.bash\n'}
[11.226427] (kaiaai_telemetry) StdoutLine: {'line': b'-- Up-to-date symlink: /home/duong/kaia_ws/install/kaiaai_telemetry/share/kaiaai_telemetry/local_setup.sh\n'}
[11.226570] (kaiaai_telemetry) StdoutLine: {'line': b'-- Up-to-date symlink: /home/duong/kaia_ws/install/kaiaai_telemetry/share/kaiaai_telemetry/local_setup.zsh\n'}
[11.226697] (kaiaai_telemetry) StdoutLine: {'line': b'-- Up-to-date symlink: /home/duong/kaia_ws/install/kaiaai_telemetry/share/kaiaai_telemetry/local_setup.dsv\n'}
[11.226841] (kaiaai_telemetry) StdoutLine: {'line': b'-- Symlinking: /home/duong/kaia_ws/install/kaiaai_telemetry/share/kaiaai_telemetry/package.dsv\n'}
[11.227633] (-) TimerEvent: {}
[11.249074] (kaiaai_telemetry) StdoutLine: {'line': b'-- Up-to-date symlink: /home/duong/kaia_ws/install/kaiaai_telemetry/share/ament_index/resource_index/packages/kaiaai_telemetry\n'}
[11.249441] (kaiaai_telemetry) StdoutLine: {'line': b'-- Up-to-date symlink: /home/duong/kaia_ws/install/kaiaai_telemetry/share/kaiaai_telemetry/cmake/kaiaai_telemetryConfig.cmake\n'}
[11.249555] (kaiaai_telemetry) StdoutLine: {'line': b'-- Up-to-date symlink: /home/duong/kaia_ws/install/kaiaai_telemetry/share/kaiaai_telemetry/cmake/kaiaai_telemetryConfig-version.cmake\n'}
[11.249655] (kaiaai_telemetry) StdoutLine: {'line': b'-- Up-to-date symlink: /home/duong/kaia_ws/install/kaiaai_telemetry/share/kaiaai_telemetry/package.xml\n'}
[11.252493] (kaiaai_telemetry) CommandEnded: {'returncode': 0}
[11.280999] (kaiaai_telemetry) JobEnded: {'identifier': 'kaiaai_telemetry', 'rc': 0}
[11.282031] (-) EventReactorShutdown: {}
