[0.167s] DEBUG:colcon:Command line arguments: ['/usr/bin/colcon', '--log-base', 'log', 'build', '--base-paths', 'src', '--build-base', 'build', '--install-base', 'install', '--symlink-install', '--packages-select', 'micro_ros_agent', 'drive_base_msgs']
[0.168s] DEBUG:colcon:Parsed command line arguments: Namespace(log_base='log', log_level=None, verb_name='build', build_base='/home/duong/Arduino/ROS2_ServiceRobot/uros_ws/build', install_base='/home/duong/Arduino/ROS2_ServiceRobot/uros_ws/install', merge_install=False, symlink_install=True, test_result_base=None, continue_on_error=False, executor='parallel', parallel_workers=12, event_handlers=None, ignore_user_meta=False, metas=['./colcon.meta'], base_paths=['src'], packages_ignore=None, packages_ignore_regex=None, paths=None, packages_up_to=None, packages_up_to_regex=None, packages_above=None, packages_above_and_dependencies=None, packages_above_depth=None, packages_select_by_dep=None, packages_skip_by_dep=None, packages_skip_up_to=None, packages_select_build_failed=False, packages_skip_build_finished=False, packages_select_test_failures=False, packages_skip_test_passed=False, packages_select=['micro_ros_agent', 'drive_base_msgs'], packages_skip=None, packages_select_regex=None, packages_skip_regex=None, packages_start=None, packages_end=None, allow_overriding=[], cmake_args=None, cmake_target=None, cmake_target_skip_unavailable=False, cmake_clean_cache=False, cmake_clean_first=False, cmake_force_configure=False, ament_cmake_args=None, catkin_cmake_args=None, catkin_skip_building_tests=False, mixin_files=None, mixin=None, verb_parser=<colcon_mixin.mixin.mixin_argument.MixinArgumentDecorator object at 0x734ed2885b70>, verb_extension=<colcon_core.verb.build.BuildVerb object at 0x734ed2885600>, main=<bound method BuildVerb.main of <colcon_core.verb.build.BuildVerb object at 0x734ed2885600>>, mixin_verb=('build',))
[0.442s] Level 1:colcon.colcon_core.package_discovery:discover_packages(colcon_meta) check parameters
[0.443s] Level 1:colcon.colcon_core.package_discovery:discover_packages(recursive) check parameters
[0.443s] Level 1:colcon.colcon_core.package_discovery:discover_packages(ignore) check parameters
[0.443s] Level 1:colcon.colcon_core.package_discovery:discover_packages(path) check parameters
[0.443s] Level 1:colcon.colcon_core.package_discovery:discover_packages(recursive) discover
[0.443s] INFO:colcon.colcon_core.package_discovery:Crawling recursively for packages in '/home/duong/Arduino/ROS2_ServiceRobot/uros_ws/src'
[0.443s] Level 1:colcon.colcon_core.package_identification:_identify(src) by extensions ['ignore', 'ignore_ament_install']
[0.443s] Level 1:colcon.colcon_core.package_identification:_identify(src) by extension 'ignore'
[0.443s] Level 1:colcon.colcon_core.package_identification:_identify(src) by extension 'ignore_ament_install'
[0.443s] Level 1:colcon.colcon_core.package_identification:_identify(src) by extensions ['colcon_pkg']
[0.443s] Level 1:colcon.colcon_core.package_identification:_identify(src) by extension 'colcon_pkg'
[0.443s] Level 1:colcon.colcon_core.package_identification:_identify(src) by extensions ['colcon_meta']
[0.443s] Level 1:colcon.colcon_core.package_identification:_identify(src) by extension 'colcon_meta'
[0.444s] Level 1:colcon.colcon_core.package_identification:_identify(src) by extensions ['ros']
[0.444s] Level 1:colcon.colcon_core.package_identification:_identify(src) by extension 'ros'
[0.462s] Level 1:colcon.colcon_core.package_identification:_identify(src) by extensions ['cmake', 'python']
[0.462s] Level 1:colcon.colcon_core.package_identification:_identify(src) by extension 'cmake'
[0.462s] Level 1:colcon.colcon_core.package_identification:_identify(src) by extension 'python'
[0.462s] Level 1:colcon.colcon_core.package_identification:_identify(src) by extensions ['python_setup_py']
[0.462s] Level 1:colcon.colcon_core.package_identification:_identify(src) by extension 'python_setup_py'
[0.462s] Level 1:colcon.colcon_core.package_identification:_identify(src/micro_ros_setup) by extensions ['ignore', 'ignore_ament_install']
[0.462s] Level 1:colcon.colcon_core.package_identification:_identify(src/micro_ros_setup) by extension 'ignore'
[0.462s] Level 1:colcon.colcon_core.package_identification:_identify(src/micro_ros_setup) by extension 'ignore_ament_install'
[0.462s] Level 1:colcon.colcon_core.package_identification:_identify(src/micro_ros_setup) by extensions ['colcon_pkg']
[0.462s] Level 1:colcon.colcon_core.package_identification:_identify(src/micro_ros_setup) by extension 'colcon_pkg'
[0.463s] Level 1:colcon.colcon_core.package_identification:_identify(src/micro_ros_setup) by extensions ['colcon_meta']
[0.463s] Level 1:colcon.colcon_core.package_identification:_identify(src/micro_ros_setup) by extension 'colcon_meta'
[0.463s] Level 1:colcon.colcon_core.package_identification:_identify(src/micro_ros_setup) by extensions ['ros']
[0.463s] Level 1:colcon.colcon_core.package_identification:_identify(src/micro_ros_setup) by extension 'ros'
[0.481s] DEBUG:colcon.colcon_core.package_identification:Package 'src/micro_ros_setup' with type 'ros.ament_cmake' and name 'micro_ros_setup'
[0.481s] Level 1:colcon.colcon_core.package_identification:_identify(src/uros) by extensions ['ignore', 'ignore_ament_install']
[0.481s] Level 1:colcon.colcon_core.package_identification:_identify(src/uros) by extension 'ignore'
[0.481s] Level 1:colcon.colcon_core.package_identification:_identify(src/uros) by extension 'ignore_ament_install'
[0.481s] Level 1:colcon.colcon_core.package_identification:_identify(src/uros) by extensions ['colcon_pkg']
[0.481s] Level 1:colcon.colcon_core.package_identification:_identify(src/uros) by extension 'colcon_pkg'
[0.481s] Level 1:colcon.colcon_core.package_identification:_identify(src/uros) by extensions ['colcon_meta']
[0.481s] Level 1:colcon.colcon_core.package_identification:_identify(src/uros) by extension 'colcon_meta'
[0.482s] Level 1:colcon.colcon_core.package_identification:_identify(src/uros) by extensions ['ros']
[0.482s] Level 1:colcon.colcon_core.package_identification:_identify(src/uros) by extension 'ros'
[0.482s] Level 1:colcon.colcon_core.package_identification:_identify(src/uros) by extensions ['cmake', 'python']
[0.482s] Level 1:colcon.colcon_core.package_identification:_identify(src/uros) by extension 'cmake'
[0.482s] Level 1:colcon.colcon_core.package_identification:_identify(src/uros) by extension 'python'
[0.482s] Level 1:colcon.colcon_core.package_identification:_identify(src/uros) by extensions ['python_setup_py']
[0.482s] Level 1:colcon.colcon_core.package_identification:_identify(src/uros) by extension 'python_setup_py'
[0.482s] Level 1:colcon.colcon_core.package_identification:_identify(src/uros/drive_base) by extensions ['ignore', 'ignore_ament_install']
[0.482s] Level 1:colcon.colcon_core.package_identification:_identify(src/uros/drive_base) by extension 'ignore'
[0.482s] Level 1:colcon.colcon_core.package_identification:_identify(src/uros/drive_base) by extension 'ignore_ament_install'
[0.482s] Level 1:colcon.colcon_core.package_identification:_identify(src/uros/drive_base) by extensions ['colcon_pkg']
[0.482s] Level 1:colcon.colcon_core.package_identification:_identify(src/uros/drive_base) by extension 'colcon_pkg'
[0.482s] Level 1:colcon.colcon_core.package_identification:_identify(src/uros/drive_base) by extensions ['colcon_meta']
[0.482s] Level 1:colcon.colcon_core.package_identification:_identify(src/uros/drive_base) by extension 'colcon_meta'
[0.482s] Level 1:colcon.colcon_core.package_identification:_identify(src/uros/drive_base) by extensions ['ros']
[0.482s] Level 1:colcon.colcon_core.package_identification:_identify(src/uros/drive_base) by extension 'ros'
[0.483s] Level 1:colcon.colcon_core.package_identification:_identify(src/uros/drive_base) by extensions ['cmake', 'python']
[0.483s] Level 1:colcon.colcon_core.package_identification:_identify(src/uros/drive_base) by extension 'cmake'
[0.483s] Level 1:colcon.colcon_core.package_identification:_identify(src/uros/drive_base) by extension 'python'
[0.483s] Level 1:colcon.colcon_core.package_identification:_identify(src/uros/drive_base) by extensions ['python_setup_py']
[0.483s] Level 1:colcon.colcon_core.package_identification:_identify(src/uros/drive_base) by extension 'python_setup_py'
[0.483s] Level 1:colcon.colcon_core.package_identification:_identify(src/uros/drive_base/drive_base_msgs) by extensions ['ignore', 'ignore_ament_install']
[0.483s] Level 1:colcon.colcon_core.package_identification:_identify(src/uros/drive_base/drive_base_msgs) by extension 'ignore'
[0.483s] Level 1:colcon.colcon_core.package_identification:_identify(src/uros/drive_base/drive_base_msgs) by extension 'ignore_ament_install'
[0.483s] Level 1:colcon.colcon_core.package_identification:_identify(src/uros/drive_base/drive_base_msgs) by extensions ['colcon_pkg']
[0.483s] Level 1:colcon.colcon_core.package_identification:_identify(src/uros/drive_base/drive_base_msgs) by extension 'colcon_pkg'
[0.484s] Level 1:colcon.colcon_core.package_identification:_identify(src/uros/drive_base/drive_base_msgs) by extensions ['colcon_meta']
[0.484s] Level 1:colcon.colcon_core.package_identification:_identify(src/uros/drive_base/drive_base_msgs) by extension 'colcon_meta'
[0.484s] Level 1:colcon.colcon_core.package_identification:_identify(src/uros/drive_base/drive_base_msgs) by extensions ['ros']
[0.484s] Level 1:colcon.colcon_core.package_identification:_identify(src/uros/drive_base/drive_base_msgs) by extension 'ros'
[0.485s] DEBUG:colcon.colcon_core.package_identification:Package 'src/uros/drive_base/drive_base_msgs' with type 'ros.ament_cmake' and name 'drive_base_msgs'
[0.485s] Level 1:colcon.colcon_core.package_identification:_identify(src/uros/micro-ROS-Agent) by extensions ['ignore', 'ignore_ament_install']
[0.485s] Level 1:colcon.colcon_core.package_identification:_identify(src/uros/micro-ROS-Agent) by extension 'ignore'
[0.485s] Level 1:colcon.colcon_core.package_identification:_identify(src/uros/micro-ROS-Agent) by extension 'ignore_ament_install'
[0.485s] Level 1:colcon.colcon_core.package_identification:_identify(src/uros/micro-ROS-Agent) by extensions ['colcon_pkg']
[0.485s] Level 1:colcon.colcon_core.package_identification:_identify(src/uros/micro-ROS-Agent) by extension 'colcon_pkg'
[0.486s] Level 1:colcon.colcon_core.package_identification:_identify(src/uros/micro-ROS-Agent) by extensions ['colcon_meta']
[0.486s] Level 1:colcon.colcon_core.package_identification:_identify(src/uros/micro-ROS-Agent) by extension 'colcon_meta'
[0.486s] Level 1:colcon.colcon_core.package_identification:_identify(src/uros/micro-ROS-Agent) by extensions ['ros']
[0.486s] Level 1:colcon.colcon_core.package_identification:_identify(src/uros/micro-ROS-Agent) by extension 'ros'
[0.486s] Level 1:colcon.colcon_core.package_identification:_identify(src/uros/micro-ROS-Agent) by extensions ['cmake', 'python']
[0.486s] Level 1:colcon.colcon_core.package_identification:_identify(src/uros/micro-ROS-Agent) by extension 'cmake'
[0.486s] Level 1:colcon.colcon_core.package_identification:_identify(src/uros/micro-ROS-Agent) by extension 'python'
[0.486s] Level 1:colcon.colcon_core.package_identification:_identify(src/uros/micro-ROS-Agent) by extensions ['python_setup_py']
[0.486s] Level 1:colcon.colcon_core.package_identification:_identify(src/uros/micro-ROS-Agent) by extension 'python_setup_py'
[0.486s] Level 1:colcon.colcon_core.package_identification:_identify(src/uros/micro-ROS-Agent/micro_ros_agent) by extensions ['ignore', 'ignore_ament_install']
[0.486s] Level 1:colcon.colcon_core.package_identification:_identify(src/uros/micro-ROS-Agent/micro_ros_agent) by extension 'ignore'
[0.487s] Level 1:colcon.colcon_core.package_identification:_identify(src/uros/micro-ROS-Agent/micro_ros_agent) by extension 'ignore_ament_install'
[0.487s] Level 1:colcon.colcon_core.package_identification:_identify(src/uros/micro-ROS-Agent/micro_ros_agent) by extensions ['colcon_pkg']
[0.487s] Level 1:colcon.colcon_core.package_identification:_identify(src/uros/micro-ROS-Agent/micro_ros_agent) by extension 'colcon_pkg'
[0.487s] Level 1:colcon.colcon_core.package_identification:_identify(src/uros/micro-ROS-Agent/micro_ros_agent) by extensions ['colcon_meta']
[0.487s] Level 1:colcon.colcon_core.package_identification:_identify(src/uros/micro-ROS-Agent/micro_ros_agent) by extension 'colcon_meta'
[0.487s] Level 1:colcon.colcon_core.package_identification:_identify(src/uros/micro-ROS-Agent/micro_ros_agent) by extensions ['ros']
[0.487s] Level 1:colcon.colcon_core.package_identification:_identify(src/uros/micro-ROS-Agent/micro_ros_agent) by extension 'ros'
[0.488s] DEBUG:colcon.colcon_core.package_identification:Package 'src/uros/micro-ROS-Agent/micro_ros_agent' with type 'ros.ament_cmake' and name 'micro_ros_agent'
[0.488s] Level 1:colcon.colcon_core.package_identification:_identify(src/uros/micro-ROS-Agent/snap) by extensions ['ignore', 'ignore_ament_install']
[0.488s] Level 1:colcon.colcon_core.package_identification:_identify(src/uros/micro-ROS-Agent/snap) by extension 'ignore'
[0.489s] Level 1:colcon.colcon_core.package_identification:_identify(src/uros/micro-ROS-Agent/snap) by extension 'ignore_ament_install'
[0.489s] Level 1:colcon.colcon_core.package_identification:_identify(src/uros/micro-ROS-Agent/snap) by extensions ['colcon_pkg']
[0.489s] Level 1:colcon.colcon_core.package_identification:_identify(src/uros/micro-ROS-Agent/snap) by extension 'colcon_pkg'
[0.489s] Level 1:colcon.colcon_core.package_identification:_identify(src/uros/micro-ROS-Agent/snap) by extensions ['colcon_meta']
[0.489s] Level 1:colcon.colcon_core.package_identification:_identify(src/uros/micro-ROS-Agent/snap) by extension 'colcon_meta'
[0.489s] Level 1:colcon.colcon_core.package_identification:_identify(src/uros/micro-ROS-Agent/snap) by extensions ['ros']
[0.489s] Level 1:colcon.colcon_core.package_identification:_identify(src/uros/micro-ROS-Agent/snap) by extension 'ros'
[0.489s] Level 1:colcon.colcon_core.package_identification:_identify(src/uros/micro-ROS-Agent/snap) by extensions ['cmake', 'python']
[0.489s] Level 1:colcon.colcon_core.package_identification:_identify(src/uros/micro-ROS-Agent/snap) by extension 'cmake'
[0.489s] Level 1:colcon.colcon_core.package_identification:_identify(src/uros/micro-ROS-Agent/snap) by extension 'python'
[0.489s] Level 1:colcon.colcon_core.package_identification:_identify(src/uros/micro-ROS-Agent/snap) by extensions ['python_setup_py']
[0.489s] Level 1:colcon.colcon_core.package_identification:_identify(src/uros/micro-ROS-Agent/snap) by extension 'python_setup_py'
[0.489s] Level 1:colcon.colcon_core.package_identification:_identify(src/uros/micro-ROS-Agent/snap/hooks) by extensions ['ignore', 'ignore_ament_install']
[0.489s] Level 1:colcon.colcon_core.package_identification:_identify(src/uros/micro-ROS-Agent/snap/hooks) by extension 'ignore'
[0.489s] Level 1:colcon.colcon_core.package_identification:_identify(src/uros/micro-ROS-Agent/snap/hooks) by extension 'ignore_ament_install'
[0.489s] Level 1:colcon.colcon_core.package_identification:_identify(src/uros/micro-ROS-Agent/snap/hooks) by extensions ['colcon_pkg']
[0.490s] Level 1:colcon.colcon_core.package_identification:_identify(src/uros/micro-ROS-Agent/snap/hooks) by extension 'colcon_pkg'
[0.490s] Level 1:colcon.colcon_core.package_identification:_identify(src/uros/micro-ROS-Agent/snap/hooks) by extensions ['colcon_meta']
[0.490s] Level 1:colcon.colcon_core.package_identification:_identify(src/uros/micro-ROS-Agent/snap/hooks) by extension 'colcon_meta'
[0.490s] Level 1:colcon.colcon_core.package_identification:_identify(src/uros/micro-ROS-Agent/snap/hooks) by extensions ['ros']
[0.490s] Level 1:colcon.colcon_core.package_identification:_identify(src/uros/micro-ROS-Agent/snap/hooks) by extension 'ros'
[0.490s] Level 1:colcon.colcon_core.package_identification:_identify(src/uros/micro-ROS-Agent/snap/hooks) by extensions ['cmake', 'python']
[0.490s] Level 1:colcon.colcon_core.package_identification:_identify(src/uros/micro-ROS-Agent/snap/hooks) by extension 'cmake'
[0.490s] Level 1:colcon.colcon_core.package_identification:_identify(src/uros/micro-ROS-Agent/snap/hooks) by extension 'python'
[0.490s] Level 1:colcon.colcon_core.package_identification:_identify(src/uros/micro-ROS-Agent/snap/hooks) by extensions ['python_setup_py']
[0.490s] Level 1:colcon.colcon_core.package_identification:_identify(src/uros/micro-ROS-Agent/snap/hooks) by extension 'python_setup_py'
[0.490s] Level 1:colcon.colcon_core.package_identification:_identify(src/uros/micro-ROS-Agent/snap/local) by extensions ['ignore', 'ignore_ament_install']
[0.490s] Level 1:colcon.colcon_core.package_identification:_identify(src/uros/micro-ROS-Agent/snap/local) by extension 'ignore'
[0.490s] Level 1:colcon.colcon_core.package_identification:_identify(src/uros/micro-ROS-Agent/snap/local) by extension 'ignore_ament_install'
[0.490s] Level 1:colcon.colcon_core.package_identification:_identify(src/uros/micro-ROS-Agent/snap/local) by extensions ['colcon_pkg']
[0.490s] Level 1:colcon.colcon_core.package_identification:_identify(src/uros/micro-ROS-Agent/snap/local) by extension 'colcon_pkg'
[0.491s] Level 1:colcon.colcon_core.package_identification:_identify(src/uros/micro-ROS-Agent/snap/local) by extensions ['colcon_meta']
[0.491s] Level 1:colcon.colcon_core.package_identification:_identify(src/uros/micro-ROS-Agent/snap/local) by extension 'colcon_meta'
[0.491s] Level 1:colcon.colcon_core.package_identification:_identify(src/uros/micro-ROS-Agent/snap/local) by extensions ['ros']
[0.491s] Level 1:colcon.colcon_core.package_identification:_identify(src/uros/micro-ROS-Agent/snap/local) by extension 'ros'
[0.491s] Level 1:colcon.colcon_core.package_identification:_identify(src/uros/micro-ROS-Agent/snap/local) by extensions ['cmake', 'python']
[0.491s] Level 1:colcon.colcon_core.package_identification:_identify(src/uros/micro-ROS-Agent/snap/local) by extension 'cmake'
[0.491s] Level 1:colcon.colcon_core.package_identification:_identify(src/uros/micro-ROS-Agent/snap/local) by extension 'python'
[0.491s] Level 1:colcon.colcon_core.package_identification:_identify(src/uros/micro-ROS-Agent/snap/local) by extensions ['python_setup_py']
[0.491s] Level 1:colcon.colcon_core.package_identification:_identify(src/uros/micro-ROS-Agent/snap/local) by extension 'python_setup_py'
[0.491s] Level 1:colcon.colcon_core.package_identification:_identify(src/uros/micro_ros_msgs) by extensions ['ignore', 'ignore_ament_install']
[0.491s] Level 1:colcon.colcon_core.package_identification:_identify(src/uros/micro_ros_msgs) by extension 'ignore'
[0.491s] Level 1:colcon.colcon_core.package_identification:_identify(src/uros/micro_ros_msgs) by extension 'ignore_ament_install'
[0.491s] Level 1:colcon.colcon_core.package_identification:_identify(src/uros/micro_ros_msgs) by extensions ['colcon_pkg']
[0.491s] Level 1:colcon.colcon_core.package_identification:_identify(src/uros/micro_ros_msgs) by extension 'colcon_pkg'
[0.491s] Level 1:colcon.colcon_core.package_identification:_identify(src/uros/micro_ros_msgs) by extensions ['colcon_meta']
[0.491s] Level 1:colcon.colcon_core.package_identification:_identify(src/uros/micro_ros_msgs) by extension 'colcon_meta'
[0.492s] Level 1:colcon.colcon_core.package_identification:_identify(src/uros/micro_ros_msgs) by extensions ['ros']
[0.492s] Level 1:colcon.colcon_core.package_identification:_identify(src/uros/micro_ros_msgs) by extension 'ros'
[0.492s] DEBUG:colcon.colcon_core.package_identification:Package 'src/uros/micro_ros_msgs' with type 'ros.ament_cmake' and name 'micro_ros_msgs'
[0.492s] Level 1:colcon.colcon_core.package_discovery:discover_packages(recursive) using defaults
[0.523s] INFO:colcon.colcon_core.package_selection:Skipping not selected package 'micro_ros_msgs' in 'src/uros/micro_ros_msgs'
[0.523s] INFO:colcon.colcon_core.package_selection:Skipping not selected package 'micro_ros_setup' in 'src/micro_ros_setup'
[0.523s] Level 1:colcon.colcon_core.package_discovery:discover_packages(prefix_path) check parameters
[0.523s] Level 1:colcon.colcon_core.package_discovery:discover_packages(prefix_path) discover
[0.527s] DEBUG:colcon.colcon_installed_package_information.package_discovery:Found 3 installed packages in /home/duong/uros_ws/install
[0.528s] DEBUG:colcon.colcon_installed_package_information.package_discovery:Found 17 installed packages in /home/duong/kaia_ws/install
[0.530s] DEBUG:colcon.colcon_installed_package_information.package_discovery:Found 345 installed packages in /opt/ros/iron
[0.533s] Level 1:colcon.colcon_core.package_discovery:discover_packages(prefix_path) using defaults
[0.601s] Level 5:colcon.colcon_core.verb:set package 'drive_base_msgs' build argument 'cmake_args' from command line to 'None'
[0.601s] Level 5:colcon.colcon_core.verb:set package 'drive_base_msgs' build argument 'cmake_target' from command line to 'None'
[0.601s] Level 5:colcon.colcon_core.verb:set package 'drive_base_msgs' build argument 'cmake_target_skip_unavailable' from command line to 'False'
[0.601s] Level 5:colcon.colcon_core.verb:set package 'drive_base_msgs' build argument 'cmake_clean_cache' from command line to 'False'
[0.601s] Level 5:colcon.colcon_core.verb:set package 'drive_base_msgs' build argument 'cmake_clean_first' from command line to 'False'
[0.601s] Level 5:colcon.colcon_core.verb:set package 'drive_base_msgs' build argument 'cmake_force_configure' from command line to 'False'
[0.601s] Level 5:colcon.colcon_core.verb:set package 'drive_base_msgs' build argument 'ament_cmake_args' from command line to 'None'
[0.601s] Level 5:colcon.colcon_core.verb:set package 'drive_base_msgs' build argument 'catkin_cmake_args' from command line to 'None'
[0.601s] Level 5:colcon.colcon_core.verb:set package 'drive_base_msgs' build argument 'catkin_skip_building_tests' from command line to 'False'
[0.602s] DEBUG:colcon.colcon_core.verb:Building package 'drive_base_msgs' with the following arguments: {'ament_cmake_args': None, 'build_base': '/home/duong/Arduino/ROS2_ServiceRobot/uros_ws/build/drive_base_msgs', 'catkin_cmake_args': None, 'catkin_skip_building_tests': False, 'cmake_args': None, 'cmake_clean_cache': False, 'cmake_clean_first': False, 'cmake_force_configure': False, 'cmake_target': None, 'cmake_target_skip_unavailable': False, 'install_base': '/home/duong/Arduino/ROS2_ServiceRobot/uros_ws/install/drive_base_msgs', 'merge_install': False, 'path': '/home/duong/Arduino/ROS2_ServiceRobot/uros_ws/src/uros/drive_base/drive_base_msgs', 'symlink_install': True, 'test_result_base': None}
[0.602s] Level 5:colcon.colcon_core.verb:set package 'micro_ros_agent' build argument 'cmake_args' from command line to 'None'
[0.602s] Level 5:colcon.colcon_core.verb:set package 'micro_ros_agent' build argument 'cmake_target' from command line to 'None'
[0.602s] Level 5:colcon.colcon_core.verb:set package 'micro_ros_agent' build argument 'cmake_target_skip_unavailable' from command line to 'False'
[0.602s] Level 5:colcon.colcon_core.verb:set package 'micro_ros_agent' build argument 'cmake_clean_cache' from command line to 'False'
[0.602s] Level 5:colcon.colcon_core.verb:set package 'micro_ros_agent' build argument 'cmake_clean_first' from command line to 'False'
[0.602s] Level 5:colcon.colcon_core.verb:set package 'micro_ros_agent' build argument 'cmake_force_configure' from command line to 'False'
[0.602s] Level 5:colcon.colcon_core.verb:set package 'micro_ros_agent' build argument 'ament_cmake_args' from command line to 'None'
[0.602s] Level 5:colcon.colcon_core.verb:set package 'micro_ros_agent' build argument 'catkin_cmake_args' from command line to 'None'
[0.602s] Level 5:colcon.colcon_core.verb:set package 'micro_ros_agent' build argument 'catkin_skip_building_tests' from command line to 'False'
[0.602s] DEBUG:colcon.colcon_core.verb:Building package 'micro_ros_agent' with the following arguments: {'ament_cmake_args': None, 'build_base': '/home/duong/Arduino/ROS2_ServiceRobot/uros_ws/build/micro_ros_agent', 'catkin_cmake_args': None, 'catkin_skip_building_tests': False, 'cmake_args': None, 'cmake_clean_cache': False, 'cmake_clean_first': False, 'cmake_force_configure': False, 'cmake_target': None, 'cmake_target_skip_unavailable': False, 'install_base': '/home/duong/Arduino/ROS2_ServiceRobot/uros_ws/install/micro_ros_agent', 'merge_install': False, 'path': '/home/duong/Arduino/ROS2_ServiceRobot/uros_ws/src/uros/micro-ROS-Agent/micro_ros_agent', 'symlink_install': True, 'test_result_base': None}
[0.603s] INFO:colcon.colcon_core.executor:Executing jobs using 'parallel' executor
[0.604s] DEBUG:colcon.colcon_parallel_executor.executor.parallel:run_until_complete
[0.604s] INFO:colcon.colcon_ros.task.ament_cmake.build:Building ROS package in '/home/duong/Arduino/ROS2_ServiceRobot/uros_ws/src/uros/drive_base/drive_base_msgs' with build type 'ament_cmake'
[0.604s] INFO:colcon.colcon_cmake.task.cmake.build:Building CMake package in '/home/duong/Arduino/ROS2_ServiceRobot/uros_ws/src/uros/drive_base/drive_base_msgs'
[0.608s] INFO:colcon.colcon_core.plugin_system:Skipping extension 'colcon_core.shell.bat': Not used on non-Windows systems
[0.608s] INFO:colcon.colcon_core.shell:Skip shell extension 'powershell' for command environment: Not usable outside of PowerShell
[0.608s] DEBUG:colcon.colcon_core.shell:Skip shell extension 'dsv' for command environment
[0.616s] INFO:colcon.colcon_ros.task.ament_cmake.build:Building ROS package in '/home/duong/Arduino/ROS2_ServiceRobot/uros_ws/src/uros/micro-ROS-Agent/micro_ros_agent' with build type 'ament_cmake'
[0.616s] INFO:colcon.colcon_cmake.task.cmake.build:Building CMake package in '/home/duong/Arduino/ROS2_ServiceRobot/uros_ws/src/uros/micro-ROS-Agent/micro_ros_agent'
[0.616s] INFO:colcon.colcon_core.shell:Skip shell extension 'powershell' for command environment: Not usable outside of PowerShell
[0.617s] DEBUG:colcon.colcon_core.shell:Skip shell extension 'dsv' for command environment
[0.632s] DEBUG:colcon.colcon_core.event_handler.log_command:Invoking command in '/home/duong/Arduino/ROS2_ServiceRobot/uros_ws/build/drive_base_msgs': CMAKE_PREFIX_PATH=${CMAKE_PREFIX_PATH}:/home/duong/kaia_ws/install/nav2_wfd:/home/duong/kaia_ws/install/makerspet:/home/duong/kaia_ws/install/kaiaai_web:/home/duong/kaia_ws/install/kaiaai_teleop:/home/duong/kaia_ws/install/kaiaai_apps:/home/duong/kaia_ws/install/kaiaai:/opt/ros/iron /usr/bin/cmake --build /home/duong/Arduino/ROS2_ServiceRobot/uros_ws/build/drive_base_msgs -- -j12 -l12
[0.643s] DEBUG:colcon.colcon_core.event_handler.log_command:Invoking command in '/home/duong/Arduino/ROS2_ServiceRobot/uros_ws/build/micro_ros_agent': AMENT_PREFIX_PATH=/home/duong/Arduino/ROS2_ServiceRobot/uros_ws/install/micro_ros_msgs:${AMENT_PREFIX_PATH} CMAKE_PREFIX_PATH=/home/duong/Arduino/ROS2_ServiceRobot/uros_ws/install/micro_ros_msgs:/home/duong/kaia_ws/install/robot_serving_bot:/home/duong/kaia_ws/install/kaiaai_bringup:/home/duong/kaia_ws/install/makerspet_snoopy:/home/duong/kaia_ws/install/makerspet_mini:/home/duong/kaia_ws/install/makerspet_loki:/home/duong/kaia_ws/install/makerspet_fido:/home/duong/kaia_ws/install/kaiaai_telemetry:/home/duong/kaia_ws/install/kaiaai_msgs:/home/duong/kaia_ws/install/kaiaai_gazebo:/home/duong/kaia_ws/install/explore_lite:/home/duong/kaia_ws/install/auto_mapper:/home/duong/uros_ws/install/micro_ros_setup:/home/duong/uros_ws/install/micro_ros_agent:/home/duong/uros_ws/install/micro_ros_msgs:/home/duong/kaia_ws/install/nav2_wfd:/home/duong/kaia_ws/install/makerspet:/home/duong/kaia_ws/install/kaiaai_web:/home/duong/kaia_ws/install/kaiaai_teleop:/home/duong/kaia_ws/install/kaiaai_apps:/home/duong/kaia_ws/install/kaiaai:/opt/ros/iron LD_LIBRARY_PATH=/home/duong/Arduino/ROS2_ServiceRobot/uros_ws/install/micro_ros_msgs/lib:${LD_LIBRARY_PATH} PYTHONPATH=/home/duong/Arduino/ROS2_ServiceRobot/uros_ws/install/micro_ros_msgs/lib/python3.10/site-packages:${PYTHONPATH} /usr/bin/cmake --build /home/duong/Arduino/ROS2_ServiceRobot/uros_ws/build/micro_ros_agent -- -j12 -l12
[1.224s] DEBUG:colcon.colcon_core.event_handler.log_command:Invoked command in '/home/duong/Arduino/ROS2_ServiceRobot/uros_ws/build/drive_base_msgs' returned '0': CMAKE_PREFIX_PATH=${CMAKE_PREFIX_PATH}:/home/duong/kaia_ws/install/nav2_wfd:/home/duong/kaia_ws/install/makerspet:/home/duong/kaia_ws/install/kaiaai_web:/home/duong/kaia_ws/install/kaiaai_teleop:/home/duong/kaia_ws/install/kaiaai_apps:/home/duong/kaia_ws/install/kaiaai:/opt/ros/iron /usr/bin/cmake --build /home/duong/Arduino/ROS2_ServiceRobot/uros_ws/build/drive_base_msgs -- -j12 -l12
[1.247s] DEBUG:colcon.colcon_core.event_handler.log_command:Invoking command in '/home/duong/Arduino/ROS2_ServiceRobot/uros_ws/build/drive_base_msgs': CMAKE_PREFIX_PATH=${CMAKE_PREFIX_PATH}:/home/duong/kaia_ws/install/nav2_wfd:/home/duong/kaia_ws/install/makerspet:/home/duong/kaia_ws/install/kaiaai_web:/home/duong/kaia_ws/install/kaiaai_teleop:/home/duong/kaia_ws/install/kaiaai_apps:/home/duong/kaia_ws/install/kaiaai:/opt/ros/iron /usr/bin/cmake --install /home/duong/Arduino/ROS2_ServiceRobot/uros_ws/build/drive_base_msgs
[1.399s] Level 1:colcon.colcon_core.environment:create_environment_scripts_only(drive_base_msgs)
[1.400s] DEBUG:colcon.colcon_core.event_handler.log_command:Invoked command in '/home/duong/Arduino/ROS2_ServiceRobot/uros_ws/build/drive_base_msgs' returned '0': CMAKE_PREFIX_PATH=${CMAKE_PREFIX_PATH}:/home/duong/kaia_ws/install/nav2_wfd:/home/duong/kaia_ws/install/makerspet:/home/duong/kaia_ws/install/kaiaai_web:/home/duong/kaia_ws/install/kaiaai_teleop:/home/duong/kaia_ws/install/kaiaai_apps:/home/duong/kaia_ws/install/kaiaai:/opt/ros/iron /usr/bin/cmake --install /home/duong/Arduino/ROS2_ServiceRobot/uros_ws/build/drive_base_msgs
[1.405s] Level 1:colcon.colcon_core.environment:checking '/home/duong/Arduino/ROS2_ServiceRobot/uros_ws/install/drive_base_msgs' for CMake module files
[1.406s] Level 1:colcon.colcon_core.environment:checking '/home/duong/Arduino/ROS2_ServiceRobot/uros_ws/install/drive_base_msgs' for CMake config files
[1.407s] Level 1:colcon.colcon_core.shell:create_environment_hook('drive_base_msgs', 'cmake_prefix_path')
[1.408s] INFO:colcon.colcon_core.shell:Creating environment hook '/home/duong/Arduino/ROS2_ServiceRobot/uros_ws/install/drive_base_msgs/share/drive_base_msgs/hook/cmake_prefix_path.ps1'
[1.409s] INFO:colcon.colcon_core.shell:Creating environment descriptor '/home/duong/Arduino/ROS2_ServiceRobot/uros_ws/install/drive_base_msgs/share/drive_base_msgs/hook/cmake_prefix_path.dsv'
[1.410s] INFO:colcon.colcon_core.shell:Creating environment hook '/home/duong/Arduino/ROS2_ServiceRobot/uros_ws/install/drive_base_msgs/share/drive_base_msgs/hook/cmake_prefix_path.sh'
[1.412s] Level 1:colcon.colcon_core.environment:checking '/home/duong/Arduino/ROS2_ServiceRobot/uros_ws/install/drive_base_msgs/lib'
[1.412s] Level 1:colcon.colcon_core.shell:create_environment_hook('drive_base_msgs', 'ld_library_path_lib')
[1.412s] INFO:colcon.colcon_core.shell:Creating environment hook '/home/duong/Arduino/ROS2_ServiceRobot/uros_ws/install/drive_base_msgs/share/drive_base_msgs/hook/ld_library_path_lib.ps1'
[1.413s] INFO:colcon.colcon_core.shell:Creating environment descriptor '/home/duong/Arduino/ROS2_ServiceRobot/uros_ws/install/drive_base_msgs/share/drive_base_msgs/hook/ld_library_path_lib.dsv'
[1.414s] INFO:colcon.colcon_core.shell:Creating environment hook '/home/duong/Arduino/ROS2_ServiceRobot/uros_ws/install/drive_base_msgs/share/drive_base_msgs/hook/ld_library_path_lib.sh'
[1.414s] Level 1:colcon.colcon_core.environment:checking '/home/duong/Arduino/ROS2_ServiceRobot/uros_ws/install/drive_base_msgs/bin'
[1.415s] Level 1:colcon.colcon_core.environment:checking '/home/duong/Arduino/ROS2_ServiceRobot/uros_ws/install/drive_base_msgs/lib/pkgconfig/drive_base_msgs.pc'
[1.415s] Level 1:colcon.colcon_core.environment:checking '/home/duong/Arduino/ROS2_ServiceRobot/uros_ws/install/drive_base_msgs/lib/python3.10/site-packages'
[1.415s] Level 1:colcon.colcon_core.shell:create_environment_hook('drive_base_msgs', 'pythonpath')
[1.416s] INFO:colcon.colcon_core.shell:Creating environment hook '/home/duong/Arduino/ROS2_ServiceRobot/uros_ws/install/drive_base_msgs/share/drive_base_msgs/hook/pythonpath.ps1'
[1.416s] INFO:colcon.colcon_core.shell:Creating environment descriptor '/home/duong/Arduino/ROS2_ServiceRobot/uros_ws/install/drive_base_msgs/share/drive_base_msgs/hook/pythonpath.dsv'
[1.417s] INFO:colcon.colcon_core.shell:Creating environment hook '/home/duong/Arduino/ROS2_ServiceRobot/uros_ws/install/drive_base_msgs/share/drive_base_msgs/hook/pythonpath.sh'
[1.418s] Level 1:colcon.colcon_core.environment:checking '/home/duong/Arduino/ROS2_ServiceRobot/uros_ws/install/drive_base_msgs/bin'
[1.419s] INFO:colcon.colcon_core.shell:Creating package script '/home/duong/Arduino/ROS2_ServiceRobot/uros_ws/install/drive_base_msgs/share/drive_base_msgs/package.ps1'
[1.421s] INFO:colcon.colcon_core.shell:Creating package descriptor '/home/duong/Arduino/ROS2_ServiceRobot/uros_ws/install/drive_base_msgs/share/drive_base_msgs/package.dsv'
[1.422s] INFO:colcon.colcon_core.shell:Creating package script '/home/duong/Arduino/ROS2_ServiceRobot/uros_ws/install/drive_base_msgs/share/drive_base_msgs/package.sh'
[1.424s] INFO:colcon.colcon_core.shell:Creating package script '/home/duong/Arduino/ROS2_ServiceRobot/uros_ws/install/drive_base_msgs/share/drive_base_msgs/package.bash'
[1.425s] INFO:colcon.colcon_core.shell:Creating package script '/home/duong/Arduino/ROS2_ServiceRobot/uros_ws/install/drive_base_msgs/share/drive_base_msgs/package.zsh'
[1.427s] Level 1:colcon.colcon_core.environment:create_file_with_runtime_dependencies(/home/duong/Arduino/ROS2_ServiceRobot/uros_ws/install/drive_base_msgs/share/colcon-core/packages/drive_base_msgs)
[1.428s] Level 1:colcon.colcon_core.environment:create_environment_scripts_only(drive_base_msgs)
[1.428s] Level 1:colcon.colcon_core.environment:checking '/home/duong/Arduino/ROS2_ServiceRobot/uros_ws/install/drive_base_msgs' for CMake module files
[1.430s] Level 1:colcon.colcon_core.environment:checking '/home/duong/Arduino/ROS2_ServiceRobot/uros_ws/install/drive_base_msgs' for CMake config files
[1.431s] Level 1:colcon.colcon_core.shell:create_environment_hook('drive_base_msgs', 'cmake_prefix_path')
[1.432s] INFO:colcon.colcon_core.shell:Creating environment hook '/home/duong/Arduino/ROS2_ServiceRobot/uros_ws/install/drive_base_msgs/share/drive_base_msgs/hook/cmake_prefix_path.ps1'
[1.432s] INFO:colcon.colcon_core.shell:Creating environment descriptor '/home/duong/Arduino/ROS2_ServiceRobot/uros_ws/install/drive_base_msgs/share/drive_base_msgs/hook/cmake_prefix_path.dsv'
[1.433s] INFO:colcon.colcon_core.shell:Creating environment hook '/home/duong/Arduino/ROS2_ServiceRobot/uros_ws/install/drive_base_msgs/share/drive_base_msgs/hook/cmake_prefix_path.sh'
[1.434s] Level 1:colcon.colcon_core.environment:checking '/home/duong/Arduino/ROS2_ServiceRobot/uros_ws/install/drive_base_msgs/lib'
[1.434s] Level 1:colcon.colcon_core.shell:create_environment_hook('drive_base_msgs', 'ld_library_path_lib')
[1.435s] INFO:colcon.colcon_core.shell:Creating environment hook '/home/duong/Arduino/ROS2_ServiceRobot/uros_ws/install/drive_base_msgs/share/drive_base_msgs/hook/ld_library_path_lib.ps1'
[1.436s] INFO:colcon.colcon_core.shell:Creating environment descriptor '/home/duong/Arduino/ROS2_ServiceRobot/uros_ws/install/drive_base_msgs/share/drive_base_msgs/hook/ld_library_path_lib.dsv'
[1.437s] INFO:colcon.colcon_core.shell:Creating environment hook '/home/duong/Arduino/ROS2_ServiceRobot/uros_ws/install/drive_base_msgs/share/drive_base_msgs/hook/ld_library_path_lib.sh'
[1.438s] Level 1:colcon.colcon_core.environment:checking '/home/duong/Arduino/ROS2_ServiceRobot/uros_ws/install/drive_base_msgs/bin'
[1.438s] Level 1:colcon.colcon_core.environment:checking '/home/duong/Arduino/ROS2_ServiceRobot/uros_ws/install/drive_base_msgs/lib/pkgconfig/drive_base_msgs.pc'
[1.438s] Level 1:colcon.colcon_core.environment:checking '/home/duong/Arduino/ROS2_ServiceRobot/uros_ws/install/drive_base_msgs/lib/python3.10/site-packages'
[1.438s] Level 1:colcon.colcon_core.shell:create_environment_hook('drive_base_msgs', 'pythonpath')
[1.439s] INFO:colcon.colcon_core.shell:Creating environment hook '/home/duong/Arduino/ROS2_ServiceRobot/uros_ws/install/drive_base_msgs/share/drive_base_msgs/hook/pythonpath.ps1'
[1.440s] INFO:colcon.colcon_core.shell:Creating environment descriptor '/home/duong/Arduino/ROS2_ServiceRobot/uros_ws/install/drive_base_msgs/share/drive_base_msgs/hook/pythonpath.dsv'
[1.441s] INFO:colcon.colcon_core.shell:Creating environment hook '/home/duong/Arduino/ROS2_ServiceRobot/uros_ws/install/drive_base_msgs/share/drive_base_msgs/hook/pythonpath.sh'
[1.442s] Level 1:colcon.colcon_core.environment:checking '/home/duong/Arduino/ROS2_ServiceRobot/uros_ws/install/drive_base_msgs/bin'
[1.443s] INFO:colcon.colcon_core.shell:Creating package script '/home/duong/Arduino/ROS2_ServiceRobot/uros_ws/install/drive_base_msgs/share/drive_base_msgs/package.ps1'
[1.445s] INFO:colcon.colcon_core.shell:Creating package descriptor '/home/duong/Arduino/ROS2_ServiceRobot/uros_ws/install/drive_base_msgs/share/drive_base_msgs/package.dsv'
[1.447s] INFO:colcon.colcon_core.shell:Creating package script '/home/duong/Arduino/ROS2_ServiceRobot/uros_ws/install/drive_base_msgs/share/drive_base_msgs/package.sh'
[1.448s] INFO:colcon.colcon_core.shell:Creating package script '/home/duong/Arduino/ROS2_ServiceRobot/uros_ws/install/drive_base_msgs/share/drive_base_msgs/package.bash'
[1.448s] INFO:colcon.colcon_core.shell:Creating package script '/home/duong/Arduino/ROS2_ServiceRobot/uros_ws/install/drive_base_msgs/share/drive_base_msgs/package.zsh'
[1.449s] Level 1:colcon.colcon_core.environment:create_file_with_runtime_dependencies(/home/duong/Arduino/ROS2_ServiceRobot/uros_ws/install/drive_base_msgs/share/colcon-core/packages/drive_base_msgs)
[38.879s] DEBUG:colcon.colcon_core.event_handler.log_command:Invoked command in '/home/duong/Arduino/ROS2_ServiceRobot/uros_ws/build/micro_ros_agent' returned '0': AMENT_PREFIX_PATH=/home/duong/Arduino/ROS2_ServiceRobot/uros_ws/install/micro_ros_msgs:${AMENT_PREFIX_PATH} CMAKE_PREFIX_PATH=/home/duong/Arduino/ROS2_ServiceRobot/uros_ws/install/micro_ros_msgs:/home/duong/kaia_ws/install/robot_serving_bot:/home/duong/kaia_ws/install/kaiaai_bringup:/home/duong/kaia_ws/install/makerspet_snoopy:/home/duong/kaia_ws/install/makerspet_mini:/home/duong/kaia_ws/install/makerspet_loki:/home/duong/kaia_ws/install/makerspet_fido:/home/duong/kaia_ws/install/kaiaai_telemetry:/home/duong/kaia_ws/install/kaiaai_msgs:/home/duong/kaia_ws/install/kaiaai_gazebo:/home/duong/kaia_ws/install/explore_lite:/home/duong/kaia_ws/install/auto_mapper:/home/duong/uros_ws/install/micro_ros_setup:/home/duong/uros_ws/install/micro_ros_agent:/home/duong/uros_ws/install/micro_ros_msgs:/home/duong/kaia_ws/install/nav2_wfd:/home/duong/kaia_ws/install/makerspet:/home/duong/kaia_ws/install/kaiaai_web:/home/duong/kaia_ws/install/kaiaai_teleop:/home/duong/kaia_ws/install/kaiaai_apps:/home/duong/kaia_ws/install/kaiaai:/opt/ros/iron LD_LIBRARY_PATH=/home/duong/Arduino/ROS2_ServiceRobot/uros_ws/install/micro_ros_msgs/lib:${LD_LIBRARY_PATH} PYTHONPATH=/home/duong/Arduino/ROS2_ServiceRobot/uros_ws/install/micro_ros_msgs/lib/python3.10/site-packages:${PYTHONPATH} /usr/bin/cmake --build /home/duong/Arduino/ROS2_ServiceRobot/uros_ws/build/micro_ros_agent -- -j12 -l12
[38.881s] DEBUG:colcon.colcon_core.event_handler.log_command:Invoking command in '/home/duong/Arduino/ROS2_ServiceRobot/uros_ws/build/micro_ros_agent': AMENT_PREFIX_PATH=/home/duong/Arduino/ROS2_ServiceRobot/uros_ws/install/micro_ros_msgs:${AMENT_PREFIX_PATH} CMAKE_PREFIX_PATH=/home/duong/Arduino/ROS2_ServiceRobot/uros_ws/install/micro_ros_msgs:/home/duong/kaia_ws/install/robot_serving_bot:/home/duong/kaia_ws/install/kaiaai_bringup:/home/duong/kaia_ws/install/makerspet_snoopy:/home/duong/kaia_ws/install/makerspet_mini:/home/duong/kaia_ws/install/makerspet_loki:/home/duong/kaia_ws/install/makerspet_fido:/home/duong/kaia_ws/install/kaiaai_telemetry:/home/duong/kaia_ws/install/kaiaai_msgs:/home/duong/kaia_ws/install/kaiaai_gazebo:/home/duong/kaia_ws/install/explore_lite:/home/duong/kaia_ws/install/auto_mapper:/home/duong/uros_ws/install/micro_ros_setup:/home/duong/uros_ws/install/micro_ros_agent:/home/duong/uros_ws/install/micro_ros_msgs:/home/duong/kaia_ws/install/nav2_wfd:/home/duong/kaia_ws/install/makerspet:/home/duong/kaia_ws/install/kaiaai_web:/home/duong/kaia_ws/install/kaiaai_teleop:/home/duong/kaia_ws/install/kaiaai_apps:/home/duong/kaia_ws/install/kaiaai:/opt/ros/iron LD_LIBRARY_PATH=/home/duong/Arduino/ROS2_ServiceRobot/uros_ws/install/micro_ros_msgs/lib:${LD_LIBRARY_PATH} PYTHONPATH=/home/duong/Arduino/ROS2_ServiceRobot/uros_ws/install/micro_ros_msgs/lib/python3.10/site-packages:${PYTHONPATH} /usr/bin/cmake --install /home/duong/Arduino/ROS2_ServiceRobot/uros_ws/build/micro_ros_agent
[39.200s] Level 1:colcon.colcon_core.environment:create_environment_scripts_only(micro_ros_agent)
[39.201s] Level 1:colcon.colcon_core.environment:checking '/home/duong/Arduino/ROS2_ServiceRobot/uros_ws/install/micro_ros_agent' for CMake module files
[39.202s] DEBUG:colcon.colcon_core.event_handler.log_command:Invoked command in '/home/duong/Arduino/ROS2_ServiceRobot/uros_ws/build/micro_ros_agent' returned '0': AMENT_PREFIX_PATH=/home/duong/Arduino/ROS2_ServiceRobot/uros_ws/install/micro_ros_msgs:${AMENT_PREFIX_PATH} CMAKE_PREFIX_PATH=/home/duong/Arduino/ROS2_ServiceRobot/uros_ws/install/micro_ros_msgs:/home/duong/kaia_ws/install/robot_serving_bot:/home/duong/kaia_ws/install/kaiaai_bringup:/home/duong/kaia_ws/install/makerspet_snoopy:/home/duong/kaia_ws/install/makerspet_mini:/home/duong/kaia_ws/install/makerspet_loki:/home/duong/kaia_ws/install/makerspet_fido:/home/duong/kaia_ws/install/kaiaai_telemetry:/home/duong/kaia_ws/install/kaiaai_msgs:/home/duong/kaia_ws/install/kaiaai_gazebo:/home/duong/kaia_ws/install/explore_lite:/home/duong/kaia_ws/install/auto_mapper:/home/duong/uros_ws/install/micro_ros_setup:/home/duong/uros_ws/install/micro_ros_agent:/home/duong/uros_ws/install/micro_ros_msgs:/home/duong/kaia_ws/install/nav2_wfd:/home/duong/kaia_ws/install/makerspet:/home/duong/kaia_ws/install/kaiaai_web:/home/duong/kaia_ws/install/kaiaai_teleop:/home/duong/kaia_ws/install/kaiaai_apps:/home/duong/kaia_ws/install/kaiaai:/opt/ros/iron LD_LIBRARY_PATH=/home/duong/Arduino/ROS2_ServiceRobot/uros_ws/install/micro_ros_msgs/lib:${LD_LIBRARY_PATH} PYTHONPATH=/home/duong/Arduino/ROS2_ServiceRobot/uros_ws/install/micro_ros_msgs/lib/python3.10/site-packages:${PYTHONPATH} /usr/bin/cmake --install /home/duong/Arduino/ROS2_ServiceRobot/uros_ws/build/micro_ros_agent
[39.203s] Level 1:colcon.colcon_core.environment:checking '/home/duong/Arduino/ROS2_ServiceRobot/uros_ws/install/micro_ros_agent' for CMake config files
[39.204s] Level 1:colcon.colcon_core.shell:create_environment_hook('micro_ros_agent', 'cmake_prefix_path')
[39.204s] INFO:colcon.colcon_core.shell:Creating environment hook '/home/duong/Arduino/ROS2_ServiceRobot/uros_ws/install/micro_ros_agent/share/micro_ros_agent/hook/cmake_prefix_path.ps1'
[39.205s] INFO:colcon.colcon_core.shell:Creating environment descriptor '/home/duong/Arduino/ROS2_ServiceRobot/uros_ws/install/micro_ros_agent/share/micro_ros_agent/hook/cmake_prefix_path.dsv'
[39.206s] INFO:colcon.colcon_core.shell:Creating environment hook '/home/duong/Arduino/ROS2_ServiceRobot/uros_ws/install/micro_ros_agent/share/micro_ros_agent/hook/cmake_prefix_path.sh'
[39.207s] Level 1:colcon.colcon_core.environment:checking '/home/duong/Arduino/ROS2_ServiceRobot/uros_ws/install/micro_ros_agent/lib'
[39.208s] Level 1:colcon.colcon_core.shell:create_environment_hook('micro_ros_agent', 'ld_library_path_lib')
[39.208s] INFO:colcon.colcon_core.shell:Creating environment hook '/home/duong/Arduino/ROS2_ServiceRobot/uros_ws/install/micro_ros_agent/share/micro_ros_agent/hook/ld_library_path_lib.ps1'
[39.209s] INFO:colcon.colcon_core.shell:Creating environment descriptor '/home/duong/Arduino/ROS2_ServiceRobot/uros_ws/install/micro_ros_agent/share/micro_ros_agent/hook/ld_library_path_lib.dsv'
[39.210s] INFO:colcon.colcon_core.shell:Creating environment hook '/home/duong/Arduino/ROS2_ServiceRobot/uros_ws/install/micro_ros_agent/share/micro_ros_agent/hook/ld_library_path_lib.sh'
[39.210s] Level 1:colcon.colcon_core.environment:checking '/home/duong/Arduino/ROS2_ServiceRobot/uros_ws/install/micro_ros_agent/bin'
[39.211s] Level 1:colcon.colcon_core.environment:checking '/home/duong/Arduino/ROS2_ServiceRobot/uros_ws/install/micro_ros_agent/lib/pkgconfig/micro_ros_agent.pc'
[39.211s] Level 1:colcon.colcon_core.environment:checking '/home/duong/Arduino/ROS2_ServiceRobot/uros_ws/install/micro_ros_agent/lib/python3.10/site-packages'
[39.212s] Level 1:colcon.colcon_core.environment:checking '/home/duong/Arduino/ROS2_ServiceRobot/uros_ws/install/micro_ros_agent/bin'
[39.212s] INFO:colcon.colcon_core.shell:Creating package script '/home/duong/Arduino/ROS2_ServiceRobot/uros_ws/install/micro_ros_agent/share/micro_ros_agent/package.ps1'
[39.214s] INFO:colcon.colcon_core.shell:Creating package descriptor '/home/duong/Arduino/ROS2_ServiceRobot/uros_ws/install/micro_ros_agent/share/micro_ros_agent/package.dsv'
[39.215s] INFO:colcon.colcon_core.shell:Creating package script '/home/duong/Arduino/ROS2_ServiceRobot/uros_ws/install/micro_ros_agent/share/micro_ros_agent/package.sh'
[39.216s] INFO:colcon.colcon_core.shell:Creating package script '/home/duong/Arduino/ROS2_ServiceRobot/uros_ws/install/micro_ros_agent/share/micro_ros_agent/package.bash'
[39.216s] INFO:colcon.colcon_core.shell:Creating package script '/home/duong/Arduino/ROS2_ServiceRobot/uros_ws/install/micro_ros_agent/share/micro_ros_agent/package.zsh'
[39.217s] Level 1:colcon.colcon_core.environment:create_file_with_runtime_dependencies(/home/duong/Arduino/ROS2_ServiceRobot/uros_ws/install/micro_ros_agent/share/colcon-core/packages/micro_ros_agent)
[39.218s] Level 1:colcon.colcon_core.environment:create_environment_scripts_only(micro_ros_agent)
[39.219s] Level 1:colcon.colcon_core.environment:checking '/home/duong/Arduino/ROS2_ServiceRobot/uros_ws/install/micro_ros_agent' for CMake module files
[39.220s] Level 1:colcon.colcon_core.environment:checking '/home/duong/Arduino/ROS2_ServiceRobot/uros_ws/install/micro_ros_agent' for CMake config files
[39.220s] Level 1:colcon.colcon_core.shell:create_environment_hook('micro_ros_agent', 'cmake_prefix_path')
[39.221s] INFO:colcon.colcon_core.shell:Creating environment hook '/home/duong/Arduino/ROS2_ServiceRobot/uros_ws/install/micro_ros_agent/share/micro_ros_agent/hook/cmake_prefix_path.ps1'
[39.222s] INFO:colcon.colcon_core.shell:Creating environment descriptor '/home/duong/Arduino/ROS2_ServiceRobot/uros_ws/install/micro_ros_agent/share/micro_ros_agent/hook/cmake_prefix_path.dsv'
[39.222s] INFO:colcon.colcon_core.shell:Creating environment hook '/home/duong/Arduino/ROS2_ServiceRobot/uros_ws/install/micro_ros_agent/share/micro_ros_agent/hook/cmake_prefix_path.sh'
[39.224s] Level 1:colcon.colcon_core.environment:checking '/home/duong/Arduino/ROS2_ServiceRobot/uros_ws/install/micro_ros_agent/lib'
[39.224s] Level 1:colcon.colcon_core.shell:create_environment_hook('micro_ros_agent', 'ld_library_path_lib')
[39.225s] INFO:colcon.colcon_core.shell:Creating environment hook '/home/duong/Arduino/ROS2_ServiceRobot/uros_ws/install/micro_ros_agent/share/micro_ros_agent/hook/ld_library_path_lib.ps1'
[39.226s] INFO:colcon.colcon_core.shell:Creating environment descriptor '/home/duong/Arduino/ROS2_ServiceRobot/uros_ws/install/micro_ros_agent/share/micro_ros_agent/hook/ld_library_path_lib.dsv'
[39.227s] INFO:colcon.colcon_core.shell:Creating environment hook '/home/duong/Arduino/ROS2_ServiceRobot/uros_ws/install/micro_ros_agent/share/micro_ros_agent/hook/ld_library_path_lib.sh'
[39.228s] Level 1:colcon.colcon_core.environment:checking '/home/duong/Arduino/ROS2_ServiceRobot/uros_ws/install/micro_ros_agent/bin'
[39.228s] Level 1:colcon.colcon_core.environment:checking '/home/duong/Arduino/ROS2_ServiceRobot/uros_ws/install/micro_ros_agent/lib/pkgconfig/micro_ros_agent.pc'
[39.229s] Level 1:colcon.colcon_core.environment:checking '/home/duong/Arduino/ROS2_ServiceRobot/uros_ws/install/micro_ros_agent/lib/python3.10/site-packages'
[39.229s] Level 1:colcon.colcon_core.environment:checking '/home/duong/Arduino/ROS2_ServiceRobot/uros_ws/install/micro_ros_agent/bin'
[39.230s] INFO:colcon.colcon_core.shell:Creating package script '/home/duong/Arduino/ROS2_ServiceRobot/uros_ws/install/micro_ros_agent/share/micro_ros_agent/package.ps1'
[39.232s] INFO:colcon.colcon_core.shell:Creating package descriptor '/home/duong/Arduino/ROS2_ServiceRobot/uros_ws/install/micro_ros_agent/share/micro_ros_agent/package.dsv'
[39.233s] INFO:colcon.colcon_core.shell:Creating package script '/home/duong/Arduino/ROS2_ServiceRobot/uros_ws/install/micro_ros_agent/share/micro_ros_agent/package.sh'
[39.234s] INFO:colcon.colcon_core.shell:Creating package script '/home/duong/Arduino/ROS2_ServiceRobot/uros_ws/install/micro_ros_agent/share/micro_ros_agent/package.bash'
[39.235s] INFO:colcon.colcon_core.shell:Creating package script '/home/duong/Arduino/ROS2_ServiceRobot/uros_ws/install/micro_ros_agent/share/micro_ros_agent/package.zsh'
[39.236s] Level 1:colcon.colcon_core.environment:create_file_with_runtime_dependencies(/home/duong/Arduino/ROS2_ServiceRobot/uros_ws/install/micro_ros_agent/share/colcon-core/packages/micro_ros_agent)
[39.236s] DEBUG:colcon.colcon_parallel_executor.executor.parallel:closing loop
[39.237s] DEBUG:colcon.colcon_parallel_executor.executor.parallel:loop closed
[39.237s] DEBUG:colcon.colcon_parallel_executor.executor.parallel:run_until_complete finished with '0'
[39.237s] DEBUG:colcon.colcon_core.event_reactor:joining thread
[39.250s] INFO:colcon.colcon_core.plugin_system:Skipping extension 'colcon_notification.desktop_notification.terminal_notifier': Not used on non-Darwin systems
[39.250s] INFO:colcon.colcon_core.plugin_system:Skipping extension 'colcon_notification.desktop_notification.win32': Not used on non-Windows systems
[39.251s] INFO:colcon.colcon_notification.desktop_notification:Sending desktop notification using 'notify2'
[39.275s] DEBUG:colcon.colcon_core.event_reactor:joined thread
[39.276s] INFO:colcon.colcon_core.shell:Creating prefix script '/home/duong/Arduino/ROS2_ServiceRobot/uros_ws/install/local_setup.ps1'
[39.279s] INFO:colcon.colcon_core.shell:Creating prefix util module '/home/duong/Arduino/ROS2_ServiceRobot/uros_ws/install/_local_setup_util_ps1.py'
[39.283s] INFO:colcon.colcon_core.shell:Creating prefix chain script '/home/duong/Arduino/ROS2_ServiceRobot/uros_ws/install/setup.ps1'
[39.288s] INFO:colcon.colcon_core.shell:Creating prefix script '/home/duong/Arduino/ROS2_ServiceRobot/uros_ws/install/local_setup.sh'
[39.290s] INFO:colcon.colcon_core.shell:Creating prefix util module '/home/duong/Arduino/ROS2_ServiceRobot/uros_ws/install/_local_setup_util_sh.py'
[39.291s] INFO:colcon.colcon_core.shell:Creating prefix chain script '/home/duong/Arduino/ROS2_ServiceRobot/uros_ws/install/setup.sh'
[39.296s] INFO:colcon.colcon_core.shell:Creating prefix script '/home/duong/Arduino/ROS2_ServiceRobot/uros_ws/install/local_setup.bash'
[39.297s] INFO:colcon.colcon_core.shell:Creating prefix chain script '/home/duong/Arduino/ROS2_ServiceRobot/uros_ws/install/setup.bash'
[39.302s] INFO:colcon.colcon_core.shell:Creating prefix script '/home/duong/Arduino/ROS2_ServiceRobot/uros_ws/install/local_setup.zsh'
[39.303s] INFO:colcon.colcon_core.shell:Creating prefix chain script '/home/duong/Arduino/ROS2_ServiceRobot/uros_ws/install/setup.zsh'
