-- Found ament_cmake: 2.0.7 (/opt/ros/iron/share/ament_cmake/cmake)
-- Override CMake install command with custom implementation using symlinks instead of copying resources
-- Found rclcpp: 21.0.8 (/opt/ros/iron/share/rclcpp/cmake)
-- Found rosidl_generator_c: 4.0.1 (/opt/ros/iron/share/rosidl_generator_c/cmake)
-- Found rosidl_generator_cpp: 4.0.1 (/opt/ros/iron/share/rosidl_generator_cpp/cmake)
-- Using all available rosidl_typesupport_c: rosidl_typesupport_fastrtps_c;rosidl_typesupport_introspection_c
-- Using all available rosidl_typesupport_cpp: rosidl_typesupport_fastrtps_cpp;rosidl_typesupport_introspection_cpp
-- Found rmw_implementation_cmake: 7.1.0 (/opt/ros/iron/share/rmw_implementation_cmake/cmake)
-- Found rmw_fastrtps_cpp: 7.1.4 (/opt/ros/iron/share/rmw_fastrtps_cpp/cmake)
-- Using RMW implementation 'rmw_fastrtps_cpp' as default
-- Found kaiaai_msgs: 0.3.0 (/home/duong/kaia_ws/install/kaiaai_msgs/share/kaiaai_msgs/cmake)
-- Found nav_msgs: 5.0.1 (/opt/ros/iron/share/nav_msgs/cmake)
-- Found sensor_msgs: 5.0.1 (/opt/ros/iron/share/sensor_msgs/cmake)
-- Found tf2_msgs: 0.31.8 (/opt/ros/iron/share/tf2_msgs/cmake)
-- Found tf2_ros: 0.31.8 (/opt/ros/iron/share/tf2_ros/cmake)
-- Found ament_lint_auto: 0.14.4 (/opt/ros/iron/share/ament_lint_auto/cmake)
-- Added test 'cppcheck' to perform static code analysis on C / C++ code
-- Configured cppcheck include dirs: 
-- Configured cppcheck exclude dirs and/or files: 
-- Added test 'lint_cmake' to check CMake code style
-- Added test 'uncrustify' to check C / C++ code style
-- Configured uncrustify additional arguments: 
-- Added test 'xmllint' to check XML markup files
-- Configuring done
-- Generating done
-- Build files have been written to: /home/duong/kaia_ws/build/kaiaai_telemetry
[35m[1mConsolidate compiler generated dependencies of target telem[0m
[35m[1mConsolidate compiler generated dependencies of target telem_test_pub[0m
[ 50%] Built target telem_test_pub
[100%] Built target telem
-- Install configuration: ""
-- Execute custom install script
-- Up-to-date symlink: /home/duong/kaia_ws/install/kaiaai_telemetry/lib/kaiaai_telemetry/telem_test_pub
-- Up-to-date symlink: /home/duong/kaia_ws/install/kaiaai_telemetry/lib/kaiaai_telemetry/telem
-- Up-to-date symlink: /home/duong/kaia_ws/install/kaiaai_telemetry/share/kaiaai_telemetry/config/telem.yaml
-- Up-to-date symlink: /home/duong/kaia_ws/install/kaiaai_telemetry/share/ament_index/resource_index/package_run_dependencies/kaiaai_telemetry
-- Up-to-date symlink: /home/duong/kaia_ws/install/kaiaai_telemetry/share/ament_index/resource_index/parent_prefix_path/kaiaai_telemetry
-- Up-to-date symlink: /home/duong/kaia_ws/install/kaiaai_telemetry/share/kaiaai_telemetry/environment/ament_prefix_path.sh
-- Up-to-date symlink: /home/duong/kaia_ws/install/kaiaai_telemetry/share/kaiaai_telemetry/environment/ament_prefix_path.dsv
-- Up-to-date symlink: /home/duong/kaia_ws/install/kaiaai_telemetry/share/kaiaai_telemetry/environment/path.sh
-- Up-to-date symlink: /home/duong/kaia_ws/install/kaiaai_telemetry/share/kaiaai_telemetry/environment/path.dsv
-- Up-to-date symlink: /home/duong/kaia_ws/install/kaiaai_telemetry/share/kaiaai_telemetry/local_setup.bash
-- Up-to-date symlink: /home/duong/kaia_ws/install/kaiaai_telemetry/share/kaiaai_telemetry/local_setup.sh
-- Up-to-date symlink: /home/duong/kaia_ws/install/kaiaai_telemetry/share/kaiaai_telemetry/local_setup.zsh
-- Up-to-date symlink: /home/duong/kaia_ws/install/kaiaai_telemetry/share/kaiaai_telemetry/local_setup.dsv
-- Symlinking: /home/duong/kaia_ws/install/kaiaai_telemetry/share/kaiaai_telemetry/package.dsv
-- Up-to-date symlink: /home/duong/kaia_ws/install/kaiaai_telemetry/share/ament_index/resource_index/packages/kaiaai_telemetry
-- Up-to-date symlink: /home/duong/kaia_ws/install/kaiaai_telemetry/share/kaiaai_telemetry/cmake/kaiaai_telemetryConfig.cmake
-- Up-to-date symlink: /home/duong/kaia_ws/install/kaiaai_telemetry/share/kaiaai_telemetry/cmake/kaiaai_telemetryConfig-version.cmake
-- Up-to-date symlink: /home/duong/kaia_ws/install/kaiaai_telemetry/share/kaiaai_telemetry/package.xml
