[0.028s] Invoking command in '/home/duong/kaia_ws/build/kaiaai_telemetry': CMAKE_PREFIX_PATH=/home/duong/kaia_ws/install/kaiaai_msgs:/home/duong/kaia_ws/install/robot_serving_bot:/home/duong/kaia_ws/install/kaiaai_bringup:/home/duong/kaia_ws/install/makerspet_snoopy:/home/duong/kaia_ws/install/makerspet_mini:/home/duong/kaia_ws/install/makerspet_loki:/home/duong/kaia_ws/install/makerspet_fido:/home/duong/kaia_ws/install/kaiaai_telemetry:/home/duong/kaia_ws/install/kaiaai_gazebo:/home/duong/kaia_ws/install/explore_lite:/home/duong/kaia_ws/install/auto_mapper:/home/duong/uros_ws/install/micro_ros_setup:/home/duong/uros_ws/install/micro_ros_agent:/home/duong/uros_ws/install/micro_ros_msgs:/home/duong/kaia_ws/install/nav2_wfd:/home/duong/kaia_ws/install/makerspet:/home/duong/kaia_ws/install/kaiaai_web:/home/duong/kaia_ws/install/kaiaai_teleop:/home/duong/kaia_ws/install/kaiaai_apps:/home/duong/kaia_ws/install/kaiaai:/opt/ros/iron PYTHONPATH=/home/duong/kaia_ws/install/kaiaai_msgs/lib/python3.10/site-packages:/home/duong/kaia_ws/build/nav2_wfd:/home/duong/kaia_ws/install/nav2_wfd/lib/python3.10/site-packages:/home/duong/kaia_ws/build/makerspet:/home/duong/kaia_ws/install/makerspet/lib/python3.10/site-packages:/home/duong/kaia_ws/build/kaiaai_web:/home/duong/kaia_ws/install/kaiaai_web/lib/python3.10/site-packages:/home/duong/kaia_ws/build/kaiaai_teleop:/home/duong/kaia_ws/install/kaiaai_teleop/lib/python3.10/site-packages:/home/duong/kaia_ws/build/kaiaai_apps:/home/duong/kaia_ws/install/kaiaai_apps/lib/python3.10/site-packages:/home/duong/kaia_ws/build/kaiaai:/home/duong/kaia_ws/install/kaiaai/lib/python3.10/site-packages:/home/duong/uros_ws/install/micro_ros_msgs/lib/python3.10/site-packages:/opt/ros/iron/lib/python3.10/site-packages /usr/bin/cmake /home/duong/kaia_ws/src/kaiaai_telemetry -DCMAKE_INSTALL_PREFIX=/home/duong/kaia_ws/install/kaiaai_telemetry
[0.058s] -- Found ament_cmake: 2.0.7 (/opt/ros/iron/share/ament_cmake/cmake)
[0.297s] -- Override CMake install command with custom implementation using symlinks instead of copying resources
[0.312s] -- Found rclcpp: 21.0.8 (/opt/ros/iron/share/rclcpp/cmake)
[0.377s] -- Found rosidl_generator_c: 4.0.1 (/opt/ros/iron/share/rosidl_generator_c/cmake)
[0.393s] -- Found rosidl_generator_cpp: 4.0.1 (/opt/ros/iron/share/rosidl_generator_cpp/cmake)
[0.420s] -- Using all available rosidl_typesupport_c: rosidl_typesupport_fastrtps_c;rosidl_typesupport_introspection_c
[0.449s] -- Using all available rosidl_typesupport_cpp: rosidl_typesupport_fastrtps_cpp;rosidl_typesupport_introspection_cpp
[0.709s] -- Found rmw_implementation_cmake: 7.1.0 (/opt/ros/iron/share/rmw_implementation_cmake/cmake)
[0.713s] -- Found rmw_fastrtps_cpp: 7.1.4 (/opt/ros/iron/share/rmw_fastrtps_cpp/cmake)
[0.957s] -- Using RMW implementation 'rmw_fastrtps_cpp' as default
[1.222s] -- Found kaiaai_msgs: 0.3.0 (/home/duong/kaia_ws/install/kaiaai_msgs/share/kaiaai_msgs/cmake)
[1.592s] -- Found nav_msgs: 5.0.1 (/opt/ros/iron/share/nav_msgs/cmake)
[1.858s] -- Found sensor_msgs: 5.0.1 (/opt/ros/iron/share/sensor_msgs/cmake)
[2.027s] -- Found tf2_msgs: 0.31.8 (/opt/ros/iron/share/tf2_msgs/cmake)
[2.357s] -- Found tf2_ros: 0.31.8 (/opt/ros/iron/share/tf2_ros/cmake)
[2.688s] -- Found ament_lint_auto: 0.14.4 (/opt/ros/iron/share/ament_lint_auto/cmake)
[2.817s] -- Added test 'cppcheck' to perform static code analysis on C / C++ code
[2.817s] -- Configured cppcheck include dirs: 
[2.817s] -- Configured cppcheck exclude dirs and/or files: 
[2.820s] -- Added test 'lint_cmake' to check CMake code style
[2.828s] -- Added test 'uncrustify' to check C / C++ code style
[2.828s] -- Configured uncrustify additional arguments: 
[2.829s] -- Added test 'xmllint' to check XML markup files
[2.831s] -- Configuring done
[2.868s] -- Generating done
[2.879s] -- Build files have been written to: /home/duong/kaia_ws/build/kaiaai_telemetry
[2.893s] Invoked command in '/home/duong/kaia_ws/build/kaiaai_telemetry' returned '0': CMAKE_PREFIX_PATH=/home/duong/kaia_ws/install/kaiaai_msgs:/home/duong/kaia_ws/install/robot_serving_bot:/home/duong/kaia_ws/install/kaiaai_bringup:/home/duong/kaia_ws/install/makerspet_snoopy:/home/duong/kaia_ws/install/makerspet_mini:/home/duong/kaia_ws/install/makerspet_loki:/home/duong/kaia_ws/install/makerspet_fido:/home/duong/kaia_ws/install/kaiaai_telemetry:/home/duong/kaia_ws/install/kaiaai_gazebo:/home/duong/kaia_ws/install/explore_lite:/home/duong/kaia_ws/install/auto_mapper:/home/duong/uros_ws/install/micro_ros_setup:/home/duong/uros_ws/install/micro_ros_agent:/home/duong/uros_ws/install/micro_ros_msgs:/home/duong/kaia_ws/install/nav2_wfd:/home/duong/kaia_ws/install/makerspet:/home/duong/kaia_ws/install/kaiaai_web:/home/duong/kaia_ws/install/kaiaai_teleop:/home/duong/kaia_ws/install/kaiaai_apps:/home/duong/kaia_ws/install/kaiaai:/opt/ros/iron PYTHONPATH=/home/duong/kaia_ws/install/kaiaai_msgs/lib/python3.10/site-packages:/home/duong/kaia_ws/build/nav2_wfd:/home/duong/kaia_ws/install/nav2_wfd/lib/python3.10/site-packages:/home/duong/kaia_ws/build/makerspet:/home/duong/kaia_ws/install/makerspet/lib/python3.10/site-packages:/home/duong/kaia_ws/build/kaiaai_web:/home/duong/kaia_ws/install/kaiaai_web/lib/python3.10/site-packages:/home/duong/kaia_ws/build/kaiaai_teleop:/home/duong/kaia_ws/install/kaiaai_teleop/lib/python3.10/site-packages:/home/duong/kaia_ws/build/kaiaai_apps:/home/duong/kaia_ws/install/kaiaai_apps/lib/python3.10/site-packages:/home/duong/kaia_ws/build/kaiaai:/home/duong/kaia_ws/install/kaiaai/lib/python3.10/site-packages:/home/duong/uros_ws/install/micro_ros_msgs/lib/python3.10/site-packages:/opt/ros/iron/lib/python3.10/site-packages /usr/bin/cmake /home/duong/kaia_ws/src/kaiaai_telemetry -DCMAKE_INSTALL_PREFIX=/home/duong/kaia_ws/install/kaiaai_telemetry
[2.897s] Invoking command in '/home/duong/kaia_ws/build/kaiaai_telemetry': CMAKE_PREFIX_PATH=/home/duong/kaia_ws/install/kaiaai_msgs:/home/duong/kaia_ws/install/robot_serving_bot:/home/duong/kaia_ws/install/kaiaai_bringup:/home/duong/kaia_ws/install/makerspet_snoopy:/home/duong/kaia_ws/install/makerspet_mini:/home/duong/kaia_ws/install/makerspet_loki:/home/duong/kaia_ws/install/makerspet_fido:/home/duong/kaia_ws/install/kaiaai_telemetry:/home/duong/kaia_ws/install/kaiaai_gazebo:/home/duong/kaia_ws/install/explore_lite:/home/duong/kaia_ws/install/auto_mapper:/home/duong/uros_ws/install/micro_ros_setup:/home/duong/uros_ws/install/micro_ros_agent:/home/duong/uros_ws/install/micro_ros_msgs:/home/duong/kaia_ws/install/nav2_wfd:/home/duong/kaia_ws/install/makerspet:/home/duong/kaia_ws/install/kaiaai_web:/home/duong/kaia_ws/install/kaiaai_teleop:/home/duong/kaia_ws/install/kaiaai_apps:/home/duong/kaia_ws/install/kaiaai:/opt/ros/iron PYTHONPATH=/home/duong/kaia_ws/install/kaiaai_msgs/lib/python3.10/site-packages:/home/duong/kaia_ws/build/nav2_wfd:/home/duong/kaia_ws/install/nav2_wfd/lib/python3.10/site-packages:/home/duong/kaia_ws/build/makerspet:/home/duong/kaia_ws/install/makerspet/lib/python3.10/site-packages:/home/duong/kaia_ws/build/kaiaai_web:/home/duong/kaia_ws/install/kaiaai_web/lib/python3.10/site-packages:/home/duong/kaia_ws/build/kaiaai_teleop:/home/duong/kaia_ws/install/kaiaai_teleop/lib/python3.10/site-packages:/home/duong/kaia_ws/build/kaiaai_apps:/home/duong/kaia_ws/install/kaiaai_apps/lib/python3.10/site-packages:/home/duong/kaia_ws/build/kaiaai:/home/duong/kaia_ws/install/kaiaai/lib/python3.10/site-packages:/home/duong/uros_ws/install/micro_ros_msgs/lib/python3.10/site-packages:/opt/ros/iron/lib/python3.10/site-packages /usr/bin/cmake --build /home/duong/kaia_ws/build/kaiaai_telemetry -- -j12 -l12
[2.979s] [35m[1mConsolidate compiler generated dependencies of target telem[0m
[2.984s] [35m[1mConsolidate compiler generated dependencies of target telem_test_pub[0m
[3.041s] [ 50%] Built target telem_test_pub
[3.046s] [100%] Built target telem
[3.075s] Invoked command in '/home/duong/kaia_ws/build/kaiaai_telemetry' returned '0': CMAKE_PREFIX_PATH=/home/duong/kaia_ws/install/kaiaai_msgs:/home/duong/kaia_ws/install/robot_serving_bot:/home/duong/kaia_ws/install/kaiaai_bringup:/home/duong/kaia_ws/install/makerspet_snoopy:/home/duong/kaia_ws/install/makerspet_mini:/home/duong/kaia_ws/install/makerspet_loki:/home/duong/kaia_ws/install/makerspet_fido:/home/duong/kaia_ws/install/kaiaai_telemetry:/home/duong/kaia_ws/install/kaiaai_gazebo:/home/duong/kaia_ws/install/explore_lite:/home/duong/kaia_ws/install/auto_mapper:/home/duong/uros_ws/install/micro_ros_setup:/home/duong/uros_ws/install/micro_ros_agent:/home/duong/uros_ws/install/micro_ros_msgs:/home/duong/kaia_ws/install/nav2_wfd:/home/duong/kaia_ws/install/makerspet:/home/duong/kaia_ws/install/kaiaai_web:/home/duong/kaia_ws/install/kaiaai_teleop:/home/duong/kaia_ws/install/kaiaai_apps:/home/duong/kaia_ws/install/kaiaai:/opt/ros/iron PYTHONPATH=/home/duong/kaia_ws/install/kaiaai_msgs/lib/python3.10/site-packages:/home/duong/kaia_ws/build/nav2_wfd:/home/duong/kaia_ws/install/nav2_wfd/lib/python3.10/site-packages:/home/duong/kaia_ws/build/makerspet:/home/duong/kaia_ws/install/makerspet/lib/python3.10/site-packages:/home/duong/kaia_ws/build/kaiaai_web:/home/duong/kaia_ws/install/kaiaai_web/lib/python3.10/site-packages:/home/duong/kaia_ws/build/kaiaai_teleop:/home/duong/kaia_ws/install/kaiaai_teleop/lib/python3.10/site-packages:/home/duong/kaia_ws/build/kaiaai_apps:/home/duong/kaia_ws/install/kaiaai_apps/lib/python3.10/site-packages:/home/duong/kaia_ws/build/kaiaai:/home/duong/kaia_ws/install/kaiaai/lib/python3.10/site-packages:/home/duong/uros_ws/install/micro_ros_msgs/lib/python3.10/site-packages:/opt/ros/iron/lib/python3.10/site-packages /usr/bin/cmake --build /home/duong/kaia_ws/build/kaiaai_telemetry -- -j12 -l12
[3.079s] Invoking command in '/home/duong/kaia_ws/build/kaiaai_telemetry': CMAKE_PREFIX_PATH=/home/duong/kaia_ws/install/kaiaai_msgs:/home/duong/kaia_ws/install/robot_serving_bot:/home/duong/kaia_ws/install/kaiaai_bringup:/home/duong/kaia_ws/install/makerspet_snoopy:/home/duong/kaia_ws/install/makerspet_mini:/home/duong/kaia_ws/install/makerspet_loki:/home/duong/kaia_ws/install/makerspet_fido:/home/duong/kaia_ws/install/kaiaai_telemetry:/home/duong/kaia_ws/install/kaiaai_gazebo:/home/duong/kaia_ws/install/explore_lite:/home/duong/kaia_ws/install/auto_mapper:/home/duong/uros_ws/install/micro_ros_setup:/home/duong/uros_ws/install/micro_ros_agent:/home/duong/uros_ws/install/micro_ros_msgs:/home/duong/kaia_ws/install/nav2_wfd:/home/duong/kaia_ws/install/makerspet:/home/duong/kaia_ws/install/kaiaai_web:/home/duong/kaia_ws/install/kaiaai_teleop:/home/duong/kaia_ws/install/kaiaai_apps:/home/duong/kaia_ws/install/kaiaai:/opt/ros/iron PYTHONPATH=/home/duong/kaia_ws/install/kaiaai_msgs/lib/python3.10/site-packages:/home/duong/kaia_ws/build/nav2_wfd:/home/duong/kaia_ws/install/nav2_wfd/lib/python3.10/site-packages:/home/duong/kaia_ws/build/makerspet:/home/duong/kaia_ws/install/makerspet/lib/python3.10/site-packages:/home/duong/kaia_ws/build/kaiaai_web:/home/duong/kaia_ws/install/kaiaai_web/lib/python3.10/site-packages:/home/duong/kaia_ws/build/kaiaai_teleop:/home/duong/kaia_ws/install/kaiaai_teleop/lib/python3.10/site-packages:/home/duong/kaia_ws/build/kaiaai_apps:/home/duong/kaia_ws/install/kaiaai_apps/lib/python3.10/site-packages:/home/duong/kaia_ws/build/kaiaai:/home/duong/kaia_ws/install/kaiaai/lib/python3.10/site-packages:/home/duong/uros_ws/install/micro_ros_msgs/lib/python3.10/site-packages:/opt/ros/iron/lib/python3.10/site-packages /usr/bin/cmake --install /home/duong/kaia_ws/build/kaiaai_telemetry
[3.097s] -- Install configuration: ""
[3.097s] -- Execute custom install script
[3.098s] -- Up-to-date symlink: /home/duong/kaia_ws/install/kaiaai_telemetry/lib/kaiaai_telemetry/telem_test_pub
[3.098s] -- Up-to-date symlink: /home/duong/kaia_ws/install/kaiaai_telemetry/lib/kaiaai_telemetry/telem
[3.099s] -- Up-to-date symlink: /home/duong/kaia_ws/install/kaiaai_telemetry/share/kaiaai_telemetry/config/telem.yaml
[3.099s] -- Up-to-date symlink: /home/duong/kaia_ws/install/kaiaai_telemetry/share/ament_index/resource_index/package_run_dependencies/kaiaai_telemetry
[3.100s] -- Up-to-date symlink: /home/duong/kaia_ws/install/kaiaai_telemetry/share/ament_index/resource_index/parent_prefix_path/kaiaai_telemetry
[3.100s] -- Up-to-date symlink: /home/duong/kaia_ws/install/kaiaai_telemetry/share/kaiaai_telemetry/environment/ament_prefix_path.sh
[3.100s] -- Up-to-date symlink: /home/duong/kaia_ws/install/kaiaai_telemetry/share/kaiaai_telemetry/environment/ament_prefix_path.dsv
[3.101s] -- Up-to-date symlink: /home/duong/kaia_ws/install/kaiaai_telemetry/share/kaiaai_telemetry/environment/path.sh
[3.101s] -- Up-to-date symlink: /home/duong/kaia_ws/install/kaiaai_telemetry/share/kaiaai_telemetry/environment/path.dsv
[3.101s] -- Up-to-date symlink: /home/duong/kaia_ws/install/kaiaai_telemetry/share/kaiaai_telemetry/local_setup.bash
[3.102s] -- Up-to-date symlink: /home/duong/kaia_ws/install/kaiaai_telemetry/share/kaiaai_telemetry/local_setup.sh
[3.102s] -- Up-to-date symlink: /home/duong/kaia_ws/install/kaiaai_telemetry/share/kaiaai_telemetry/local_setup.zsh
[3.102s] -- Up-to-date symlink: /home/duong/kaia_ws/install/kaiaai_telemetry/share/kaiaai_telemetry/local_setup.dsv
[3.102s] -- Symlinking: /home/duong/kaia_ws/install/kaiaai_telemetry/share/kaiaai_telemetry/package.dsv
[3.125s] -- Up-to-date symlink: /home/duong/kaia_ws/install/kaiaai_telemetry/share/ament_index/resource_index/packages/kaiaai_telemetry
[3.126s] -- Up-to-date symlink: /home/duong/kaia_ws/install/kaiaai_telemetry/share/kaiaai_telemetry/cmake/kaiaai_telemetryConfig.cmake
[3.126s] -- Up-to-date symlink: /home/duong/kaia_ws/install/kaiaai_telemetry/share/kaiaai_telemetry/cmake/kaiaai_telemetryConfig-version.cmake
[3.126s] -- Up-to-date symlink: /home/duong/kaia_ws/install/kaiaai_telemetry/share/kaiaai_telemetry/package.xml
[3.131s] Invoked command in '/home/duong/kaia_ws/build/kaiaai_telemetry' returned '0': CMAKE_PREFIX_PATH=/home/duong/kaia_ws/install/kaiaai_msgs:/home/duong/kaia_ws/install/robot_serving_bot:/home/duong/kaia_ws/install/kaiaai_bringup:/home/duong/kaia_ws/install/makerspet_snoopy:/home/duong/kaia_ws/install/makerspet_mini:/home/duong/kaia_ws/install/makerspet_loki:/home/duong/kaia_ws/install/makerspet_fido:/home/duong/kaia_ws/install/kaiaai_telemetry:/home/duong/kaia_ws/install/kaiaai_gazebo:/home/duong/kaia_ws/install/explore_lite:/home/duong/kaia_ws/install/auto_mapper:/home/duong/uros_ws/install/micro_ros_setup:/home/duong/uros_ws/install/micro_ros_agent:/home/duong/uros_ws/install/micro_ros_msgs:/home/duong/kaia_ws/install/nav2_wfd:/home/duong/kaia_ws/install/makerspet:/home/duong/kaia_ws/install/kaiaai_web:/home/duong/kaia_ws/install/kaiaai_teleop:/home/duong/kaia_ws/install/kaiaai_apps:/home/duong/kaia_ws/install/kaiaai:/opt/ros/iron PYTHONPATH=/home/duong/kaia_ws/install/kaiaai_msgs/lib/python3.10/site-packages:/home/duong/kaia_ws/build/nav2_wfd:/home/duong/kaia_ws/install/nav2_wfd/lib/python3.10/site-packages:/home/duong/kaia_ws/build/makerspet:/home/duong/kaia_ws/install/makerspet/lib/python3.10/site-packages:/home/duong/kaia_ws/build/kaiaai_web:/home/duong/kaia_ws/install/kaiaai_web/lib/python3.10/site-packages:/home/duong/kaia_ws/build/kaiaai_teleop:/home/duong/kaia_ws/install/kaiaai_teleop/lib/python3.10/site-packages:/home/duong/kaia_ws/build/kaiaai_apps:/home/duong/kaia_ws/install/kaiaai_apps/lib/python3.10/site-packages:/home/duong/kaia_ws/build/kaiaai:/home/duong/kaia_ws/install/kaiaai/lib/python3.10/site-packages:/home/duong/uros_ws/install/micro_ros_msgs/lib/python3.10/site-packages:/opt/ros/iron/lib/python3.10/site-packages /usr/bin/cmake --install /home/duong/kaia_ws/build/kaiaai_telemetry
