[0.026s] Invoking command in '/home/duong/Arduino/ROS2_ServiceRobot/uros_ws/build/drive_base_msgs': CMAKE_PREFIX_PATH=${CMAKE_PREFIX_PATH}:/home/duong/kaia_ws/install/nav2_wfd:/home/duong/kaia_ws/install/makerspet:/home/duong/kaia_ws/install/kaiaai_web:/home/duong/kaia_ws/install/kaiaai_teleop:/home/duong/kaia_ws/install/kaiaai_apps:/home/duong/kaia_ws/install/kaiaai:/opt/ros/iron /usr/bin/cmake /home/duong/Arduino/ROS2_ServiceRobot/uros_ws/src/uros/drive_base/drive_base_msgs -DAMENT_CMAKE_SYMLINK_INSTALL=1 -DCMAKE_INSTALL_PREFIX=/home/duong/Arduino/ROS2_ServiceRobot/uros_ws/install/drive_base_msgs
[0.130s] -- The C compiler identification is GNU 11.4.0
[0.230s] -- The CXX compiler identification is GNU 11.4.0
[0.248s] -- Detecting C compiler ABI info
[0.380s] -- Detecting C compiler ABI info - done
[0.397s] -- Check for working C compiler: /usr/bin/cc - skipped
[0.397s] -- Detecting C compile features
[0.398s] -- Detecting C compile features - done
[0.403s] -- Detecting CXX compiler ABI info
[0.544s] -- Detecting CXX compiler ABI info - done
[0.561s] -- Check for working CXX compiler: /usr/bin/c++ - skipped
[0.562s] -- Detecting CXX compile features
[0.563s] -- Detecting CXX compile features - done
[0.572s] -- Found ament_cmake: 2.0.7 (/opt/ros/iron/share/ament_cmake/cmake)
[0.922s] -- Found Python3: /usr/bin/python3.10 (found version "3.10.12") found components: Interpreter 
[1.030s] -- Override CMake install command with custom implementation using symlinks instead of copying resources
[1.152s] -- Found std_msgs: 5.0.1 (/opt/ros/iron/share/std_msgs/cmake)
[1.246s] -- Found rosidl_generator_c: 4.0.1 (/opt/ros/iron/share/rosidl_generator_c/cmake)
[1.278s] -- Found rosidl_generator_cpp: 4.0.1 (/opt/ros/iron/share/rosidl_generator_cpp/cmake)
[1.316s] -- Using all available rosidl_typesupport_c: rosidl_typesupport_fastrtps_c;rosidl_typesupport_introspection_c
[1.361s] -- Using all available rosidl_typesupport_cpp: rosidl_typesupport_fastrtps_cpp;rosidl_typesupport_introspection_cpp
[1.474s] -- Found rosidl_default_generators: 1.5.0 (/opt/ros/iron/share/rosidl_default_generators/cmake)
[1.513s] -- Found rosidl_adapter: 4.0.1 (/opt/ros/iron/share/rosidl_adapter/cmake)
[2.185s] -- Found ament_cmake_cppcheck: 0.14.4 (/opt/ros/iron/share/ament_cmake_cppcheck/cmake)
[2.232s] -- Found ament_cmake_cpplint: 0.14.4 (/opt/ros/iron/share/ament_cmake_cpplint/cmake)
[2.232s] -- Found ament_cmake_uncrustify: 0.14.4 (/opt/ros/iron/share/ament_cmake_uncrustify/cmake)
[2.232s] -- Found ament_cmake_ros: 0.11.2 (/opt/ros/iron/share/ament_cmake_ros/cmake)
[2.983s] -- Using all available rosidl_typesupport_c: rosidl_typesupport_fastrtps_c;rosidl_typesupport_introspection_c
[3.283s] -- Using all available rosidl_typesupport_cpp: rosidl_typesupport_fastrtps_cpp;rosidl_typesupport_introspection_cpp
[3.331s] -- Found PythonInterp: /usr/bin/python3 (found suitable version "3.10.12", minimum required is "3.6") 
[3.343s] -- Found python_cmake_module: 0.10.2 (/opt/ros/iron/share/python_cmake_module/cmake)
[3.400s] -- Found PythonLibs: /usr/lib/x86_64-linux-gnu/libpython3.10.so (found suitable version "3.10.12", minimum required is "3.5") 
[3.400s] -- Using PYTHON_EXECUTABLE: /usr/bin/python3
[3.400s] -- Using PYTHON_INCLUDE_DIRS: /usr/include/python3.10
[3.400s] -- Using PYTHON_LIBRARIES: /usr/lib/x86_64-linux-gnu/libpython3.10.so
[3.439s] -- Found PythonExtra: .so  
[3.565s] -- Found ament_cmake_flake8: 0.14.4 (/opt/ros/iron/share/ament_cmake_flake8/cmake)
[3.573s] -- Found ament_cmake_pep257: 0.14.4 (/opt/ros/iron/share/ament_cmake_pep257/cmake)
[3.591s] -- Configuring done
[3.662s] -- Generating done
[3.681s] -- Build files have been written to: /home/duong/Arduino/ROS2_ServiceRobot/uros_ws/build/drive_base_msgs
[3.814s] Invoked command in '/home/duong/Arduino/ROS2_ServiceRobot/uros_ws/build/drive_base_msgs' returned '0': CMAKE_PREFIX_PATH=${CMAKE_PREFIX_PATH}:/home/duong/kaia_ws/install/nav2_wfd:/home/duong/kaia_ws/install/makerspet:/home/duong/kaia_ws/install/kaiaai_web:/home/duong/kaia_ws/install/kaiaai_teleop:/home/duong/kaia_ws/install/kaiaai_apps:/home/duong/kaia_ws/install/kaiaai:/opt/ros/iron /usr/bin/cmake /home/duong/Arduino/ROS2_ServiceRobot/uros_ws/src/uros/drive_base/drive_base_msgs -DAMENT_CMAKE_SYMLINK_INSTALL=1 -DCMAKE_INSTALL_PREFIX=/home/duong/Arduino/ROS2_ServiceRobot/uros_ws/install/drive_base_msgs
[3.817s] Invoking command in '/home/duong/Arduino/ROS2_ServiceRobot/uros_ws/build/drive_base_msgs': CMAKE_PREFIX_PATH=${CMAKE_PREFIX_PATH}:/home/duong/kaia_ws/install/nav2_wfd:/home/duong/kaia_ws/install/makerspet:/home/duong/kaia_ws/install/kaiaai_web:/home/duong/kaia_ws/install/kaiaai_teleop:/home/duong/kaia_ws/install/kaiaai_apps:/home/duong/kaia_ws/install/kaiaai:/opt/ros/iron /usr/bin/cmake --build /home/duong/Arduino/ROS2_ServiceRobot/uros_ws/build/drive_base_msgs -- -j12 -l12
[3.959s] [  1%] Generating type hashes for ROS interfaces
[3.970s] [  1%] Built target ament_cmake_python_symlink_drive_base_msgs
[4.374s] running egg_info
[4.376s] creating drive_base_msgs.egg-info
[4.377s] writing drive_base_msgs.egg-info/PKG-INFO
[4.377s] writing dependency_links to drive_base_msgs.egg-info/dependency_links.txt
[4.377s] writing top-level names to drive_base_msgs.egg-info/top_level.txt
[4.377s] writing manifest file 'drive_base_msgs.egg-info/SOURCES.txt'
[4.380s] reading manifest file 'drive_base_msgs.egg-info/SOURCES.txt'
[4.381s] writing manifest file 'drive_base_msgs.egg-info/SOURCES.txt'
[4.439s] [  1%] Built target ament_cmake_python_build_drive_base_msgs_egg
[4.840s] [  1%] Built target drive_base_msgs__rosidl_generator_type_description
[4.867s] [  3%] Generating C code for ROS interfaces
[4.896s] [  4%] Generating C++ code for ROS interfaces
[6.702s] [  4%] Built target drive_base_msgs__cpp
[6.925s] [  7%] Building C object CMakeFiles/drive_base_msgs__rosidl_generator_c.dir/rosidl_generator_c/drive_base_msgs/msg/detail/base_info__description.c.o
[6.925s] [  7%] Building C object CMakeFiles/drive_base_msgs__rosidl_generator_c.dir/rosidl_generator_c/drive_base_msgs/msg/detail/command_header__description.c.o
[6.925s] [  9%] Building C object CMakeFiles/drive_base_msgs__rosidl_generator_c.dir/rosidl_generator_c/drive_base_msgs/msg/detail/command_header__type_support.c.o
[6.928s] [ 10%] Building C object CMakeFiles/drive_base_msgs__rosidl_generator_c.dir/rosidl_generator_c/drive_base_msgs/msg/detail/base_info__functions.c.o
[6.928s] [ 12%] Building C object CMakeFiles/drive_base_msgs__rosidl_generator_c.dir/rosidl_generator_c/drive_base_msgs/msg/detail/base_info__type_support.c.o
[6.928s] [ 14%] Building C object CMakeFiles/drive_base_msgs__rosidl_generator_c.dir/rosidl_generator_c/drive_base_msgs/msg/detail/command_status__description.c.o
[6.936s] [ 15%] Building C object CMakeFiles/drive_base_msgs__rosidl_generator_c.dir/rosidl_generator_c/drive_base_msgs/msg/detail/command_status__type_support.c.o
[6.936s] [ 18%] Building C object CMakeFiles/drive_base_msgs__rosidl_generator_c.dir/rosidl_generator_c/drive_base_msgs/msg/detail/command_status__functions.c.o
[6.936s] [ 18%] Building C object CMakeFiles/drive_base_msgs__rosidl_generator_c.dir/rosidl_generator_c/drive_base_msgs/msg/detail/command_header__functions.c.o
[6.937s] [ 20%] Building C object CMakeFiles/drive_base_msgs__rosidl_generator_c.dir/rosidl_generator_c/drive_base_msgs/msg/detail/trv_command__description.c.o
[6.939s] [ 21%] Building C object CMakeFiles/drive_base_msgs__rosidl_generator_c.dir/rosidl_generator_c/drive_base_msgs/msg/detail/trv_command__type_support.c.o
[6.943s] [ 23%] Building C object CMakeFiles/drive_base_msgs__rosidl_generator_c.dir/rosidl_generator_c/drive_base_msgs/msg/detail/trv_command__functions.c.o
[7.055s] [ 25%] Linking C shared library libdrive_base_msgs__rosidl_generator_c.so
[7.123s] [ 25%] Built target drive_base_msgs__rosidl_generator_c
[7.143s] [ 26%] Generating C++ type support for eProsima Fast-RTPS
[7.146s] [ 28%] Generating C introspection for ROS interfaces
[7.148s] [ 31%] Generating C++ introspection for ROS interfaces
[7.149s] [ 31%] Generating C++ type support dispatch for ROS interfaces
[7.149s] [ 32%] Generating C type support for eProsima Fast-RTPS
[7.150s] [ 34%] Generating C type support dispatch for ROS interfaces
[8.049s] [ 35%] Building CXX object CMakeFiles/drive_base_msgs__rosidl_typesupport_c.dir/rosidl_typesupport_c/drive_base_msgs/msg/base_info__type_support.cpp.o
[8.050s] [ 40%] Building CXX object CMakeFiles/drive_base_msgs__rosidl_typesupport_c.dir/rosidl_typesupport_c/drive_base_msgs/msg/command_status__type_support.cpp.o
[8.050s] [ 40%] Building CXX object CMakeFiles/drive_base_msgs__rosidl_typesupport_c.dir/rosidl_typesupport_c/drive_base_msgs/msg/trv_command__type_support.cpp.o
[8.053s] [ 40%] Building CXX object CMakeFiles/drive_base_msgs__rosidl_typesupport_c.dir/rosidl_typesupport_c/drive_base_msgs/msg/command_header__type_support.cpp.o
[8.136s] [ 42%] Linking CXX shared library libdrive_base_msgs__rosidl_typesupport_c.so
[8.170s] [ 45%] Building C object CMakeFiles/drive_base_msgs__rosidl_typesupport_introspection_c.dir/rosidl_typesupport_introspection_c/drive_base_msgs/msg/detail/command_header__type_support.c.o
[8.170s] [ 45%] Building C object CMakeFiles/drive_base_msgs__rosidl_typesupport_introspection_c.dir/rosidl_typesupport_introspection_c/drive_base_msgs/msg/detail/base_info__type_support.c.o
[8.171s] [ 46%] Building C object CMakeFiles/drive_base_msgs__rosidl_typesupport_introspection_c.dir/rosidl_typesupport_introspection_c/drive_base_msgs/msg/detail/command_status__type_support.c.o
[8.171s] [ 48%] Building CXX object CMakeFiles/drive_base_msgs__rosidl_typesupport_fastrtps_cpp.dir/rosidl_typesupport_fastrtps_cpp/drive_base_msgs/msg/detail/dds_fastrtps/base_info__type_support.cpp.o
[8.171s] [ 50%] Building CXX object CMakeFiles/drive_base_msgs__rosidl_typesupport_fastrtps_cpp.dir/rosidl_typesupport_fastrtps_cpp/drive_base_msgs/msg/detail/dds_fastrtps/command_header__type_support.cpp.o
[8.172s] [ 51%] Building CXX object CMakeFiles/drive_base_msgs__rosidl_typesupport_fastrtps_cpp.dir/rosidl_typesupport_fastrtps_cpp/drive_base_msgs/msg/detail/dds_fastrtps/command_status__type_support.cpp.o
[8.178s] [ 54%] Building C object CMakeFiles/drive_base_msgs__rosidl_typesupport_introspection_c.dir/rosidl_typesupport_introspection_c/drive_base_msgs/msg/detail/trv_command__type_support.c.o
[8.178s] [ 53%] Building CXX object CMakeFiles/drive_base_msgs__rosidl_typesupport_fastrtps_cpp.dir/rosidl_typesupport_fastrtps_cpp/drive_base_msgs/msg/detail/dds_fastrtps/trv_command__type_support.cpp.o
[8.190s] [ 56%] Building CXX object CMakeFiles/drive_base_msgs__rosidl_typesupport_introspection_cpp.dir/rosidl_typesupport_introspection_cpp/drive_base_msgs/msg/detail/command_header__type_support.cpp.o
[8.232s] [ 56%] Built target drive_base_msgs__rosidl_typesupport_c
[8.252s] [ 57%] Building CXX object CMakeFiles/drive_base_msgs__rosidl_typesupport_introspection_cpp.dir/rosidl_typesupport_introspection_cpp/drive_base_msgs/msg/detail/base_info__type_support.cpp.o
[8.257s] [ 59%] Linking C shared library libdrive_base_msgs__rosidl_typesupport_introspection_c.so
[8.259s] [ 60%] Building CXX object CMakeFiles/drive_base_msgs__rosidl_typesupport_introspection_cpp.dir/rosidl_typesupport_introspection_cpp/drive_base_msgs/msg/detail/trv_command__type_support.cpp.o
[8.265s] [ 62%] Building CXX object CMakeFiles/drive_base_msgs__rosidl_typesupport_introspection_cpp.dir/rosidl_typesupport_introspection_cpp/drive_base_msgs/msg/detail/command_status__type_support.cpp.o
[8.332s] [ 62%] Built target drive_base_msgs__rosidl_typesupport_introspection_c
[8.531s] [ 64%] Building CXX object CMakeFiles/drive_base_msgs__rosidl_typesupport_cpp.dir/rosidl_typesupport_cpp/drive_base_msgs/msg/command_header__type_support.cpp.o
[8.549s] [ 65%] Building CXX object CMakeFiles/drive_base_msgs__rosidl_typesupport_cpp.dir/rosidl_typesupport_cpp/drive_base_msgs/msg/base_info__type_support.cpp.o
[8.549s] [ 67%] Building CXX object CMakeFiles/drive_base_msgs__rosidl_typesupport_cpp.dir/rosidl_typesupport_cpp/drive_base_msgs/msg/command_status__type_support.cpp.o
[8.828s] [ 68%] Building CXX object CMakeFiles/drive_base_msgs__rosidl_typesupport_fastrtps_c.dir/rosidl_typesupport_fastrtps_c/drive_base_msgs/msg/detail/command_header__type_support_c.cpp.o
[8.906s] [ 70%] Building CXX object CMakeFiles/drive_base_msgs__rosidl_typesupport_cpp.dir/rosidl_typesupport_cpp/drive_base_msgs/msg/trv_command__type_support.cpp.o
[9.046s] [ 71%] Building CXX object CMakeFiles/drive_base_msgs__rosidl_typesupport_fastrtps_c.dir/rosidl_typesupport_fastrtps_c/drive_base_msgs/msg/detail/base_info__type_support_c.cpp.o
[9.073s] [ 73%] Building CXX object CMakeFiles/drive_base_msgs__rosidl_typesupport_fastrtps_c.dir/rosidl_typesupport_fastrtps_c/drive_base_msgs/msg/detail/command_status__type_support_c.cpp.o
[9.101s] [ 75%] Linking CXX shared library libdrive_base_msgs__rosidl_typesupport_introspection_cpp.so
[9.154s] [ 76%] Building CXX object CMakeFiles/drive_base_msgs__rosidl_typesupport_fastrtps_c.dir/rosidl_typesupport_fastrtps_c/drive_base_msgs/msg/detail/trv_command__type_support_c.cpp.o
[9.292s] [ 78%] Linking CXX shared library libdrive_base_msgs__rosidl_typesupport_fastrtps_cpp.so
[9.318s] [ 78%] Built target drive_base_msgs__rosidl_typesupport_introspection_cpp
[9.444s] [ 78%] Built target drive_base_msgs__rosidl_typesupport_fastrtps_cpp
[9.523s] [ 79%] Linking CXX shared library libdrive_base_msgs__rosidl_typesupport_cpp.so
[9.573s] [ 79%] Built target drive_base_msgs__rosidl_typesupport_cpp
[9.602s] [ 81%] Linking CXX shared library libdrive_base_msgs__rosidl_typesupport_fastrtps_c.so
[9.713s] [ 81%] Built target drive_base_msgs__rosidl_typesupport_fastrtps_c
[9.748s] [ 81%] Built target drive_base_msgs
[9.783s] [ 82%] Generating Python code for ROS interfaces
[10.832s] [ 82%] Built target drive_base_msgs__py
[10.857s] [ 85%] Building C object CMakeFiles/drive_base_msgs__rosidl_generator_py.dir/rosidl_generator_py/drive_base_msgs/msg/_base_info_s.c.o
[10.858s] [ 85%] Building C object CMakeFiles/drive_base_msgs__rosidl_generator_py.dir/rosidl_generator_py/drive_base_msgs/msg/_command_header_s.c.o
[10.858s] [ 89%] Building C object CMakeFiles/drive_base_msgs__rosidl_generator_py.dir/rosidl_generator_py/drive_base_msgs/msg/_trv_command_s.c.o
[10.858s] [ 89%] Building C object CMakeFiles/drive_base_msgs__rosidl_generator_py.dir/rosidl_generator_py/drive_base_msgs/msg/_command_status_s.c.o
[10.988s] [ 90%] Linking C shared library rosidl_generator_py/drive_base_msgs/libdrive_base_msgs__rosidl_generator_py.so
[11.052s] [ 90%] Built target drive_base_msgs__rosidl_generator_py
[11.078s] [ 93%] Building C object CMakeFiles/drive_base_msgs__rosidl_typesupport_c__pyext.dir/rosidl_generator_py/drive_base_msgs/_drive_base_msgs_s.ep.rosidl_typesupport_c.c.o
[11.078s] [ 93%] Building C object CMakeFiles/drive_base_msgs__rosidl_typesupport_introspection_c__pyext.dir/rosidl_generator_py/drive_base_msgs/_drive_base_msgs_s.ep.rosidl_typesupport_introspection_c.c.o
[11.081s] [ 95%] Building C object CMakeFiles/drive_base_msgs__rosidl_typesupport_fastrtps_c__pyext.dir/rosidl_generator_py/drive_base_msgs/_drive_base_msgs_s.ep.rosidl_typesupport_fastrtps_c.c.o
[11.198s] [ 96%] Linking C shared library rosidl_generator_py/drive_base_msgs/drive_base_msgs_s__rosidl_typesupport_fastrtps_c.cpython-310-x86_64-linux-gnu.so
[11.202s] [ 98%] Linking C shared library rosidl_generator_py/drive_base_msgs/drive_base_msgs_s__rosidl_typesupport_introspection_c.cpython-310-x86_64-linux-gnu.so
[11.205s] [100%] Linking C shared library rosidl_generator_py/drive_base_msgs/drive_base_msgs_s__rosidl_typesupport_c.cpython-310-x86_64-linux-gnu.so
[11.249s] [100%] Built target drive_base_msgs__rosidl_typesupport_introspection_c__pyext
[11.254s] [100%] Built target drive_base_msgs__rosidl_typesupport_c__pyext
[11.276s] [100%] Built target drive_base_msgs__rosidl_typesupport_fastrtps_c__pyext
[11.306s] Invoked command in '/home/duong/Arduino/ROS2_ServiceRobot/uros_ws/build/drive_base_msgs' returned '0': CMAKE_PREFIX_PATH=${CMAKE_PREFIX_PATH}:/home/duong/kaia_ws/install/nav2_wfd:/home/duong/kaia_ws/install/makerspet:/home/duong/kaia_ws/install/kaiaai_web:/home/duong/kaia_ws/install/kaiaai_teleop:/home/duong/kaia_ws/install/kaiaai_apps:/home/duong/kaia_ws/install/kaiaai:/opt/ros/iron /usr/bin/cmake --build /home/duong/Arduino/ROS2_ServiceRobot/uros_ws/build/drive_base_msgs -- -j12 -l12
[11.309s] Invoking command in '/home/duong/Arduino/ROS2_ServiceRobot/uros_ws/build/drive_base_msgs': CMAKE_PREFIX_PATH=${CMAKE_PREFIX_PATH}:/home/duong/kaia_ws/install/nav2_wfd:/home/duong/kaia_ws/install/makerspet:/home/duong/kaia_ws/install/kaiaai_web:/home/duong/kaia_ws/install/kaiaai_teleop:/home/duong/kaia_ws/install/kaiaai_apps:/home/duong/kaia_ws/install/kaiaai:/opt/ros/iron /usr/bin/cmake --install /home/duong/Arduino/ROS2_ServiceRobot/uros_ws/build/drive_base_msgs
[11.319s] -- Install configuration: ""
[11.319s] -- Execute custom install script
[11.319s] -- Symlinking: /home/duong/Arduino/ROS2_ServiceRobot/uros_ws/install/drive_base_msgs/share/ament_index/resource_index/rosidl_interfaces/drive_base_msgs
[11.331s] -- Symlinking: /home/duong/Arduino/ROS2_ServiceRobot/uros_ws/install/drive_base_msgs/share/drive_base_msgs/msg/CommandHeader.json
[11.352s] -- Symlinking: /home/duong/Arduino/ROS2_ServiceRobot/uros_ws/install/drive_base_msgs/share/drive_base_msgs/msg/BaseInfo.json
[11.367s] -- Symlinking: /home/duong/Arduino/ROS2_ServiceRobot/uros_ws/install/drive_base_msgs/share/drive_base_msgs/msg/CommandStatus.json
[11.385s] -- Symlinking: /home/duong/Arduino/ROS2_ServiceRobot/uros_ws/install/drive_base_msgs/share/drive_base_msgs/msg/TRVCommand.json
[11.402s] -- Symlinking: /home/duong/Arduino/ROS2_ServiceRobot/uros_ws/install/drive_base_msgs/include/drive_base_msgs/drive_base_msgs/msg/base_info.h
[11.418s] -- Symlinking: /home/duong/Arduino/ROS2_ServiceRobot/uros_ws/install/drive_base_msgs/include/drive_base_msgs/drive_base_msgs/msg/command_header.h
[11.435s] -- Symlinking: /home/duong/Arduino/ROS2_ServiceRobot/uros_ws/install/drive_base_msgs/include/drive_base_msgs/drive_base_msgs/msg/command_status.h
[11.447s] -- Symlinking: /home/duong/Arduino/ROS2_ServiceRobot/uros_ws/install/drive_base_msgs/include/drive_base_msgs/drive_base_msgs/msg/detail/base_info__functions.h
[11.461s] -- Symlinking: /home/duong/Arduino/ROS2_ServiceRobot/uros_ws/install/drive_base_msgs/include/drive_base_msgs/drive_base_msgs/msg/detail/base_info__struct.h
[11.474s] -- Symlinking: /home/duong/Arduino/ROS2_ServiceRobot/uros_ws/install/drive_base_msgs/include/drive_base_msgs/drive_base_msgs/msg/detail/base_info__type_support.h
[11.486s] -- Symlinking: /home/duong/Arduino/ROS2_ServiceRobot/uros_ws/install/drive_base_msgs/include/drive_base_msgs/drive_base_msgs/msg/detail/command_header__functions.h
[11.496s] -- Symlinking: /home/duong/Arduino/ROS2_ServiceRobot/uros_ws/install/drive_base_msgs/include/drive_base_msgs/drive_base_msgs/msg/detail/command_header__struct.h
[11.507s] -- Symlinking: /home/duong/Arduino/ROS2_ServiceRobot/uros_ws/install/drive_base_msgs/include/drive_base_msgs/drive_base_msgs/msg/detail/command_header__type_support.h
[11.528s] -- Symlinking: /home/duong/Arduino/ROS2_ServiceRobot/uros_ws/install/drive_base_msgs/include/drive_base_msgs/drive_base_msgs/msg/detail/command_status__functions.h
[11.546s] -- Symlinking: /home/duong/Arduino/ROS2_ServiceRobot/uros_ws/install/drive_base_msgs/include/drive_base_msgs/drive_base_msgs/msg/detail/command_status__struct.h
[11.557s] -- Symlinking: /home/duong/Arduino/ROS2_ServiceRobot/uros_ws/install/drive_base_msgs/include/drive_base_msgs/drive_base_msgs/msg/detail/command_status__type_support.h
[11.568s] -- Symlinking: /home/duong/Arduino/ROS2_ServiceRobot/uros_ws/install/drive_base_msgs/include/drive_base_msgs/drive_base_msgs/msg/detail/trv_command__functions.h
[11.578s] -- Symlinking: /home/duong/Arduino/ROS2_ServiceRobot/uros_ws/install/drive_base_msgs/include/drive_base_msgs/drive_base_msgs/msg/detail/trv_command__struct.h
[11.589s] -- Symlinking: /home/duong/Arduino/ROS2_ServiceRobot/uros_ws/install/drive_base_msgs/include/drive_base_msgs/drive_base_msgs/msg/detail/trv_command__type_support.h
[11.602s] -- Symlinking: /home/duong/Arduino/ROS2_ServiceRobot/uros_ws/install/drive_base_msgs/include/drive_base_msgs/drive_base_msgs/msg/rosidl_generator_c__visibility_control.h
[11.615s] -- Symlinking: /home/duong/Arduino/ROS2_ServiceRobot/uros_ws/install/drive_base_msgs/include/drive_base_msgs/drive_base_msgs/msg/trv_command.h
[11.627s] -- Symlinking: /home/duong/Arduino/ROS2_ServiceRobot/uros_ws/install/drive_base_msgs/share/drive_base_msgs/environment/library_path.sh
[11.638s] -- Symlinking: /home/duong/Arduino/ROS2_ServiceRobot/uros_ws/install/drive_base_msgs/share/drive_base_msgs/environment/library_path.dsv
[11.660s] -- Symlinking: /home/duong/Arduino/ROS2_ServiceRobot/uros_ws/install/drive_base_msgs/include/drive_base_msgs/drive_base_msgs/msg/detail/base_info__rosidl_typesupport_fastrtps_c.h
[11.680s] -- Symlinking: /home/duong/Arduino/ROS2_ServiceRobot/uros_ws/install/drive_base_msgs/include/drive_base_msgs/drive_base_msgs/msg/detail/command_header__rosidl_typesupport_fastrtps_c.h
[11.692s] -- Symlinking: /home/duong/Arduino/ROS2_ServiceRobot/uros_ws/install/drive_base_msgs/include/drive_base_msgs/drive_base_msgs/msg/detail/command_status__rosidl_typesupport_fastrtps_c.h
[11.712s] -- Symlinking: /home/duong/Arduino/ROS2_ServiceRobot/uros_ws/install/drive_base_msgs/include/drive_base_msgs/drive_base_msgs/msg/detail/trv_command__rosidl_typesupport_fastrtps_c.h
[11.724s] -- Symlinking: /home/duong/Arduino/ROS2_ServiceRobot/uros_ws/install/drive_base_msgs/include/drive_base_msgs/drive_base_msgs/msg/rosidl_typesupport_fastrtps_c__visibility_control.h
[11.749s] -- Symlinking: /home/duong/Arduino/ROS2_ServiceRobot/uros_ws/install/drive_base_msgs/include/drive_base_msgs/drive_base_msgs/msg/base_info.hpp
[11.761s] -- Symlinking: /home/duong/Arduino/ROS2_ServiceRobot/uros_ws/install/drive_base_msgs/include/drive_base_msgs/drive_base_msgs/msg/command_header.hpp
[11.782s] -- Symlinking: /home/duong/Arduino/ROS2_ServiceRobot/uros_ws/install/drive_base_msgs/include/drive_base_msgs/drive_base_msgs/msg/command_status.hpp
[11.804s] -- Symlinking: /home/duong/Arduino/ROS2_ServiceRobot/uros_ws/install/drive_base_msgs/include/drive_base_msgs/drive_base_msgs/msg/detail/base_info__builder.hpp
[11.826s] -- Symlinking: /home/duong/Arduino/ROS2_ServiceRobot/uros_ws/install/drive_base_msgs/include/drive_base_msgs/drive_base_msgs/msg/detail/base_info__struct.hpp
[11.845s] -- Symlinking: /home/duong/Arduino/ROS2_ServiceRobot/uros_ws/install/drive_base_msgs/include/drive_base_msgs/drive_base_msgs/msg/detail/base_info__traits.hpp
[11.867s] -- Symlinking: /home/duong/Arduino/ROS2_ServiceRobot/uros_ws/install/drive_base_msgs/include/drive_base_msgs/drive_base_msgs/msg/detail/command_header__builder.hpp
[11.888s] -- Symlinking: /home/duong/Arduino/ROS2_ServiceRobot/uros_ws/install/drive_base_msgs/include/drive_base_msgs/drive_base_msgs/msg/detail/command_header__struct.hpp
[11.911s] -- Symlinking: /home/duong/Arduino/ROS2_ServiceRobot/uros_ws/install/drive_base_msgs/include/drive_base_msgs/drive_base_msgs/msg/detail/command_header__traits.hpp
[11.931s] -- Symlinking: /home/duong/Arduino/ROS2_ServiceRobot/uros_ws/install/drive_base_msgs/include/drive_base_msgs/drive_base_msgs/msg/detail/command_status__builder.hpp
[11.954s] -- Symlinking: /home/duong/Arduino/ROS2_ServiceRobot/uros_ws/install/drive_base_msgs/include/drive_base_msgs/drive_base_msgs/msg/detail/command_status__struct.hpp
[11.966s] -- Symlinking: /home/duong/Arduino/ROS2_ServiceRobot/uros_ws/install/drive_base_msgs/include/drive_base_msgs/drive_base_msgs/msg/detail/command_status__traits.hpp
[11.978s] -- Symlinking: /home/duong/Arduino/ROS2_ServiceRobot/uros_ws/install/drive_base_msgs/include/drive_base_msgs/drive_base_msgs/msg/detail/trv_command__builder.hpp
[11.999s] -- Symlinking: /home/duong/Arduino/ROS2_ServiceRobot/uros_ws/install/drive_base_msgs/include/drive_base_msgs/drive_base_msgs/msg/detail/trv_command__struct.hpp
[12.022s] -- Symlinking: /home/duong/Arduino/ROS2_ServiceRobot/uros_ws/install/drive_base_msgs/include/drive_base_msgs/drive_base_msgs/msg/detail/trv_command__traits.hpp
[12.045s] -- Symlinking: /home/duong/Arduino/ROS2_ServiceRobot/uros_ws/install/drive_base_msgs/include/drive_base_msgs/drive_base_msgs/msg/trv_command.hpp
[12.066s] -- Symlinking: /home/duong/Arduino/ROS2_ServiceRobot/uros_ws/install/drive_base_msgs/include/drive_base_msgs/drive_base_msgs/msg/detail/base_info__rosidl_typesupport_fastrtps_cpp.hpp
[12.077s] -- Symlinking: /home/duong/Arduino/ROS2_ServiceRobot/uros_ws/install/drive_base_msgs/include/drive_base_msgs/drive_base_msgs/msg/detail/command_header__rosidl_typesupport_fastrtps_cpp.hpp
[12.099s] -- Symlinking: /home/duong/Arduino/ROS2_ServiceRobot/uros_ws/install/drive_base_msgs/include/drive_base_msgs/drive_base_msgs/msg/detail/command_status__rosidl_typesupport_fastrtps_cpp.hpp
[12.110s] -- Symlinking: /home/duong/Arduino/ROS2_ServiceRobot/uros_ws/install/drive_base_msgs/include/drive_base_msgs/drive_base_msgs/msg/detail/trv_command__rosidl_typesupport_fastrtps_cpp.hpp
[12.122s] -- Symlinking: /home/duong/Arduino/ROS2_ServiceRobot/uros_ws/install/drive_base_msgs/include/drive_base_msgs/drive_base_msgs/msg/rosidl_typesupport_fastrtps_cpp__visibility_control.h
[12.134s] -- Symlinking: /home/duong/Arduino/ROS2_ServiceRobot/uros_ws/install/drive_base_msgs/include/drive_base_msgs/drive_base_msgs/msg/detail/base_info__rosidl_typesupport_introspection_c.h
[12.154s] -- Symlinking: /home/duong/Arduino/ROS2_ServiceRobot/uros_ws/install/drive_base_msgs/include/drive_base_msgs/drive_base_msgs/msg/detail/command_header__rosidl_typesupport_introspection_c.h
[12.165s] -- Symlinking: /home/duong/Arduino/ROS2_ServiceRobot/uros_ws/install/drive_base_msgs/include/drive_base_msgs/drive_base_msgs/msg/detail/command_status__rosidl_typesupport_introspection_c.h
[12.188s] -- Symlinking: /home/duong/Arduino/ROS2_ServiceRobot/uros_ws/install/drive_base_msgs/include/drive_base_msgs/drive_base_msgs/msg/detail/trv_command__rosidl_typesupport_introspection_c.h
[12.200s] -- Symlinking: /home/duong/Arduino/ROS2_ServiceRobot/uros_ws/install/drive_base_msgs/include/drive_base_msgs/drive_base_msgs/msg/rosidl_typesupport_introspection_c__visibility_control.h
[12.222s] -- Symlinking: /home/duong/Arduino/ROS2_ServiceRobot/uros_ws/install/drive_base_msgs/include/drive_base_msgs/drive_base_msgs/msg/detail/base_info__rosidl_typesupport_introspection_cpp.hpp
[12.245s] -- Symlinking: /home/duong/Arduino/ROS2_ServiceRobot/uros_ws/install/drive_base_msgs/include/drive_base_msgs/drive_base_msgs/msg/detail/command_header__rosidl_typesupport_introspection_cpp.hpp
[12.262s] -- Symlinking: /home/duong/Arduino/ROS2_ServiceRobot/uros_ws/install/drive_base_msgs/include/drive_base_msgs/drive_base_msgs/msg/detail/command_status__rosidl_typesupport_introspection_cpp.hpp
[12.272s] -- Symlinking: /home/duong/Arduino/ROS2_ServiceRobot/uros_ws/install/drive_base_msgs/include/drive_base_msgs/drive_base_msgs/msg/detail/trv_command__rosidl_typesupport_introspection_cpp.hpp
[12.296s] -- Symlinking: /home/duong/Arduino/ROS2_ServiceRobot/uros_ws/install/drive_base_msgs/share/drive_base_msgs/environment/pythonpath.sh
[12.317s] -- Symlinking: /home/duong/Arduino/ROS2_ServiceRobot/uros_ws/install/drive_base_msgs/share/drive_base_msgs/environment/pythonpath.dsv
[12.342s] -- Symlinking: /home/duong/Arduino/ROS2_ServiceRobot/uros_ws/install/drive_base_msgs/lib/python3.10/site-packages/drive_base_msgs-0.0.0-py3.10.egg-info/PKG-INFO
[12.354s] -- Symlinking: /home/duong/Arduino/ROS2_ServiceRobot/uros_ws/install/drive_base_msgs/lib/python3.10/site-packages/drive_base_msgs-0.0.0-py3.10.egg-info/SOURCES.txt
[12.366s] -- Symlinking: /home/duong/Arduino/ROS2_ServiceRobot/uros_ws/install/drive_base_msgs/lib/python3.10/site-packages/drive_base_msgs-0.0.0-py3.10.egg-info/dependency_links.txt
[12.387s] -- Symlinking: /home/duong/Arduino/ROS2_ServiceRobot/uros_ws/install/drive_base_msgs/lib/python3.10/site-packages/drive_base_msgs-0.0.0-py3.10.egg-info/top_level.txt
[12.401s] -- Symlinking: /home/duong/Arduino/ROS2_ServiceRobot/uros_ws/install/drive_base_msgs/lib/python3.10/site-packages/drive_base_msgs/__init__.py
[12.424s] -- Symlinking: /home/duong/Arduino/ROS2_ServiceRobot/uros_ws/install/drive_base_msgs/lib/python3.10/site-packages/drive_base_msgs/_drive_base_msgs_s.ep.rosidl_typesupport_c.c
[12.446s] -- Symlinking: /home/duong/Arduino/ROS2_ServiceRobot/uros_ws/install/drive_base_msgs/lib/python3.10/site-packages/drive_base_msgs/_drive_base_msgs_s.ep.rosidl_typesupport_fastrtps_c.c
[12.458s] -- Symlinking: /home/duong/Arduino/ROS2_ServiceRobot/uros_ws/install/drive_base_msgs/lib/python3.10/site-packages/drive_base_msgs/_drive_base_msgs_s.ep.rosidl_typesupport_introspection_c.c
[12.482s] -- Symlinking: /home/duong/Arduino/ROS2_ServiceRobot/uros_ws/install/drive_base_msgs/lib/python3.10/site-packages/drive_base_msgs/drive_base_msgs_s__rosidl_typesupport_c.cpython-310-x86_64-linux-gnu.so
[12.506s] -- Symlinking: /home/duong/Arduino/ROS2_ServiceRobot/uros_ws/install/drive_base_msgs/lib/python3.10/site-packages/drive_base_msgs/drive_base_msgs_s__rosidl_typesupport_fastrtps_c.cpython-310-x86_64-linux-gnu.so
[12.518s] -- Symlinking: /home/duong/Arduino/ROS2_ServiceRobot/uros_ws/install/drive_base_msgs/lib/python3.10/site-packages/drive_base_msgs/drive_base_msgs_s__rosidl_typesupport_introspection_c.cpython-310-x86_64-linux-gnu.so
[12.531s] -- Symlinking: /home/duong/Arduino/ROS2_ServiceRobot/uros_ws/install/drive_base_msgs/lib/python3.10/site-packages/drive_base_msgs/libdrive_base_msgs__rosidl_generator_py.so
[12.555s] -- Symlinking: /home/duong/Arduino/ROS2_ServiceRobot/uros_ws/install/drive_base_msgs/lib/python3.10/site-packages/drive_base_msgs/msg/__init__.py
[12.567s] -- Symlinking: /home/duong/Arduino/ROS2_ServiceRobot/uros_ws/install/drive_base_msgs/lib/python3.10/site-packages/drive_base_msgs/msg/_base_info.py
[12.589s] -- Symlinking: /home/duong/Arduino/ROS2_ServiceRobot/uros_ws/install/drive_base_msgs/lib/python3.10/site-packages/drive_base_msgs/msg/_base_info_s.c
[12.612s] -- Symlinking: /home/duong/Arduino/ROS2_ServiceRobot/uros_ws/install/drive_base_msgs/lib/python3.10/site-packages/drive_base_msgs/msg/_command_header.py
[12.634s] -- Symlinking: /home/duong/Arduino/ROS2_ServiceRobot/uros_ws/install/drive_base_msgs/lib/python3.10/site-packages/drive_base_msgs/msg/_command_header_s.c
[12.645s] -- Symlinking: /home/duong/Arduino/ROS2_ServiceRobot/uros_ws/install/drive_base_msgs/lib/python3.10/site-packages/drive_base_msgs/msg/_command_status.py
[12.657s] -- Symlinking: /home/duong/Arduino/ROS2_ServiceRobot/uros_ws/install/drive_base_msgs/lib/python3.10/site-packages/drive_base_msgs/msg/_command_status_s.c
[12.679s] -- Symlinking: /home/duong/Arduino/ROS2_ServiceRobot/uros_ws/install/drive_base_msgs/lib/python3.10/site-packages/drive_base_msgs/msg/_trv_command.py
[12.702s] -- Symlinking: /home/duong/Arduino/ROS2_ServiceRobot/uros_ws/install/drive_base_msgs/lib/python3.10/site-packages/drive_base_msgs/msg/_trv_command_s.c
[12.715s] -- Up-to-date symlink: /home/duong/Arduino/ROS2_ServiceRobot/uros_ws/install/drive_base_msgs/lib/python3.10/site-packages/drive_base_msgs/drive_base_msgs_s__rosidl_typesupport_fastrtps_c.cpython-310-x86_64-linux-gnu.so
[12.715s] -- Up-to-date symlink: /home/duong/Arduino/ROS2_ServiceRobot/uros_ws/install/drive_base_msgs/lib/python3.10/site-packages/drive_base_msgs/drive_base_msgs_s__rosidl_typesupport_introspection_c.cpython-310-x86_64-linux-gnu.so
[12.716s] -- Up-to-date symlink: /home/duong/Arduino/ROS2_ServiceRobot/uros_ws/install/drive_base_msgs/lib/python3.10/site-packages/drive_base_msgs/drive_base_msgs_s__rosidl_typesupport_c.cpython-310-x86_64-linux-gnu.so
[12.717s] -- Symlinking: /home/duong/Arduino/ROS2_ServiceRobot/uros_ws/install/drive_base_msgs/share/drive_base_msgs/msg/CommandHeader.idl
[12.739s] -- Symlinking: /home/duong/Arduino/ROS2_ServiceRobot/uros_ws/install/drive_base_msgs/share/drive_base_msgs/msg/BaseInfo.idl
[12.751s] -- Symlinking: /home/duong/Arduino/ROS2_ServiceRobot/uros_ws/install/drive_base_msgs/share/drive_base_msgs/msg/CommandStatus.idl
[12.762s] -- Symlinking: /home/duong/Arduino/ROS2_ServiceRobot/uros_ws/install/drive_base_msgs/share/drive_base_msgs/msg/TRVCommand.idl
[12.781s] -- Symlinking: /home/duong/Arduino/ROS2_ServiceRobot/uros_ws/install/drive_base_msgs/share/drive_base_msgs/msg/CommandHeader.msg
[12.804s] -- Symlinking: /home/duong/Arduino/ROS2_ServiceRobot/uros_ws/install/drive_base_msgs/share/drive_base_msgs/msg/BaseInfo.msg
[12.829s] -- Symlinking: /home/duong/Arduino/ROS2_ServiceRobot/uros_ws/install/drive_base_msgs/share/drive_base_msgs/msg/CommandStatus.msg
[12.852s] -- Symlinking: /home/duong/Arduino/ROS2_ServiceRobot/uros_ws/install/drive_base_msgs/share/drive_base_msgs/msg/TRVCommand.msg
[12.875s] -- Symlinking: /home/duong/Arduino/ROS2_ServiceRobot/uros_ws/install/drive_base_msgs/share/ament_index/resource_index/package_run_dependencies/drive_base_msgs
[12.898s] -- Symlinking: /home/duong/Arduino/ROS2_ServiceRobot/uros_ws/install/drive_base_msgs/share/ament_index/resource_index/parent_prefix_path/drive_base_msgs
[12.921s] -- Symlinking: /home/duong/Arduino/ROS2_ServiceRobot/uros_ws/install/drive_base_msgs/share/drive_base_msgs/environment/ament_prefix_path.sh
[12.946s] -- Symlinking: /home/duong/Arduino/ROS2_ServiceRobot/uros_ws/install/drive_base_msgs/share/drive_base_msgs/environment/ament_prefix_path.dsv
[12.967s] -- Symlinking: /home/duong/Arduino/ROS2_ServiceRobot/uros_ws/install/drive_base_msgs/share/drive_base_msgs/environment/path.sh
[12.991s] -- Symlinking: /home/duong/Arduino/ROS2_ServiceRobot/uros_ws/install/drive_base_msgs/share/drive_base_msgs/environment/path.dsv
[13.003s] -- Symlinking: /home/duong/Arduino/ROS2_ServiceRobot/uros_ws/install/drive_base_msgs/share/drive_base_msgs/local_setup.bash
[13.025s] -- Symlinking: /home/duong/Arduino/ROS2_ServiceRobot/uros_ws/install/drive_base_msgs/share/drive_base_msgs/local_setup.sh
[13.037s] -- Symlinking: /home/duong/Arduino/ROS2_ServiceRobot/uros_ws/install/drive_base_msgs/share/drive_base_msgs/local_setup.zsh
[13.049s] -- Symlinking: /home/duong/Arduino/ROS2_ServiceRobot/uros_ws/install/drive_base_msgs/share/drive_base_msgs/local_setup.dsv
[13.071s] -- Symlinking: /home/duong/Arduino/ROS2_ServiceRobot/uros_ws/install/drive_base_msgs/share/drive_base_msgs/package.dsv
[13.083s] -- Symlinking: /home/duong/Arduino/ROS2_ServiceRobot/uros_ws/install/drive_base_msgs/share/ament_index/resource_index/packages/drive_base_msgs
[13.096s] -- Symlinking: /home/duong/Arduino/ROS2_ServiceRobot/uros_ws/install/drive_base_msgs/share/drive_base_msgs/cmake/rosidl_cmake-extras.cmake
[13.107s] -- Symlinking: /home/duong/Arduino/ROS2_ServiceRobot/uros_ws/install/drive_base_msgs/share/drive_base_msgs/cmake/ament_cmake_export_dependencies-extras.cmake
[13.129s] -- Symlinking: /home/duong/Arduino/ROS2_ServiceRobot/uros_ws/install/drive_base_msgs/share/drive_base_msgs/cmake/ament_cmake_export_include_directories-extras.cmake
[13.150s] -- Symlinking: /home/duong/Arduino/ROS2_ServiceRobot/uros_ws/install/drive_base_msgs/share/drive_base_msgs/cmake/ament_cmake_export_libraries-extras.cmake
[13.171s] -- Symlinking: /home/duong/Arduino/ROS2_ServiceRobot/uros_ws/install/drive_base_msgs/share/drive_base_msgs/cmake/ament_cmake_export_targets-extras.cmake
[13.193s] -- Symlinking: /home/duong/Arduino/ROS2_ServiceRobot/uros_ws/install/drive_base_msgs/share/drive_base_msgs/cmake/rosidl_cmake_export_typesupport_targets-extras.cmake
[13.206s] -- Symlinking: /home/duong/Arduino/ROS2_ServiceRobot/uros_ws/install/drive_base_msgs/share/drive_base_msgs/cmake/rosidl_cmake_export_typesupport_libraries-extras.cmake
[13.217s] -- Symlinking: /home/duong/Arduino/ROS2_ServiceRobot/uros_ws/install/drive_base_msgs/share/drive_base_msgs/cmake/drive_base_msgsConfig.cmake
[13.229s] -- Symlinking: /home/duong/Arduino/ROS2_ServiceRobot/uros_ws/install/drive_base_msgs/share/drive_base_msgs/cmake/drive_base_msgsConfig-version.cmake
[13.251s] -- Symlinking: /home/duong/Arduino/ROS2_ServiceRobot/uros_ws/install/drive_base_msgs/share/drive_base_msgs/package.xml
[13.263s] -- Installing: /home/duong/Arduino/ROS2_ServiceRobot/uros_ws/install/drive_base_msgs/lib/libdrive_base_msgs__rosidl_generator_c.so
[13.265s] -- Set runtime path of "/home/duong/Arduino/ROS2_ServiceRobot/uros_ws/install/drive_base_msgs/lib/libdrive_base_msgs__rosidl_generator_c.so" to ""
[13.265s] -- Installing: /home/duong/Arduino/ROS2_ServiceRobot/uros_ws/install/drive_base_msgs/lib/libdrive_base_msgs__rosidl_typesupport_fastrtps_c.so
[13.266s] -- Set runtime path of "/home/duong/Arduino/ROS2_ServiceRobot/uros_ws/install/drive_base_msgs/lib/libdrive_base_msgs__rosidl_typesupport_fastrtps_c.so" to ""
[13.266s] -- Installing: /home/duong/Arduino/ROS2_ServiceRobot/uros_ws/install/drive_base_msgs/lib/libdrive_base_msgs__rosidl_typesupport_fastrtps_cpp.so
[13.267s] -- Set runtime path of "/home/duong/Arduino/ROS2_ServiceRobot/uros_ws/install/drive_base_msgs/lib/libdrive_base_msgs__rosidl_typesupport_fastrtps_cpp.so" to ""
[13.267s] -- Installing: /home/duong/Arduino/ROS2_ServiceRobot/uros_ws/install/drive_base_msgs/lib/libdrive_base_msgs__rosidl_typesupport_introspection_c.so
[13.268s] -- Set runtime path of "/home/duong/Arduino/ROS2_ServiceRobot/uros_ws/install/drive_base_msgs/lib/libdrive_base_msgs__rosidl_typesupport_introspection_c.so" to ""
[13.269s] -- Installing: /home/duong/Arduino/ROS2_ServiceRobot/uros_ws/install/drive_base_msgs/lib/libdrive_base_msgs__rosidl_typesupport_c.so
[13.270s] -- Set runtime path of "/home/duong/Arduino/ROS2_ServiceRobot/uros_ws/install/drive_base_msgs/lib/libdrive_base_msgs__rosidl_typesupport_c.so" to ""
[13.270s] -- Installing: /home/duong/Arduino/ROS2_ServiceRobot/uros_ws/install/drive_base_msgs/lib/libdrive_base_msgs__rosidl_typesupport_introspection_cpp.so
[13.271s] -- Set runtime path of "/home/duong/Arduino/ROS2_ServiceRobot/uros_ws/install/drive_base_msgs/lib/libdrive_base_msgs__rosidl_typesupport_introspection_cpp.so" to ""
[13.271s] -- Installing: /home/duong/Arduino/ROS2_ServiceRobot/uros_ws/install/drive_base_msgs/lib/libdrive_base_msgs__rosidl_typesupport_cpp.so
[13.272s] -- Set runtime path of "/home/duong/Arduino/ROS2_ServiceRobot/uros_ws/install/drive_base_msgs/lib/libdrive_base_msgs__rosidl_typesupport_cpp.so" to ""
[13.324s] Listing '/home/duong/Arduino/ROS2_ServiceRobot/uros_ws/install/drive_base_msgs/lib/python3.10/site-packages/drive_base_msgs'...
[13.324s] Compiling '/home/duong/Arduino/ROS2_ServiceRobot/uros_ws/install/drive_base_msgs/lib/python3.10/site-packages/drive_base_msgs/__init__.py'...
[13.324s] Listing '/home/duong/Arduino/ROS2_ServiceRobot/uros_ws/install/drive_base_msgs/lib/python3.10/site-packages/drive_base_msgs/msg'...
[13.324s] Compiling '/home/duong/Arduino/ROS2_ServiceRobot/uros_ws/install/drive_base_msgs/lib/python3.10/site-packages/drive_base_msgs/msg/__init__.py'...
[13.324s] Compiling '/home/duong/Arduino/ROS2_ServiceRobot/uros_ws/install/drive_base_msgs/lib/python3.10/site-packages/drive_base_msgs/msg/_base_info.py'...
[13.324s] Compiling '/home/duong/Arduino/ROS2_ServiceRobot/uros_ws/install/drive_base_msgs/lib/python3.10/site-packages/drive_base_msgs/msg/_command_header.py'...
[13.324s] Compiling '/home/duong/Arduino/ROS2_ServiceRobot/uros_ws/install/drive_base_msgs/lib/python3.10/site-packages/drive_base_msgs/msg/_command_status.py'...
[13.324s] Compiling '/home/duong/Arduino/ROS2_ServiceRobot/uros_ws/install/drive_base_msgs/lib/python3.10/site-packages/drive_base_msgs/msg/_trv_command.py'...
[13.329s] -- Installing: /home/duong/Arduino/ROS2_ServiceRobot/uros_ws/install/drive_base_msgs/lib/libdrive_base_msgs__rosidl_generator_py.so
[13.330s] -- Set runtime path of "/home/duong/Arduino/ROS2_ServiceRobot/uros_ws/install/drive_base_msgs/lib/libdrive_base_msgs__rosidl_generator_py.so" to ""
[13.331s] -- Installing: /home/duong/Arduino/ROS2_ServiceRobot/uros_ws/install/drive_base_msgs/share/drive_base_msgs/cmake/export_drive_base_msgs__rosidl_generator_cExport.cmake
[13.331s] -- Installing: /home/duong/Arduino/ROS2_ServiceRobot/uros_ws/install/drive_base_msgs/share/drive_base_msgs/cmake/export_drive_base_msgs__rosidl_generator_cExport-noconfig.cmake
[13.332s] -- Installing: /home/duong/Arduino/ROS2_ServiceRobot/uros_ws/install/drive_base_msgs/share/drive_base_msgs/cmake/export_drive_base_msgs__rosidl_typesupport_fastrtps_cExport.cmake
[13.332s] -- Installing: /home/duong/Arduino/ROS2_ServiceRobot/uros_ws/install/drive_base_msgs/share/drive_base_msgs/cmake/export_drive_base_msgs__rosidl_typesupport_fastrtps_cExport-noconfig.cmake
[13.332s] -- Installing: /home/duong/Arduino/ROS2_ServiceRobot/uros_ws/install/drive_base_msgs/share/drive_base_msgs/cmake/export_drive_base_msgs__rosidl_generator_cppExport.cmake
[13.332s] -- Installing: /home/duong/Arduino/ROS2_ServiceRobot/uros_ws/install/drive_base_msgs/share/drive_base_msgs/cmake/export_drive_base_msgs__rosidl_typesupport_fastrtps_cppExport.cmake
[13.333s] -- Installing: /home/duong/Arduino/ROS2_ServiceRobot/uros_ws/install/drive_base_msgs/share/drive_base_msgs/cmake/export_drive_base_msgs__rosidl_typesupport_fastrtps_cppExport-noconfig.cmake
[13.333s] -- Installing: /home/duong/Arduino/ROS2_ServiceRobot/uros_ws/install/drive_base_msgs/share/drive_base_msgs/cmake/drive_base_msgs__rosidl_typesupport_introspection_cExport.cmake
[13.333s] -- Installing: /home/duong/Arduino/ROS2_ServiceRobot/uros_ws/install/drive_base_msgs/share/drive_base_msgs/cmake/drive_base_msgs__rosidl_typesupport_introspection_cExport-noconfig.cmake
[13.333s] -- Installing: /home/duong/Arduino/ROS2_ServiceRobot/uros_ws/install/drive_base_msgs/share/drive_base_msgs/cmake/drive_base_msgs__rosidl_typesupport_cExport.cmake
[13.334s] -- Installing: /home/duong/Arduino/ROS2_ServiceRobot/uros_ws/install/drive_base_msgs/share/drive_base_msgs/cmake/drive_base_msgs__rosidl_typesupport_cExport-noconfig.cmake
[13.334s] -- Installing: /home/duong/Arduino/ROS2_ServiceRobot/uros_ws/install/drive_base_msgs/share/drive_base_msgs/cmake/drive_base_msgs__rosidl_typesupport_introspection_cppExport.cmake
[13.335s] -- Installing: /home/duong/Arduino/ROS2_ServiceRobot/uros_ws/install/drive_base_msgs/share/drive_base_msgs/cmake/drive_base_msgs__rosidl_typesupport_introspection_cppExport-noconfig.cmake
[13.335s] -- Installing: /home/duong/Arduino/ROS2_ServiceRobot/uros_ws/install/drive_base_msgs/share/drive_base_msgs/cmake/drive_base_msgs__rosidl_typesupport_cppExport.cmake
[13.336s] -- Installing: /home/duong/Arduino/ROS2_ServiceRobot/uros_ws/install/drive_base_msgs/share/drive_base_msgs/cmake/drive_base_msgs__rosidl_typesupport_cppExport-noconfig.cmake
[13.336s] -- Installing: /home/duong/Arduino/ROS2_ServiceRobot/uros_ws/install/drive_base_msgs/share/drive_base_msgs/cmake/export_drive_base_msgs__rosidl_generator_pyExport.cmake
[13.336s] -- Installing: /home/duong/Arduino/ROS2_ServiceRobot/uros_ws/install/drive_base_msgs/share/drive_base_msgs/cmake/export_drive_base_msgs__rosidl_generator_pyExport-noconfig.cmake
