[3.291s] Invoking command in '/home/duong/Arduino/ROS2_ServiceRobot/kaia_ws/build/kaiaai_web': PYTHONPATH=/home/duong/Arduino/ROS2_ServiceRobot/kaia_ws/build/kaiaai_web/prefix_override:/usr/lib/python3/dist-packages/colcon_core/task/python/colcon_distutils_commands:/home/duong/Arduino/ROS2_ServiceRobot/kaia_ws/install/kaiaai_web/lib/python3.10/site-packages:${PYTHONPATH} /usr/bin/python3 -W ignore:setup.py install is deprecated -W ignore:easy_install command is deprecated setup.py develop --editable --build-directory /home/duong/Arduino/ROS2_ServiceRobot/kaia_ws/build/kaiaai_web/build --no-deps symlink_data
[3.970s] running develop
[4.342s] running egg_info
[4.343s] creating kaiaai_web.egg-info
[4.343s] writing kaiaai_web.egg-info/PKG-INFO
[4.343s] writing dependency_links to kaiaai_web.egg-info/dependency_links.txt
[4.343s] writing entry points to kaiaai_web.egg-info/entry_points.txt
[4.343s] writing requirements to kaiaai_web.egg-info/requires.txt
[4.343s] writing top-level names to kaiaai_web.egg-info/top_level.txt
[4.343s] writing manifest file 'kaiaai_web.egg-info/SOURCES.txt'
[4.343s] reading manifest file 'kaiaai_web.egg-info/SOURCES.txt'
[4.343s] writing manifest file 'kaiaai_web.egg-info/SOURCES.txt'
[4.344s] running build_ext
[4.344s] Creating /home/duong/Arduino/ROS2_ServiceRobot/kaia_ws/install/kaiaai_web/lib/python3.10/site-packages/kaiaai-web.egg-link (link to .)
[4.345s] Installing web_server script to /home/duong/Arduino/ROS2_ServiceRobot/kaia_ws/install/kaiaai_web/lib/kaiaai_web
[4.345s] 
[4.346s] Installed /home/duong/Arduino/ROS2_ServiceRobot/kaia_ws/build/kaiaai_web
[4.346s] running symlink_data
[4.346s] creating /home/duong/Arduino/ROS2_ServiceRobot/kaia_ws/install/kaiaai_web/share/ament_index
[4.346s] creating /home/duong/Arduino/ROS2_ServiceRobot/kaia_ws/install/kaiaai_web/share/ament_index/resource_index
[4.346s] creating /home/duong/Arduino/ROS2_ServiceRobot/kaia_ws/install/kaiaai_web/share/ament_index/resource_index/packages
[4.346s] symbolically linking /home/duong/Arduino/ROS2_ServiceRobot/kaia_ws/build/kaiaai_web/resource/kaiaai_web -> /home/duong/Arduino/ROS2_ServiceRobot/kaia_ws/install/kaiaai_web/share/ament_index/resource_index/packages
[4.346s] symbolically linking /home/duong/Arduino/ROS2_ServiceRobot/kaia_ws/build/kaiaai_web/package.xml -> /home/duong/Arduino/ROS2_ServiceRobot/kaia_ws/install/kaiaai_web/share/kaiaai_web
[4.346s] creating /home/duong/Arduino/ROS2_ServiceRobot/kaia_ws/install/kaiaai_web/share/kaiaai_web/launch
[4.346s] symbolically linking /home/duong/Arduino/ROS2_ServiceRobot/kaia_ws/build/kaiaai_web/launch/web_server.launch.py -> /home/duong/Arduino/ROS2_ServiceRobot/kaia_ws/install/kaiaai_web/share/kaiaai_web/launch
[4.346s] creating /home/duong/Arduino/ROS2_ServiceRobot/kaia_ws/install/kaiaai_web/share/kaiaai_web/config
[4.347s] symbolically linking /home/duong/Arduino/ROS2_ServiceRobot/kaia_ws/build/kaiaai_web/config/web_server.yaml -> /home/duong/Arduino/ROS2_ServiceRobot/kaia_ws/install/kaiaai_web/share/kaiaai_web/config
[4.943s] Invoked command in '/home/duong/Arduino/ROS2_ServiceRobot/kaia_ws/build/kaiaai_web' returned '0': PYTHONPATH=/home/duong/Arduino/ROS2_ServiceRobot/kaia_ws/build/kaiaai_web/prefix_override:/usr/lib/python3/dist-packages/colcon_core/task/python/colcon_distutils_commands:/home/duong/Arduino/ROS2_ServiceRobot/kaia_ws/install/kaiaai_web/lib/python3.10/site-packages:${PYTHONPATH} /usr/bin/python3 -W ignore:setup.py install is deprecated -W ignore:easy_install command is deprecated setup.py develop --editable --build-directory /home/duong/Arduino/ROS2_ServiceRobot/kaia_ws/build/kaiaai_web/build --no-deps symlink_data
