[  1%] Built target kaiaai_msgs__rosidl_generator_type_description
[  1%] Built target ament_cmake_python_symlink_kaiaai_msgs
[35m[1mConsolidate compiler generated dependencies of target kaiaai_msgs__rosidl_generator_c[0m
[  2%] Built target kaiaai_msgs__cpp
[ 25%] Built target kaiaai_msgs__rosidl_generator_c
[35m[1mConsolidate compiler generated dependencies of target kaiaai_msgs__rosidl_typesupport_cpp[0m
[35m[1mConsolidate compiler generated dependencies of target kaiaai_msgs__rosidl_typesupport_introspection_c[0m
[35m[1mConsolidate compiler generated dependencies of target kaiaai_msgs__rosidl_typesupport_fastrtps_c[0m
[35m[1mConsolidate compiler generated dependencies of target kaiaai_msgs__rosidl_typesupport_c[0m
[35m[1mConsolidate compiler generated dependencies of target kaiaai_msgs__rosidl_typesupport_fastrtps_cpp[0m
[35m[1mConsolidate compiler generated dependencies of target kaiaai_msgs__rosidl_typesupport_introspection_cpp[0m
[ 35%] Built target kaiaai_msgs__rosidl_typesupport_introspection_c
[ 44%] Built target kaiaai_msgs__rosidl_typesupport_c
[ 54%] Built target kaiaai_msgs__rosidl_typesupport_cpp
[ 63%] Built target kaiaai_msgs__rosidl_typesupport_fastrtps_c
[ 82%] Built target kaiaai_msgs__rosidl_typesupport_introspection_cpp
[ 82%] Built target kaiaai_msgs__rosidl_typesupport_fastrtps_cpp
[ 82%] Built target kaiaai_msgs
[ 83%] Built target kaiaai_msgs__py
[35m[1mConsolidate compiler generated dependencies of target kaiaai_msgs__rosidl_generator_py[0m
[ 91%] Built target kaiaai_msgs__rosidl_generator_py
[35m[1mConsolidate compiler generated dependencies of target kaiaai_msgs__rosidl_typesupport_introspection_c__pyext[0m
[35m[1mConsolidate compiler generated dependencies of target kaiaai_msgs__rosidl_typesupport_fastrtps_c__pyext[0m
[35m[1mConsolidate compiler generated dependencies of target kaiaai_msgs__rosidl_typesupport_c__pyext[0m
[ 94%] Built target kaiaai_msgs__rosidl_typesupport_introspection_c__pyext
[ 97%] Built target kaiaai_msgs__rosidl_typesupport_fastrtps_c__pyext
[100%] Built target kaiaai_msgs__rosidl_typesupport_c__pyext
running egg_info
writing kaiaai_msgs.egg-info/PKG-INFO
writing dependency_links to kaiaai_msgs.egg-info/dependency_links.txt
writing top-level names to kaiaai_msgs.egg-info/top_level.txt
reading manifest file 'kaiaai_msgs.egg-info/SOURCES.txt'
writing manifest file 'kaiaai_msgs.egg-info/SOURCES.txt'
[100%] Built target ament_cmake_python_build_kaiaai_msgs_egg
-- Install configuration: ""
-- Execute custom install script
-- Up-to-date symlink: /home/duong/kaia_ws/install/kaiaai_msgs/share/ament_index/resource_index/rosidl_interfaces/kaiaai_msgs
-- Up-to-date symlink: /home/duong/kaia_ws/install/kaiaai_msgs/share/kaiaai_msgs/msg/KaiaaiTelemetry.json
-- Up-to-date symlink: /home/duong/kaia_ws/install/kaiaai_msgs/share/kaiaai_msgs/msg/WifiState.json
-- Up-to-date symlink: /home/duong/kaia_ws/install/kaiaai_msgs/share/kaiaai_msgs/msg/JointPosVel.json
-- Up-to-date symlink: /home/duong/kaia_ws/install/kaiaai_msgs/share/kaiaai_msgs/msg/KaiaaiTelemetry2.json
-- Up-to-date symlink: /home/duong/kaia_ws/install/kaiaai_msgs/share/kaiaai_msgs/msg/OnlineEvent.json
-- Up-to-date symlink: /home/duong/kaia_ws/install/kaiaai_msgs/include/kaiaai_msgs/kaiaai_msgs/msg/detail/joint_pos_vel__functions.h
-- Up-to-date symlink: /home/duong/kaia_ws/install/kaiaai_msgs/include/kaiaai_msgs/kaiaai_msgs/msg/detail/joint_pos_vel__struct.h
-- Up-to-date symlink: /home/duong/kaia_ws/install/kaiaai_msgs/include/kaiaai_msgs/kaiaai_msgs/msg/detail/joint_pos_vel__type_support.h
-- Up-to-date symlink: /home/duong/kaia_ws/install/kaiaai_msgs/include/kaiaai_msgs/kaiaai_msgs/msg/detail/kaiaai_telemetry2__functions.h
-- Up-to-date symlink: /home/duong/kaia_ws/install/kaiaai_msgs/include/kaiaai_msgs/kaiaai_msgs/msg/detail/kaiaai_telemetry2__struct.h
-- Up-to-date symlink: /home/duong/kaia_ws/install/kaiaai_msgs/include/kaiaai_msgs/kaiaai_msgs/msg/detail/kaiaai_telemetry2__type_support.h
-- Up-to-date symlink: /home/duong/kaia_ws/install/kaiaai_msgs/include/kaiaai_msgs/kaiaai_msgs/msg/detail/kaiaai_telemetry__functions.h
-- Up-to-date symlink: /home/duong/kaia_ws/install/kaiaai_msgs/include/kaiaai_msgs/kaiaai_msgs/msg/detail/kaiaai_telemetry__struct.h
-- Up-to-date symlink: /home/duong/kaia_ws/install/kaiaai_msgs/include/kaiaai_msgs/kaiaai_msgs/msg/detail/kaiaai_telemetry__type_support.h
-- Up-to-date symlink: /home/duong/kaia_ws/install/kaiaai_msgs/include/kaiaai_msgs/kaiaai_msgs/msg/detail/online_event__functions.h
-- Up-to-date symlink: /home/duong/kaia_ws/install/kaiaai_msgs/include/kaiaai_msgs/kaiaai_msgs/msg/detail/online_event__struct.h
-- Up-to-date symlink: /home/duong/kaia_ws/install/kaiaai_msgs/include/kaiaai_msgs/kaiaai_msgs/msg/detail/online_event__type_support.h
-- Up-to-date symlink: /home/duong/kaia_ws/install/kaiaai_msgs/include/kaiaai_msgs/kaiaai_msgs/msg/detail/wifi_state__functions.h
-- Up-to-date symlink: /home/duong/kaia_ws/install/kaiaai_msgs/include/kaiaai_msgs/kaiaai_msgs/msg/detail/wifi_state__struct.h
-- Up-to-date symlink: /home/duong/kaia_ws/install/kaiaai_msgs/include/kaiaai_msgs/kaiaai_msgs/msg/detail/wifi_state__type_support.h
-- Up-to-date symlink: /home/duong/kaia_ws/install/kaiaai_msgs/include/kaiaai_msgs/kaiaai_msgs/msg/joint_pos_vel.h
-- Up-to-date symlink: /home/duong/kaia_ws/install/kaiaai_msgs/include/kaiaai_msgs/kaiaai_msgs/msg/kaiaai_telemetry.h
-- Up-to-date symlink: /home/duong/kaia_ws/install/kaiaai_msgs/include/kaiaai_msgs/kaiaai_msgs/msg/kaiaai_telemetry2.h
-- Up-to-date symlink: /home/duong/kaia_ws/install/kaiaai_msgs/include/kaiaai_msgs/kaiaai_msgs/msg/online_event.h
-- Up-to-date symlink: /home/duong/kaia_ws/install/kaiaai_msgs/include/kaiaai_msgs/kaiaai_msgs/msg/rosidl_generator_c__visibility_control.h
-- Up-to-date symlink: /home/duong/kaia_ws/install/kaiaai_msgs/include/kaiaai_msgs/kaiaai_msgs/msg/wifi_state.h
-- Up-to-date symlink: /home/duong/kaia_ws/install/kaiaai_msgs/share/kaiaai_msgs/environment/library_path.sh
-- Up-to-date symlink: /home/duong/kaia_ws/install/kaiaai_msgs/share/kaiaai_msgs/environment/library_path.dsv
-- Up-to-date symlink: /home/duong/kaia_ws/install/kaiaai_msgs/include/kaiaai_msgs/kaiaai_msgs/msg/detail/joint_pos_vel__rosidl_typesupport_fastrtps_c.h
-- Up-to-date symlink: /home/duong/kaia_ws/install/kaiaai_msgs/include/kaiaai_msgs/kaiaai_msgs/msg/detail/kaiaai_telemetry2__rosidl_typesupport_fastrtps_c.h
-- Up-to-date symlink: /home/duong/kaia_ws/install/kaiaai_msgs/include/kaiaai_msgs/kaiaai_msgs/msg/detail/kaiaai_telemetry__rosidl_typesupport_fastrtps_c.h
-- Up-to-date symlink: /home/duong/kaia_ws/install/kaiaai_msgs/include/kaiaai_msgs/kaiaai_msgs/msg/detail/online_event__rosidl_typesupport_fastrtps_c.h
-- Up-to-date symlink: /home/duong/kaia_ws/install/kaiaai_msgs/include/kaiaai_msgs/kaiaai_msgs/msg/detail/wifi_state__rosidl_typesupport_fastrtps_c.h
-- Up-to-date symlink: /home/duong/kaia_ws/install/kaiaai_msgs/include/kaiaai_msgs/kaiaai_msgs/msg/rosidl_typesupport_fastrtps_c__visibility_control.h
-- Up-to-date symlink: /home/duong/kaia_ws/install/kaiaai_msgs/include/kaiaai_msgs/kaiaai_msgs/msg/detail/joint_pos_vel__builder.hpp
-- Up-to-date symlink: /home/duong/kaia_ws/install/kaiaai_msgs/include/kaiaai_msgs/kaiaai_msgs/msg/detail/joint_pos_vel__struct.hpp
-- Up-to-date symlink: /home/duong/kaia_ws/install/kaiaai_msgs/include/kaiaai_msgs/kaiaai_msgs/msg/detail/joint_pos_vel__traits.hpp
-- Up-to-date symlink: /home/duong/kaia_ws/install/kaiaai_msgs/include/kaiaai_msgs/kaiaai_msgs/msg/detail/kaiaai_telemetry2__builder.hpp
-- Up-to-date symlink: /home/duong/kaia_ws/install/kaiaai_msgs/include/kaiaai_msgs/kaiaai_msgs/msg/detail/kaiaai_telemetry2__struct.hpp
-- Up-to-date symlink: /home/duong/kaia_ws/install/kaiaai_msgs/include/kaiaai_msgs/kaiaai_msgs/msg/detail/kaiaai_telemetry2__traits.hpp
-- Up-to-date symlink: /home/duong/kaia_ws/install/kaiaai_msgs/include/kaiaai_msgs/kaiaai_msgs/msg/detail/kaiaai_telemetry__builder.hpp
-- Up-to-date symlink: /home/duong/kaia_ws/install/kaiaai_msgs/include/kaiaai_msgs/kaiaai_msgs/msg/detail/kaiaai_telemetry__struct.hpp
-- Up-to-date symlink: /home/duong/kaia_ws/install/kaiaai_msgs/include/kaiaai_msgs/kaiaai_msgs/msg/detail/kaiaai_telemetry__traits.hpp
-- Up-to-date symlink: /home/duong/kaia_ws/install/kaiaai_msgs/include/kaiaai_msgs/kaiaai_msgs/msg/detail/online_event__builder.hpp
-- Up-to-date symlink: /home/duong/kaia_ws/install/kaiaai_msgs/include/kaiaai_msgs/kaiaai_msgs/msg/detail/online_event__struct.hpp
-- Up-to-date symlink: /home/duong/kaia_ws/install/kaiaai_msgs/include/kaiaai_msgs/kaiaai_msgs/msg/detail/online_event__traits.hpp
-- Up-to-date symlink: /home/duong/kaia_ws/install/kaiaai_msgs/include/kaiaai_msgs/kaiaai_msgs/msg/detail/wifi_state__builder.hpp
-- Up-to-date symlink: /home/duong/kaia_ws/install/kaiaai_msgs/include/kaiaai_msgs/kaiaai_msgs/msg/detail/wifi_state__struct.hpp
-- Up-to-date symlink: /home/duong/kaia_ws/install/kaiaai_msgs/include/kaiaai_msgs/kaiaai_msgs/msg/detail/wifi_state__traits.hpp
-- Up-to-date symlink: /home/duong/kaia_ws/install/kaiaai_msgs/include/kaiaai_msgs/kaiaai_msgs/msg/joint_pos_vel.hpp
-- Up-to-date symlink: /home/duong/kaia_ws/install/kaiaai_msgs/include/kaiaai_msgs/kaiaai_msgs/msg/kaiaai_telemetry.hpp
-- Up-to-date symlink: /home/duong/kaia_ws/install/kaiaai_msgs/include/kaiaai_msgs/kaiaai_msgs/msg/kaiaai_telemetry2.hpp
-- Up-to-date symlink: /home/duong/kaia_ws/install/kaiaai_msgs/include/kaiaai_msgs/kaiaai_msgs/msg/online_event.hpp
-- Up-to-date symlink: /home/duong/kaia_ws/install/kaiaai_msgs/include/kaiaai_msgs/kaiaai_msgs/msg/wifi_state.hpp
-- Up-to-date symlink: /home/duong/kaia_ws/install/kaiaai_msgs/include/kaiaai_msgs/kaiaai_msgs/msg/detail/joint_pos_vel__rosidl_typesupport_fastrtps_cpp.hpp
-- Up-to-date symlink: /home/duong/kaia_ws/install/kaiaai_msgs/include/kaiaai_msgs/kaiaai_msgs/msg/detail/kaiaai_telemetry2__rosidl_typesupport_fastrtps_cpp.hpp
-- Up-to-date symlink: /home/duong/kaia_ws/install/kaiaai_msgs/include/kaiaai_msgs/kaiaai_msgs/msg/detail/kaiaai_telemetry__rosidl_typesupport_fastrtps_cpp.hpp
-- Up-to-date symlink: /home/duong/kaia_ws/install/kaiaai_msgs/include/kaiaai_msgs/kaiaai_msgs/msg/detail/online_event__rosidl_typesupport_fastrtps_cpp.hpp
-- Up-to-date symlink: /home/duong/kaia_ws/install/kaiaai_msgs/include/kaiaai_msgs/kaiaai_msgs/msg/detail/wifi_state__rosidl_typesupport_fastrtps_cpp.hpp
-- Up-to-date symlink: /home/duong/kaia_ws/install/kaiaai_msgs/include/kaiaai_msgs/kaiaai_msgs/msg/rosidl_typesupport_fastrtps_cpp__visibility_control.h
-- Up-to-date symlink: /home/duong/kaia_ws/install/kaiaai_msgs/include/kaiaai_msgs/kaiaai_msgs/msg/detail/joint_pos_vel__rosidl_typesupport_introspection_c.h
-- Up-to-date symlink: /home/duong/kaia_ws/install/kaiaai_msgs/include/kaiaai_msgs/kaiaai_msgs/msg/detail/kaiaai_telemetry2__rosidl_typesupport_introspection_c.h
-- Up-to-date symlink: /home/duong/kaia_ws/install/kaiaai_msgs/include/kaiaai_msgs/kaiaai_msgs/msg/detail/kaiaai_telemetry__rosidl_typesupport_introspection_c.h
-- Up-to-date symlink: /home/duong/kaia_ws/install/kaiaai_msgs/include/kaiaai_msgs/kaiaai_msgs/msg/detail/online_event__rosidl_typesupport_introspection_c.h
-- Up-to-date symlink: /home/duong/kaia_ws/install/kaiaai_msgs/include/kaiaai_msgs/kaiaai_msgs/msg/detail/wifi_state__rosidl_typesupport_introspection_c.h
-- Up-to-date symlink: /home/duong/kaia_ws/install/kaiaai_msgs/include/kaiaai_msgs/kaiaai_msgs/msg/rosidl_typesupport_introspection_c__visibility_control.h
-- Up-to-date symlink: /home/duong/kaia_ws/install/kaiaai_msgs/include/kaiaai_msgs/kaiaai_msgs/msg/detail/joint_pos_vel__rosidl_typesupport_introspection_cpp.hpp
-- Up-to-date symlink: /home/duong/kaia_ws/install/kaiaai_msgs/include/kaiaai_msgs/kaiaai_msgs/msg/detail/kaiaai_telemetry2__rosidl_typesupport_introspection_cpp.hpp
-- Up-to-date symlink: /home/duong/kaia_ws/install/kaiaai_msgs/include/kaiaai_msgs/kaiaai_msgs/msg/detail/kaiaai_telemetry__rosidl_typesupport_introspection_cpp.hpp
-- Up-to-date symlink: /home/duong/kaia_ws/install/kaiaai_msgs/include/kaiaai_msgs/kaiaai_msgs/msg/detail/online_event__rosidl_typesupport_introspection_cpp.hpp
-- Up-to-date symlink: /home/duong/kaia_ws/install/kaiaai_msgs/include/kaiaai_msgs/kaiaai_msgs/msg/detail/wifi_state__rosidl_typesupport_introspection_cpp.hpp
-- Up-to-date symlink: /home/duong/kaia_ws/install/kaiaai_msgs/share/kaiaai_msgs/environment/pythonpath.sh
-- Up-to-date symlink: /home/duong/kaia_ws/install/kaiaai_msgs/share/kaiaai_msgs/environment/pythonpath.dsv
-- Up-to-date symlink: /home/duong/kaia_ws/install/kaiaai_msgs/lib/python3.10/site-packages/kaiaai_msgs-0.3.0-py3.10.egg-info/PKG-INFO
-- Up-to-date symlink: /home/duong/kaia_ws/install/kaiaai_msgs/lib/python3.10/site-packages/kaiaai_msgs-0.3.0-py3.10.egg-info/SOURCES.txt
-- Up-to-date symlink: /home/duong/kaia_ws/install/kaiaai_msgs/lib/python3.10/site-packages/kaiaai_msgs-0.3.0-py3.10.egg-info/dependency_links.txt
-- Up-to-date symlink: /home/duong/kaia_ws/install/kaiaai_msgs/lib/python3.10/site-packages/kaiaai_msgs-0.3.0-py3.10.egg-info/top_level.txt
-- Up-to-date symlink: /home/duong/kaia_ws/install/kaiaai_msgs/lib/python3.10/site-packages/kaiaai_msgs/__init__.py
-- Up-to-date symlink: /home/duong/kaia_ws/install/kaiaai_msgs/lib/python3.10/site-packages/kaiaai_msgs/_kaiaai_msgs_s.ep.rosidl_typesupport_c.c
-- Up-to-date symlink: /home/duong/kaia_ws/install/kaiaai_msgs/lib/python3.10/site-packages/kaiaai_msgs/_kaiaai_msgs_s.ep.rosidl_typesupport_fastrtps_c.c
-- Up-to-date symlink: /home/duong/kaia_ws/install/kaiaai_msgs/lib/python3.10/site-packages/kaiaai_msgs/_kaiaai_msgs_s.ep.rosidl_typesupport_introspection_c.c
-- Up-to-date symlink: /home/duong/kaia_ws/install/kaiaai_msgs/lib/python3.10/site-packages/kaiaai_msgs/kaiaai_msgs_s__rosidl_typesupport_c.cpython-310-x86_64-linux-gnu.so
-- Up-to-date symlink: /home/duong/kaia_ws/install/kaiaai_msgs/lib/python3.10/site-packages/kaiaai_msgs/kaiaai_msgs_s__rosidl_typesupport_fastrtps_c.cpython-310-x86_64-linux-gnu.so
-- Up-to-date symlink: /home/duong/kaia_ws/install/kaiaai_msgs/lib/python3.10/site-packages/kaiaai_msgs/kaiaai_msgs_s__rosidl_typesupport_introspection_c.cpython-310-x86_64-linux-gnu.so
-- Up-to-date symlink: /home/duong/kaia_ws/install/kaiaai_msgs/lib/python3.10/site-packages/kaiaai_msgs/libkaiaai_msgs__rosidl_generator_py.so
-- Up-to-date symlink: /home/duong/kaia_ws/install/kaiaai_msgs/lib/python3.10/site-packages/kaiaai_msgs/msg/__init__.py
-- Up-to-date symlink: /home/duong/kaia_ws/install/kaiaai_msgs/lib/python3.10/site-packages/kaiaai_msgs/msg/_joint_pos_vel.py
-- Up-to-date symlink: /home/duong/kaia_ws/install/kaiaai_msgs/lib/python3.10/site-packages/kaiaai_msgs/msg/_joint_pos_vel_s.c
-- Up-to-date symlink: /home/duong/kaia_ws/install/kaiaai_msgs/lib/python3.10/site-packages/kaiaai_msgs/msg/_kaiaai_telemetry.py
-- Up-to-date symlink: /home/duong/kaia_ws/install/kaiaai_msgs/lib/python3.10/site-packages/kaiaai_msgs/msg/_kaiaai_telemetry2.py
-- Up-to-date symlink: /home/duong/kaia_ws/install/kaiaai_msgs/lib/python3.10/site-packages/kaiaai_msgs/msg/_kaiaai_telemetry2_s.c
-- Up-to-date symlink: /home/duong/kaia_ws/install/kaiaai_msgs/lib/python3.10/site-packages/kaiaai_msgs/msg/_kaiaai_telemetry_s.c
-- Up-to-date symlink: /home/duong/kaia_ws/install/kaiaai_msgs/lib/python3.10/site-packages/kaiaai_msgs/msg/_online_event.py
-- Up-to-date symlink: /home/duong/kaia_ws/install/kaiaai_msgs/lib/python3.10/site-packages/kaiaai_msgs/msg/_online_event_s.c
-- Up-to-date symlink: /home/duong/kaia_ws/install/kaiaai_msgs/lib/python3.10/site-packages/kaiaai_msgs/msg/_wifi_state.py
-- Up-to-date symlink: /home/duong/kaia_ws/install/kaiaai_msgs/lib/python3.10/site-packages/kaiaai_msgs/msg/_wifi_state_s.c
-- Up-to-date symlink: /home/duong/kaia_ws/install/kaiaai_msgs/lib/python3.10/site-packages/kaiaai_msgs/kaiaai_msgs_s__rosidl_typesupport_fastrtps_c.cpython-310-x86_64-linux-gnu.so
-- Up-to-date symlink: /home/duong/kaia_ws/install/kaiaai_msgs/lib/python3.10/site-packages/kaiaai_msgs/kaiaai_msgs_s__rosidl_typesupport_introspection_c.cpython-310-x86_64-linux-gnu.so
-- Up-to-date symlink: /home/duong/kaia_ws/install/kaiaai_msgs/lib/python3.10/site-packages/kaiaai_msgs/kaiaai_msgs_s__rosidl_typesupport_c.cpython-310-x86_64-linux-gnu.so
-- Up-to-date symlink: /home/duong/kaia_ws/install/kaiaai_msgs/share/kaiaai_msgs/msg/KaiaaiTelemetry.idl
-- Up-to-date symlink: /home/duong/kaia_ws/install/kaiaai_msgs/share/kaiaai_msgs/msg/WifiState.idl
-- Up-to-date symlink: /home/duong/kaia_ws/install/kaiaai_msgs/share/kaiaai_msgs/msg/JointPosVel.idl
-- Up-to-date symlink: /home/duong/kaia_ws/install/kaiaai_msgs/share/kaiaai_msgs/msg/KaiaaiTelemetry2.idl
-- Up-to-date symlink: /home/duong/kaia_ws/install/kaiaai_msgs/share/kaiaai_msgs/msg/OnlineEvent.idl
-- Up-to-date symlink: /home/duong/kaia_ws/install/kaiaai_msgs/share/kaiaai_msgs/msg/KaiaaiTelemetry.msg
-- Up-to-date symlink: /home/duong/kaia_ws/install/kaiaai_msgs/share/kaiaai_msgs/msg/WifiState.msg
-- Up-to-date symlink: /home/duong/kaia_ws/install/kaiaai_msgs/share/kaiaai_msgs/msg/JointPosVel.msg
-- Up-to-date symlink: /home/duong/kaia_ws/install/kaiaai_msgs/share/kaiaai_msgs/msg/KaiaaiTelemetry2.msg
-- Up-to-date symlink: /home/duong/kaia_ws/install/kaiaai_msgs/share/kaiaai_msgs/msg/OnlineEvent.msg
-- Up-to-date symlink: /home/duong/kaia_ws/install/kaiaai_msgs/share/ament_index/resource_index/package_run_dependencies/kaiaai_msgs
-- Up-to-date symlink: /home/duong/kaia_ws/install/kaiaai_msgs/share/ament_index/resource_index/parent_prefix_path/kaiaai_msgs
-- Up-to-date symlink: /home/duong/kaia_ws/install/kaiaai_msgs/share/kaiaai_msgs/environment/ament_prefix_path.sh
-- Up-to-date symlink: /home/duong/kaia_ws/install/kaiaai_msgs/share/kaiaai_msgs/environment/ament_prefix_path.dsv
-- Up-to-date symlink: /home/duong/kaia_ws/install/kaiaai_msgs/share/kaiaai_msgs/environment/path.sh
-- Up-to-date symlink: /home/duong/kaia_ws/install/kaiaai_msgs/share/kaiaai_msgs/environment/path.dsv
-- Up-to-date symlink: /home/duong/kaia_ws/install/kaiaai_msgs/share/kaiaai_msgs/local_setup.bash
-- Up-to-date symlink: /home/duong/kaia_ws/install/kaiaai_msgs/share/kaiaai_msgs/local_setup.sh
-- Up-to-date symlink: /home/duong/kaia_ws/install/kaiaai_msgs/share/kaiaai_msgs/local_setup.zsh
-- Up-to-date symlink: /home/duong/kaia_ws/install/kaiaai_msgs/share/kaiaai_msgs/local_setup.dsv
-- Symlinking: /home/duong/kaia_ws/install/kaiaai_msgs/share/kaiaai_msgs/package.dsv
-- Up-to-date symlink: /home/duong/kaia_ws/install/kaiaai_msgs/share/ament_index/resource_index/packages/kaiaai_msgs
-- Up-to-date symlink: /home/duong/kaia_ws/install/kaiaai_msgs/share/kaiaai_msgs/cmake/rosidl_cmake-extras.cmake
-- Up-to-date symlink: /home/duong/kaia_ws/install/kaiaai_msgs/share/kaiaai_msgs/cmake/ament_cmake_export_dependencies-extras.cmake
-- Up-to-date symlink: /home/duong/kaia_ws/install/kaiaai_msgs/share/kaiaai_msgs/cmake/ament_cmake_export_include_directories-extras.cmake
-- Up-to-date symlink: /home/duong/kaia_ws/install/kaiaai_msgs/share/kaiaai_msgs/cmake/ament_cmake_export_libraries-extras.cmake
-- Up-to-date symlink: /home/duong/kaia_ws/install/kaiaai_msgs/share/kaiaai_msgs/cmake/ament_cmake_export_targets-extras.cmake
-- Up-to-date symlink: /home/duong/kaia_ws/install/kaiaai_msgs/share/kaiaai_msgs/cmake/rosidl_cmake_export_typesupport_targets-extras.cmake
-- Up-to-date symlink: /home/duong/kaia_ws/install/kaiaai_msgs/share/kaiaai_msgs/cmake/rosidl_cmake_export_typesupport_libraries-extras.cmake
-- Up-to-date symlink: /home/duong/kaia_ws/install/kaiaai_msgs/share/kaiaai_msgs/cmake/kaiaai_msgsConfig.cmake
-- Up-to-date symlink: /home/duong/kaia_ws/install/kaiaai_msgs/share/kaiaai_msgs/cmake/kaiaai_msgsConfig-version.cmake
-- Up-to-date symlink: /home/duong/kaia_ws/install/kaiaai_msgs/share/kaiaai_msgs/package.xml
-- Up-to-date: /home/duong/kaia_ws/install/kaiaai_msgs/lib/libkaiaai_msgs__rosidl_generator_c.so
-- Up-to-date: /home/duong/kaia_ws/install/kaiaai_msgs/lib/libkaiaai_msgs__rosidl_typesupport_fastrtps_c.so
-- Up-to-date: /home/duong/kaia_ws/install/kaiaai_msgs/lib/libkaiaai_msgs__rosidl_typesupport_fastrtps_cpp.so
-- Up-to-date: /home/duong/kaia_ws/install/kaiaai_msgs/lib/libkaiaai_msgs__rosidl_typesupport_introspection_c.so
-- Up-to-date: /home/duong/kaia_ws/install/kaiaai_msgs/lib/libkaiaai_msgs__rosidl_typesupport_c.so
-- Up-to-date: /home/duong/kaia_ws/install/kaiaai_msgs/lib/libkaiaai_msgs__rosidl_typesupport_introspection_cpp.so
-- Up-to-date: /home/duong/kaia_ws/install/kaiaai_msgs/lib/libkaiaai_msgs__rosidl_typesupport_cpp.so
Listing '/home/duong/kaia_ws/install/kaiaai_msgs/lib/python3.10/site-packages/kaiaai_msgs'...
Listing '/home/duong/kaia_ws/install/kaiaai_msgs/lib/python3.10/site-packages/kaiaai_msgs/msg'...
-- Up-to-date: /home/duong/kaia_ws/install/kaiaai_msgs/lib/libkaiaai_msgs__rosidl_generator_py.so
-- Up-to-date: /home/duong/kaia_ws/install/kaiaai_msgs/share/kaiaai_msgs/cmake/export_kaiaai_msgs__rosidl_generator_cExport.cmake
-- Up-to-date: /home/duong/kaia_ws/install/kaiaai_msgs/share/kaiaai_msgs/cmake/export_kaiaai_msgs__rosidl_generator_cExport-noconfig.cmake
-- Up-to-date: /home/duong/kaia_ws/install/kaiaai_msgs/share/kaiaai_msgs/cmake/export_kaiaai_msgs__rosidl_typesupport_fastrtps_cExport.cmake
-- Up-to-date: /home/duong/kaia_ws/install/kaiaai_msgs/share/kaiaai_msgs/cmake/export_kaiaai_msgs__rosidl_typesupport_fastrtps_cExport-noconfig.cmake
-- Up-to-date: /home/duong/kaia_ws/install/kaiaai_msgs/share/kaiaai_msgs/cmake/export_kaiaai_msgs__rosidl_generator_cppExport.cmake
-- Up-to-date: /home/duong/kaia_ws/install/kaiaai_msgs/share/kaiaai_msgs/cmake/export_kaiaai_msgs__rosidl_typesupport_fastrtps_cppExport.cmake
-- Up-to-date: /home/duong/kaia_ws/install/kaiaai_msgs/share/kaiaai_msgs/cmake/export_kaiaai_msgs__rosidl_typesupport_fastrtps_cppExport-noconfig.cmake
-- Up-to-date: /home/duong/kaia_ws/install/kaiaai_msgs/share/kaiaai_msgs/cmake/kaiaai_msgs__rosidl_typesupport_introspection_cExport.cmake
-- Up-to-date: /home/duong/kaia_ws/install/kaiaai_msgs/share/kaiaai_msgs/cmake/kaiaai_msgs__rosidl_typesupport_introspection_cExport-noconfig.cmake
-- Up-to-date: /home/duong/kaia_ws/install/kaiaai_msgs/share/kaiaai_msgs/cmake/kaiaai_msgs__rosidl_typesupport_cExport.cmake
-- Up-to-date: /home/duong/kaia_ws/install/kaiaai_msgs/share/kaiaai_msgs/cmake/kaiaai_msgs__rosidl_typesupport_cExport-noconfig.cmake
-- Up-to-date: /home/duong/kaia_ws/install/kaiaai_msgs/share/kaiaai_msgs/cmake/kaiaai_msgs__rosidl_typesupport_introspection_cppExport.cmake
-- Up-to-date: /home/duong/kaia_ws/install/kaiaai_msgs/share/kaiaai_msgs/cmake/kaiaai_msgs__rosidl_typesupport_introspection_cppExport-noconfig.cmake
-- Up-to-date: /home/duong/kaia_ws/install/kaiaai_msgs/share/kaiaai_msgs/cmake/kaiaai_msgs__rosidl_typesupport_cppExport.cmake
-- Up-to-date: /home/duong/kaia_ws/install/kaiaai_msgs/share/kaiaai_msgs/cmake/kaiaai_msgs__rosidl_typesupport_cppExport-noconfig.cmake
-- Up-to-date: /home/duong/kaia_ws/install/kaiaai_msgs/share/kaiaai_msgs/cmake/export_kaiaai_msgs__rosidl_generator_pyExport.cmake
-- Up-to-date: /home/duong/kaia_ws/install/kaiaai_msgs/share/kaiaai_msgs/cmake/export_kaiaai_msgs__rosidl_generator_pyExport-noconfig.cmake
