[0.319s] Invoking command in '/home/duong/kaia_ws/build/kaiaai_msgs': CMAKE_PREFIX_PATH=${CMAKE_PREFIX_PATH}:/home/duong/kaia_ws/install/kaiaai:/opt/ros/iron /usr/bin/cmake --build /home/duong/kaia_ws/build/kaiaai_msgs -- -j12 -l12
[1.286s] [  1%] Built target kaiaai_msgs__rosidl_generator_type_description
[1.287s] [  1%] Built target ament_cmake_python_symlink_kaiaai_msgs
[1.287s] [35m[1mConsolidate compiler generated dependencies of target kaiaai_msgs__rosidl_generator_c[0m
[1.287s] [  2%] Built target kaiaai_msgs__cpp
[1.288s] [ 25%] Built target kaiaai_msgs__rosidl_generator_c
[1.288s] [35m[1mConsolidate compiler generated dependencies of target kaiaai_msgs__rosidl_typesupport_cpp[0m
[1.288s] [35m[1mConsolidate compiler generated dependencies of target kaiaai_msgs__rosidl_typesupport_introspection_c[0m
[1.289s] [35m[1mConsolidate compiler generated dependencies of target kaiaai_msgs__rosidl_typesupport_fastrtps_c[0m
[1.289s] [35m[1mConsolidate compiler generated dependencies of target kaiaai_msgs__rosidl_typesupport_c[0m
[1.290s] [35m[1mConsolidate compiler generated dependencies of target kaiaai_msgs__rosidl_typesupport_fastrtps_cpp[0m
[1.290s] [35m[1mConsolidate compiler generated dependencies of target kaiaai_msgs__rosidl_typesupport_introspection_cpp[0m
[1.290s] [ 35%] Built target kaiaai_msgs__rosidl_typesupport_introspection_c
[1.290s] [ 44%] Built target kaiaai_msgs__rosidl_typesupport_c
[1.291s] [ 54%] Built target kaiaai_msgs__rosidl_typesupport_cpp
[1.291s] [ 63%] Built target kaiaai_msgs__rosidl_typesupport_fastrtps_c
[1.291s] [ 82%] Built target kaiaai_msgs__rosidl_typesupport_introspection_cpp
[1.292s] [ 82%] Built target kaiaai_msgs__rosidl_typesupport_fastrtps_cpp
[1.292s] [ 82%] Built target kaiaai_msgs
[1.292s] [ 83%] Built target kaiaai_msgs__py
[1.292s] [35m[1mConsolidate compiler generated dependencies of target kaiaai_msgs__rosidl_generator_py[0m
[1.293s] [ 91%] Built target kaiaai_msgs__rosidl_generator_py
[1.293s] [35m[1mConsolidate compiler generated dependencies of target kaiaai_msgs__rosidl_typesupport_introspection_c__pyext[0m
[1.294s] [35m[1mConsolidate compiler generated dependencies of target kaiaai_msgs__rosidl_typesupport_fastrtps_c__pyext[0m
[1.295s] [35m[1mConsolidate compiler generated dependencies of target kaiaai_msgs__rosidl_typesupport_c__pyext[0m
[1.297s] [ 94%] Built target kaiaai_msgs__rosidl_typesupport_introspection_c__pyext
[1.297s] [ 97%] Built target kaiaai_msgs__rosidl_typesupport_fastrtps_c__pyext
[1.298s] [100%] Built target kaiaai_msgs__rosidl_typesupport_c__pyext
[1.298s] running egg_info
[1.298s] writing kaiaai_msgs.egg-info/PKG-INFO
[1.298s] writing dependency_links to kaiaai_msgs.egg-info/dependency_links.txt
[1.298s] writing top-level names to kaiaai_msgs.egg-info/top_level.txt
[1.299s] reading manifest file 'kaiaai_msgs.egg-info/SOURCES.txt'
[1.299s] writing manifest file 'kaiaai_msgs.egg-info/SOURCES.txt'
[1.299s] [100%] Built target ament_cmake_python_build_kaiaai_msgs_egg
[1.624s] Invoked command in '/home/duong/kaia_ws/build/kaiaai_msgs' returned '0': CMAKE_PREFIX_PATH=${CMAKE_PREFIX_PATH}:/home/duong/kaia_ws/install/kaiaai:/opt/ros/iron /usr/bin/cmake --build /home/duong/kaia_ws/build/kaiaai_msgs -- -j12 -l12
[1.626s] Invoking command in '/home/duong/kaia_ws/build/kaiaai_msgs': CMAKE_PREFIX_PATH=${CMAKE_PREFIX_PATH}:/home/duong/kaia_ws/install/kaiaai:/opt/ros/iron /usr/bin/cmake --install /home/duong/kaia_ws/build/kaiaai_msgs
[1.657s] -- Install configuration: ""
[1.658s] -- Execute custom install script
[1.658s] -- Up-to-date symlink: /home/duong/kaia_ws/install/kaiaai_msgs/share/ament_index/resource_index/rosidl_interfaces/kaiaai_msgs
[1.658s] -- Up-to-date symlink: /home/duong/kaia_ws/install/kaiaai_msgs/share/kaiaai_msgs/msg/KaiaaiTelemetry.json
[1.661s] -- Up-to-date symlink: /home/duong/kaia_ws/install/kaiaai_msgs/share/kaiaai_msgs/msg/WifiState.json
[1.661s] -- Up-to-date symlink: /home/duong/kaia_ws/install/kaiaai_msgs/share/kaiaai_msgs/msg/JointPosVel.json
[1.666s] -- Up-to-date symlink: /home/duong/kaia_ws/install/kaiaai_msgs/share/kaiaai_msgs/msg/KaiaaiTelemetry2.json
[1.667s] -- Up-to-date symlink: /home/duong/kaia_ws/install/kaiaai_msgs/share/kaiaai_msgs/msg/OnlineEvent.json
[1.673s] -- Up-to-date symlink: /home/duong/kaia_ws/install/kaiaai_msgs/include/kaiaai_msgs/kaiaai_msgs/msg/detail/joint_pos_vel__functions.h
[1.673s] -- Up-to-date symlink: /home/duong/kaia_ws/install/kaiaai_msgs/include/kaiaai_msgs/kaiaai_msgs/msg/detail/joint_pos_vel__struct.h
[1.673s] -- Up-to-date symlink: /home/duong/kaia_ws/install/kaiaai_msgs/include/kaiaai_msgs/kaiaai_msgs/msg/detail/joint_pos_vel__type_support.h
[1.673s] -- Up-to-date symlink: /home/duong/kaia_ws/install/kaiaai_msgs/include/kaiaai_msgs/kaiaai_msgs/msg/detail/kaiaai_telemetry2__functions.h
[1.675s] -- Up-to-date symlink: /home/duong/kaia_ws/install/kaiaai_msgs/include/kaiaai_msgs/kaiaai_msgs/msg/detail/kaiaai_telemetry2__struct.h
[1.675s] -- Up-to-date symlink: /home/duong/kaia_ws/install/kaiaai_msgs/include/kaiaai_msgs/kaiaai_msgs/msg/detail/kaiaai_telemetry2__type_support.h
[1.675s] -- Up-to-date symlink: /home/duong/kaia_ws/install/kaiaai_msgs/include/kaiaai_msgs/kaiaai_msgs/msg/detail/kaiaai_telemetry__functions.h
[1.677s] -- Up-to-date symlink: /home/duong/kaia_ws/install/kaiaai_msgs/include/kaiaai_msgs/kaiaai_msgs/msg/detail/kaiaai_telemetry__struct.h
[1.680s] -- Up-to-date symlink: /home/duong/kaia_ws/install/kaiaai_msgs/include/kaiaai_msgs/kaiaai_msgs/msg/detail/kaiaai_telemetry__type_support.h
[1.681s] -- Up-to-date symlink: /home/duong/kaia_ws/install/kaiaai_msgs/include/kaiaai_msgs/kaiaai_msgs/msg/detail/online_event__functions.h
[1.682s] -- Up-to-date symlink: /home/duong/kaia_ws/install/kaiaai_msgs/include/kaiaai_msgs/kaiaai_msgs/msg/detail/online_event__struct.h
[1.682s] -- Up-to-date symlink: /home/duong/kaia_ws/install/kaiaai_msgs/include/kaiaai_msgs/kaiaai_msgs/msg/detail/online_event__type_support.h
[1.682s] -- Up-to-date symlink: /home/duong/kaia_ws/install/kaiaai_msgs/include/kaiaai_msgs/kaiaai_msgs/msg/detail/wifi_state__functions.h
[1.684s] -- Up-to-date symlink: /home/duong/kaia_ws/install/kaiaai_msgs/include/kaiaai_msgs/kaiaai_msgs/msg/detail/wifi_state__struct.h
[1.684s] -- Up-to-date symlink: /home/duong/kaia_ws/install/kaiaai_msgs/include/kaiaai_msgs/kaiaai_msgs/msg/detail/wifi_state__type_support.h
[1.684s] -- Up-to-date symlink: /home/duong/kaia_ws/install/kaiaai_msgs/include/kaiaai_msgs/kaiaai_msgs/msg/joint_pos_vel.h
[1.684s] -- Up-to-date symlink: /home/duong/kaia_ws/install/kaiaai_msgs/include/kaiaai_msgs/kaiaai_msgs/msg/kaiaai_telemetry.h
[1.685s] -- Up-to-date symlink: /home/duong/kaia_ws/install/kaiaai_msgs/include/kaiaai_msgs/kaiaai_msgs/msg/kaiaai_telemetry2.h
[1.685s] -- Up-to-date symlink: /home/duong/kaia_ws/install/kaiaai_msgs/include/kaiaai_msgs/kaiaai_msgs/msg/online_event.h
[1.686s] -- Up-to-date symlink: /home/duong/kaia_ws/install/kaiaai_msgs/include/kaiaai_msgs/kaiaai_msgs/msg/rosidl_generator_c__visibility_control.h
[1.687s] -- Up-to-date symlink: /home/duong/kaia_ws/install/kaiaai_msgs/include/kaiaai_msgs/kaiaai_msgs/msg/wifi_state.h
[1.687s] -- Up-to-date symlink: /home/duong/kaia_ws/install/kaiaai_msgs/share/kaiaai_msgs/environment/library_path.sh
[1.688s] -- Up-to-date symlink: /home/duong/kaia_ws/install/kaiaai_msgs/share/kaiaai_msgs/environment/library_path.dsv
[1.689s] -- Up-to-date symlink: /home/duong/kaia_ws/install/kaiaai_msgs/include/kaiaai_msgs/kaiaai_msgs/msg/detail/joint_pos_vel__rosidl_typesupport_fastrtps_c.h
[1.689s] -- Up-to-date symlink: /home/duong/kaia_ws/install/kaiaai_msgs/include/kaiaai_msgs/kaiaai_msgs/msg/detail/kaiaai_telemetry2__rosidl_typesupport_fastrtps_c.h
[1.690s] -- Up-to-date symlink: /home/duong/kaia_ws/install/kaiaai_msgs/include/kaiaai_msgs/kaiaai_msgs/msg/detail/kaiaai_telemetry__rosidl_typesupport_fastrtps_c.h
[1.690s] -- Up-to-date symlink: /home/duong/kaia_ws/install/kaiaai_msgs/include/kaiaai_msgs/kaiaai_msgs/msg/detail/online_event__rosidl_typesupport_fastrtps_c.h
[1.690s] -- Up-to-date symlink: /home/duong/kaia_ws/install/kaiaai_msgs/include/kaiaai_msgs/kaiaai_msgs/msg/detail/wifi_state__rosidl_typesupport_fastrtps_c.h
[1.690s] -- Up-to-date symlink: /home/duong/kaia_ws/install/kaiaai_msgs/include/kaiaai_msgs/kaiaai_msgs/msg/rosidl_typesupport_fastrtps_c__visibility_control.h
[1.691s] -- Up-to-date symlink: /home/duong/kaia_ws/install/kaiaai_msgs/include/kaiaai_msgs/kaiaai_msgs/msg/detail/joint_pos_vel__builder.hpp
[1.691s] -- Up-to-date symlink: /home/duong/kaia_ws/install/kaiaai_msgs/include/kaiaai_msgs/kaiaai_msgs/msg/detail/joint_pos_vel__struct.hpp
[1.691s] -- Up-to-date symlink: /home/duong/kaia_ws/install/kaiaai_msgs/include/kaiaai_msgs/kaiaai_msgs/msg/detail/joint_pos_vel__traits.hpp
[1.691s] -- Up-to-date symlink: /home/duong/kaia_ws/install/kaiaai_msgs/include/kaiaai_msgs/kaiaai_msgs/msg/detail/kaiaai_telemetry2__builder.hpp
[1.691s] -- Up-to-date symlink: /home/duong/kaia_ws/install/kaiaai_msgs/include/kaiaai_msgs/kaiaai_msgs/msg/detail/kaiaai_telemetry2__struct.hpp
[1.691s] -- Up-to-date symlink: /home/duong/kaia_ws/install/kaiaai_msgs/include/kaiaai_msgs/kaiaai_msgs/msg/detail/kaiaai_telemetry2__traits.hpp
[1.691s] -- Up-to-date symlink: /home/duong/kaia_ws/install/kaiaai_msgs/include/kaiaai_msgs/kaiaai_msgs/msg/detail/kaiaai_telemetry__builder.hpp
[1.691s] -- Up-to-date symlink: /home/duong/kaia_ws/install/kaiaai_msgs/include/kaiaai_msgs/kaiaai_msgs/msg/detail/kaiaai_telemetry__struct.hpp
[1.692s] -- Up-to-date symlink: /home/duong/kaia_ws/install/kaiaai_msgs/include/kaiaai_msgs/kaiaai_msgs/msg/detail/kaiaai_telemetry__traits.hpp
[1.692s] -- Up-to-date symlink: /home/duong/kaia_ws/install/kaiaai_msgs/include/kaiaai_msgs/kaiaai_msgs/msg/detail/online_event__builder.hpp
[1.693s] -- Up-to-date symlink: /home/duong/kaia_ws/install/kaiaai_msgs/include/kaiaai_msgs/kaiaai_msgs/msg/detail/online_event__struct.hpp
[1.693s] -- Up-to-date symlink: /home/duong/kaia_ws/install/kaiaai_msgs/include/kaiaai_msgs/kaiaai_msgs/msg/detail/online_event__traits.hpp
[1.693s] -- Up-to-date symlink: /home/duong/kaia_ws/install/kaiaai_msgs/include/kaiaai_msgs/kaiaai_msgs/msg/detail/wifi_state__builder.hpp
[1.693s] -- Up-to-date symlink: /home/duong/kaia_ws/install/kaiaai_msgs/include/kaiaai_msgs/kaiaai_msgs/msg/detail/wifi_state__struct.hpp
[1.693s] -- Up-to-date symlink: /home/duong/kaia_ws/install/kaiaai_msgs/include/kaiaai_msgs/kaiaai_msgs/msg/detail/wifi_state__traits.hpp
[1.694s] -- Up-to-date symlink: /home/duong/kaia_ws/install/kaiaai_msgs/include/kaiaai_msgs/kaiaai_msgs/msg/joint_pos_vel.hpp
[1.694s] -- Up-to-date symlink: /home/duong/kaia_ws/install/kaiaai_msgs/include/kaiaai_msgs/kaiaai_msgs/msg/kaiaai_telemetry.hpp
[1.694s] -- Up-to-date symlink: /home/duong/kaia_ws/install/kaiaai_msgs/include/kaiaai_msgs/kaiaai_msgs/msg/kaiaai_telemetry2.hpp
[1.694s] -- Up-to-date symlink: /home/duong/kaia_ws/install/kaiaai_msgs/include/kaiaai_msgs/kaiaai_msgs/msg/online_event.hpp
[1.694s] -- Up-to-date symlink: /home/duong/kaia_ws/install/kaiaai_msgs/include/kaiaai_msgs/kaiaai_msgs/msg/wifi_state.hpp
[1.695s] -- Up-to-date symlink: /home/duong/kaia_ws/install/kaiaai_msgs/include/kaiaai_msgs/kaiaai_msgs/msg/detail/joint_pos_vel__rosidl_typesupport_fastrtps_cpp.hpp
[1.696s] -- Up-to-date symlink: /home/duong/kaia_ws/install/kaiaai_msgs/include/kaiaai_msgs/kaiaai_msgs/msg/detail/kaiaai_telemetry2__rosidl_typesupport_fastrtps_cpp.hpp
[1.696s] -- Up-to-date symlink: /home/duong/kaia_ws/install/kaiaai_msgs/include/kaiaai_msgs/kaiaai_msgs/msg/detail/kaiaai_telemetry__rosidl_typesupport_fastrtps_cpp.hpp
[1.696s] -- Up-to-date symlink: /home/duong/kaia_ws/install/kaiaai_msgs/include/kaiaai_msgs/kaiaai_msgs/msg/detail/online_event__rosidl_typesupport_fastrtps_cpp.hpp
[1.696s] -- Up-to-date symlink: /home/duong/kaia_ws/install/kaiaai_msgs/include/kaiaai_msgs/kaiaai_msgs/msg/detail/wifi_state__rosidl_typesupport_fastrtps_cpp.hpp
[1.696s] -- Up-to-date symlink: /home/duong/kaia_ws/install/kaiaai_msgs/include/kaiaai_msgs/kaiaai_msgs/msg/rosidl_typesupport_fastrtps_cpp__visibility_control.h
[1.697s] -- Up-to-date symlink: /home/duong/kaia_ws/install/kaiaai_msgs/include/kaiaai_msgs/kaiaai_msgs/msg/detail/joint_pos_vel__rosidl_typesupport_introspection_c.h
[1.697s] -- Up-to-date symlink: /home/duong/kaia_ws/install/kaiaai_msgs/include/kaiaai_msgs/kaiaai_msgs/msg/detail/kaiaai_telemetry2__rosidl_typesupport_introspection_c.h
[1.697s] -- Up-to-date symlink: /home/duong/kaia_ws/install/kaiaai_msgs/include/kaiaai_msgs/kaiaai_msgs/msg/detail/kaiaai_telemetry__rosidl_typesupport_introspection_c.h
[1.698s] -- Up-to-date symlink: /home/duong/kaia_ws/install/kaiaai_msgs/include/kaiaai_msgs/kaiaai_msgs/msg/detail/online_event__rosidl_typesupport_introspection_c.h
[1.698s] -- Up-to-date symlink: /home/duong/kaia_ws/install/kaiaai_msgs/include/kaiaai_msgs/kaiaai_msgs/msg/detail/wifi_state__rosidl_typesupport_introspection_c.h
[1.700s] -- Up-to-date symlink: /home/duong/kaia_ws/install/kaiaai_msgs/include/kaiaai_msgs/kaiaai_msgs/msg/rosidl_typesupport_introspection_c__visibility_control.h
[1.700s] -- Up-to-date symlink: /home/duong/kaia_ws/install/kaiaai_msgs/include/kaiaai_msgs/kaiaai_msgs/msg/detail/joint_pos_vel__rosidl_typesupport_introspection_cpp.hpp
[1.700s] -- Up-to-date symlink: /home/duong/kaia_ws/install/kaiaai_msgs/include/kaiaai_msgs/kaiaai_msgs/msg/detail/kaiaai_telemetry2__rosidl_typesupport_introspection_cpp.hpp
[1.701s] -- Up-to-date symlink: /home/duong/kaia_ws/install/kaiaai_msgs/include/kaiaai_msgs/kaiaai_msgs/msg/detail/kaiaai_telemetry__rosidl_typesupport_introspection_cpp.hpp
[1.701s] -- Up-to-date symlink: /home/duong/kaia_ws/install/kaiaai_msgs/include/kaiaai_msgs/kaiaai_msgs/msg/detail/online_event__rosidl_typesupport_introspection_cpp.hpp
[1.701s] -- Up-to-date symlink: /home/duong/kaia_ws/install/kaiaai_msgs/include/kaiaai_msgs/kaiaai_msgs/msg/detail/wifi_state__rosidl_typesupport_introspection_cpp.hpp
[1.701s] -- Up-to-date symlink: /home/duong/kaia_ws/install/kaiaai_msgs/share/kaiaai_msgs/environment/pythonpath.sh
[1.701s] -- Up-to-date symlink: /home/duong/kaia_ws/install/kaiaai_msgs/share/kaiaai_msgs/environment/pythonpath.dsv
[1.702s] -- Up-to-date symlink: /home/duong/kaia_ws/install/kaiaai_msgs/lib/python3.10/site-packages/kaiaai_msgs-0.3.0-py3.10.egg-info/PKG-INFO
[1.702s] -- Up-to-date symlink: /home/duong/kaia_ws/install/kaiaai_msgs/lib/python3.10/site-packages/kaiaai_msgs-0.3.0-py3.10.egg-info/SOURCES.txt
[1.702s] -- Up-to-date symlink: /home/duong/kaia_ws/install/kaiaai_msgs/lib/python3.10/site-packages/kaiaai_msgs-0.3.0-py3.10.egg-info/dependency_links.txt
[1.702s] -- Up-to-date symlink: /home/duong/kaia_ws/install/kaiaai_msgs/lib/python3.10/site-packages/kaiaai_msgs-0.3.0-py3.10.egg-info/top_level.txt
[1.703s] -- Up-to-date symlink: /home/duong/kaia_ws/install/kaiaai_msgs/lib/python3.10/site-packages/kaiaai_msgs/__init__.py
[1.703s] -- Up-to-date symlink: /home/duong/kaia_ws/install/kaiaai_msgs/lib/python3.10/site-packages/kaiaai_msgs/_kaiaai_msgs_s.ep.rosidl_typesupport_c.c
[1.703s] -- Up-to-date symlink: /home/duong/kaia_ws/install/kaiaai_msgs/lib/python3.10/site-packages/kaiaai_msgs/_kaiaai_msgs_s.ep.rosidl_typesupport_fastrtps_c.c
[1.703s] -- Up-to-date symlink: /home/duong/kaia_ws/install/kaiaai_msgs/lib/python3.10/site-packages/kaiaai_msgs/_kaiaai_msgs_s.ep.rosidl_typesupport_introspection_c.c
[1.703s] -- Up-to-date symlink: /home/duong/kaia_ws/install/kaiaai_msgs/lib/python3.10/site-packages/kaiaai_msgs/kaiaai_msgs_s__rosidl_typesupport_c.cpython-310-x86_64-linux-gnu.so
[1.703s] -- Up-to-date symlink: /home/duong/kaia_ws/install/kaiaai_msgs/lib/python3.10/site-packages/kaiaai_msgs/kaiaai_msgs_s__rosidl_typesupport_fastrtps_c.cpython-310-x86_64-linux-gnu.so
[1.703s] -- Up-to-date symlink: /home/duong/kaia_ws/install/kaiaai_msgs/lib/python3.10/site-packages/kaiaai_msgs/kaiaai_msgs_s__rosidl_typesupport_introspection_c.cpython-310-x86_64-linux-gnu.so
[1.704s] -- Up-to-date symlink: /home/duong/kaia_ws/install/kaiaai_msgs/lib/python3.10/site-packages/kaiaai_msgs/libkaiaai_msgs__rosidl_generator_py.so
[1.704s] -- Up-to-date symlink: /home/duong/kaia_ws/install/kaiaai_msgs/lib/python3.10/site-packages/kaiaai_msgs/msg/__init__.py
[1.704s] -- Up-to-date symlink: /home/duong/kaia_ws/install/kaiaai_msgs/lib/python3.10/site-packages/kaiaai_msgs/msg/_joint_pos_vel.py
[1.704s] -- Up-to-date symlink: /home/duong/kaia_ws/install/kaiaai_msgs/lib/python3.10/site-packages/kaiaai_msgs/msg/_joint_pos_vel_s.c
[1.704s] -- Up-to-date symlink: /home/duong/kaia_ws/install/kaiaai_msgs/lib/python3.10/site-packages/kaiaai_msgs/msg/_kaiaai_telemetry.py
[1.704s] -- Up-to-date symlink: /home/duong/kaia_ws/install/kaiaai_msgs/lib/python3.10/site-packages/kaiaai_msgs/msg/_kaiaai_telemetry2.py
[1.704s] -- Up-to-date symlink: /home/duong/kaia_ws/install/kaiaai_msgs/lib/python3.10/site-packages/kaiaai_msgs/msg/_kaiaai_telemetry2_s.c
[1.705s] -- Up-to-date symlink: /home/duong/kaia_ws/install/kaiaai_msgs/lib/python3.10/site-packages/kaiaai_msgs/msg/_kaiaai_telemetry_s.c
[1.705s] -- Up-to-date symlink: /home/duong/kaia_ws/install/kaiaai_msgs/lib/python3.10/site-packages/kaiaai_msgs/msg/_online_event.py
[1.705s] -- Up-to-date symlink: /home/duong/kaia_ws/install/kaiaai_msgs/lib/python3.10/site-packages/kaiaai_msgs/msg/_online_event_s.c
[1.705s] -- Up-to-date symlink: /home/duong/kaia_ws/install/kaiaai_msgs/lib/python3.10/site-packages/kaiaai_msgs/msg/_wifi_state.py
[1.706s] -- Up-to-date symlink: /home/duong/kaia_ws/install/kaiaai_msgs/lib/python3.10/site-packages/kaiaai_msgs/msg/_wifi_state_s.c
[1.707s] -- Up-to-date symlink: /home/duong/kaia_ws/install/kaiaai_msgs/lib/python3.10/site-packages/kaiaai_msgs/kaiaai_msgs_s__rosidl_typesupport_fastrtps_c.cpython-310-x86_64-linux-gnu.so
[1.707s] -- Up-to-date symlink: /home/duong/kaia_ws/install/kaiaai_msgs/lib/python3.10/site-packages/kaiaai_msgs/kaiaai_msgs_s__rosidl_typesupport_introspection_c.cpython-310-x86_64-linux-gnu.so
[1.707s] -- Up-to-date symlink: /home/duong/kaia_ws/install/kaiaai_msgs/lib/python3.10/site-packages/kaiaai_msgs/kaiaai_msgs_s__rosidl_typesupport_c.cpython-310-x86_64-linux-gnu.so
[1.707s] -- Up-to-date symlink: /home/duong/kaia_ws/install/kaiaai_msgs/share/kaiaai_msgs/msg/KaiaaiTelemetry.idl
[1.707s] -- Up-to-date symlink: /home/duong/kaia_ws/install/kaiaai_msgs/share/kaiaai_msgs/msg/WifiState.idl
[1.708s] -- Up-to-date symlink: /home/duong/kaia_ws/install/kaiaai_msgs/share/kaiaai_msgs/msg/JointPosVel.idl
[1.708s] -- Up-to-date symlink: /home/duong/kaia_ws/install/kaiaai_msgs/share/kaiaai_msgs/msg/KaiaaiTelemetry2.idl
[1.708s] -- Up-to-date symlink: /home/duong/kaia_ws/install/kaiaai_msgs/share/kaiaai_msgs/msg/OnlineEvent.idl
[1.708s] -- Up-to-date symlink: /home/duong/kaia_ws/install/kaiaai_msgs/share/kaiaai_msgs/msg/KaiaaiTelemetry.msg
[1.708s] -- Up-to-date symlink: /home/duong/kaia_ws/install/kaiaai_msgs/share/kaiaai_msgs/msg/WifiState.msg
[1.708s] -- Up-to-date symlink: /home/duong/kaia_ws/install/kaiaai_msgs/share/kaiaai_msgs/msg/JointPosVel.msg
[1.708s] -- Up-to-date symlink: /home/duong/kaia_ws/install/kaiaai_msgs/share/kaiaai_msgs/msg/KaiaaiTelemetry2.msg
[1.709s] -- Up-to-date symlink: /home/duong/kaia_ws/install/kaiaai_msgs/share/kaiaai_msgs/msg/OnlineEvent.msg
[1.709s] -- Up-to-date symlink: /home/duong/kaia_ws/install/kaiaai_msgs/share/ament_index/resource_index/package_run_dependencies/kaiaai_msgs
[1.709s] -- Up-to-date symlink: /home/duong/kaia_ws/install/kaiaai_msgs/share/ament_index/resource_index/parent_prefix_path/kaiaai_msgs
[1.710s] -- Up-to-date symlink: /home/duong/kaia_ws/install/kaiaai_msgs/share/kaiaai_msgs/environment/ament_prefix_path.sh
[1.713s] -- Up-to-date symlink: /home/duong/kaia_ws/install/kaiaai_msgs/share/kaiaai_msgs/environment/ament_prefix_path.dsv
[1.714s] -- Up-to-date symlink: /home/duong/kaia_ws/install/kaiaai_msgs/share/kaiaai_msgs/environment/path.sh
[1.714s] -- Up-to-date symlink: /home/duong/kaia_ws/install/kaiaai_msgs/share/kaiaai_msgs/environment/path.dsv
[1.715s] -- Up-to-date symlink: /home/duong/kaia_ws/install/kaiaai_msgs/share/kaiaai_msgs/local_setup.bash
[1.715s] -- Up-to-date symlink: /home/duong/kaia_ws/install/kaiaai_msgs/share/kaiaai_msgs/local_setup.sh
[1.716s] -- Up-to-date symlink: /home/duong/kaia_ws/install/kaiaai_msgs/share/kaiaai_msgs/local_setup.zsh
[1.716s] -- Up-to-date symlink: /home/duong/kaia_ws/install/kaiaai_msgs/share/kaiaai_msgs/local_setup.dsv
[1.717s] -- Symlinking: /home/duong/kaia_ws/install/kaiaai_msgs/share/kaiaai_msgs/package.dsv
[1.720s] -- Up-to-date symlink: /home/duong/kaia_ws/install/kaiaai_msgs/share/ament_index/resource_index/packages/kaiaai_msgs
[1.720s] -- Up-to-date symlink: /home/duong/kaia_ws/install/kaiaai_msgs/share/kaiaai_msgs/cmake/rosidl_cmake-extras.cmake
[1.720s] -- Up-to-date symlink: /home/duong/kaia_ws/install/kaiaai_msgs/share/kaiaai_msgs/cmake/ament_cmake_export_dependencies-extras.cmake
[1.720s] -- Up-to-date symlink: /home/duong/kaia_ws/install/kaiaai_msgs/share/kaiaai_msgs/cmake/ament_cmake_export_include_directories-extras.cmake
[1.720s] -- Up-to-date symlink: /home/duong/kaia_ws/install/kaiaai_msgs/share/kaiaai_msgs/cmake/ament_cmake_export_libraries-extras.cmake
[1.720s] -- Up-to-date symlink: /home/duong/kaia_ws/install/kaiaai_msgs/share/kaiaai_msgs/cmake/ament_cmake_export_targets-extras.cmake
[1.720s] -- Up-to-date symlink: /home/duong/kaia_ws/install/kaiaai_msgs/share/kaiaai_msgs/cmake/rosidl_cmake_export_typesupport_targets-extras.cmake
[1.721s] -- Up-to-date symlink: /home/duong/kaia_ws/install/kaiaai_msgs/share/kaiaai_msgs/cmake/rosidl_cmake_export_typesupport_libraries-extras.cmake
[1.721s] -- Up-to-date symlink: /home/duong/kaia_ws/install/kaiaai_msgs/share/kaiaai_msgs/cmake/kaiaai_msgsConfig.cmake
[1.722s] -- Up-to-date symlink: /home/duong/kaia_ws/install/kaiaai_msgs/share/kaiaai_msgs/cmake/kaiaai_msgsConfig-version.cmake
[1.722s] -- Up-to-date symlink: /home/duong/kaia_ws/install/kaiaai_msgs/share/kaiaai_msgs/package.xml
[1.722s] -- Up-to-date: /home/duong/kaia_ws/install/kaiaai_msgs/lib/libkaiaai_msgs__rosidl_generator_c.so
[1.722s] -- Up-to-date: /home/duong/kaia_ws/install/kaiaai_msgs/lib/libkaiaai_msgs__rosidl_typesupport_fastrtps_c.so
[1.722s] -- Up-to-date: /home/duong/kaia_ws/install/kaiaai_msgs/lib/libkaiaai_msgs__rosidl_typesupport_fastrtps_cpp.so
[1.722s] -- Up-to-date: /home/duong/kaia_ws/install/kaiaai_msgs/lib/libkaiaai_msgs__rosidl_typesupport_introspection_c.so
[1.722s] -- Up-to-date: /home/duong/kaia_ws/install/kaiaai_msgs/lib/libkaiaai_msgs__rosidl_typesupport_c.so
[1.723s] -- Up-to-date: /home/duong/kaia_ws/install/kaiaai_msgs/lib/libkaiaai_msgs__rosidl_typesupport_introspection_cpp.so
[1.723s] -- Up-to-date: /home/duong/kaia_ws/install/kaiaai_msgs/lib/libkaiaai_msgs__rosidl_typesupport_cpp.so
[1.770s] Listing '/home/duong/kaia_ws/install/kaiaai_msgs/lib/python3.10/site-packages/kaiaai_msgs'...
[1.770s] Listing '/home/duong/kaia_ws/install/kaiaai_msgs/lib/python3.10/site-packages/kaiaai_msgs/msg'...
[1.779s] -- Up-to-date: /home/duong/kaia_ws/install/kaiaai_msgs/lib/libkaiaai_msgs__rosidl_generator_py.so
[1.779s] -- Up-to-date: /home/duong/kaia_ws/install/kaiaai_msgs/share/kaiaai_msgs/cmake/export_kaiaai_msgs__rosidl_generator_cExport.cmake
[1.779s] -- Up-to-date: /home/duong/kaia_ws/install/kaiaai_msgs/share/kaiaai_msgs/cmake/export_kaiaai_msgs__rosidl_generator_cExport-noconfig.cmake
[1.779s] -- Up-to-date: /home/duong/kaia_ws/install/kaiaai_msgs/share/kaiaai_msgs/cmake/export_kaiaai_msgs__rosidl_typesupport_fastrtps_cExport.cmake
[1.779s] -- Up-to-date: /home/duong/kaia_ws/install/kaiaai_msgs/share/kaiaai_msgs/cmake/export_kaiaai_msgs__rosidl_typesupport_fastrtps_cExport-noconfig.cmake
[1.780s] -- Up-to-date: /home/duong/kaia_ws/install/kaiaai_msgs/share/kaiaai_msgs/cmake/export_kaiaai_msgs__rosidl_generator_cppExport.cmake
[1.780s] -- Up-to-date: /home/duong/kaia_ws/install/kaiaai_msgs/share/kaiaai_msgs/cmake/export_kaiaai_msgs__rosidl_typesupport_fastrtps_cppExport.cmake
[1.780s] -- Up-to-date: /home/duong/kaia_ws/install/kaiaai_msgs/share/kaiaai_msgs/cmake/export_kaiaai_msgs__rosidl_typesupport_fastrtps_cppExport-noconfig.cmake
[1.781s] -- Up-to-date: /home/duong/kaia_ws/install/kaiaai_msgs/share/kaiaai_msgs/cmake/kaiaai_msgs__rosidl_typesupport_introspection_cExport.cmake
[1.781s] -- Up-to-date: /home/duong/kaia_ws/install/kaiaai_msgs/share/kaiaai_msgs/cmake/kaiaai_msgs__rosidl_typesupport_introspection_cExport-noconfig.cmake
[1.781s] -- Up-to-date: /home/duong/kaia_ws/install/kaiaai_msgs/share/kaiaai_msgs/cmake/kaiaai_msgs__rosidl_typesupport_cExport.cmake
[1.782s] -- Up-to-date: /home/duong/kaia_ws/install/kaiaai_msgs/share/kaiaai_msgs/cmake/kaiaai_msgs__rosidl_typesupport_cExport-noconfig.cmake
[1.782s] -- Up-to-date: /home/duong/kaia_ws/install/kaiaai_msgs/share/kaiaai_msgs/cmake/kaiaai_msgs__rosidl_typesupport_introspection_cppExport.cmake
[1.782s] -- Up-to-date: /home/duong/kaia_ws/install/kaiaai_msgs/share/kaiaai_msgs/cmake/kaiaai_msgs__rosidl_typesupport_introspection_cppExport-noconfig.cmake
[1.782s] -- Up-to-date: /home/duong/kaia_ws/install/kaiaai_msgs/share/kaiaai_msgs/cmake/kaiaai_msgs__rosidl_typesupport_cppExport.cmake
[1.782s] -- Up-to-date: /home/duong/kaia_ws/install/kaiaai_msgs/share/kaiaai_msgs/cmake/kaiaai_msgs__rosidl_typesupport_cppExport-noconfig.cmake
[1.783s] -- Up-to-date: /home/duong/kaia_ws/install/kaiaai_msgs/share/kaiaai_msgs/cmake/export_kaiaai_msgs__rosidl_generator_pyExport.cmake
[1.783s] -- Up-to-date: /home/duong/kaia_ws/install/kaiaai_msgs/share/kaiaai_msgs/cmake/export_kaiaai_msgs__rosidl_generator_pyExport-noconfig.cmake
[1.858s] Invoked command in '/home/duong/kaia_ws/build/kaiaai_msgs' returned '0': CMAKE_PREFIX_PATH=${CMAKE_PREFIX_PATH}:/home/duong/kaia_ws/install/kaiaai:/opt/ros/iron /usr/bin/cmake --install /home/duong/kaia_ws/build/kaiaai_msgs
