[0.099s] DEBUG:colcon:Command line arguments: ['/usr/bin/colcon', 'build', '--packages-up-to', 'micro_ros_agent', '--cmake-args', '-DUAGENT_BUILD_EXECUTABLE=OFF', '-DUAGENT_P2P_PROFILE=OFF', '--no-warn-unused-cli']
[0.099s] DEBUG:colcon:Parsed command line arguments: Namespace(log_base=None, log_level=None, verb_name='build', build_base='build', install_base='install', merge_install=False, symlink_install=False, test_result_base=None, continue_on_error=False, executor='parallel', parallel_workers=12, event_handlers=None, ignore_user_meta=False, metas=['./colcon.meta'], base_paths=['.'], packages_ignore=None, packages_ignore_regex=None, paths=None, packages_up_to=['micro_ros_agent'], packages_up_to_regex=None, packages_above=None, packages_above_and_dependencies=None, packages_above_depth=None, packages_select_by_dep=None, packages_skip_by_dep=None, packages_skip_up_to=None, packages_select_build_failed=False, packages_skip_build_finished=False, packages_select_test_failures=False, packages_skip_test_passed=False, packages_select=None, packages_skip=None, packages_select_regex=None, packages_skip_regex=None, packages_start=None, packages_end=None, allow_overriding=[], cmake_args=['-DUAGENT_BUILD_EXECUTABLE=OFF', '-DUAGENT_P2P_PROFILE=OFF', '--no-warn-unused-cli'], cmake_target=None, cmake_target_skip_unavailable=False, cmake_clean_cache=False, cmake_clean_first=False, cmake_force_configure=False, ament_cmake_args=None, catkin_cmake_args=None, catkin_skip_building_tests=False, mixin_files=None, mixin=None, verb_parser=<colcon_mixin.mixin.mixin_argument.MixinArgumentDecorator object at 0x7d58ff364c70>, verb_extension=<colcon_core.verb.build.BuildVerb object at 0x7d58ff364700>, main=<bound method BuildVerb.main of <colcon_core.verb.build.BuildVerb object at 0x7d58ff364700>>, mixin_verb=('build',))
[0.255s] Level 1:colcon.colcon_core.package_discovery:discover_packages(colcon_meta) check parameters
[0.255s] Level 1:colcon.colcon_core.package_discovery:discover_packages(recursive) check parameters
[0.255s] Level 1:colcon.colcon_core.package_discovery:discover_packages(ignore) check parameters
[0.255s] Level 1:colcon.colcon_core.package_discovery:discover_packages(path) check parameters
[0.255s] Level 1:colcon.colcon_core.package_discovery:discover_packages(colcon_meta) discover
[0.255s] Level 1:colcon.colcon_core.package_discovery:discover_packages(recursive) discover
[0.255s] INFO:colcon.colcon_core.package_discovery:Crawling recursively for packages in '/home/duong/uros_ws'
[0.255s] Level 1:colcon.colcon_core.package_identification:_identify(.) by extensions ['ignore', 'ignore_ament_install']
[0.255s] Level 1:colcon.colcon_core.package_identification:_identify(.) by extension 'ignore'
[0.255s] Level 1:colcon.colcon_core.package_identification:_identify(.) by extension 'ignore_ament_install'
[0.255s] Level 1:colcon.colcon_core.package_identification:_identify(.) by extensions ['colcon_pkg']
[0.255s] Level 1:colcon.colcon_core.package_identification:_identify(.) by extension 'colcon_pkg'
[0.255s] Level 1:colcon.colcon_core.package_identification:_identify(.) by extensions ['colcon_meta']
[0.255s] Level 1:colcon.colcon_core.package_identification:_identify(.) by extension 'colcon_meta'
[0.255s] Level 1:colcon.colcon_core.package_identification:_identify(.) by extensions ['ros']
[0.255s] Level 1:colcon.colcon_core.package_identification:_identify(.) by extension 'ros'
[0.277s] Level 1:colcon.colcon_core.package_identification:_identify(.) by extensions ['cmake', 'python']
[0.277s] Level 1:colcon.colcon_core.package_identification:_identify(.) by extension 'cmake'
[0.277s] Level 1:colcon.colcon_core.package_identification:_identify(.) by extension 'python'
[0.277s] Level 1:colcon.colcon_core.package_identification:_identify(.) by extensions ['python_setup_py']
[0.277s] Level 1:colcon.colcon_core.package_identification:_identify(.) by extension 'python_setup_py'
[0.277s] Level 1:colcon.colcon_core.package_identification:_identify(build) by extensions ['ignore', 'ignore_ament_install']
[0.277s] Level 1:colcon.colcon_core.package_identification:_identify(build) by extension 'ignore'
[0.277s] Level 1:colcon.colcon_core.package_identification:_identify(build) ignored
[0.277s] Level 1:colcon.colcon_core.package_identification:_identify(install) by extensions ['ignore', 'ignore_ament_install']
[0.277s] Level 1:colcon.colcon_core.package_identification:_identify(install) by extension 'ignore'
[0.277s] Level 1:colcon.colcon_core.package_identification:_identify(install) ignored
[0.277s] Level 1:colcon.colcon_core.package_identification:_identify(log) by extensions ['ignore', 'ignore_ament_install']
[0.277s] Level 1:colcon.colcon_core.package_identification:_identify(log) by extension 'ignore'
[0.277s] Level 1:colcon.colcon_core.package_identification:_identify(log) ignored
[0.277s] Level 1:colcon.colcon_core.package_identification:_identify(src) by extensions ['ignore', 'ignore_ament_install']
[0.277s] Level 1:colcon.colcon_core.package_identification:_identify(src) by extension 'ignore'
[0.277s] Level 1:colcon.colcon_core.package_identification:_identify(src) by extension 'ignore_ament_install'
[0.278s] Level 1:colcon.colcon_core.package_identification:_identify(src) by extensions ['colcon_pkg']
[0.278s] Level 1:colcon.colcon_core.package_identification:_identify(src) by extension 'colcon_pkg'
[0.278s] Level 1:colcon.colcon_core.package_identification:_identify(src) by extensions ['colcon_meta']
[0.278s] Level 1:colcon.colcon_core.package_identification:_identify(src) by extension 'colcon_meta'
[0.278s] Level 1:colcon.colcon_core.package_identification:_identify(src) by extensions ['ros']
[0.278s] Level 1:colcon.colcon_core.package_identification:_identify(src) by extension 'ros'
[0.278s] Level 1:colcon.colcon_core.package_identification:_identify(src) by extensions ['cmake', 'python']
[0.278s] Level 1:colcon.colcon_core.package_identification:_identify(src) by extension 'cmake'
[0.278s] Level 1:colcon.colcon_core.package_identification:_identify(src) by extension 'python'
[0.278s] Level 1:colcon.colcon_core.package_identification:_identify(src) by extensions ['python_setup_py']
[0.278s] Level 1:colcon.colcon_core.package_identification:_identify(src) by extension 'python_setup_py'
[0.278s] Level 1:colcon.colcon_core.package_identification:_identify(src/micro_ros_setup) by extensions ['ignore', 'ignore_ament_install']
[0.278s] Level 1:colcon.colcon_core.package_identification:_identify(src/micro_ros_setup) by extension 'ignore'
[0.278s] Level 1:colcon.colcon_core.package_identification:_identify(src/micro_ros_setup) by extension 'ignore_ament_install'
[0.278s] Level 1:colcon.colcon_core.package_identification:_identify(src/micro_ros_setup) by extensions ['colcon_pkg']
[0.278s] Level 1:colcon.colcon_core.package_identification:_identify(src/micro_ros_setup) by extension 'colcon_pkg'
[0.278s] Level 1:colcon.colcon_core.package_identification:_identify(src/micro_ros_setup) by extensions ['colcon_meta']
[0.278s] Level 1:colcon.colcon_core.package_identification:_identify(src/micro_ros_setup) by extension 'colcon_meta'
[0.278s] Level 1:colcon.colcon_core.package_identification:_identify(src/micro_ros_setup) by extensions ['ros']
[0.278s] Level 1:colcon.colcon_core.package_identification:_identify(src/micro_ros_setup) by extension 'ros'
[0.280s] DEBUG:colcon.colcon_core.package_identification:Package 'src/micro_ros_setup' with type 'ros.ament_cmake' and name 'micro_ros_setup'
[0.281s] Level 1:colcon.colcon_core.package_identification:_identify(src/uros) by extensions ['ignore', 'ignore_ament_install']
[0.281s] Level 1:colcon.colcon_core.package_identification:_identify(src/uros) by extension 'ignore'
[0.281s] Level 1:colcon.colcon_core.package_identification:_identify(src/uros) by extension 'ignore_ament_install'
[0.281s] Level 1:colcon.colcon_core.package_identification:_identify(src/uros) by extensions ['colcon_pkg']
[0.281s] Level 1:colcon.colcon_core.package_identification:_identify(src/uros) by extension 'colcon_pkg'
[0.281s] Level 1:colcon.colcon_core.package_identification:_identify(src/uros) by extensions ['colcon_meta']
[0.281s] Level 1:colcon.colcon_core.package_identification:_identify(src/uros) by extension 'colcon_meta'
[0.281s] Level 1:colcon.colcon_core.package_identification:_identify(src/uros) by extensions ['ros']
[0.281s] Level 1:colcon.colcon_core.package_identification:_identify(src/uros) by extension 'ros'
[0.281s] Level 1:colcon.colcon_core.package_identification:_identify(src/uros) by extensions ['cmake', 'python']
[0.281s] Level 1:colcon.colcon_core.package_identification:_identify(src/uros) by extension 'cmake'
[0.281s] Level 1:colcon.colcon_core.package_identification:_identify(src/uros) by extension 'python'
[0.281s] Level 1:colcon.colcon_core.package_identification:_identify(src/uros) by extensions ['python_setup_py']
[0.281s] Level 1:colcon.colcon_core.package_identification:_identify(src/uros) by extension 'python_setup_py'
[0.281s] Level 1:colcon.colcon_core.package_identification:_identify(src/uros/drive_base) by extensions ['ignore', 'ignore_ament_install']
[0.281s] Level 1:colcon.colcon_core.package_identification:_identify(src/uros/drive_base) by extension 'ignore'
[0.281s] Level 1:colcon.colcon_core.package_identification:_identify(src/uros/drive_base) by extension 'ignore_ament_install'
[0.281s] Level 1:colcon.colcon_core.package_identification:_identify(src/uros/drive_base) by extensions ['colcon_pkg']
[0.281s] Level 1:colcon.colcon_core.package_identification:_identify(src/uros/drive_base) by extension 'colcon_pkg'
[0.281s] Level 1:colcon.colcon_core.package_identification:_identify(src/uros/drive_base) by extensions ['colcon_meta']
[0.281s] Level 1:colcon.colcon_core.package_identification:_identify(src/uros/drive_base) by extension 'colcon_meta'
[0.281s] Level 1:colcon.colcon_core.package_identification:_identify(src/uros/drive_base) by extensions ['ros']
[0.281s] Level 1:colcon.colcon_core.package_identification:_identify(src/uros/drive_base) by extension 'ros'
[0.282s] Level 1:colcon.colcon_core.package_identification:_identify(src/uros/drive_base) by extensions ['cmake', 'python']
[0.282s] Level 1:colcon.colcon_core.package_identification:_identify(src/uros/drive_base) by extension 'cmake'
[0.282s] Level 1:colcon.colcon_core.package_identification:_identify(src/uros/drive_base) by extension 'python'
[0.282s] Level 1:colcon.colcon_core.package_identification:_identify(src/uros/drive_base) by extensions ['python_setup_py']
[0.282s] Level 1:colcon.colcon_core.package_identification:_identify(src/uros/drive_base) by extension 'python_setup_py'
[0.282s] Level 1:colcon.colcon_core.package_identification:_identify(src/uros/drive_base/drive_base_msgs) by extensions ['ignore', 'ignore_ament_install']
[0.282s] Level 1:colcon.colcon_core.package_identification:_identify(src/uros/drive_base/drive_base_msgs) by extension 'ignore'
[0.282s] Level 1:colcon.colcon_core.package_identification:_identify(src/uros/drive_base/drive_base_msgs) by extension 'ignore_ament_install'
[0.282s] Level 1:colcon.colcon_core.package_identification:_identify(src/uros/drive_base/drive_base_msgs) by extensions ['colcon_pkg']
[0.282s] Level 1:colcon.colcon_core.package_identification:_identify(src/uros/drive_base/drive_base_msgs) by extension 'colcon_pkg'
[0.282s] Level 1:colcon.colcon_core.package_identification:_identify(src/uros/drive_base/drive_base_msgs) by extensions ['colcon_meta']
[0.282s] Level 1:colcon.colcon_core.package_identification:_identify(src/uros/drive_base/drive_base_msgs) by extension 'colcon_meta'
[0.282s] Level 1:colcon.colcon_core.package_identification:_identify(src/uros/drive_base/drive_base_msgs) by extensions ['ros']
[0.282s] Level 1:colcon.colcon_core.package_identification:_identify(src/uros/drive_base/drive_base_msgs) by extension 'ros'
[0.283s] DEBUG:colcon.colcon_core.package_identification:Package 'src/uros/drive_base/drive_base_msgs' with type 'ros.ament_cmake' and name 'drive_base_msgs'
[0.283s] Level 1:colcon.colcon_core.package_identification:_identify(src/uros/micro-ROS-Agent) by extensions ['ignore', 'ignore_ament_install']
[0.283s] Level 1:colcon.colcon_core.package_identification:_identify(src/uros/micro-ROS-Agent) by extension 'ignore'
[0.283s] Level 1:colcon.colcon_core.package_identification:_identify(src/uros/micro-ROS-Agent) by extension 'ignore_ament_install'
[0.283s] Level 1:colcon.colcon_core.package_identification:_identify(src/uros/micro-ROS-Agent) by extensions ['colcon_pkg']
[0.283s] Level 1:colcon.colcon_core.package_identification:_identify(src/uros/micro-ROS-Agent) by extension 'colcon_pkg'
[0.283s] Level 1:colcon.colcon_core.package_identification:_identify(src/uros/micro-ROS-Agent) by extensions ['colcon_meta']
[0.283s] Level 1:colcon.colcon_core.package_identification:_identify(src/uros/micro-ROS-Agent) by extension 'colcon_meta'
[0.283s] Level 1:colcon.colcon_core.package_identification:_identify(src/uros/micro-ROS-Agent) by extensions ['ros']
[0.283s] Level 1:colcon.colcon_core.package_identification:_identify(src/uros/micro-ROS-Agent) by extension 'ros'
[0.283s] Level 1:colcon.colcon_core.package_identification:_identify(src/uros/micro-ROS-Agent) by extensions ['cmake', 'python']
[0.283s] Level 1:colcon.colcon_core.package_identification:_identify(src/uros/micro-ROS-Agent) by extension 'cmake'
[0.283s] Level 1:colcon.colcon_core.package_identification:_identify(src/uros/micro-ROS-Agent) by extension 'python'
[0.283s] Level 1:colcon.colcon_core.package_identification:_identify(src/uros/micro-ROS-Agent) by extensions ['python_setup_py']
[0.283s] Level 1:colcon.colcon_core.package_identification:_identify(src/uros/micro-ROS-Agent) by extension 'python_setup_py'
[0.283s] Level 1:colcon.colcon_core.package_identification:_identify(src/uros/micro-ROS-Agent/micro_ros_agent) by extensions ['ignore', 'ignore_ament_install']
[0.283s] Level 1:colcon.colcon_core.package_identification:_identify(src/uros/micro-ROS-Agent/micro_ros_agent) by extension 'ignore'
[0.283s] Level 1:colcon.colcon_core.package_identification:_identify(src/uros/micro-ROS-Agent/micro_ros_agent) by extension 'ignore_ament_install'
[0.283s] Level 1:colcon.colcon_core.package_identification:_identify(src/uros/micro-ROS-Agent/micro_ros_agent) by extensions ['colcon_pkg']
[0.283s] Level 1:colcon.colcon_core.package_identification:_identify(src/uros/micro-ROS-Agent/micro_ros_agent) by extension 'colcon_pkg'
[0.283s] Level 1:colcon.colcon_core.package_identification:_identify(src/uros/micro-ROS-Agent/micro_ros_agent) by extensions ['colcon_meta']
[0.283s] Level 1:colcon.colcon_core.package_identification:_identify(src/uros/micro-ROS-Agent/micro_ros_agent) by extension 'colcon_meta'
[0.283s] Level 1:colcon.colcon_core.package_identification:_identify(src/uros/micro-ROS-Agent/micro_ros_agent) by extensions ['ros']
[0.284s] Level 1:colcon.colcon_core.package_identification:_identify(src/uros/micro-ROS-Agent/micro_ros_agent) by extension 'ros'
[0.284s] DEBUG:colcon.colcon_core.package_identification:Package 'src/uros/micro-ROS-Agent/micro_ros_agent' with type 'ros.ament_cmake' and name 'micro_ros_agent'
[0.284s] Level 1:colcon.colcon_core.package_identification:_identify(src/uros/micro-ROS-Agent/snap) by extensions ['ignore', 'ignore_ament_install']
[0.284s] Level 1:colcon.colcon_core.package_identification:_identify(src/uros/micro-ROS-Agent/snap) by extension 'ignore'
[0.284s] Level 1:colcon.colcon_core.package_identification:_identify(src/uros/micro-ROS-Agent/snap) by extension 'ignore_ament_install'
[0.284s] Level 1:colcon.colcon_core.package_identification:_identify(src/uros/micro-ROS-Agent/snap) by extensions ['colcon_pkg']
[0.284s] Level 1:colcon.colcon_core.package_identification:_identify(src/uros/micro-ROS-Agent/snap) by extension 'colcon_pkg'
[0.285s] Level 1:colcon.colcon_core.package_identification:_identify(src/uros/micro-ROS-Agent/snap) by extensions ['colcon_meta']
[0.285s] Level 1:colcon.colcon_core.package_identification:_identify(src/uros/micro-ROS-Agent/snap) by extension 'colcon_meta'
[0.285s] Level 1:colcon.colcon_core.package_identification:_identify(src/uros/micro-ROS-Agent/snap) by extensions ['ros']
[0.285s] Level 1:colcon.colcon_core.package_identification:_identify(src/uros/micro-ROS-Agent/snap) by extension 'ros'
[0.285s] Level 1:colcon.colcon_core.package_identification:_identify(src/uros/micro-ROS-Agent/snap) by extensions ['cmake', 'python']
[0.285s] Level 1:colcon.colcon_core.package_identification:_identify(src/uros/micro-ROS-Agent/snap) by extension 'cmake'
[0.285s] Level 1:colcon.colcon_core.package_identification:_identify(src/uros/micro-ROS-Agent/snap) by extension 'python'
[0.285s] Level 1:colcon.colcon_core.package_identification:_identify(src/uros/micro-ROS-Agent/snap) by extensions ['python_setup_py']
[0.285s] Level 1:colcon.colcon_core.package_identification:_identify(src/uros/micro-ROS-Agent/snap) by extension 'python_setup_py'
[0.285s] Level 1:colcon.colcon_core.package_identification:_identify(src/uros/micro-ROS-Agent/snap/hooks) by extensions ['ignore', 'ignore_ament_install']
[0.285s] Level 1:colcon.colcon_core.package_identification:_identify(src/uros/micro-ROS-Agent/snap/hooks) by extension 'ignore'
[0.285s] Level 1:colcon.colcon_core.package_identification:_identify(src/uros/micro-ROS-Agent/snap/hooks) by extension 'ignore_ament_install'
[0.285s] Level 1:colcon.colcon_core.package_identification:_identify(src/uros/micro-ROS-Agent/snap/hooks) by extensions ['colcon_pkg']
[0.285s] Level 1:colcon.colcon_core.package_identification:_identify(src/uros/micro-ROS-Agent/snap/hooks) by extension 'colcon_pkg'
[0.285s] Level 1:colcon.colcon_core.package_identification:_identify(src/uros/micro-ROS-Agent/snap/hooks) by extensions ['colcon_meta']
[0.285s] Level 1:colcon.colcon_core.package_identification:_identify(src/uros/micro-ROS-Agent/snap/hooks) by extension 'colcon_meta'
[0.285s] Level 1:colcon.colcon_core.package_identification:_identify(src/uros/micro-ROS-Agent/snap/hooks) by extensions ['ros']
[0.285s] Level 1:colcon.colcon_core.package_identification:_identify(src/uros/micro-ROS-Agent/snap/hooks) by extension 'ros'
[0.285s] Level 1:colcon.colcon_core.package_identification:_identify(src/uros/micro-ROS-Agent/snap/hooks) by extensions ['cmake', 'python']
[0.285s] Level 1:colcon.colcon_core.package_identification:_identify(src/uros/micro-ROS-Agent/snap/hooks) by extension 'cmake'
[0.285s] Level 1:colcon.colcon_core.package_identification:_identify(src/uros/micro-ROS-Agent/snap/hooks) by extension 'python'
[0.285s] Level 1:colcon.colcon_core.package_identification:_identify(src/uros/micro-ROS-Agent/snap/hooks) by extensions ['python_setup_py']
[0.285s] Level 1:colcon.colcon_core.package_identification:_identify(src/uros/micro-ROS-Agent/snap/hooks) by extension 'python_setup_py'
[0.285s] Level 1:colcon.colcon_core.package_identification:_identify(src/uros/micro-ROS-Agent/snap/local) by extensions ['ignore', 'ignore_ament_install']
[0.286s] Level 1:colcon.colcon_core.package_identification:_identify(src/uros/micro-ROS-Agent/snap/local) by extension 'ignore'
[0.286s] Level 1:colcon.colcon_core.package_identification:_identify(src/uros/micro-ROS-Agent/snap/local) by extension 'ignore_ament_install'
[0.286s] Level 1:colcon.colcon_core.package_identification:_identify(src/uros/micro-ROS-Agent/snap/local) by extensions ['colcon_pkg']
[0.286s] Level 1:colcon.colcon_core.package_identification:_identify(src/uros/micro-ROS-Agent/snap/local) by extension 'colcon_pkg'
[0.286s] Level 1:colcon.colcon_core.package_identification:_identify(src/uros/micro-ROS-Agent/snap/local) by extensions ['colcon_meta']
[0.286s] Level 1:colcon.colcon_core.package_identification:_identify(src/uros/micro-ROS-Agent/snap/local) by extension 'colcon_meta'
[0.286s] Level 1:colcon.colcon_core.package_identification:_identify(src/uros/micro-ROS-Agent/snap/local) by extensions ['ros']
[0.286s] Level 1:colcon.colcon_core.package_identification:_identify(src/uros/micro-ROS-Agent/snap/local) by extension 'ros'
[0.286s] Level 1:colcon.colcon_core.package_identification:_identify(src/uros/micro-ROS-Agent/snap/local) by extensions ['cmake', 'python']
[0.286s] Level 1:colcon.colcon_core.package_identification:_identify(src/uros/micro-ROS-Agent/snap/local) by extension 'cmake'
[0.286s] Level 1:colcon.colcon_core.package_identification:_identify(src/uros/micro-ROS-Agent/snap/local) by extension 'python'
[0.286s] Level 1:colcon.colcon_core.package_identification:_identify(src/uros/micro-ROS-Agent/snap/local) by extensions ['python_setup_py']
[0.286s] Level 1:colcon.colcon_core.package_identification:_identify(src/uros/micro-ROS-Agent/snap/local) by extension 'python_setup_py'
[0.286s] Level 1:colcon.colcon_core.package_identification:_identify(src/uros/micro_ros_msgs) by extensions ['ignore', 'ignore_ament_install']
[0.286s] Level 1:colcon.colcon_core.package_identification:_identify(src/uros/micro_ros_msgs) by extension 'ignore'
[0.286s] Level 1:colcon.colcon_core.package_identification:_identify(src/uros/micro_ros_msgs) by extension 'ignore_ament_install'
[0.286s] Level 1:colcon.colcon_core.package_identification:_identify(src/uros/micro_ros_msgs) by extensions ['colcon_pkg']
[0.286s] Level 1:colcon.colcon_core.package_identification:_identify(src/uros/micro_ros_msgs) by extension 'colcon_pkg'
[0.286s] Level 1:colcon.colcon_core.package_identification:_identify(src/uros/micro_ros_msgs) by extensions ['colcon_meta']
[0.286s] Level 1:colcon.colcon_core.package_identification:_identify(src/uros/micro_ros_msgs) by extension 'colcon_meta'
[0.286s] Level 1:colcon.colcon_core.package_identification:_identify(src/uros/micro_ros_msgs) by extensions ['ros']
[0.286s] Level 1:colcon.colcon_core.package_identification:_identify(src/uros/micro_ros_msgs) by extension 'ros'
[0.287s] DEBUG:colcon.colcon_core.package_identification:Package 'src/uros/micro_ros_msgs' with type 'ros.ament_cmake' and name 'micro_ros_msgs'
[0.287s] Level 1:colcon.colcon_core.package_discovery:discover_packages(recursive) using defaults
[0.287s] Level 1:colcon.colcon_core.package_discovery:discover_packages(ignore) discover
[0.287s] Level 1:colcon.colcon_core.package_discovery:discover_packages(ignore) using defaults
[0.287s] Level 1:colcon.colcon_core.package_discovery:discover_packages(path) discover
[0.287s] Level 1:colcon.colcon_core.package_discovery:discover_packages(path) using defaults
[0.305s] INFO:colcon.colcon_core.package_selection:Skipping package 'micro_ros_setup' in 'src/micro_ros_setup'
[0.306s] INFO:colcon.colcon_core.package_selection:Skipping package 'drive_base_msgs' in 'src/uros/drive_base/drive_base_msgs'
[0.306s] Level 1:colcon.colcon_core.package_discovery:discover_packages(prefix_path) check parameters
[0.306s] Level 1:colcon.colcon_core.package_discovery:discover_packages(prefix_path) discover
[0.309s] DEBUG:colcon.colcon_installed_package_information.package_discovery:Found 1 installed packages in /home/duong/uros_ws/install
[0.310s] DEBUG:colcon.colcon_installed_package_information.package_discovery:Found 16 installed packages in /home/duong/kaia_ws/install
[0.311s] DEBUG:colcon.colcon_installed_package_information.package_discovery:Found 345 installed packages in /opt/ros/iron
[0.313s] Level 1:colcon.colcon_core.package_discovery:discover_packages(prefix_path) using defaults
[0.354s] Level 5:colcon.colcon_core.verb:set package 'micro_ros_msgs' build argument 'cmake_args' from command line to '['-DUAGENT_BUILD_EXECUTABLE=OFF', '-DUAGENT_P2P_PROFILE=OFF', '--no-warn-unused-cli']'
[0.354s] Level 5:colcon.colcon_core.verb:set package 'micro_ros_msgs' build argument 'cmake_target' from command line to 'None'
[0.354s] Level 5:colcon.colcon_core.verb:set package 'micro_ros_msgs' build argument 'cmake_target_skip_unavailable' from command line to 'False'
[0.354s] Level 5:colcon.colcon_core.verb:set package 'micro_ros_msgs' build argument 'cmake_clean_cache' from command line to 'False'
[0.354s] Level 5:colcon.colcon_core.verb:set package 'micro_ros_msgs' build argument 'cmake_clean_first' from command line to 'False'
[0.354s] Level 5:colcon.colcon_core.verb:set package 'micro_ros_msgs' build argument 'cmake_force_configure' from command line to 'False'
[0.354s] Level 5:colcon.colcon_core.verb:set package 'micro_ros_msgs' build argument 'ament_cmake_args' from command line to 'None'
[0.354s] Level 5:colcon.colcon_core.verb:set package 'micro_ros_msgs' build argument 'catkin_cmake_args' from command line to 'None'
[0.354s] Level 5:colcon.colcon_core.verb:set package 'micro_ros_msgs' build argument 'catkin_skip_building_tests' from command line to 'False'
[0.354s] DEBUG:colcon.colcon_core.verb:Building package 'micro_ros_msgs' with the following arguments: {'ament_cmake_args': None, 'build_base': '/home/duong/uros_ws/build/micro_ros_msgs', 'catkin_cmake_args': None, 'catkin_skip_building_tests': False, 'cmake_args': ['-DUAGENT_BUILD_EXECUTABLE=OFF', '-DUAGENT_P2P_PROFILE=OFF', '--no-warn-unused-cli'], 'cmake_clean_cache': False, 'cmake_clean_first': False, 'cmake_force_configure': False, 'cmake_target': None, 'cmake_target_skip_unavailable': False, 'install_base': '/home/duong/uros_ws/install/micro_ros_msgs', 'merge_install': False, 'path': '/home/duong/uros_ws/src/uros/micro_ros_msgs', 'symlink_install': False, 'test_result_base': None}
[0.355s] Level 5:colcon.colcon_core.verb:set package 'micro_ros_agent' build argument 'cmake_args' from command line to '['-DUAGENT_BUILD_EXECUTABLE=OFF', '-DUAGENT_P2P_PROFILE=OFF', '--no-warn-unused-cli']'
[0.355s] Level 5:colcon.colcon_core.verb:set package 'micro_ros_agent' build argument 'cmake_target' from command line to 'None'
[0.355s] Level 5:colcon.colcon_core.verb:set package 'micro_ros_agent' build argument 'cmake_target_skip_unavailable' from command line to 'False'
[0.355s] Level 5:colcon.colcon_core.verb:set package 'micro_ros_agent' build argument 'cmake_clean_cache' from command line to 'False'
[0.355s] Level 5:colcon.colcon_core.verb:set package 'micro_ros_agent' build argument 'cmake_clean_first' from command line to 'False'
[0.355s] Level 5:colcon.colcon_core.verb:set package 'micro_ros_agent' build argument 'cmake_force_configure' from command line to 'False'
[0.355s] Level 5:colcon.colcon_core.verb:set package 'micro_ros_agent' build argument 'ament_cmake_args' from command line to 'None'
[0.355s] Level 5:colcon.colcon_core.verb:set package 'micro_ros_agent' build argument 'catkin_cmake_args' from command line to 'None'
[0.355s] Level 5:colcon.colcon_core.verb:set package 'micro_ros_agent' build argument 'catkin_skip_building_tests' from command line to 'False'
[0.355s] DEBUG:colcon.colcon_core.verb:Building package 'micro_ros_agent' with the following arguments: {'ament_cmake_args': None, 'build_base': '/home/duong/uros_ws/build/micro_ros_agent', 'catkin_cmake_args': None, 'catkin_skip_building_tests': False, 'cmake_args': ['-DUAGENT_BUILD_EXECUTABLE=OFF', '-DUAGENT_P2P_PROFILE=OFF', '--no-warn-unused-cli'], 'cmake_clean_cache': False, 'cmake_clean_first': False, 'cmake_force_configure': False, 'cmake_target': None, 'cmake_target_skip_unavailable': False, 'install_base': '/home/duong/uros_ws/install/micro_ros_agent', 'merge_install': False, 'path': '/home/duong/uros_ws/src/uros/micro-ROS-Agent/micro_ros_agent', 'symlink_install': False, 'test_result_base': None}
[0.355s] INFO:colcon.colcon_core.executor:Executing jobs using 'parallel' executor
[0.356s] DEBUG:colcon.colcon_parallel_executor.executor.parallel:run_until_complete
[0.356s] INFO:colcon.colcon_ros.task.ament_cmake.build:Building ROS package in '/home/duong/uros_ws/src/uros/micro_ros_msgs' with build type 'ament_cmake'
[0.356s] INFO:colcon.colcon_cmake.task.cmake.build:Building CMake package in '/home/duong/uros_ws/src/uros/micro_ros_msgs'
[0.359s] INFO:colcon.colcon_core.plugin_system:Skipping extension 'colcon_core.shell.bat': Not used on non-Windows systems
[0.359s] INFO:colcon.colcon_core.shell:Skip shell extension 'powershell' for command environment: Not usable outside of PowerShell
[0.359s] DEBUG:colcon.colcon_core.shell:Skip shell extension 'dsv' for command environment
[0.372s] DEBUG:colcon.colcon_core.event_handler.log_command:Invoking command in '/home/duong/uros_ws/build/micro_ros_msgs': CMAKE_PREFIX_PATH=${CMAKE_PREFIX_PATH}:/home/duong/kaia_ws/install/nav2_wfd:/home/duong/kaia_ws/install/makerspet:/home/duong/kaia_ws/install/kaiaai_web:/home/duong/kaia_ws/install/kaiaai_teleop:/home/duong/kaia_ws/install/kaiaai_apps:/home/duong/kaia_ws/install/kaiaai:/opt/ros/iron /usr/bin/cmake /home/duong/uros_ws/src/uros/micro_ros_msgs -DUAGENT_BUILD_EXECUTABLE=OFF -DUAGENT_P2P_PROFILE=OFF --no-warn-unused-cli -DCMAKE_INSTALL_PREFIX=/home/duong/uros_ws/install/micro_ros_msgs
[2.734s] DEBUG:colcon.colcon_core.event_handler.log_command:Invoked command in '/home/duong/uros_ws/build/micro_ros_msgs' returned '0': CMAKE_PREFIX_PATH=${CMAKE_PREFIX_PATH}:/home/duong/kaia_ws/install/nav2_wfd:/home/duong/kaia_ws/install/makerspet:/home/duong/kaia_ws/install/kaiaai_web:/home/duong/kaia_ws/install/kaiaai_teleop:/home/duong/kaia_ws/install/kaiaai_apps:/home/duong/kaia_ws/install/kaiaai:/opt/ros/iron /usr/bin/cmake /home/duong/uros_ws/src/uros/micro_ros_msgs -DUAGENT_BUILD_EXECUTABLE=OFF -DUAGENT_P2P_PROFILE=OFF --no-warn-unused-cli -DCMAKE_INSTALL_PREFIX=/home/duong/uros_ws/install/micro_ros_msgs
[2.737s] DEBUG:colcon.colcon_core.event_handler.log_command:Invoking command in '/home/duong/uros_ws/build/micro_ros_msgs': CMAKE_PREFIX_PATH=${CMAKE_PREFIX_PATH}:/home/duong/kaia_ws/install/nav2_wfd:/home/duong/kaia_ws/install/makerspet:/home/duong/kaia_ws/install/kaiaai_web:/home/duong/kaia_ws/install/kaiaai_teleop:/home/duong/kaia_ws/install/kaiaai_apps:/home/duong/kaia_ws/install/kaiaai:/opt/ros/iron /usr/bin/cmake --build /home/duong/uros_ws/build/micro_ros_msgs -- -j12 -l12
[6.556s] DEBUG:colcon.colcon_core.event_handler.log_command:Invoked command in '/home/duong/uros_ws/build/micro_ros_msgs' returned '0': CMAKE_PREFIX_PATH=${CMAKE_PREFIX_PATH}:/home/duong/kaia_ws/install/nav2_wfd:/home/duong/kaia_ws/install/makerspet:/home/duong/kaia_ws/install/kaiaai_web:/home/duong/kaia_ws/install/kaiaai_teleop:/home/duong/kaia_ws/install/kaiaai_apps:/home/duong/kaia_ws/install/kaiaai:/opt/ros/iron /usr/bin/cmake --build /home/duong/uros_ws/build/micro_ros_msgs -- -j12 -l12
[6.579s] DEBUG:colcon.colcon_core.event_handler.log_command:Invoking command in '/home/duong/uros_ws/build/micro_ros_msgs': CMAKE_PREFIX_PATH=${CMAKE_PREFIX_PATH}:/home/duong/kaia_ws/install/nav2_wfd:/home/duong/kaia_ws/install/makerspet:/home/duong/kaia_ws/install/kaiaai_web:/home/duong/kaia_ws/install/kaiaai_teleop:/home/duong/kaia_ws/install/kaiaai_apps:/home/duong/kaia_ws/install/kaiaai:/opt/ros/iron /usr/bin/cmake --install /home/duong/uros_ws/build/micro_ros_msgs
[6.669s] Level 1:colcon.colcon_core.environment:create_environment_scripts_only(micro_ros_msgs)
[6.670s] DEBUG:colcon.colcon_core.event_handler.log_command:Invoked command in '/home/duong/uros_ws/build/micro_ros_msgs' returned '0': CMAKE_PREFIX_PATH=${CMAKE_PREFIX_PATH}:/home/duong/kaia_ws/install/nav2_wfd:/home/duong/kaia_ws/install/makerspet:/home/duong/kaia_ws/install/kaiaai_web:/home/duong/kaia_ws/install/kaiaai_teleop:/home/duong/kaia_ws/install/kaiaai_apps:/home/duong/kaia_ws/install/kaiaai:/opt/ros/iron /usr/bin/cmake --install /home/duong/uros_ws/build/micro_ros_msgs
[6.675s] Level 1:colcon.colcon_core.environment:checking '/home/duong/uros_ws/install/micro_ros_msgs' for CMake module files
[6.676s] Level 1:colcon.colcon_core.environment:checking '/home/duong/uros_ws/install/micro_ros_msgs' for CMake config files
[6.676s] Level 1:colcon.colcon_core.shell:create_environment_hook('micro_ros_msgs', 'cmake_prefix_path')
[6.677s] INFO:colcon.colcon_core.shell:Creating environment hook '/home/duong/uros_ws/install/micro_ros_msgs/share/micro_ros_msgs/hook/cmake_prefix_path.ps1'
[6.678s] INFO:colcon.colcon_core.shell:Creating environment descriptor '/home/duong/uros_ws/install/micro_ros_msgs/share/micro_ros_msgs/hook/cmake_prefix_path.dsv'
[6.679s] INFO:colcon.colcon_core.shell:Creating environment hook '/home/duong/uros_ws/install/micro_ros_msgs/share/micro_ros_msgs/hook/cmake_prefix_path.sh'
[6.681s] Level 1:colcon.colcon_core.environment:checking '/home/duong/uros_ws/install/micro_ros_msgs/lib'
[6.682s] Level 1:colcon.colcon_core.shell:create_environment_hook('micro_ros_msgs', 'ld_library_path_lib')
[6.682s] INFO:colcon.colcon_core.shell:Creating environment hook '/home/duong/uros_ws/install/micro_ros_msgs/share/micro_ros_msgs/hook/ld_library_path_lib.ps1'
[6.683s] INFO:colcon.colcon_core.shell:Creating environment descriptor '/home/duong/uros_ws/install/micro_ros_msgs/share/micro_ros_msgs/hook/ld_library_path_lib.dsv'
[6.683s] INFO:colcon.colcon_core.shell:Creating environment hook '/home/duong/uros_ws/install/micro_ros_msgs/share/micro_ros_msgs/hook/ld_library_path_lib.sh'
[6.684s] Level 1:colcon.colcon_core.environment:checking '/home/duong/uros_ws/install/micro_ros_msgs/bin'
[6.684s] Level 1:colcon.colcon_core.environment:checking '/home/duong/uros_ws/install/micro_ros_msgs/lib/pkgconfig/micro_ros_msgs.pc'
[6.685s] Level 1:colcon.colcon_core.environment:checking '/home/duong/uros_ws/install/micro_ros_msgs/lib/python3.10/site-packages'
[6.685s] Level 1:colcon.colcon_core.shell:create_environment_hook('micro_ros_msgs', 'pythonpath')
[6.685s] INFO:colcon.colcon_core.shell:Creating environment hook '/home/duong/uros_ws/install/micro_ros_msgs/share/micro_ros_msgs/hook/pythonpath.ps1'
[6.686s] INFO:colcon.colcon_core.shell:Creating environment descriptor '/home/duong/uros_ws/install/micro_ros_msgs/share/micro_ros_msgs/hook/pythonpath.dsv'
[6.687s] INFO:colcon.colcon_core.shell:Creating environment hook '/home/duong/uros_ws/install/micro_ros_msgs/share/micro_ros_msgs/hook/pythonpath.sh'
[6.688s] Level 1:colcon.colcon_core.environment:checking '/home/duong/uros_ws/install/micro_ros_msgs/bin'
[6.689s] INFO:colcon.colcon_core.shell:Creating package script '/home/duong/uros_ws/install/micro_ros_msgs/share/micro_ros_msgs/package.ps1'
[6.691s] INFO:colcon.colcon_core.shell:Creating package descriptor '/home/duong/uros_ws/install/micro_ros_msgs/share/micro_ros_msgs/package.dsv'
[6.692s] INFO:colcon.colcon_core.shell:Creating package script '/home/duong/uros_ws/install/micro_ros_msgs/share/micro_ros_msgs/package.sh'
[6.694s] INFO:colcon.colcon_core.shell:Creating package script '/home/duong/uros_ws/install/micro_ros_msgs/share/micro_ros_msgs/package.bash'
[6.695s] INFO:colcon.colcon_core.shell:Creating package script '/home/duong/uros_ws/install/micro_ros_msgs/share/micro_ros_msgs/package.zsh'
[6.696s] Level 1:colcon.colcon_core.environment:create_file_with_runtime_dependencies(/home/duong/uros_ws/install/micro_ros_msgs/share/colcon-core/packages/micro_ros_msgs)
[6.697s] Level 1:colcon.colcon_core.environment:create_environment_scripts_only(micro_ros_msgs)
[6.698s] Level 1:colcon.colcon_core.environment:checking '/home/duong/uros_ws/install/micro_ros_msgs' for CMake module files
[6.699s] Level 1:colcon.colcon_core.environment:checking '/home/duong/uros_ws/install/micro_ros_msgs' for CMake config files
[6.700s] Level 1:colcon.colcon_core.shell:create_environment_hook('micro_ros_msgs', 'cmake_prefix_path')
[6.700s] INFO:colcon.colcon_core.shell:Creating environment hook '/home/duong/uros_ws/install/micro_ros_msgs/share/micro_ros_msgs/hook/cmake_prefix_path.ps1'
[6.701s] INFO:colcon.colcon_core.shell:Creating environment descriptor '/home/duong/uros_ws/install/micro_ros_msgs/share/micro_ros_msgs/hook/cmake_prefix_path.dsv'
[6.702s] INFO:colcon.colcon_core.shell:Creating environment hook '/home/duong/uros_ws/install/micro_ros_msgs/share/micro_ros_msgs/hook/cmake_prefix_path.sh'
[6.704s] Level 1:colcon.colcon_core.environment:checking '/home/duong/uros_ws/install/micro_ros_msgs/lib'
[6.704s] Level 1:colcon.colcon_core.shell:create_environment_hook('micro_ros_msgs', 'ld_library_path_lib')
[6.704s] INFO:colcon.colcon_core.shell:Creating environment hook '/home/duong/uros_ws/install/micro_ros_msgs/share/micro_ros_msgs/hook/ld_library_path_lib.ps1'
[6.705s] INFO:colcon.colcon_core.shell:Creating environment descriptor '/home/duong/uros_ws/install/micro_ros_msgs/share/micro_ros_msgs/hook/ld_library_path_lib.dsv'
[6.706s] INFO:colcon.colcon_core.shell:Creating environment hook '/home/duong/uros_ws/install/micro_ros_msgs/share/micro_ros_msgs/hook/ld_library_path_lib.sh'
[6.706s] Level 1:colcon.colcon_core.environment:checking '/home/duong/uros_ws/install/micro_ros_msgs/bin'
[6.706s] Level 1:colcon.colcon_core.environment:checking '/home/duong/uros_ws/install/micro_ros_msgs/lib/pkgconfig/micro_ros_msgs.pc'
[6.707s] Level 1:colcon.colcon_core.environment:checking '/home/duong/uros_ws/install/micro_ros_msgs/lib/python3.10/site-packages'
[6.707s] Level 1:colcon.colcon_core.shell:create_environment_hook('micro_ros_msgs', 'pythonpath')
[6.707s] INFO:colcon.colcon_core.shell:Creating environment hook '/home/duong/uros_ws/install/micro_ros_msgs/share/micro_ros_msgs/hook/pythonpath.ps1'
[6.708s] INFO:colcon.colcon_core.shell:Creating environment descriptor '/home/duong/uros_ws/install/micro_ros_msgs/share/micro_ros_msgs/hook/pythonpath.dsv'
[6.709s] INFO:colcon.colcon_core.shell:Creating environment hook '/home/duong/uros_ws/install/micro_ros_msgs/share/micro_ros_msgs/hook/pythonpath.sh'
[6.710s] Level 1:colcon.colcon_core.environment:checking '/home/duong/uros_ws/install/micro_ros_msgs/bin'
[6.711s] INFO:colcon.colcon_core.shell:Creating package script '/home/duong/uros_ws/install/micro_ros_msgs/share/micro_ros_msgs/package.ps1'
[6.712s] INFO:colcon.colcon_core.shell:Creating package descriptor '/home/duong/uros_ws/install/micro_ros_msgs/share/micro_ros_msgs/package.dsv'
[6.713s] INFO:colcon.colcon_core.shell:Creating package script '/home/duong/uros_ws/install/micro_ros_msgs/share/micro_ros_msgs/package.sh'
[6.714s] INFO:colcon.colcon_core.shell:Creating package script '/home/duong/uros_ws/install/micro_ros_msgs/share/micro_ros_msgs/package.bash'
[6.715s] INFO:colcon.colcon_core.shell:Creating package script '/home/duong/uros_ws/install/micro_ros_msgs/share/micro_ros_msgs/package.zsh'
[6.716s] Level 1:colcon.colcon_core.environment:create_file_with_runtime_dependencies(/home/duong/uros_ws/install/micro_ros_msgs/share/colcon-core/packages/micro_ros_msgs)
[6.717s] INFO:colcon.colcon_ros.task.ament_cmake.build:Building ROS package in '/home/duong/uros_ws/src/uros/micro-ROS-Agent/micro_ros_agent' with build type 'ament_cmake'
[6.717s] INFO:colcon.colcon_cmake.task.cmake.build:Building CMake package in '/home/duong/uros_ws/src/uros/micro-ROS-Agent/micro_ros_agent'
[6.717s] INFO:colcon.colcon_core.shell:Skip shell extension 'powershell' for command environment: Not usable outside of PowerShell
[6.717s] DEBUG:colcon.colcon_core.shell:Skip shell extension 'dsv' for command environment
[6.740s] DEBUG:colcon.colcon_core.event_handler.log_command:Invoking command in '/home/duong/uros_ws/build/micro_ros_agent': AMENT_PREFIX_PATH=/home/duong/uros_ws/install/micro_ros_msgs:${AMENT_PREFIX_PATH} CMAKE_PREFIX_PATH=/home/duong/uros_ws/install/micro_ros_msgs:/home/duong/uros_ws/install/micro_ros_setup:/home/duong/kaia_ws/install/makerspet_snoopy:/home/duong/kaia_ws/install/makerspet_mini:/home/duong/kaia_ws/install/makerspet_loki:/home/duong/kaia_ws/install/makerspet_fido:/home/duong/kaia_ws/install/kaiaai_telemetry:/home/duong/kaia_ws/install/kaiaai_msgs:/home/duong/kaia_ws/install/kaiaai_gazebo:/home/duong/kaia_ws/install/explore_lite:/home/duong/kaia_ws/install/auto_mapper:/home/duong/kaia_ws/install/kaiaai_bringup:/home/duong/kaia_ws/install/nav2_wfd:/home/duong/kaia_ws/install/makerspet:/home/duong/kaia_ws/install/kaiaai_web:/home/duong/kaia_ws/install/kaiaai_teleop:/home/duong/kaia_ws/install/kaiaai_apps:/home/duong/kaia_ws/install/kaiaai:/opt/ros/iron LD_LIBRARY_PATH=/home/duong/uros_ws/install/micro_ros_msgs/lib:${LD_LIBRARY_PATH} PYTHONPATH=/home/duong/uros_ws/install/micro_ros_msgs/lib/python3.10/site-packages:${PYTHONPATH} /usr/bin/cmake /home/duong/uros_ws/src/uros/micro-ROS-Agent/micro_ros_agent -DUAGENT_BUILD_EXECUTABLE=OFF -DUAGENT_P2P_PROFILE=OFF --no-warn-unused-cli -DCMAKE_INSTALL_PREFIX=/home/duong/uros_ws/install/micro_ros_agent
[7.289s] DEBUG:colcon.colcon_core.event_handler.log_command:Invoked command in '/home/duong/uros_ws/build/micro_ros_agent' returned '0': AMENT_PREFIX_PATH=/home/duong/uros_ws/install/micro_ros_msgs:${AMENT_PREFIX_PATH} CMAKE_PREFIX_PATH=/home/duong/uros_ws/install/micro_ros_msgs:/home/duong/uros_ws/install/micro_ros_setup:/home/duong/kaia_ws/install/makerspet_snoopy:/home/duong/kaia_ws/install/makerspet_mini:/home/duong/kaia_ws/install/makerspet_loki:/home/duong/kaia_ws/install/makerspet_fido:/home/duong/kaia_ws/install/kaiaai_telemetry:/home/duong/kaia_ws/install/kaiaai_msgs:/home/duong/kaia_ws/install/kaiaai_gazebo:/home/duong/kaia_ws/install/explore_lite:/home/duong/kaia_ws/install/auto_mapper:/home/duong/kaia_ws/install/kaiaai_bringup:/home/duong/kaia_ws/install/nav2_wfd:/home/duong/kaia_ws/install/makerspet:/home/duong/kaia_ws/install/kaiaai_web:/home/duong/kaia_ws/install/kaiaai_teleop:/home/duong/kaia_ws/install/kaiaai_apps:/home/duong/kaia_ws/install/kaiaai:/opt/ros/iron LD_LIBRARY_PATH=/home/duong/uros_ws/install/micro_ros_msgs/lib:${LD_LIBRARY_PATH} PYTHONPATH=/home/duong/uros_ws/install/micro_ros_msgs/lib/python3.10/site-packages:${PYTHONPATH} /usr/bin/cmake /home/duong/uros_ws/src/uros/micro-ROS-Agent/micro_ros_agent -DUAGENT_BUILD_EXECUTABLE=OFF -DUAGENT_P2P_PROFILE=OFF --no-warn-unused-cli -DCMAKE_INSTALL_PREFIX=/home/duong/uros_ws/install/micro_ros_agent
[7.293s] DEBUG:colcon.colcon_core.event_handler.log_command:Invoking command in '/home/duong/uros_ws/build/micro_ros_agent': AMENT_PREFIX_PATH=/home/duong/uros_ws/install/micro_ros_msgs:${AMENT_PREFIX_PATH} CMAKE_PREFIX_PATH=/home/duong/uros_ws/install/micro_ros_msgs:/home/duong/uros_ws/install/micro_ros_setup:/home/duong/kaia_ws/install/makerspet_snoopy:/home/duong/kaia_ws/install/makerspet_mini:/home/duong/kaia_ws/install/makerspet_loki:/home/duong/kaia_ws/install/makerspet_fido:/home/duong/kaia_ws/install/kaiaai_telemetry:/home/duong/kaia_ws/install/kaiaai_msgs:/home/duong/kaia_ws/install/kaiaai_gazebo:/home/duong/kaia_ws/install/explore_lite:/home/duong/kaia_ws/install/auto_mapper:/home/duong/kaia_ws/install/kaiaai_bringup:/home/duong/kaia_ws/install/nav2_wfd:/home/duong/kaia_ws/install/makerspet:/home/duong/kaia_ws/install/kaiaai_web:/home/duong/kaia_ws/install/kaiaai_teleop:/home/duong/kaia_ws/install/kaiaai_apps:/home/duong/kaia_ws/install/kaiaai:/opt/ros/iron LD_LIBRARY_PATH=/home/duong/uros_ws/install/micro_ros_msgs/lib:${LD_LIBRARY_PATH} PYTHONPATH=/home/duong/uros_ws/install/micro_ros_msgs/lib/python3.10/site-packages:${PYTHONPATH} /usr/bin/cmake --build /home/duong/uros_ws/build/micro_ros_agent -- -j12 -l12
[52.461s] DEBUG:colcon.colcon_core.event_handler.log_command:Invoked command in '/home/duong/uros_ws/build/micro_ros_agent' returned '0': AMENT_PREFIX_PATH=/home/duong/uros_ws/install/micro_ros_msgs:${AMENT_PREFIX_PATH} CMAKE_PREFIX_PATH=/home/duong/uros_ws/install/micro_ros_msgs:/home/duong/uros_ws/install/micro_ros_setup:/home/duong/kaia_ws/install/makerspet_snoopy:/home/duong/kaia_ws/install/makerspet_mini:/home/duong/kaia_ws/install/makerspet_loki:/home/duong/kaia_ws/install/makerspet_fido:/home/duong/kaia_ws/install/kaiaai_telemetry:/home/duong/kaia_ws/install/kaiaai_msgs:/home/duong/kaia_ws/install/kaiaai_gazebo:/home/duong/kaia_ws/install/explore_lite:/home/duong/kaia_ws/install/auto_mapper:/home/duong/kaia_ws/install/kaiaai_bringup:/home/duong/kaia_ws/install/nav2_wfd:/home/duong/kaia_ws/install/makerspet:/home/duong/kaia_ws/install/kaiaai_web:/home/duong/kaia_ws/install/kaiaai_teleop:/home/duong/kaia_ws/install/kaiaai_apps:/home/duong/kaia_ws/install/kaiaai:/opt/ros/iron LD_LIBRARY_PATH=/home/duong/uros_ws/install/micro_ros_msgs/lib:${LD_LIBRARY_PATH} PYTHONPATH=/home/duong/uros_ws/install/micro_ros_msgs/lib/python3.10/site-packages:${PYTHONPATH} /usr/bin/cmake --build /home/duong/uros_ws/build/micro_ros_agent -- -j12 -l12
[52.464s] DEBUG:colcon.colcon_core.event_handler.log_command:Invoking command in '/home/duong/uros_ws/build/micro_ros_agent': AMENT_PREFIX_PATH=/home/duong/uros_ws/install/micro_ros_msgs:${AMENT_PREFIX_PATH} CMAKE_PREFIX_PATH=/home/duong/uros_ws/install/micro_ros_msgs:/home/duong/uros_ws/install/micro_ros_setup:/home/duong/kaia_ws/install/makerspet_snoopy:/home/duong/kaia_ws/install/makerspet_mini:/home/duong/kaia_ws/install/makerspet_loki:/home/duong/kaia_ws/install/makerspet_fido:/home/duong/kaia_ws/install/kaiaai_telemetry:/home/duong/kaia_ws/install/kaiaai_msgs:/home/duong/kaia_ws/install/kaiaai_gazebo:/home/duong/kaia_ws/install/explore_lite:/home/duong/kaia_ws/install/auto_mapper:/home/duong/kaia_ws/install/kaiaai_bringup:/home/duong/kaia_ws/install/nav2_wfd:/home/duong/kaia_ws/install/makerspet:/home/duong/kaia_ws/install/kaiaai_web:/home/duong/kaia_ws/install/kaiaai_teleop:/home/duong/kaia_ws/install/kaiaai_apps:/home/duong/kaia_ws/install/kaiaai:/opt/ros/iron LD_LIBRARY_PATH=/home/duong/uros_ws/install/micro_ros_msgs/lib:${LD_LIBRARY_PATH} PYTHONPATH=/home/duong/uros_ws/install/micro_ros_msgs/lib/python3.10/site-packages:${PYTHONPATH} /usr/bin/cmake --install /home/duong/uros_ws/build/micro_ros_agent
[52.491s] Level 1:colcon.colcon_core.environment:create_environment_scripts_only(micro_ros_agent)
[52.492s] Level 1:colcon.colcon_core.environment:checking '/home/duong/uros_ws/install/micro_ros_agent' for CMake module files
[52.493s] DEBUG:colcon.colcon_core.event_handler.log_command:Invoked command in '/home/duong/uros_ws/build/micro_ros_agent' returned '0': AMENT_PREFIX_PATH=/home/duong/uros_ws/install/micro_ros_msgs:${AMENT_PREFIX_PATH} CMAKE_PREFIX_PATH=/home/duong/uros_ws/install/micro_ros_msgs:/home/duong/uros_ws/install/micro_ros_setup:/home/duong/kaia_ws/install/makerspet_snoopy:/home/duong/kaia_ws/install/makerspet_mini:/home/duong/kaia_ws/install/makerspet_loki:/home/duong/kaia_ws/install/makerspet_fido:/home/duong/kaia_ws/install/kaiaai_telemetry:/home/duong/kaia_ws/install/kaiaai_msgs:/home/duong/kaia_ws/install/kaiaai_gazebo:/home/duong/kaia_ws/install/explore_lite:/home/duong/kaia_ws/install/auto_mapper:/home/duong/kaia_ws/install/kaiaai_bringup:/home/duong/kaia_ws/install/nav2_wfd:/home/duong/kaia_ws/install/makerspet:/home/duong/kaia_ws/install/kaiaai_web:/home/duong/kaia_ws/install/kaiaai_teleop:/home/duong/kaia_ws/install/kaiaai_apps:/home/duong/kaia_ws/install/kaiaai:/opt/ros/iron LD_LIBRARY_PATH=/home/duong/uros_ws/install/micro_ros_msgs/lib:${LD_LIBRARY_PATH} PYTHONPATH=/home/duong/uros_ws/install/micro_ros_msgs/lib/python3.10/site-packages:${PYTHONPATH} /usr/bin/cmake --install /home/duong/uros_ws/build/micro_ros_agent
[52.493s] Level 1:colcon.colcon_core.environment:checking '/home/duong/uros_ws/install/micro_ros_agent' for CMake config files
[52.494s] Level 1:colcon.colcon_core.shell:create_environment_hook('micro_ros_agent', 'cmake_prefix_path')
[52.494s] INFO:colcon.colcon_core.shell:Creating environment hook '/home/duong/uros_ws/install/micro_ros_agent/share/micro_ros_agent/hook/cmake_prefix_path.ps1'
[52.495s] INFO:colcon.colcon_core.shell:Creating environment descriptor '/home/duong/uros_ws/install/micro_ros_agent/share/micro_ros_agent/hook/cmake_prefix_path.dsv'
[52.496s] INFO:colcon.colcon_core.shell:Creating environment hook '/home/duong/uros_ws/install/micro_ros_agent/share/micro_ros_agent/hook/cmake_prefix_path.sh'
[52.497s] Level 1:colcon.colcon_core.environment:checking '/home/duong/uros_ws/install/micro_ros_agent/lib'
[52.497s] Level 1:colcon.colcon_core.shell:create_environment_hook('micro_ros_agent', 'ld_library_path_lib')
[52.498s] INFO:colcon.colcon_core.shell:Creating environment hook '/home/duong/uros_ws/install/micro_ros_agent/share/micro_ros_agent/hook/ld_library_path_lib.ps1'
[52.499s] INFO:colcon.colcon_core.shell:Creating environment descriptor '/home/duong/uros_ws/install/micro_ros_agent/share/micro_ros_agent/hook/ld_library_path_lib.dsv'
[52.499s] INFO:colcon.colcon_core.shell:Creating environment hook '/home/duong/uros_ws/install/micro_ros_agent/share/micro_ros_agent/hook/ld_library_path_lib.sh'
[52.500s] Level 1:colcon.colcon_core.environment:checking '/home/duong/uros_ws/install/micro_ros_agent/bin'
[52.500s] Level 1:colcon.colcon_core.environment:checking '/home/duong/uros_ws/install/micro_ros_agent/lib/pkgconfig/micro_ros_agent.pc'
[52.500s] Level 1:colcon.colcon_core.environment:checking '/home/duong/uros_ws/install/micro_ros_agent/lib/python3.10/site-packages'
[52.501s] Level 1:colcon.colcon_core.environment:checking '/home/duong/uros_ws/install/micro_ros_agent/bin'
[52.502s] INFO:colcon.colcon_core.shell:Creating package script '/home/duong/uros_ws/install/micro_ros_agent/share/micro_ros_agent/package.ps1'
[52.503s] INFO:colcon.colcon_core.shell:Creating package descriptor '/home/duong/uros_ws/install/micro_ros_agent/share/micro_ros_agent/package.dsv'
[52.504s] INFO:colcon.colcon_core.shell:Creating package script '/home/duong/uros_ws/install/micro_ros_agent/share/micro_ros_agent/package.sh'
[52.505s] INFO:colcon.colcon_core.shell:Creating package script '/home/duong/uros_ws/install/micro_ros_agent/share/micro_ros_agent/package.bash'
[52.505s] INFO:colcon.colcon_core.shell:Creating package script '/home/duong/uros_ws/install/micro_ros_agent/share/micro_ros_agent/package.zsh'
[52.506s] Level 1:colcon.colcon_core.environment:create_file_with_runtime_dependencies(/home/duong/uros_ws/install/micro_ros_agent/share/colcon-core/packages/micro_ros_agent)
[52.507s] Level 1:colcon.colcon_core.environment:create_environment_scripts_only(micro_ros_agent)
[52.508s] Level 1:colcon.colcon_core.environment:checking '/home/duong/uros_ws/install/micro_ros_agent' for CMake module files
[52.509s] Level 1:colcon.colcon_core.environment:checking '/home/duong/uros_ws/install/micro_ros_agent' for CMake config files
[52.509s] Level 1:colcon.colcon_core.shell:create_environment_hook('micro_ros_agent', 'cmake_prefix_path')
[52.509s] INFO:colcon.colcon_core.shell:Creating environment hook '/home/duong/uros_ws/install/micro_ros_agent/share/micro_ros_agent/hook/cmake_prefix_path.ps1'
[52.510s] INFO:colcon.colcon_core.shell:Creating environment descriptor '/home/duong/uros_ws/install/micro_ros_agent/share/micro_ros_agent/hook/cmake_prefix_path.dsv'
[52.511s] INFO:colcon.colcon_core.shell:Creating environment hook '/home/duong/uros_ws/install/micro_ros_agent/share/micro_ros_agent/hook/cmake_prefix_path.sh'
[52.512s] Level 1:colcon.colcon_core.environment:checking '/home/duong/uros_ws/install/micro_ros_agent/lib'
[52.512s] Level 1:colcon.colcon_core.shell:create_environment_hook('micro_ros_agent', 'ld_library_path_lib')
[52.512s] INFO:colcon.colcon_core.shell:Creating environment hook '/home/duong/uros_ws/install/micro_ros_agent/share/micro_ros_agent/hook/ld_library_path_lib.ps1'
[52.513s] INFO:colcon.colcon_core.shell:Creating environment descriptor '/home/duong/uros_ws/install/micro_ros_agent/share/micro_ros_agent/hook/ld_library_path_lib.dsv'
[52.514s] INFO:colcon.colcon_core.shell:Creating environment hook '/home/duong/uros_ws/install/micro_ros_agent/share/micro_ros_agent/hook/ld_library_path_lib.sh'
[52.515s] Level 1:colcon.colcon_core.environment:checking '/home/duong/uros_ws/install/micro_ros_agent/bin'
[52.516s] Level 1:colcon.colcon_core.environment:checking '/home/duong/uros_ws/install/micro_ros_agent/lib/pkgconfig/micro_ros_agent.pc'
[52.516s] Level 1:colcon.colcon_core.environment:checking '/home/duong/uros_ws/install/micro_ros_agent/lib/python3.10/site-packages'
[52.517s] Level 1:colcon.colcon_core.environment:checking '/home/duong/uros_ws/install/micro_ros_agent/bin'
[52.517s] INFO:colcon.colcon_core.shell:Creating package script '/home/duong/uros_ws/install/micro_ros_agent/share/micro_ros_agent/package.ps1'
[52.519s] INFO:colcon.colcon_core.shell:Creating package descriptor '/home/duong/uros_ws/install/micro_ros_agent/share/micro_ros_agent/package.dsv'
[52.519s] INFO:colcon.colcon_core.shell:Creating package script '/home/duong/uros_ws/install/micro_ros_agent/share/micro_ros_agent/package.sh'
[52.520s] INFO:colcon.colcon_core.shell:Creating package script '/home/duong/uros_ws/install/micro_ros_agent/share/micro_ros_agent/package.bash'
[52.521s] INFO:colcon.colcon_core.shell:Creating package script '/home/duong/uros_ws/install/micro_ros_agent/share/micro_ros_agent/package.zsh'
[52.522s] Level 1:colcon.colcon_core.environment:create_file_with_runtime_dependencies(/home/duong/uros_ws/install/micro_ros_agent/share/colcon-core/packages/micro_ros_agent)
[52.522s] DEBUG:colcon.colcon_parallel_executor.executor.parallel:closing loop
[52.523s] DEBUG:colcon.colcon_parallel_executor.executor.parallel:loop closed
[52.523s] DEBUG:colcon.colcon_parallel_executor.executor.parallel:run_until_complete finished with '0'
[52.523s] DEBUG:colcon.colcon_core.event_reactor:joining thread
[52.535s] INFO:colcon.colcon_core.plugin_system:Skipping extension 'colcon_notification.desktop_notification.terminal_notifier': Not used on non-Darwin systems
[52.535s] INFO:colcon.colcon_core.plugin_system:Skipping extension 'colcon_notification.desktop_notification.win32': Not used on non-Windows systems
[52.535s] INFO:colcon.colcon_notification.desktop_notification:Sending desktop notification using 'notify2'
[52.561s] DEBUG:colcon.colcon_core.event_reactor:joined thread
[52.562s] INFO:colcon.colcon_core.shell:Creating prefix script '/home/duong/uros_ws/install/local_setup.ps1'
[52.564s] INFO:colcon.colcon_core.shell:Creating prefix util module '/home/duong/uros_ws/install/_local_setup_util_ps1.py'
[52.567s] INFO:colcon.colcon_core.shell:Creating prefix chain script '/home/duong/uros_ws/install/setup.ps1'
[52.571s] INFO:colcon.colcon_core.shell:Creating prefix script '/home/duong/uros_ws/install/local_setup.sh'
[52.572s] INFO:colcon.colcon_core.shell:Creating prefix util module '/home/duong/uros_ws/install/_local_setup_util_sh.py'
[52.573s] INFO:colcon.colcon_core.shell:Creating prefix chain script '/home/duong/uros_ws/install/setup.sh'
[52.577s] INFO:colcon.colcon_core.shell:Creating prefix script '/home/duong/uros_ws/install/local_setup.bash'
[52.578s] INFO:colcon.colcon_core.shell:Creating prefix chain script '/home/duong/uros_ws/install/setup.bash'
[52.581s] INFO:colcon.colcon_core.shell:Creating prefix script '/home/duong/uros_ws/install/local_setup.zsh'
[52.582s] INFO:colcon.colcon_core.shell:Creating prefix chain script '/home/duong/uros_ws/install/setup.zsh'
