[0.011s] Invoking command in '/home/duong/kaia_ws/build/kaiaai_bringup': CMAKE_PREFIX_PATH=/home/duong/kaia_ws/install/kaiaai:/opt/ros/iron /usr/bin/cmake /home/duong/kaia_ws/src/kaiaai_bringup -DAMENT_CMAKE_SYMLINK_INSTALL=1 -DCMAKE_INSTALL_PREFIX=/home/duong/kaia_ws/install/kaiaai_bringup
[0.114s] -- The C compiler identification is GNU 11.4.0
[0.228s] -- The CXX compiler identification is GNU 11.4.0
[0.245s] -- Detecting C compiler ABI info
[0.353s] -- Detecting C compiler ABI info - done
[0.372s] -- Check for working C compiler: /usr/bin/cc - skipped
[0.372s] -- Detecting C compile features
[0.373s] -- Detecting C compile features - done
[0.381s] -- Detecting CXX compiler ABI info
[0.484s] -- Detecting CXX compiler ABI info - done
[0.490s] -- Check for working CXX compiler: /usr/bin/c++ - skipped
[0.491s] -- Detecting CXX compile features
[0.491s] -- Detecting CXX compile features - done
[0.493s] -- Found ament_cmake: 2.0.7 (/opt/ros/iron/share/ament_cmake/cmake)
[0.714s] -- Found Python3: /usr/bin/python3.10 (found version "3.10.12") found components: Interpreter 
[0.797s] -- Override CMake install command with custom implementation using symlinks instead of copying resources
[0.850s] -- Found ament_lint_auto: 0.14.4 (/opt/ros/iron/share/ament_lint_auto/cmake)
[0.932s] -- Added test 'flake8' to check Python code syntax and style conventions
[0.932s] -- Configured 'flake8' exclude dirs and/or files: 
[0.933s] -- Added test 'lint_cmake' to check CMake code style
[0.934s] -- Added test 'pep257' to check Python code against some of the docstring style conventions in PEP 257
[0.939s] -- Added test 'xmllint' to check XML markup files
[0.940s] -- Configuring done
[0.943s] -- Generating done
[0.945s] -- Build files have been written to: /home/duong/kaia_ws/build/kaiaai_bringup
[0.950s] Invoked command in '/home/duong/kaia_ws/build/kaiaai_bringup' returned '0': CMAKE_PREFIX_PATH=/home/duong/kaia_ws/install/kaiaai:/opt/ros/iron /usr/bin/cmake /home/duong/kaia_ws/src/kaiaai_bringup -DAMENT_CMAKE_SYMLINK_INSTALL=1 -DCMAKE_INSTALL_PREFIX=/home/duong/kaia_ws/install/kaiaai_bringup
[0.953s] Invoking command in '/home/duong/kaia_ws/build/kaiaai_bringup': CMAKE_PREFIX_PATH=/home/duong/kaia_ws/install/kaiaai:/opt/ros/iron /usr/bin/cmake --build /home/duong/kaia_ws/build/kaiaai_bringup -- -j12 -l12
[1.020s] Invoked command in '/home/duong/kaia_ws/build/kaiaai_bringup' returned '0': CMAKE_PREFIX_PATH=/home/duong/kaia_ws/install/kaiaai:/opt/ros/iron /usr/bin/cmake --build /home/duong/kaia_ws/build/kaiaai_bringup -- -j12 -l12
[1.037s] Invoking command in '/home/duong/kaia_ws/build/kaiaai_bringup': CMAKE_PREFIX_PATH=/home/duong/kaia_ws/install/kaiaai:/opt/ros/iron /usr/bin/cmake --install /home/duong/kaia_ws/build/kaiaai_bringup
[1.055s] -- Install configuration: ""
[1.056s] -- Execute custom install script
[1.057s] -- Symlinking: /home/duong/kaia_ws/install/kaiaai_bringup/share/kaiaai_bringup/launch/cartographer.launch.py
[1.069s] -- Symlinking: /home/duong/kaia_ws/install/kaiaai_bringup/share/kaiaai_bringup/launch/edit_urdf.launch.py
[1.079s] -- Symlinking: /home/duong/kaia_ws/install/kaiaai_bringup/share/kaiaai_bringup/launch/explore.launch.py
[1.100s] -- Symlinking: /home/duong/kaia_ws/install/kaiaai_bringup/share/kaiaai_bringup/launch/inspect_urdf.launch.py
[1.120s] -- Symlinking: /home/duong/kaia_ws/install/kaiaai_bringup/share/kaiaai_bringup/launch/monitor_robot.launch.py
[1.130s] -- Symlinking: /home/duong/kaia_ws/install/kaiaai_bringup/share/kaiaai_bringup/launch/navigation.launch.py
[1.141s] -- Symlinking: /home/duong/kaia_ws/install/kaiaai_bringup/share/kaiaai_bringup/launch/occupancy_grid.launch.py
[1.154s] -- Symlinking: /home/duong/kaia_ws/install/kaiaai_bringup/share/kaiaai_bringup/launch/physical.launch.py
[1.165s] -- Symlinking: /home/duong/kaia_ws/install/kaiaai_bringup/share/kaiaai_bringup/launch/publish_urdf.launch.py
[1.176s] -- Symlinking: /home/duong/kaia_ws/install/kaiaai_bringup/lib/kaiaai_bringup/watch_urdf.sh
[1.186s] -- Symlinking: /home/duong/kaia_ws/install/kaiaai_bringup/lib/kaiaai_bringup/upload_robot_description_github.sh
[1.196s] -- Symlinking: /home/duong/kaia_ws/install/kaiaai_bringup/share/ament_index/resource_index/package_run_dependencies/kaiaai_bringup
[1.206s] -- Symlinking: /home/duong/kaia_ws/install/kaiaai_bringup/share/ament_index/resource_index/parent_prefix_path/kaiaai_bringup
[1.222s] -- Symlinking: /home/duong/kaia_ws/install/kaiaai_bringup/share/kaiaai_bringup/environment/ament_prefix_path.sh
[1.231s] -- Symlinking: /home/duong/kaia_ws/install/kaiaai_bringup/share/kaiaai_bringup/environment/ament_prefix_path.dsv
[1.247s] -- Symlinking: /home/duong/kaia_ws/install/kaiaai_bringup/share/kaiaai_bringup/environment/path.sh
[1.257s] -- Symlinking: /home/duong/kaia_ws/install/kaiaai_bringup/share/kaiaai_bringup/environment/path.dsv
[1.277s] -- Symlinking: /home/duong/kaia_ws/install/kaiaai_bringup/share/kaiaai_bringup/local_setup.bash
[1.287s] -- Symlinking: /home/duong/kaia_ws/install/kaiaai_bringup/share/kaiaai_bringup/local_setup.sh
[1.297s] -- Symlinking: /home/duong/kaia_ws/install/kaiaai_bringup/share/kaiaai_bringup/local_setup.zsh
[1.308s] -- Symlinking: /home/duong/kaia_ws/install/kaiaai_bringup/share/kaiaai_bringup/local_setup.dsv
[1.318s] -- Symlinking: /home/duong/kaia_ws/install/kaiaai_bringup/share/kaiaai_bringup/package.dsv
[1.330s] -- Symlinking: /home/duong/kaia_ws/install/kaiaai_bringup/share/ament_index/resource_index/packages/kaiaai_bringup
[1.341s] -- Symlinking: /home/duong/kaia_ws/install/kaiaai_bringup/share/kaiaai_bringup/cmake/kaiaai_bringupConfig.cmake
[1.352s] -- Symlinking: /home/duong/kaia_ws/install/kaiaai_bringup/share/kaiaai_bringup/cmake/kaiaai_bringupConfig-version.cmake
[1.362s] -- Symlinking: /home/duong/kaia_ws/install/kaiaai_bringup/share/kaiaai_bringup/package.xml
[1.378s] Invoked command in '/home/duong/kaia_ws/build/kaiaai_bringup' returned '0': CMAKE_PREFIX_PATH=/home/duong/kaia_ws/install/kaiaai:/opt/ros/iron /usr/bin/cmake --install /home/duong/kaia_ws/build/kaiaai_bringup
