[0.026s] Invoking command in '/home/duong/Arduino/ROS2_ServiceRobot/kaia_ws/build/kaiaai_bringup': AMENT_PREFIX_PATH=/home/duong/Arduino/ROS2_ServiceRobot/kaia_ws/install/kaiaai_telemetry:/home/duong/Arduino/ROS2_ServiceRobot/kaia_ws/install/makerspet_snoopy:/home/duong/Arduino/ROS2_ServiceRobot/kaia_ws/install/makerspet_mini:/home/duong/Arduino/ROS2_ServiceRobot/kaia_ws/install/makerspet_loki:/home/duong/Arduino/ROS2_ServiceRobot/kaia_ws/install/kaiaai_teleop:/home/duong/Arduino/ROS2_ServiceRobot/kaia_ws/install/kaiaai_msgs:/home/duong/Arduino/ROS2_ServiceRobot/kaia_ws/install/kaiaai:${AMENT_PREFIX_PATH} CMAKE_PREFIX_PATH=/home/duong/Arduino/ROS2_ServiceRobot/kaia_ws/install/kaiaai_telemetry:/home/duong/Arduino/ROS2_ServiceRobot/kaia_ws/install/makerspet_snoopy:/home/duong/Arduino/ROS2_ServiceRobot/kaia_ws/install/makerspet_mini:/home/duong/Arduino/ROS2_ServiceRobot/kaia_ws/install/makerspet_loki:/home/duong/Arduino/ROS2_ServiceRobot/kaia_ws/install/kaiaai_msgs:/home/duong/Arduino/ROS2_ServiceRobot/uros_ws/install/micro_ros_setup:/home/duong/Arduino/ROS2_ServiceRobot/uros_ws/install/micro_ros_agent:/home/duong/Arduino/ROS2_ServiceRobot/uros_ws/install/micro_ros_msgs:/home/duong/Arduino/ROS2_ServiceRobot/uros_ws/install/drive_base_msgs:/opt/ros/iron LD_LIBRARY_PATH=/home/duong/Arduino/ROS2_ServiceRobot/kaia_ws/install/kaiaai_msgs/lib:${LD_LIBRARY_PATH} PYTHONPATH=/home/duong/Arduino/ROS2_ServiceRobot/kaia_ws/build/kaiaai_teleop:/home/duong/Arduino/ROS2_ServiceRobot/kaia_ws/install/kaiaai_teleop/lib/python3.10/site-packages:/home/duong/Arduino/ROS2_ServiceRobot/kaia_ws/install/kaiaai_msgs/lib/python3.10/site-packages:/home/duong/Arduino/ROS2_ServiceRobot/kaia_ws/build/kaiaai:/home/duong/Arduino/ROS2_ServiceRobot/kaia_ws/install/kaiaai/lib/python3.10/site-packages:${PYTHONPATH} /usr/bin/cmake /home/duong/Arduino/ROS2_ServiceRobot/kaia_ws/src/kaiaai_bringup -DAMENT_CMAKE_SYMLINK_INSTALL=1 -DCMAKE_INSTALL_PREFIX=/home/duong/Arduino/ROS2_ServiceRobot/kaia_ws/install/kaiaai_bringup
[0.102s] -- The C compiler identification is GNU 11.4.0
[0.168s] -- The CXX compiler identification is GNU 11.4.0
[0.176s] -- Detecting C compiler ABI info
[0.279s] -- Detecting C compiler ABI info - done
[0.300s] -- Check for working C compiler: /usr/bin/cc - skipped
[0.301s] -- Detecting C compile features
[0.302s] -- Detecting C compile features - done
[0.309s] -- Detecting CXX compiler ABI info
[0.418s] -- Detecting CXX compiler ABI info - done
[0.425s] -- Check for working CXX compiler: /usr/bin/c++ - skipped
[0.425s] -- Detecting CXX compile features
[0.425s] -- Detecting CXX compile features - done
[0.429s] -- Found ament_cmake: 2.0.7 (/opt/ros/iron/share/ament_cmake/cmake)
[0.652s] -- Found Python3: /usr/bin/python3.10 (found version "3.10.12") found components: Interpreter 
[0.720s] -- Override CMake install command with custom implementation using symlinks instead of copying resources
[0.795s] -- Found ament_lint_auto: 0.14.4 (/opt/ros/iron/share/ament_lint_auto/cmake)
[0.898s] -- Added test 'flake8' to check Python code syntax and style conventions
[0.898s] -- Configured 'flake8' exclude dirs and/or files: 
[0.900s] -- Added test 'lint_cmake' to check CMake code style
[0.901s] -- Added test 'pep257' to check Python code against some of the docstring style conventions in PEP 257
[0.905s] -- Added test 'xmllint' to check XML markup files
[0.907s] -- Configuring done
[0.911s] -- Generating done
[0.912s] -- Build files have been written to: /home/duong/Arduino/ROS2_ServiceRobot/kaia_ws/build/kaiaai_bringup
[0.917s] Invoked command in '/home/duong/Arduino/ROS2_ServiceRobot/kaia_ws/build/kaiaai_bringup' returned '0': AMENT_PREFIX_PATH=/home/duong/Arduino/ROS2_ServiceRobot/kaia_ws/install/kaiaai_telemetry:/home/duong/Arduino/ROS2_ServiceRobot/kaia_ws/install/makerspet_snoopy:/home/duong/Arduino/ROS2_ServiceRobot/kaia_ws/install/makerspet_mini:/home/duong/Arduino/ROS2_ServiceRobot/kaia_ws/install/makerspet_loki:/home/duong/Arduino/ROS2_ServiceRobot/kaia_ws/install/kaiaai_teleop:/home/duong/Arduino/ROS2_ServiceRobot/kaia_ws/install/kaiaai_msgs:/home/duong/Arduino/ROS2_ServiceRobot/kaia_ws/install/kaiaai:${AMENT_PREFIX_PATH} CMAKE_PREFIX_PATH=/home/duong/Arduino/ROS2_ServiceRobot/kaia_ws/install/kaiaai_telemetry:/home/duong/Arduino/ROS2_ServiceRobot/kaia_ws/install/makerspet_snoopy:/home/duong/Arduino/ROS2_ServiceRobot/kaia_ws/install/makerspet_mini:/home/duong/Arduino/ROS2_ServiceRobot/kaia_ws/install/makerspet_loki:/home/duong/Arduino/ROS2_ServiceRobot/kaia_ws/install/kaiaai_msgs:/home/duong/Arduino/ROS2_ServiceRobot/uros_ws/install/micro_ros_setup:/home/duong/Arduino/ROS2_ServiceRobot/uros_ws/install/micro_ros_agent:/home/duong/Arduino/ROS2_ServiceRobot/uros_ws/install/micro_ros_msgs:/home/duong/Arduino/ROS2_ServiceRobot/uros_ws/install/drive_base_msgs:/opt/ros/iron LD_LIBRARY_PATH=/home/duong/Arduino/ROS2_ServiceRobot/kaia_ws/install/kaiaai_msgs/lib:${LD_LIBRARY_PATH} PYTHONPATH=/home/duong/Arduino/ROS2_ServiceRobot/kaia_ws/build/kaiaai_teleop:/home/duong/Arduino/ROS2_ServiceRobot/kaia_ws/install/kaiaai_teleop/lib/python3.10/site-packages:/home/duong/Arduino/ROS2_ServiceRobot/kaia_ws/install/kaiaai_msgs/lib/python3.10/site-packages:/home/duong/Arduino/ROS2_ServiceRobot/kaia_ws/build/kaiaai:/home/duong/Arduino/ROS2_ServiceRobot/kaia_ws/install/kaiaai/lib/python3.10/site-packages:${PYTHONPATH} /usr/bin/cmake /home/duong/Arduino/ROS2_ServiceRobot/kaia_ws/src/kaiaai_bringup -DAMENT_CMAKE_SYMLINK_INSTALL=1 -DCMAKE_INSTALL_PREFIX=/home/duong/Arduino/ROS2_ServiceRobot/kaia_ws/install/kaiaai_bringup
[0.919s] Invoking command in '/home/duong/Arduino/ROS2_ServiceRobot/kaia_ws/build/kaiaai_bringup': AMENT_PREFIX_PATH=/home/duong/Arduino/ROS2_ServiceRobot/kaia_ws/install/kaiaai_telemetry:/home/duong/Arduino/ROS2_ServiceRobot/kaia_ws/install/makerspet_snoopy:/home/duong/Arduino/ROS2_ServiceRobot/kaia_ws/install/makerspet_mini:/home/duong/Arduino/ROS2_ServiceRobot/kaia_ws/install/makerspet_loki:/home/duong/Arduino/ROS2_ServiceRobot/kaia_ws/install/kaiaai_teleop:/home/duong/Arduino/ROS2_ServiceRobot/kaia_ws/install/kaiaai_msgs:/home/duong/Arduino/ROS2_ServiceRobot/kaia_ws/install/kaiaai:${AMENT_PREFIX_PATH} CMAKE_PREFIX_PATH=/home/duong/Arduino/ROS2_ServiceRobot/kaia_ws/install/kaiaai_telemetry:/home/duong/Arduino/ROS2_ServiceRobot/kaia_ws/install/makerspet_snoopy:/home/duong/Arduino/ROS2_ServiceRobot/kaia_ws/install/makerspet_mini:/home/duong/Arduino/ROS2_ServiceRobot/kaia_ws/install/makerspet_loki:/home/duong/Arduino/ROS2_ServiceRobot/kaia_ws/install/kaiaai_msgs:/home/duong/Arduino/ROS2_ServiceRobot/uros_ws/install/micro_ros_setup:/home/duong/Arduino/ROS2_ServiceRobot/uros_ws/install/micro_ros_agent:/home/duong/Arduino/ROS2_ServiceRobot/uros_ws/install/micro_ros_msgs:/home/duong/Arduino/ROS2_ServiceRobot/uros_ws/install/drive_base_msgs:/opt/ros/iron LD_LIBRARY_PATH=/home/duong/Arduino/ROS2_ServiceRobot/kaia_ws/install/kaiaai_msgs/lib:${LD_LIBRARY_PATH} PYTHONPATH=/home/duong/Arduino/ROS2_ServiceRobot/kaia_ws/build/kaiaai_teleop:/home/duong/Arduino/ROS2_ServiceRobot/kaia_ws/install/kaiaai_teleop/lib/python3.10/site-packages:/home/duong/Arduino/ROS2_ServiceRobot/kaia_ws/install/kaiaai_msgs/lib/python3.10/site-packages:/home/duong/Arduino/ROS2_ServiceRobot/kaia_ws/build/kaiaai:/home/duong/Arduino/ROS2_ServiceRobot/kaia_ws/install/kaiaai/lib/python3.10/site-packages:${PYTHONPATH} /usr/bin/cmake --build /home/duong/Arduino/ROS2_ServiceRobot/kaia_ws/build/kaiaai_bringup -- -j12 -l12
[0.997s] Invoked command in '/home/duong/Arduino/ROS2_ServiceRobot/kaia_ws/build/kaiaai_bringup' returned '0': AMENT_PREFIX_PATH=/home/duong/Arduino/ROS2_ServiceRobot/kaia_ws/install/kaiaai_telemetry:/home/duong/Arduino/ROS2_ServiceRobot/kaia_ws/install/makerspet_snoopy:/home/duong/Arduino/ROS2_ServiceRobot/kaia_ws/install/makerspet_mini:/home/duong/Arduino/ROS2_ServiceRobot/kaia_ws/install/makerspet_loki:/home/duong/Arduino/ROS2_ServiceRobot/kaia_ws/install/kaiaai_teleop:/home/duong/Arduino/ROS2_ServiceRobot/kaia_ws/install/kaiaai_msgs:/home/duong/Arduino/ROS2_ServiceRobot/kaia_ws/install/kaiaai:${AMENT_PREFIX_PATH} CMAKE_PREFIX_PATH=/home/duong/Arduino/ROS2_ServiceRobot/kaia_ws/install/kaiaai_telemetry:/home/duong/Arduino/ROS2_ServiceRobot/kaia_ws/install/makerspet_snoopy:/home/duong/Arduino/ROS2_ServiceRobot/kaia_ws/install/makerspet_mini:/home/duong/Arduino/ROS2_ServiceRobot/kaia_ws/install/makerspet_loki:/home/duong/Arduino/ROS2_ServiceRobot/kaia_ws/install/kaiaai_msgs:/home/duong/Arduino/ROS2_ServiceRobot/uros_ws/install/micro_ros_setup:/home/duong/Arduino/ROS2_ServiceRobot/uros_ws/install/micro_ros_agent:/home/duong/Arduino/ROS2_ServiceRobot/uros_ws/install/micro_ros_msgs:/home/duong/Arduino/ROS2_ServiceRobot/uros_ws/install/drive_base_msgs:/opt/ros/iron LD_LIBRARY_PATH=/home/duong/Arduino/ROS2_ServiceRobot/kaia_ws/install/kaiaai_msgs/lib:${LD_LIBRARY_PATH} PYTHONPATH=/home/duong/Arduino/ROS2_ServiceRobot/kaia_ws/build/kaiaai_teleop:/home/duong/Arduino/ROS2_ServiceRobot/kaia_ws/install/kaiaai_teleop/lib/python3.10/site-packages:/home/duong/Arduino/ROS2_ServiceRobot/kaia_ws/install/kaiaai_msgs/lib/python3.10/site-packages:/home/duong/Arduino/ROS2_ServiceRobot/kaia_ws/build/kaiaai:/home/duong/Arduino/ROS2_ServiceRobot/kaia_ws/install/kaiaai/lib/python3.10/site-packages:${PYTHONPATH} /usr/bin/cmake --build /home/duong/Arduino/ROS2_ServiceRobot/kaia_ws/build/kaiaai_bringup -- -j12 -l12
[0.999s] Invoking command in '/home/duong/Arduino/ROS2_ServiceRobot/kaia_ws/build/kaiaai_bringup': AMENT_PREFIX_PATH=/home/duong/Arduino/ROS2_ServiceRobot/kaia_ws/install/kaiaai_telemetry:/home/duong/Arduino/ROS2_ServiceRobot/kaia_ws/install/makerspet_snoopy:/home/duong/Arduino/ROS2_ServiceRobot/kaia_ws/install/makerspet_mini:/home/duong/Arduino/ROS2_ServiceRobot/kaia_ws/install/makerspet_loki:/home/duong/Arduino/ROS2_ServiceRobot/kaia_ws/install/kaiaai_teleop:/home/duong/Arduino/ROS2_ServiceRobot/kaia_ws/install/kaiaai_msgs:/home/duong/Arduino/ROS2_ServiceRobot/kaia_ws/install/kaiaai:${AMENT_PREFIX_PATH} CMAKE_PREFIX_PATH=/home/duong/Arduino/ROS2_ServiceRobot/kaia_ws/install/kaiaai_telemetry:/home/duong/Arduino/ROS2_ServiceRobot/kaia_ws/install/makerspet_snoopy:/home/duong/Arduino/ROS2_ServiceRobot/kaia_ws/install/makerspet_mini:/home/duong/Arduino/ROS2_ServiceRobot/kaia_ws/install/makerspet_loki:/home/duong/Arduino/ROS2_ServiceRobot/kaia_ws/install/kaiaai_msgs:/home/duong/Arduino/ROS2_ServiceRobot/uros_ws/install/micro_ros_setup:/home/duong/Arduino/ROS2_ServiceRobot/uros_ws/install/micro_ros_agent:/home/duong/Arduino/ROS2_ServiceRobot/uros_ws/install/micro_ros_msgs:/home/duong/Arduino/ROS2_ServiceRobot/uros_ws/install/drive_base_msgs:/opt/ros/iron LD_LIBRARY_PATH=/home/duong/Arduino/ROS2_ServiceRobot/kaia_ws/install/kaiaai_msgs/lib:${LD_LIBRARY_PATH} PYTHONPATH=/home/duong/Arduino/ROS2_ServiceRobot/kaia_ws/build/kaiaai_teleop:/home/duong/Arduino/ROS2_ServiceRobot/kaia_ws/install/kaiaai_teleop/lib/python3.10/site-packages:/home/duong/Arduino/ROS2_ServiceRobot/kaia_ws/install/kaiaai_msgs/lib/python3.10/site-packages:/home/duong/Arduino/ROS2_ServiceRobot/kaia_ws/build/kaiaai:/home/duong/Arduino/ROS2_ServiceRobot/kaia_ws/install/kaiaai/lib/python3.10/site-packages:${PYTHONPATH} /usr/bin/cmake --install /home/duong/Arduino/ROS2_ServiceRobot/kaia_ws/build/kaiaai_bringup
[1.009s] -- Install configuration: ""
[1.009s] -- Execute custom install script
[1.010s] -- Symlinking: /home/duong/Arduino/ROS2_ServiceRobot/kaia_ws/install/kaiaai_bringup/share/kaiaai_bringup/launch/cartographer.launch.py
[1.020s] -- Symlinking: /home/duong/Arduino/ROS2_ServiceRobot/kaia_ws/install/kaiaai_bringup/share/kaiaai_bringup/launch/edit_urdf.launch.py
[1.032s] -- Symlinking: /home/duong/Arduino/ROS2_ServiceRobot/kaia_ws/install/kaiaai_bringup/share/kaiaai_bringup/launch/explore.launch.py
[1.043s] -- Symlinking: /home/duong/Arduino/ROS2_ServiceRobot/kaia_ws/install/kaiaai_bringup/share/kaiaai_bringup/launch/inspect_urdf.launch.py
[1.064s] -- Symlinking: /home/duong/Arduino/ROS2_ServiceRobot/kaia_ws/install/kaiaai_bringup/share/kaiaai_bringup/launch/monitor_robot.launch.py
[1.075s] -- Symlinking: /home/duong/Arduino/ROS2_ServiceRobot/kaia_ws/install/kaiaai_bringup/share/kaiaai_bringup/launch/navigation.launch.py
[1.087s] -- Symlinking: /home/duong/Arduino/ROS2_ServiceRobot/kaia_ws/install/kaiaai_bringup/share/kaiaai_bringup/launch/occupancy_grid.launch.py
[1.098s] -- Symlinking: /home/duong/Arduino/ROS2_ServiceRobot/kaia_ws/install/kaiaai_bringup/share/kaiaai_bringup/launch/physical.launch.py
[1.109s] -- Symlinking: /home/duong/Arduino/ROS2_ServiceRobot/kaia_ws/install/kaiaai_bringup/share/kaiaai_bringup/launch/publish_urdf.launch.py
[1.134s] -- Symlinking: /home/duong/Arduino/ROS2_ServiceRobot/kaia_ws/install/kaiaai_bringup/lib/kaiaai_bringup/watch_urdf.sh
[1.146s] -- Symlinking: /home/duong/Arduino/ROS2_ServiceRobot/kaia_ws/install/kaiaai_bringup/lib/kaiaai_bringup/upload_robot_description_github.sh
[1.157s] -- Symlinking: /home/duong/Arduino/ROS2_ServiceRobot/kaia_ws/install/kaiaai_bringup/share/ament_index/resource_index/package_run_dependencies/kaiaai_bringup
[1.169s] -- Symlinking: /home/duong/Arduino/ROS2_ServiceRobot/kaia_ws/install/kaiaai_bringup/share/ament_index/resource_index/parent_prefix_path/kaiaai_bringup
[1.181s] -- Symlinking: /home/duong/Arduino/ROS2_ServiceRobot/kaia_ws/install/kaiaai_bringup/share/kaiaai_bringup/environment/ament_prefix_path.sh
[1.193s] -- Symlinking: /home/duong/Arduino/ROS2_ServiceRobot/kaia_ws/install/kaiaai_bringup/share/kaiaai_bringup/environment/ament_prefix_path.dsv
[1.205s] -- Symlinking: /home/duong/Arduino/ROS2_ServiceRobot/kaia_ws/install/kaiaai_bringup/share/kaiaai_bringup/environment/path.sh
[1.216s] -- Symlinking: /home/duong/Arduino/ROS2_ServiceRobot/kaia_ws/install/kaiaai_bringup/share/kaiaai_bringup/environment/path.dsv
[1.228s] -- Symlinking: /home/duong/Arduino/ROS2_ServiceRobot/kaia_ws/install/kaiaai_bringup/share/kaiaai_bringup/local_setup.bash
[1.240s] -- Symlinking: /home/duong/Arduino/ROS2_ServiceRobot/kaia_ws/install/kaiaai_bringup/share/kaiaai_bringup/local_setup.sh
[1.251s] -- Symlinking: /home/duong/Arduino/ROS2_ServiceRobot/kaia_ws/install/kaiaai_bringup/share/kaiaai_bringup/local_setup.zsh
[1.263s] -- Symlinking: /home/duong/Arduino/ROS2_ServiceRobot/kaia_ws/install/kaiaai_bringup/share/kaiaai_bringup/local_setup.dsv
[1.275s] -- Symlinking: /home/duong/Arduino/ROS2_ServiceRobot/kaia_ws/install/kaiaai_bringup/share/kaiaai_bringup/package.dsv
[1.287s] -- Symlinking: /home/duong/Arduino/ROS2_ServiceRobot/kaia_ws/install/kaiaai_bringup/share/ament_index/resource_index/packages/kaiaai_bringup
[1.298s] -- Symlinking: /home/duong/Arduino/ROS2_ServiceRobot/kaia_ws/install/kaiaai_bringup/share/kaiaai_bringup/cmake/kaiaai_bringupConfig.cmake
[1.310s] -- Symlinking: /home/duong/Arduino/ROS2_ServiceRobot/kaia_ws/install/kaiaai_bringup/share/kaiaai_bringup/cmake/kaiaai_bringupConfig-version.cmake
[1.321s] -- Symlinking: /home/duong/Arduino/ROS2_ServiceRobot/kaia_ws/install/kaiaai_bringup/share/kaiaai_bringup/package.xml
[1.336s] Invoked command in '/home/duong/Arduino/ROS2_ServiceRobot/kaia_ws/build/kaiaai_bringup' returned '0': AMENT_PREFIX_PATH=/home/duong/Arduino/ROS2_ServiceRobot/kaia_ws/install/kaiaai_telemetry:/home/duong/Arduino/ROS2_ServiceRobot/kaia_ws/install/makerspet_snoopy:/home/duong/Arduino/ROS2_ServiceRobot/kaia_ws/install/makerspet_mini:/home/duong/Arduino/ROS2_ServiceRobot/kaia_ws/install/makerspet_loki:/home/duong/Arduino/ROS2_ServiceRobot/kaia_ws/install/kaiaai_teleop:/home/duong/Arduino/ROS2_ServiceRobot/kaia_ws/install/kaiaai_msgs:/home/duong/Arduino/ROS2_ServiceRobot/kaia_ws/install/kaiaai:${AMENT_PREFIX_PATH} CMAKE_PREFIX_PATH=/home/duong/Arduino/ROS2_ServiceRobot/kaia_ws/install/kaiaai_telemetry:/home/duong/Arduino/ROS2_ServiceRobot/kaia_ws/install/makerspet_snoopy:/home/duong/Arduino/ROS2_ServiceRobot/kaia_ws/install/makerspet_mini:/home/duong/Arduino/ROS2_ServiceRobot/kaia_ws/install/makerspet_loki:/home/duong/Arduino/ROS2_ServiceRobot/kaia_ws/install/kaiaai_msgs:/home/duong/Arduino/ROS2_ServiceRobot/uros_ws/install/micro_ros_setup:/home/duong/Arduino/ROS2_ServiceRobot/uros_ws/install/micro_ros_agent:/home/duong/Arduino/ROS2_ServiceRobot/uros_ws/install/micro_ros_msgs:/home/duong/Arduino/ROS2_ServiceRobot/uros_ws/install/drive_base_msgs:/opt/ros/iron LD_LIBRARY_PATH=/home/duong/Arduino/ROS2_ServiceRobot/kaia_ws/install/kaiaai_msgs/lib:${LD_LIBRARY_PATH} PYTHONPATH=/home/duong/Arduino/ROS2_ServiceRobot/kaia_ws/build/kaiaai_teleop:/home/duong/Arduino/ROS2_ServiceRobot/kaia_ws/install/kaiaai_teleop/lib/python3.10/site-packages:/home/duong/Arduino/ROS2_ServiceRobot/kaia_ws/install/kaiaai_msgs/lib/python3.10/site-packages:/home/duong/Arduino/ROS2_ServiceRobot/kaia_ws/build/kaiaai:/home/duong/Arduino/ROS2_ServiceRobot/kaia_ws/install/kaiaai/lib/python3.10/site-packages:${PYTHONPATH} /usr/bin/cmake --install /home/duong/Arduino/ROS2_ServiceRobot/kaia_ws/build/kaiaai_bringup
