[0.025s] Invoking command in '/home/duong/kaia_ws/build/robot_serving_bot': CMAKE_PREFIX_PATH=${CMAKE_PREFIX_PATH}:/home/duong/kaia_ws/install/nav2_wfd:/home/duong/kaia_ws/install/makerspet:/home/duong/kaia_ws/install/kaiaai_web:/home/duong/kaia_ws/install/kaiaai_teleop:/home/duong/kaia_ws/install/kaiaai_apps:/home/duong/kaia_ws/install/kaiaai:/opt/ros/iron /usr/bin/cmake --build /home/duong/kaia_ws/build/robot_serving_bot -- -j12 -l12
[0.085s] -- Found ament_cmake: 2.0.7 (/opt/ros/iron/share/ament_cmake/cmake)
[0.357s] -- Override CMake install command with custom implementation using symlinks instead of copying resources
[0.371s] -- Found urdf: 2.8.2 (/opt/ros/iron/share/urdf/cmake)
[0.564s] -- Configuring done
[0.570s] -- Generating done
[0.573s] -- Build files have been written to: /home/duong/kaia_ws/build/robot_serving_bot
[0.633s] Invoked command in '/home/duong/kaia_ws/build/robot_serving_bot' returned '0': CMAKE_PREFIX_PATH=${CMAKE_PREFIX_PATH}:/home/duong/kaia_ws/install/nav2_wfd:/home/duong/kaia_ws/install/makerspet:/home/duong/kaia_ws/install/kaiaai_web:/home/duong/kaia_ws/install/kaiaai_teleop:/home/duong/kaia_ws/install/kaiaai_apps:/home/duong/kaia_ws/install/kaiaai:/opt/ros/iron /usr/bin/cmake --build /home/duong/kaia_ws/build/robot_serving_bot -- -j12 -l12
[0.656s] Invoking command in '/home/duong/kaia_ws/build/robot_serving_bot': CMAKE_PREFIX_PATH=${CMAKE_PREFIX_PATH}:/home/duong/kaia_ws/install/nav2_wfd:/home/duong/kaia_ws/install/makerspet:/home/duong/kaia_ws/install/kaiaai_web:/home/duong/kaia_ws/install/kaiaai_teleop:/home/duong/kaia_ws/install/kaiaai_apps:/home/duong/kaia_ws/install/kaiaai:/opt/ros/iron /usr/bin/cmake --install /home/duong/kaia_ws/build/robot_serving_bot
[0.670s] -- Install configuration: ""
[0.671s] -- Execute custom install script
[0.672s] -- Up-to-date symlink: /home/duong/kaia_ws/install/robot_serving_bot/share/robot_serving_bot/rviz/cartographer.rviz
[0.672s] -- Up-to-date symlink: /home/duong/kaia_ws/install/robot_serving_bot/share/robot_serving_bot/rviz/gazebo.rviz
[0.672s] -- Up-to-date symlink: /home/duong/kaia_ws/install/robot_serving_bot/share/robot_serving_bot/rviz/inspect_urdf.rviz
[0.672s] -- Up-to-date symlink: /home/duong/kaia_ws/install/robot_serving_bot/share/robot_serving_bot/rviz/monitor_robot.rviz
[0.673s] -- Up-to-date symlink: /home/duong/kaia_ws/install/robot_serving_bot/share/robot_serving_bot/rviz/monitor_robot_old.rviz
[0.673s] -- Up-to-date symlink: /home/duong/kaia_ws/install/robot_serving_bot/share/robot_serving_bot/rviz/navigation.rviz
[0.673s] -- Up-to-date symlink: /home/duong/kaia_ws/install/robot_serving_bot/share/robot_serving_bot/urdf/robot.urdf.xacro
[0.673s] -- Up-to-date symlink: /home/duong/kaia_ws/install/robot_serving_bot/share/robot_serving_bot/sdf/makerspet_mini/mesh/hemisphere.stl
[0.674s] -- Up-to-date symlink: /home/duong/kaia_ws/install/robot_serving_bot/share/robot_serving_bot/sdf/makerspet_mini/model.config
[0.674s] -- Up-to-date symlink: /home/duong/kaia_ws/install/robot_serving_bot/share/robot_serving_bot/sdf/makerspet_mini/model.sdf
[0.674s] -- Up-to-date symlink: /home/duong/kaia_ws/install/robot_serving_bot/share/robot_serving_bot/config/README.md
[0.675s] -- Up-to-date symlink: /home/duong/kaia_ws/install/robot_serving_bot/share/robot_serving_bot/config/cartographer_lds_2d.lua
[0.675s] -- Up-to-date symlink: /home/duong/kaia_ws/install/robot_serving_bot/share/robot_serving_bot/config/etc/navigation_humble.yaml
[0.675s] -- Up-to-date symlink: /home/duong/kaia_ws/install/robot_serving_bot/share/robot_serving_bot/config/etc/navigation_iron.yaml
[0.675s] -- Up-to-date symlink: /home/duong/kaia_ws/install/robot_serving_bot/share/robot_serving_bot/config/explore_lite.yaml
[0.676s] -- Up-to-date symlink: /home/duong/kaia_ws/install/robot_serving_bot/share/robot_serving_bot/config/kaiaai.yaml
[0.676s] -- Up-to-date symlink: /home/duong/kaia_ws/install/robot_serving_bot/share/robot_serving_bot/config/navigation.yaml
[0.676s] -- Up-to-date symlink: /home/duong/kaia_ws/install/robot_serving_bot/share/robot_serving_bot/config/navigation_new.yaml
[0.676s] -- Up-to-date symlink: /home/duong/kaia_ws/install/robot_serving_bot/share/robot_serving_bot/config/navigation_pursuit.yaml
[0.676s] -- Up-to-date symlink: /home/duong/kaia_ws/install/robot_serving_bot/share/robot_serving_bot/config/self_drive_gazebo.yaml
[0.677s] -- Up-to-date symlink: /home/duong/kaia_ws/install/robot_serving_bot/share/robot_serving_bot/config/telem.yaml
[0.677s] [31mCMake Error at ament_cmake_symlink_install/ament_cmake_symlink_install.cmake:100 (message):
[0.677s]   ament_cmake_symlink_install_directory() can't find
[0.677s]   '/home/duong/kaia_ws/src/robot_serving_bot/sdf/robot_serving_bot/meshes'
[0.677s] Call Stack (most recent call first):
[0.678s]   ament_cmake_symlink_install/ament_cmake_symlink_install.cmake:314 (ament_cmake_symlink_install_directory)
[0.678s]   cmake_install.cmake:46 (include)
[0.678s] 
[0.678s] [0m
[0.678s] -- Up-to-date symlink: /home/duong/kaia_ws/install/robot_serving_bot/share/robot_serving_bot/config/teleop_keyboard.yaml
[0.682s] Invoked command in '/home/duong/kaia_ws/build/robot_serving_bot' returned '1': CMAKE_PREFIX_PATH=${CMAKE_PREFIX_PATH}:/home/duong/kaia_ws/install/nav2_wfd:/home/duong/kaia_ws/install/makerspet:/home/duong/kaia_ws/install/kaiaai_web:/home/duong/kaia_ws/install/kaiaai_teleop:/home/duong/kaia_ws/install/kaiaai_apps:/home/duong/kaia_ws/install/kaiaai:/opt/ros/iron /usr/bin/cmake --install /home/duong/kaia_ws/build/robot_serving_bot
